Java HotSpot(TM) 64-Bit Server VM (25.92-b14) for linux-amd64 JRE (1.8.0_92-b14), built on Mar 31 2016 21:08:29 by "java_re" with gcc 4.3.0 20080428 (Red Hat 4.3.0-8)
Memory: 4k page, physical 16318736k(1750008k free), swap 16777212k(15492540k free)
CommandLine flags: -XX:InitialHeapSize=1073741824 -XX:MaxHeapSize=1073741824 -XX:NewRatio=3 -XX:ParallelGCThreads=2 -XX:+PrintGC -XX:+PrintGCDetails -XX:+PrintGCTimeStamps -XX:+PrintTenuringDistribution -XX:ThreadStackSize=256 -XX:+UseCompressedClassPointers -XX:+UseCompressedOops -XX:+UseParallelOldGC 
8.474: [GC (Allocation Failure) 
Desired survivor size 33554432 bytes, new threshold 7 (max 15)
[PSYoungGen: 196608K->32749K(229376K)] 196608K->32749K(1015808K), 0.0457083 secs] [Times: user=0.05 sys=0.02, real=0.05 secs] 
9.636: [GC (Metadata GC Threshold) 
Desired survivor size 33554432 bytes, new threshold 7 (max 15)
[PSYoungGen: 60101K->21876K(229376K)] 60101K->21876K(1015808K), 0.0245146 secs] [Times: user=0.04 sys=0.01, real=0.02 secs] 
9.660: [Full GC (Metadata GC Threshold) [PSYoungGen: 21876K->0K(229376K)] [ParOldGen: 0K->21609K(786432K)] 21876K->21609K(1015808K), [Metaspace: 20722K->20722K(1067008K)], 0.4048477 secs] [Times: user=0.15 sys=0.63, real=0.41 secs] 
12.823: [GC (Allocation Failure) 
Desired survivor size 33554432 bytes, new threshold 7 (max 15)
[PSYoungGen: 196608K->22732K(229376K)] 218217K->44350K(1015808K), 0.0209290 secs] [Times: user=0.06 sys=0.00, real=0.02 secs] 
14.882: [GC (Allocation Failure) 
Desired survivor size 33554432 bytes, new threshold 7 (max 15)
[PSYoungGen: 219340K->32757K(229376K)] 240958K->55285K(1015808K), 0.0344097 secs] [Times: user=0.08 sys=0.00, real=0.04 secs] 
15.351: [GC (Metadata GC Threshold) 
Desired survivor size 40894464 bytes, new threshold 8 (max 15)
[PSYoungGen: 82840K->32451K(229376K)] 105368K->54979K(1015808K), 0.0274399 secs] [Times: user=0.06 sys=0.00, real=0.03 secs] 
15.378: [Full GC (Metadata GC Threshold) [PSYoungGen: 32451K->0K(229376K)] [ParOldGen: 22528K->38425K(786432K)] 54979K->38425K(1015808K), [Metaspace: 34547K->34536K(1081344K)], 0.1440821 secs] [Times: user=0.24 sys=0.01, real=0.14 secs] 
16.639: [GC (Allocation Failure) 
Desired survivor size 41418752 bytes, new threshold 9 (max 15)
[PSYoungGen: 196608K->19849K(214016K)] 235033K->58283K(1000448K), 0.0161923 secs] [Times: user=0.04 sys=0.00, real=0.02 secs] 
18.709: [GC (Allocation Failure) 
Desired survivor size 40370176 bytes, new threshold 10 (max 15)
[PSYoungGen: 201097K->24158K(221696K)] 239531K->62600K(1008128K), 0.0207461 secs] [Times: user=0.04 sys=0.00, real=0.02 secs] 
19.836: [GC (Allocation Failure) 
Desired survivor size 47185920 bytes, new threshold 9 (max 15)
[PSYoungGen: 205406K->39396K(209408K)] 243848K->84286K(995840K), 0.0348575 secs] [Times: user=0.09 sys=0.00, real=0.04 secs] 
20.383: [GC (Allocation Failure) 
Desired survivor size 54525952 bytes, new threshold 8 (max 15)
[PSYoungGen: 209380K->46054K(216064K)] 254270K->96928K(1002496K), 0.0380231 secs] [Times: user=0.10 sys=0.00, real=0.04 secs] 
20.982: [GC (Allocation Failure) 
Desired survivor size 62390272 bytes, new threshold 7 (max 15)
[PSYoungGen: 216038K->46078K(186368K)] 266912K->108040K(972800K), 0.0554008 secs] [Times: user=0.20 sys=0.01, real=0.06 secs] 
21.465: [GC (Allocation Failure) 
Desired survivor size 67633152 bytes, new threshold 6 (max 15)
[PSYoungGen: 186366K->56215K(196608K)] 248328K->118176K(983040K), 0.0420164 secs] [Times: user=0.12 sys=0.00, real=0.05 secs] 
21.871: [GC (Allocation Failure) 
Desired survivor size 69730304 bytes, new threshold 5 (max 15)
[PSYoungGen: 196503K->50021K(191488K)] 258464K->122556K(977920K), 0.0426722 secs] [Times: user=0.07 sys=0.00, real=0.04 secs] 
22.229: [GC (Allocation Failure) 
Desired survivor size 67108864 bytes, new threshold 4 (max 15)
[PSYoungGen: 175973K->34896K(194048K)] 248508K->122427K(980480K), 0.0391736 secs] [Times: user=0.06 sys=0.00, real=0.04 secs] 
22.616: [GC (Allocation Failure) 
Desired survivor size 65536000 bytes, new threshold 3 (max 15)
[PSYoungGen: 160848K->30273K(198144K)] 248379K->126132K(984576K), 0.0291738 secs] [Times: user=0.07 sys=0.01, real=0.03 secs] 
23.105: [GC (Allocation Failure) 
Desired survivor size 63438848 bytes, new threshold 2 (max 15)
[PSYoungGen: 162881K->32692K(196608K)] 258740K->135498K(983040K), 0.2742314 secs] [Times: user=0.04 sys=0.50, real=0.28 secs] 
23.742: [GC (Allocation Failure) 
Desired survivor size 62390272 bytes, new threshold 1 (max 15)
[PSYoungGen: 165300K->28982K(201216K)] 268106K->138017K(987648K), 0.0233977 secs] [Times: user=0.03 sys=0.00, real=0.02 secs] 
24.125: [GC (Allocation Failure) 
Desired survivor size 61865984 bytes, new threshold 1 (max 15)
[PSYoungGen: 168246K->23575K(200192K)] 277281K->140427K(986624K), 0.0221584 secs] [Times: user=0.03 sys=0.01, real=0.02 secs] 
24.535: [GC (Allocation Failure) 
Desired survivor size 61341696 bytes, new threshold 1 (max 15)
[PSYoungGen: 162839K->23468K(202240K)] 279691K->143699K(988672K), 0.0206062 secs] [Times: user=0.03 sys=0.00, real=0.02 secs] 
24.907: [GC (Allocation Failure) 
Desired survivor size 60293120 bytes, new threshold 1 (max 15)
[PSYoungGen: 165292K->24085K(201728K)] 285523K->147073K(988160K), 0.0214000 secs] [Times: user=0.04 sys=0.00, real=0.03 secs] 
25.274: [GC (Allocation Failure) 
Desired survivor size 60817408 bytes, new threshold 1 (max 15)
[PSYoungGen: 165909K->12512K(202240K)] 288897K->138479K(988672K), 0.0170221 secs] [Times: user=0.06 sys=0.00, real=0.02 secs] 
25.766: [GC (Allocation Failure) 
Desired survivor size 61865984 bytes, new threshold 1 (max 15)
[PSYoungGen: 155872K->7410K(151040K)] 281839K->140191K(937472K), 0.0395385 secs] [Times: user=0.10 sys=0.01, real=0.04 secs] 
26.438: [GC (Allocation Failure) 
Desired survivor size 60293120 bytes, new threshold 1 (max 15)
[PSYoungGen: 150770K->19596K(203264K)] 283551K->157552K(989696K), 0.0239384 secs] [Times: user=0.08 sys=0.00, real=0.02 secs] 
26.872: [GC (Allocation Failure) 
Desired survivor size 60293120 bytes, new threshold 1 (max 15)
[PSYoungGen: 162444K->7961K(201728K)] 300400K->163432K(988160K), 0.0264017 secs] [Times: user=0.09 sys=0.01, real=0.03 secs] 
27.566: [GC (Allocation Failure) 
Desired survivor size 59244544 bytes, new threshold 1 (max 15)
[PSYoungGen: 150809K->10541K(204288K)] 306280K->172189K(990720K), 0.0242475 secs] [Times: user=0.05 sys=0.00, real=0.03 secs] 
28.270: [GC (Allocation Failure) 
Desired survivor size 57671680 bytes, new threshold 1 (max 15)
[PSYoungGen: 155949K->14185K(203264K)] 317597K->181707K(989696K), 0.0208699 secs] [Times: user=0.05 sys=0.00, real=0.02 secs] 
28.737: [GC (Allocation Failure) 
Desired survivor size 56623104 bytes, new threshold 1 (max 15)
[PSYoungGen: 159593K->10294K(206848K)] 327115K->186209K(993280K), 0.0202594 secs] [Times: user=0.07 sys=0.00, real=0.02 secs] 
29.338: [GC (Allocation Failure) 
Desired survivor size 55574528 bytes, new threshold 1 (max 15)
[PSYoungGen: 160822K->8391K(205824K)] 336737K->192348K(992256K), 0.0204048 secs] [Times: user=0.05 sys=0.01, real=0.02 secs] 
29.703: [GC (Metadata GC Threshold) 
Desired survivor size 54525952 bytes, new threshold 1 (max 15)
[PSYoungGen: 69245K->6766K(208896K)] 253202K->196642K(995328K), 0.0157382 secs] [Times: user=0.05 sys=0.00, real=0.02 secs] 
29.719: [Full GC (Metadata GC Threshold) [PSYoungGen: 6766K->0K(208896K)] [ParOldGen: 189875K->106876K(786432K)] 196642K->106876K(995328K), [Metaspace: 57910K->57910K(1101824K)], 0.3570412 secs] [Times: user=1.00 sys=0.01, real=0.35 secs] 
30.791: [GC (Allocation Failure) 
Desired survivor size 52428800 bytes, new threshold 1 (max 15)
[PSYoungGen: 154624K->8930K(207872K)] 261500K->115814K(994304K), 0.0123041 secs] [Times: user=0.05 sys=0.00, real=0.01 secs] 
31.364: [GC (Allocation Failure) 
Desired survivor size 50855936 bytes, new threshold 1 (max 15)
[PSYoungGen: 163554K->9464K(212480K)] 270438K->123536K(998912K), 0.0320718 secs] [Times: user=0.09 sys=0.00, real=0.03 secs] 
32.071: [GC (Allocation Failure) 
Desired survivor size 49283072 bytes, new threshold 1 (max 15)
[PSYoungGen: 170744K->5969K(210944K)] 284816K->127328K(997376K), 0.0160705 secs] [Times: user=0.03 sys=0.00, real=0.01 secs] 
32.535: [GC (Allocation Failure) 
Desired survivor size 47710208 bytes, new threshold 1 (max 15)
[PSYoungGen: 167249K->5335K(215552K)] 288608K->131008K(1001984K), 0.0143148 secs] [Times: user=0.04 sys=0.00, real=0.02 secs] 
33.145: [GC (Allocation Failure) 
Desired survivor size 45088768 bytes, new threshold 1 (max 15)
[PSYoungGen: 172759K->12533K(214016K)] 298432K->142141K(1000448K), 0.0173933 secs] [Times: user=0.05 sys=0.00, real=0.02 secs] 
33.502: [GC (Allocation Failure) 
Desired survivor size 43515904 bytes, new threshold 1 (max 15)
[PSYoungGen: 179957K->4992K(219648K)] 309565K->144203K(1006080K), 0.0155715 secs] [Times: user=0.05 sys=0.00, real=0.01 secs] 
33.732: [GC (Allocation Failure) 
Desired survivor size 42991616 bytes, new threshold 1 (max 15)
[PSYoungGen: 180608K->320K(218112K)] 319819K->143048K(1004544K), 0.0069656 secs] [Times: user=0.02 sys=0.00, real=0.01 secs] 
34.229: [GC (Allocation Failure) 
Desired survivor size 40894464 bytes, new threshold 1 (max 15)
[PSYoungGen: 175936K->7514K(222208K)] 318664K->150322K(1008640K), 0.0100553 secs] [Times: user=0.03 sys=0.00, real=0.01 secs] 
34.892: [GC (Allocation Failure) 
Desired survivor size 39321600 bytes, new threshold 1 (max 15)
[PSYoungGen: 187738K->6275K(220160K)] 330546K->154993K(1006592K), 0.0159378 secs] [Times: user=0.05 sys=0.00, real=0.01 secs] 
35.704: [GC (Allocation Failure) 
Desired survivor size 37224448 bytes, new threshold 1 (max 15)
[PSYoungGen: 186499K->6715K(225792K)] 335217K->160967K(1012224K), 0.0277280 secs] [Times: user=0.07 sys=0.00, real=0.03 secs] 
36.464: [GC (Allocation Failure) 
Desired survivor size 35651584 bytes, new threshold 1 (max 15)
[PSYoungGen: 194107K->4018K(223744K)] 348359K->163859K(1010176K), 0.0207819 secs] [Times: user=0.06 sys=0.00, real=0.02 secs] 
37.324: [GC (Allocation Failure) 
Desired survivor size 33554432 bytes, new threshold 1 (max 15)
[PSYoungGen: 191410K->9151K(229376K)] 351251K->172333K(1015808K), 0.0299383 secs] [Times: user=0.09 sys=0.00, real=0.03 secs] 
38.320: [GC (Allocation Failure) 
Desired survivor size 31457280 bytes, new threshold 1 (max 15)
[PSYoungGen: 203711K->9441K(227328K)] 366893K->179748K(1013760K), 0.0195021 secs] [Times: user=0.06 sys=0.00, real=0.01 secs] 
38.871: [GC (Allocation Failure) 
Desired survivor size 35127296 bytes, new threshold 1 (max 15)
[PSYoungGen: 204001K->25859K(224256K)] 374308K->203791K(1010688K), 0.0324938 secs] [Times: user=0.12 sys=0.00, real=0.03 secs] 
39.424: [GC (Allocation Failure) 
Desired survivor size 39321600 bytes, new threshold 1 (max 15)
[PSYoungGen: 219395K->29232K(223232K)] 397327K->215079K(1009664K), 0.0350620 secs] [Times: user=0.09 sys=0.00, real=0.03 secs] 
40.447: [GC (Allocation Failure) 
Desired survivor size 42991616 bytes, new threshold 1 (max 15)
[PSYoungGen: 222768K->29615K(216576K)] 408615K->216535K(1003008K), 0.0329101 secs] [Times: user=0.08 sys=0.00, real=0.03 secs] 
41.225: [GC (Allocation Failure) 
Desired survivor size 41418752 bytes, new threshold 1 (max 15)
[PSYoungGen: 207791K->9398K(220160K)] 394711K->217640K(1006592K), 0.2138341 secs] [Times: user=0.05 sys=0.37, real=0.21 secs] 
41.952: [GC (Allocation Failure) 
Desired survivor size 40370176 bytes, new threshold 1 (max 15)
[PSYoungGen: 187574K->6272K(222720K)] 395816K->222054K(1009152K), 0.0175071 secs] [Times: user=0.04 sys=0.01, real=0.02 secs] 
56.524: [GC (Allocation Failure) 
Desired survivor size 38273024 bytes, new threshold 1 (max 15)
[PSYoungGen: 188544K->10046K(221696K)] 404326K->230423K(1008128K), 0.0196251 secs] [Times: user=0.03 sys=0.00, real=0.02 secs] 
81.211: [GC (Allocation Failure) 
Desired survivor size 37224448 bytes, new threshold 1 (max 15)
[PSYoungGen: 192318K->4576K(225792K)] 412695K->230675K(1012224K), 0.0160583 secs] [Times: user=0.02 sys=0.01, real=0.02 secs] 
106.842: [GC (Allocation Failure) 
Desired survivor size 36175872 bytes, new threshold 1 (max 15)
[PSYoungGen: 192992K->4630K(224768K)] 419091K->231082K(1011200K), 0.0103142 secs] [Times: user=0.02 sys=0.00, real=0.01 secs] 
132.214: [GC (Allocation Failure) 
Desired survivor size 35127296 bytes, new threshold 2 (max 15)
[PSYoungGen: 193046K->5226K(227840K)] 419498K->231889K(1014272K), 0.0108924 secs] [Times: user=0.02 sys=0.00, real=0.01 secs] 
158.093: [GC (Allocation Failure) 
Desired survivor size 33554432 bytes, new threshold 3 (max 15)
[PSYoungGen: 197738K->5779K(226816K)] 424401K->232450K(1013248K), 0.0106479 secs] [Times: user=0.02 sys=0.01, real=0.01 secs] 
184.313: [GC (Allocation Failure) 
Desired survivor size 31981568 bytes, new threshold 4 (max 15)
[PSYoungGen: 198286K->5843K(230912K)] 424957K->232514K(1017344K), 0.0119875 secs] [Times: user=0.02 sys=0.00, real=0.01 secs] 
211.713: [GC (Allocation Failure) 
Desired survivor size 30408704 bytes, new threshold 5 (max 15)
[PSYoungGen: 203987K->6063K(229376K)] 430658K->232742K(1015808K), 0.0107810 secs] [Times: user=0.02 sys=0.00, real=0.01 secs] 
234.591: [GC (Allocation Failure) 
Desired survivor size 28311552 bytes, new threshold 6 (max 15)
[PSYoungGen: 204207K->9410K(234496K)] 430886K->236097K(1020928K), 0.0159322 secs] [Times: user=0.03 sys=0.00, real=0.01 secs] 
262.215: [GC (Allocation Failure) 
Desired survivor size 26738688 bytes, new threshold 7 (max 15)
[PSYoungGen: 214210K->9387K(232448K)] 440897K->236082K(1018880K), 0.0142362 secs] [Times: user=0.02 sys=0.00, real=0.01 secs] 
290.093: [GC (Allocation Failure) 
Desired survivor size 25165824 bytes, new threshold 8 (max 15)
[PSYoungGen: 214187K->9610K(237568K)] 440882K->236305K(1024000K), 0.0155016 secs] [Times: user=0.02 sys=0.00, real=0.02 secs] 
318.841: [GC (Allocation Failure) 
Desired survivor size 23592960 bytes, new threshold 9 (max 15)
[PSYoungGen: 221066K->8818K(236032K)] 447761K->235521K(1022464K), 0.0169681 secs] [Times: user=0.03 sys=0.00, real=0.02 secs] 
347.840: [GC (Allocation Failure) 
Desired survivor size 22544384 bytes, new threshold 10 (max 15)
[PSYoungGen: 220274K->8230K(240128K)] 446977K->234933K(1026560K), 0.0141315 secs] [Times: user=0.03 sys=0.00, real=0.01 secs] 
377.212: [GC (Allocation Failure) 
Desired survivor size 21495808 bytes, new threshold 11 (max 15)
[PSYoungGen: 225318K->7991K(239104K)] 452021K->234694K(1025536K), 0.0143607 secs] [Times: user=0.02 sys=0.00, real=0.01 secs] 
406.602: [GC (Allocation Failure) 
Desired survivor size 20447232 bytes, new threshold 12 (max 15)
[PSYoungGen: 225079K->8215K(242176K)] 451782K->234926K(1028608K), 0.0152912 secs] [Times: user=0.02 sys=0.00, real=0.02 secs] 
436.988: [GC (Allocation Failure) 
Desired survivor size 19398656 bytes, new threshold 13 (max 15)
[PSYoungGen: 229399K->8419K(241152K)] 456110K->235138K(1027584K), 0.0171316 secs] [Times: user=0.03 sys=0.00, real=0.02 secs] 
467.127: [GC (Allocation Failure) 
Desired survivor size 18874368 bytes, new threshold 14 (max 15)
[PSYoungGen: 229603K->8636K(243712K)] 456322K->235363K(1030144K), 0.0144323 secs] [Times: user=0.02 sys=0.00, real=0.01 secs] 
498.585: [GC (Allocation Failure) 
Desired survivor size 17825792 bytes, new threshold 15 (max 15)
[PSYoungGen: 233404K->8786K(243200K)] 460131K->235513K(1029632K), 0.0151519 secs] [Times: user=0.03 sys=0.00, real=0.02 secs] 
530.217: [GC (Allocation Failure) 
Desired survivor size 16777216 bytes, new threshold 15 (max 15)
[PSYoungGen: 233554K->8574K(245760K)] 460281K->235301K(1032192K), 0.0160661 secs] [Times: user=0.02 sys=0.00, real=0.01 secs] 
562.590: [GC (Allocation Failure) 
Desired survivor size 16252928 bytes, new threshold 15 (max 15)
[PSYoungGen: 236926K->8598K(244736K)] 463653K->235510K(1031168K), 0.0156818 secs] [Times: user=0.02 sys=0.00, real=0.01 secs] 
594.959: [GC (Allocation Failure) 
Desired survivor size 15728640 bytes, new threshold 15 (max 15)
[PSYoungGen: 236950K->8374K(246784K)] 463862K->235380K(1033216K), 0.0138776 secs] [Times: user=0.02 sys=0.00, real=0.01 secs] 
627.340: [GC (Allocation Failure) 
Desired survivor size 15204352 bytes, new threshold 15 (max 15)
[PSYoungGen: 239286K->7539K(246272K)] 466292K->234602K(1032704K), 0.0167845 secs] [Times: user=0.02 sys=0.00, real=0.01 secs] 
662.832: [GC (Allocation Failure) 
Desired survivor size 15204352 bytes, new threshold 15 (max 15)
[PSYoungGen: 238451K->5858K(247296K)] 465514K->232968K(1033728K), 0.0129538 secs] [Times: user=0.02 sys=0.01, real=0.02 secs] 
698.461: [GC (Allocation Failure) 
Desired survivor size 15204352 bytes, new threshold 15 (max 15)
[PSYoungGen: 238306K->5102K(247296K)] 465416K->232928K(1033728K), 0.0138756 secs] [Times: user=0.02 sys=0.00, real=0.01 secs] 
733.836: [GC (Allocation Failure) 
Desired survivor size 15204352 bytes, new threshold 15 (max 15)
[PSYoungGen: 237550K->5020K(247296K)] 465376K->232933K(1033728K), 0.0126225 secs] [Times: user=0.02 sys=0.00, real=0.01 secs] 
767.839: [GC (Allocation Failure) 
Desired survivor size 14680064 bytes, new threshold 15 (max 15)
[PSYoungGen: 237468K->5208K(247296K)] 465381K->233280K(1033728K), 0.0118504 secs] [Times: user=0.02 sys=0.00, real=0.02 secs] 
802.838: [GC (Allocation Failure) 
Desired survivor size 14680064 bytes, new threshold 15 (max 15)
[PSYoungGen: 237656K->5549K(247808K)] 465728K->233710K(1034240K), 0.0120655 secs] [Times: user=0.02 sys=0.00, real=0.01 secs] 
838.705: [GC (Allocation Failure) 
Desired survivor size 14155776 bytes, new threshold 15 (max 15)
[PSYoungGen: 239021K->5275K(247808K)] 467182K->233523K(1034240K), 0.0121462 secs] [Times: user=0.02 sys=0.00, real=0.01 secs] 
874.338: [GC (Allocation Failure) 
Desired survivor size 13631488 bytes, new threshold 15 (max 15)
[PSYoungGen: 238747K->5290K(248832K)] 466995K->233602K(1035264K), 0.0114785 secs] [Times: user=0.02 sys=0.00, real=0.01 secs] 
910.461: [GC (Allocation Failure) 
Desired survivor size 13631488 bytes, new threshold 15 (max 15)
[PSYoungGen: 240298K->4981K(248320K)] 468610K->233453K(1034752K), 0.0118500 secs] [Times: user=0.02 sys=0.00, real=0.02 secs] 
946.461: [GC (Allocation Failure) 
Desired survivor size 13107200 bytes, new threshold 15 (max 15)
[PSYoungGen: 239989K->4768K(249344K)] 468461K->233479K(1035776K), 0.0116765 secs] [Times: user=0.02 sys=0.00, real=0.01 secs] 
982.714: [GC (Allocation Failure) 
Desired survivor size 13107200 bytes, new threshold 15 (max 15)
[PSYoungGen: 240800K->4563K(248832K)] 469511K->233571K(1035264K), 0.0125531 secs] [Times: user=0.02 sys=0.00, real=0.01 secs] 
1016.586: [GC (Allocation Failure) 
Desired survivor size 12582912 bytes, new threshold 15 (max 15)
[PSYoungGen: 240595K->4560K(249856K)] 469603K->233609K(1036288K), 0.0116774 secs] [Times: user=0.02 sys=0.00, real=0.02 secs] 
1049.959: [GC (Allocation Failure) 
Desired survivor size 12058624 bytes, new threshold 15 (max 15)
[PSYoungGen: 241616K->4536K(249344K)] 470665K->233625K(1035776K), 0.0130408 secs] [Times: user=0.01 sys=0.00, real=0.01 secs] 
1083.340: [GC (Allocation Failure) 
Desired survivor size 12058624 bytes, new threshold 15 (max 15)
[PSYoungGen: 241592K->4583K(250368K)] 470681K->233711K(1036800K), 0.0106168 secs] [Times: user=0.02 sys=0.00, real=0.01 secs] 
1117.091: [GC (Allocation Failure) 
Desired survivor size 11534336 bytes, new threshold 15 (max 15)
[PSYoungGen: 243175K->4566K(250368K)] 472303K->233735K(1036800K), 0.0131396 secs] [Times: user=0.03 sys=0.00, real=0.02 secs] 
1150.468: [GC (Allocation Failure) 
Desired survivor size 11010048 bytes, new threshold 15 (max 15)
[PSYoungGen: 243158K->4843K(251392K)] 472327K->234084K(1037824K), 0.0103439 secs] [Times: user=0.02 sys=0.00, real=0.01 secs] 
1183.709: [GC (Allocation Failure) 
Desired survivor size 11010048 bytes, new threshold 15 (max 15)
[PSYoungGen: 244971K->5172K(250880K)] 474212K->234453K(1037312K), 0.0117875 secs] [Times: user=0.02 sys=0.00, real=0.01 secs] 
1216.710: [GC (Allocation Failure) 
Desired survivor size 10485760 bytes, new threshold 15 (max 15)
[PSYoungGen: 245300K->5263K(251904K)] 474581K->234638K(1038336K), 0.0111753 secs] [Times: user=0.01 sys=0.00, real=0.01 secs] 
1250.469: [GC (Allocation Failure) 
Desired survivor size 9961472 bytes, new threshold 15 (max 15)
[PSYoungGen: 246415K->5258K(251392K)] 475790K->234726K(1037824K), 0.0128871 secs] [Times: user=0.02 sys=0.00, real=0.01 secs] 
1284.466: [GC (Allocation Failure) 
Desired survivor size 9961472 bytes, new threshold 15 (max 15)
[PSYoungGen: 246410K->4893K(252416K)] 475878K->234758K(1038848K), 0.0111244 secs] [Times: user=0.02 sys=0.00, real=0.01 secs] 
1318.830: [GC (Allocation Failure) 
Desired survivor size 9437184 bytes, new threshold 15 (max 15)
[PSYoungGen: 247581K->4881K(252416K)] 477446K->234818K(1038848K), 0.0110047 secs] [Times: user=0.02 sys=0.00, real=0.01 secs] 
1353.090: [GC (Allocation Failure) 
Desired survivor size 8912896 bytes, new threshold 15 (max 15)
[PSYoungGen: 247569K->4818K(253440K)] 477506K->234803K(1039872K), 0.0106117 secs] [Times: user=0.01 sys=0.00, real=0.01 secs] 
1387.583: [GC (Allocation Failure) 
Desired survivor size 8912896 bytes, new threshold 15 (max 15)
[PSYoungGen: 249042K->4971K(252928K)] 479027K->235004K(1039360K), 0.0123457 secs] [Times: user=0.01 sys=0.00, real=0.02 secs] 
1422.086: [GC (Allocation Failure) 
Desired survivor size 8388608 bytes, new threshold 15 (max 15)
[PSYoungGen: 249195K->4854K(253952K)] 479228K->234935K(1040384K), 0.0116654 secs] [Times: user=0.02 sys=0.00, real=0.01 secs] 
1456.766: [GC (Allocation Failure) 
Desired survivor size 8388608 bytes, new threshold 15 (max 15)
[PSYoungGen: 250102K->4967K(253440K)] 480183K->235087K(1039872K), 0.0112269 secs] [Times: user=0.02 sys=0.00, real=0.01 secs] 
1491.465: [GC (Allocation Failure) 
Desired survivor size 8388608 bytes, new threshold 15 (max 15)
[PSYoungGen: 250215K->4998K(253952K)] 480335K->235224K(1040384K), 0.0110468 secs] [Times: user=0.02 sys=0.00, real=0.01 secs] 
1525.965: [GC (Allocation Failure) 
Desired survivor size 7864320 bytes, new threshold 15 (max 15)
[PSYoungGen: 250758K->5097K(253952K)] 480984K->235451K(1040384K), 0.0115386 secs] [Times: user=0.02 sys=0.00, real=0.02 secs] 
1560.585: [GC (Allocation Failure) 
Desired survivor size 7864320 bytes, new threshold 15 (max 15)
[PSYoungGen: 250857K->4978K(254464K)] 481211K->235482K(1040896K), 0.0110340 secs] [Times: user=0.01 sys=0.00, real=0.01 secs] 
1595.297: [GC (Allocation Failure) 
Desired survivor size 7340032 bytes, new threshold 15 (max 15)
[PSYoungGen: 251762K->4981K(254464K)] 482266K->235590K(1040896K), 0.0104653 secs] [Times: user=0.01 sys=0.00, real=0.01 secs] 
1630.219: [GC (Allocation Failure) 
Desired survivor size 7340032 bytes, new threshold 15 (max 15)
[PSYoungGen: 251765K->4887K(254976K)] 482374K->235599K(1041408K), 0.0100339 secs] [Times: user=0.02 sys=0.00, real=0.01 secs] 
1665.216: [GC (Allocation Failure) 
Desired survivor size 7340032 bytes, new threshold 15 (max 15)
[PSYoungGen: 252695K->4806K(254976K)] 483407K->235722K(1041408K), 0.0116663 secs] [Times: user=0.02 sys=0.00, real=0.02 secs] 
1700.092: [GC (Allocation Failure) 
Desired survivor size 7340032 bytes, new threshold 15 (max 15)
[PSYoungGen: 252614K->4644K(254976K)] 483530K->235813K(1041408K), 0.0114841 secs] [Times: user=0.02 sys=0.00, real=0.01 secs] 
1734.965: [GC (Allocation Failure) 
Desired survivor size 6815744 bytes, new threshold 15 (max 15)
[PSYoungGen: 252452K->4682K(254976K)] 483621K->236019K(1041408K), 0.0100583 secs] [Times: user=0.02 sys=0.00, real=0.01 secs] 
1769.840: [GC (Allocation Failure) 
Desired survivor size 6815744 bytes, new threshold 15 (max 15)
[PSYoungGen: 252490K->4731K(255488K)] 483827K->236180K(1041920K), 0.0115215 secs] [Times: user=0.02 sys=0.00, real=0.01 secs] 
1805.083: [GC (Allocation Failure) 
Desired survivor size 6815744 bytes, new threshold 15 (max 15)
[PSYoungGen: 253563K->4729K(255488K)] 485012K->236275K(1041920K), 0.0104562 secs] [Times: user=0.02 sys=0.00, real=0.01 secs] 
1839.585: [GC (Allocation Failure) 
Desired survivor size 6815744 bytes, new threshold 15 (max 15)
[PSYoungGen: 253561K->4811K(255488K)] 485107K->236453K(1041920K), 0.0122070 secs] [Times: user=0.02 sys=0.00, real=0.01 secs] 
1874.709: [GC (Allocation Failure) 
Desired survivor size 6815744 bytes, new threshold 15 (max 15)
[PSYoungGen: 253643K->4778K(255488K)] 485285K->236516K(1041920K), 0.0118077 secs] [Times: user=0.02 sys=0.00, real=0.01 secs] 
1909.587: [GC (Allocation Failure) 
Desired survivor size 6291456 bytes, new threshold 15 (max 15)
[PSYoungGen: 253610K->4896K(256000K)] 485348K->236738K(1042432K), 0.0106092 secs] [Times: user=0.01 sys=0.00, real=0.01 secs] 
1944.843: [GC (Allocation Failure) 
Desired survivor size 6291456 bytes, new threshold 15 (max 15)
[PSYoungGen: 254240K->4778K(255488K)] 486082K->236715K(1041920K), 0.0103352 secs] [Times: user=0.02 sys=0.00, real=0.01 secs] 
1980.084: [GC (Allocation Failure) 
Desired survivor size 6291456 bytes, new threshold 15 (max 15)
[PSYoungGen: 254122K->4897K(256000K)] 486059K->236931K(1042432K), 0.0101329 secs] [Times: user=0.02 sys=0.00, real=0.02 secs] 
2015.339: [GC (Allocation Failure) 
Desired survivor size 6291456 bytes, new threshold 15 (max 15)
[PSYoungGen: 254753K->4816K(256000K)] 486786K->236954K(1042432K), 0.0104594 secs] [Times: user=0.02 sys=0.00, real=0.02 secs] 
2050.590: [GC (Allocation Failure) 
Desired survivor size 6291456 bytes, new threshold 15 (max 15)
[PSYoungGen: 254672K->4720K(256000K)] 486810K->236954K(1042432K), 0.0109144 secs] [Times: user=0.02 sys=0.00, real=0.01 secs] 
2085.965: [GC (Allocation Failure) 
Desired survivor size 6291456 bytes, new threshold 15 (max 15)
[PSYoungGen: 254576K->4767K(256000K)] 486810K->237105K(1042432K), 0.0117412 secs] [Times: user=0.02 sys=0.00, real=0.01 secs] 
2120.835: [GC (Allocation Failure) 
Desired survivor size 6291456 bytes, new threshold 15 (max 15)
[PSYoungGen: 254623K->5033K(256000K)] 486961K->237530K(1042432K), 0.0101870 secs] [Times: user=0.02 sys=0.00, real=0.01 secs] 
2156.087: [GC (Allocation Failure) 
Desired survivor size 5767168 bytes, new threshold 15 (max 15)
[PSYoungGen: 254889K->4935K(256000K)] 487386K->237528K(1042432K), 0.0125260 secs] [Times: user=0.02 sys=0.00, real=0.01 secs] 
2191.211: [GC (Allocation Failure) 
Desired survivor size 5767168 bytes, new threshold 15 (max 15)
[PSYoungGen: 254791K->4876K(256512K)] 487384K->237565K(1042944K), 0.0102789 secs] [Times: user=0.02 sys=0.00, real=0.01 secs] 
2226.595: [GC (Allocation Failure) 
Desired survivor size 5767168 bytes, new threshold 15 (max 15)
[PSYoungGen: 255756K->4844K(256512K)] 488445K->237637K(1042944K), 0.0107352 secs] [Times: user=0.02 sys=0.00, real=0.01 secs] 
2262.217: [GC (Allocation Failure) 
Desired survivor size 5767168 bytes, new threshold 15 (max 15)
[PSYoungGen: 255724K->4759K(256512K)] 488517K->237702K(1042944K), 0.0109556 secs] [Times: user=0.02 sys=0.00, real=0.01 secs] 
2297.465: [GC (Allocation Failure) 
Desired survivor size 5767168 bytes, new threshold 15 (max 15)
[PSYoungGen: 255639K->4795K(256512K)] 488582K->237843K(1042944K), 0.0109537 secs] [Times: user=0.01 sys=0.00, real=0.01 secs] 
2332.963: [GC (Allocation Failure) 
Desired survivor size 5767168 bytes, new threshold 15 (max 15)
[PSYoungGen: 255675K->4844K(256512K)] 488723K->237987K(1042944K), 0.0110673 secs] [Times: user=0.02 sys=0.00, real=0.01 secs] 
2368.351: [GC (Allocation Failure) 
Desired survivor size 5767168 bytes, new threshold 15 (max 15)
[PSYoungGen: 255724K->4851K(256512K)] 488867K->238122K(1042944K), 0.0114761 secs] [Times: user=0.02 sys=0.00, real=0.01 secs] 
2403.841: [GC (Allocation Failure) 
Desired survivor size 5767168 bytes, new threshold 15 (max 15)
[PSYoungGen: 255731K->4845K(256512K)] 489002K->238220K(1042944K), 0.0106504 secs] [Times: user=0.02 sys=0.00, real=0.01 secs] 
2438.592: [GC (Allocation Failure) 
Desired survivor size 5767168 bytes, new threshold 15 (max 15)
[PSYoungGen: 255725K->4843K(256512K)] 489100K->238386K(1042944K), 0.0108768 secs] [Times: user=0.01 sys=0.00, real=0.01 secs] 
2473.717: [GC (Allocation Failure) 
Desired survivor size 5767168 bytes, new threshold 15 (max 15)
[PSYoungGen: 255723K->4927K(256512K)] 489266K->238565K(1042944K), 0.0104653 secs] [Times: user=0.02 sys=0.00, real=0.01 secs] 
2509.227: [GC (Allocation Failure) 
Desired survivor size 5767168 bytes, new threshold 15 (max 15)
[PSYoungGen: 255807K->4936K(256512K)] 489445K->238725K(1042944K), 0.0113873 secs] [Times: user=0.01 sys=0.00, real=0.01 secs] 
2544.713: [GC (Allocation Failure) 
Desired survivor size 5767168 bytes, new threshold 15 (max 15)
[PSYoungGen: 255816K->4952K(256512K)] 489605K->238845K(1042944K), 0.0129662 secs] [Times: user=0.02 sys=0.00, real=0.01 secs] 
2580.084: [GC (Allocation Failure) 
Desired survivor size 5767168 bytes, new threshold 15 (max 15)
[PSYoungGen: 255832K->5013K(256512K)] 489725K->239010K(1042944K), 0.0112365 secs] [Times: user=0.02 sys=0.00, real=0.02 secs] 
2615.487: [GC (Allocation Failure) 
Desired survivor size 5767168 bytes, new threshold 15 (max 15)
[PSYoungGen: 255893K->5061K(256512K)] 489890K->239162K(1042944K), 0.0106384 secs] [Times: user=0.02 sys=0.00, real=0.01 secs] 
2650.848: [GC (Allocation Failure) 
Desired survivor size 5767168 bytes, new threshold 15 (max 15)
[PSYoungGen: 255941K->4901K(256512K)] 490042K->239106K(1042944K), 0.0121139 secs] [Times: user=0.02 sys=0.00, real=0.01 secs] 
2686.464: [GC (Allocation Failure) 
Desired survivor size 5767168 bytes, new threshold 15 (max 15)
[PSYoungGen: 255781K->4842K(256512K)] 489986K->239143K(1042944K), 0.0103797 secs] [Times: user=0.01 sys=0.00, real=0.01 secs] 
2721.506: [GC (Allocation Failure) 
Desired survivor size 5767168 bytes, new threshold 15 (max 15)
[PSYoungGen: 255722K->5280K(256512K)] 490023K->239685K(1042944K), 0.0113844 secs] [Times: user=0.01 sys=0.00, real=0.02 secs] 
2756.838: [GC (Allocation Failure) 
Desired survivor size 5767168 bytes, new threshold 15 (max 15)
[PSYoungGen: 256160K->4953K(256512K)] 490565K->239462K(1042944K), 0.0105359 secs] [Times: user=0.02 sys=0.00, real=0.01 secs] 
2775.749: [GC (Allocation Failure) 
Desired survivor size 5767168 bytes, new threshold 15 (max 15)
[PSYoungGen: 255833K->4970K(256512K)] 490342K->239583K(1042944K), 0.0144718 secs] [Times: user=0.02 sys=0.00, real=0.01 secs] 
2791.009: [GC (Allocation Failure) 
Desired survivor size 6291456 bytes, new threshold 14 (max 15)
[PSYoungGen: 255850K->5611K(255488K)] 490463K->241264K(1041920K), 0.0126134 secs] [Times: user=0.03 sys=0.00, real=0.01 secs] 
2809.338: [GC (Allocation Failure) 
Desired survivor size 6815744 bytes, new threshold 13 (max 15)
[PSYoungGen: 255467K->6114K(256000K)] 491120K->241895K(1042432K), 0.0127113 secs] [Times: user=0.02 sys=0.00, real=0.02 secs] 
2827.710: [GC (Allocation Failure) 
Desired survivor size 6815744 bytes, new threshold 12 (max 15)
[PSYoungGen: 255970K->6132K(254976K)] 491751K->242121K(1041408K), 0.0117145 secs] [Times: user=0.02 sys=0.00, real=0.01 secs] 
2845.965: [GC (Allocation Failure) 
Desired survivor size 7340032 bytes, new threshold 13 (max 15)
[PSYoungGen: 254964K->6152K(255488K)] 490953K->242221K(1041920K), 0.0171081 secs] [Times: user=0.03 sys=0.00, real=0.02 secs] 
2864.215: [GC (Allocation Failure) 
Desired survivor size 7340032 bytes, new threshold 14 (max 15)
[PSYoungGen: 254984K->6182K(254464K)] 491053K->242259K(1040896K), 0.0113375 secs] [Times: user=0.02 sys=0.00, real=0.01 secs] 
2882.411: [GC (Allocation Failure) 
Desired survivor size 7340032 bytes, new threshold 15 (max 15)
[PSYoungGen: 253990K->6262K(254976K)] 490067K->242347K(1041408K), 0.0112186 secs] [Times: user=0.02 sys=0.00, real=0.02 secs] 
2900.583: [GC (Allocation Failure) 
Desired survivor size 7340032 bytes, new threshold 15 (max 15)
[PSYoungGen: 254070K->6119K(254976K)] 490155K->242204K(1041408K), 0.0122982 secs] [Times: user=0.03 sys=0.00, real=0.02 secs] 
2918.827: [GC (Allocation Failure) 
Desired survivor size 7340032 bytes, new threshold 15 (max 15)
[PSYoungGen: 253927K->6197K(254976K)] 490012K->242322K(1041408K), 0.0132686 secs] [Times: user=0.02 sys=0.00, real=0.02 secs] 
2936.796: [GC (Allocation Failure) 
Desired survivor size 7864320 bytes, new threshold 15 (max 15)
[PSYoungGen: 254005K->6227K(253952K)] 490130K->242400K(1040384K), 0.0123861 secs] [Times: user=0.02 sys=0.00, real=0.01 secs] 
2954.912: [GC (Allocation Failure) 
Desired survivor size 7864320 bytes, new threshold 15 (max 15)
[PSYoungGen: 253011K->6332K(254464K)] 489184K->242545K(1040896K), 0.0127065 secs] [Times: user=0.02 sys=0.00, real=0.02 secs] 
2972.917: [GC (Allocation Failure) 
Desired survivor size 7864320 bytes, new threshold 15 (max 15)
[PSYoungGen: 253116K->6377K(254464K)] 489329K->242670K(1040896K), 0.0152000 secs] [Times: user=0.02 sys=0.00, real=0.01 secs] 
2991.035: [GC (Allocation Failure) 
Desired survivor size 7864320 bytes, new threshold 15 (max 15)
[PSYoungGen: 253161K->6342K(254464K)] 489454K->242731K(1040896K), 0.0129434 secs] [Times: user=0.02 sys=0.00, real=0.01 secs] 
3009.169: [GC (Allocation Failure) 
Desired survivor size 7864320 bytes, new threshold 15 (max 15)
[PSYoungGen: 253126K->6207K(254464K)] 489515K->242765K(1040896K), 0.0111111 secs] [Times: user=0.02 sys=0.00, real=0.01 secs] 
3026.913: [GC (Allocation Failure) 
Desired survivor size 7864320 bytes, new threshold 15 (max 15)
[PSYoungGen: 252991K->6315K(254464K)] 489549K->242977K(1040896K), 0.0132238 secs] [Times: user=0.02 sys=0.01, real=0.02 secs] 
3045.042: [GC (Allocation Failure) 
Desired survivor size 7864320 bytes, new threshold 15 (max 15)
[PSYoungGen: 253099K->5131K(254464K)] 489761K->242904K(1040896K), 0.0111791 secs] [Times: user=0.02 sys=0.00, real=0.01 secs] 
3063.039: [GC (Allocation Failure) 
Desired survivor size 7864320 bytes, new threshold 15 (max 15)
[PSYoungGen: 251915K->4628K(254464K)] 489688K->242958K(1040896K), 0.0120762 secs] [Times: user=0.02 sys=0.01, real=0.02 secs] 
3081.047: [GC (Allocation Failure) 
Desired survivor size 7864320 bytes, new threshold 15 (max 15)
[PSYoungGen: 251412K->4570K(254464K)] 489742K->243027K(1040896K), 0.0113721 secs] [Times: user=0.02 sys=0.00, real=0.01 secs] 
3099.075: [GC (Allocation Failure) 
Desired survivor size 7864320 bytes, new threshold 15 (max 15)
[PSYoungGen: 251354K->4598K(254464K)] 489811K->243200K(1040896K), 0.0114411 secs] [Times: user=0.02 sys=0.00, real=0.01 secs] 
3117.090: [GC (Allocation Failure) 
Desired survivor size 7864320 bytes, new threshold 15 (max 15)
[PSYoungGen: 251382K->4511K(254464K)] 489984K->243185K(1040896K), 0.0122144 secs] [Times: user=0.02 sys=0.00, real=0.01 secs] 
3135.292: [GC (Allocation Failure) 
Desired survivor size 7864320 bytes, new threshold 15 (max 15)
[PSYoungGen: 251295K->4479K(254464K)] 489969K->243234K(1040896K), 0.0103257 secs] [Times: user=0.02 sys=0.00, real=0.01 secs] 
3153.460: [GC (Allocation Failure) 
Desired survivor size 7864320 bytes, new threshold 15 (max 15)
[PSYoungGen: 251263K->4559K(254464K)] 490018K->243394K(1040896K), 0.0108595 secs] [Times: user=0.01 sys=0.00, real=0.01 secs] 
3171.543: [GC (Allocation Failure) 
Desired survivor size 7864320 bytes, new threshold 15 (max 15)
[PSYoungGen: 251343K->4511K(254464K)] 490178K->243425K(1040896K), 0.0106025 secs] [Times: user=0.02 sys=0.00, real=0.01 secs] 
3189.588: [GC (Allocation Failure) 
Desired survivor size 7340032 bytes, new threshold 15 (max 15)
[PSYoungGen: 251295K->4598K(254976K)] 490209K->243584K(1041408K), 0.0103782 secs] [Times: user=0.02 sys=0.00, real=0.02 secs] 
3207.782: [GC (Allocation Failure) 
Desired survivor size 7340032 bytes, new threshold 15 (max 15)
[PSYoungGen: 251894K->4515K(254464K)] 490880K->243675K(1040896K), 0.0109424 secs] [Times: user=0.02 sys=0.00, real=0.01 secs] 
3225.919: [GC (Allocation Failure) 
Desired survivor size 7340032 bytes, new threshold 15 (max 15)
[PSYoungGen: 251811K->4564K(254976K)] 490971K->243851K(1041408K), 0.0124245 secs] [Times: user=0.02 sys=0.00, real=0.01 secs] 
3244.087: [GC (Allocation Failure) 
Desired survivor size 7340032 bytes, new threshold 15 (max 15)
[PSYoungGen: 252372K->4467K(254976K)] 491659K->243834K(1041408K), 0.0101871 secs] [Times: user=0.02 sys=0.00, real=0.01 secs] 
3262.295: [GC (Allocation Failure) 
Desired survivor size 7340032 bytes, new threshold 15 (max 15)
[PSYoungGen: 252275K->4452K(254976K)] 491642K->243891K(1041408K), 0.0109734 secs] [Times: user=0.02 sys=0.00, real=0.01 secs] 
3280.542: [GC (Allocation Failure) 
Desired survivor size 6815744 bytes, new threshold 15 (max 15)
[PSYoungGen: 252260K->4419K(254976K)] 491699K->243938K(1041408K), 0.0107413 secs] [Times: user=0.02 sys=0.00, real=0.02 secs] 
3298.708: [GC (Allocation Failure) 
Desired survivor size 6815744 bytes, new threshold 15 (max 15)
[PSYoungGen: 252227K->4359K(255488K)] 491746K->244044K(1041920K), 0.0106887 secs] [Times: user=0.02 sys=0.00, real=0.01 secs] 
3316.841: [GC (Allocation Failure) 
Desired survivor size 6815744 bytes, new threshold 15 (max 15)
[PSYoungGen: 253191K->4455K(255488K)] 492876K->244212K(1041920K), 0.0113712 secs] [Times: user=0.02 sys=0.00, real=0.01 secs] 
3335.036: [GC (Allocation Failure) 
Desired survivor size 6815744 bytes, new threshold 15 (max 15)
[PSYoungGen: 253287K->4507K(255488K)] 493044K->244438K(1041920K), 0.0109828 secs] [Times: user=0.02 sys=0.00, real=0.01 secs] 
3353.285: [GC (Allocation Failure) 
Desired survivor size 6815744 bytes, new threshold 15 (max 15)
[PSYoungGen: 253339K->4322K(255488K)] 493270K->244427K(1041920K), 0.0108009 secs] [Times: user=0.02 sys=0.00, real=0.01 secs] 
3371.540: [GC (Allocation Failure) 
Desired survivor size 6291456 bytes, new threshold 15 (max 15)
[PSYoungGen: 253154K->4306K(256000K)] 493259K->244529K(1042432K), 0.0112709 secs] [Times: user=0.02 sys=0.00, real=0.01 secs] 
3389.794: [GC (Allocation Failure) 
Desired survivor size 6291456 bytes, new threshold 15 (max 15)
[PSYoungGen: 253650K->4268K(255488K)] 493873K->244618K(1041920K), 0.0107265 secs] [Times: user=0.02 sys=0.00, real=0.01 secs] 
3408.088: [GC (Allocation Failure) 
Desired survivor size 6291456 bytes, new threshold 15 (max 15)
[PSYoungGen: 253612K->4322K(256000K)] 493962K->244744K(1042432K), 0.0108173 secs] [Times: user=0.02 sys=0.00, real=0.01 secs] 
3426.418: [GC (Allocation Failure) 
Desired survivor size 6291456 bytes, new threshold 15 (max 15)
[PSYoungGen: 254178K->4258K(256000K)] 494600K->244753K(1042432K), 0.0118396 secs] [Times: user=0.02 sys=0.00, real=0.01 secs] 
3444.791: [GC (Allocation Failure) 
Desired survivor size 6291456 bytes, new threshold 15 (max 15)
[PSYoungGen: 254114K->4305K(256000K)] 494609K->244872K(1042432K), 0.0111087 secs] [Times: user=0.01 sys=0.00, real=0.01 secs] 
3463.091: [GC (Allocation Failure) 
Desired survivor size 6291456 bytes, new threshold 15 (max 15)
[PSYoungGen: 254161K->4313K(256000K)] 494728K->244960K(1042432K), 0.0108728 secs] [Times: user=0.01 sys=0.01, real=0.01 secs] 
3481.461: [GC (Allocation Failure) 
Desired survivor size 5767168 bytes, new threshold 15 (max 15)
[PSYoungGen: 254169K->4322K(256512K)] 494816K->245040K(1042944K), 0.0110222 secs] [Times: user=0.01 sys=0.00, real=0.01 secs] 
3499.911: [GC (Allocation Failure) 
Desired survivor size 5767168 bytes, new threshold 15 (max 15)
[PSYoungGen: 254690K->4338K(256000K)] 495408K->245136K(1042432K), 0.0122669 secs] [Times: user=0.02 sys=0.00, real=0.01 secs] 
3518.158: [GC (Allocation Failure) 
Desired survivor size 5767168 bytes, new threshold 15 (max 15)
[PSYoungGen: 254706K->4431K(256512K)] 495504K->245302K(1042944K), 0.0132614 secs] [Times: user=0.02 sys=0.00, real=0.02 secs] 
3536.586: [GC (Allocation Failure) 
Desired survivor size 5767168 bytes, new threshold 15 (max 15)
[PSYoungGen: 255311K->4433K(256512K)] 496182K->245375K(1042944K), 0.0104099 secs] [Times: user=0.02 sys=0.00, real=0.01 secs] 
3554.970: [GC (Allocation Failure) 
Desired survivor size 5767168 bytes, new threshold 15 (max 15)
[PSYoungGen: 255313K->4422K(256512K)] 496255K->245436K(1042944K), 0.0113391 secs] [Times: user=0.01 sys=0.00, real=0.01 secs] 
3573.412: [GC (Allocation Failure) 
Desired survivor size 5767168 bytes, new threshold 15 (max 15)
[PSYoungGen: 255302K->4428K(256512K)] 496316K->245522K(1042944K), 0.0117991 secs] [Times: user=0.02 sys=0.00, real=0.01 secs] 
3591.785: [GC (Allocation Failure) 
Desired survivor size 5767168 bytes, new threshold 15 (max 15)
[PSYoungGen: 255308K->4449K(256512K)] 496402K->245700K(1042944K), 0.0107823 secs] [Times: user=0.02 sys=0.00, real=0.01 secs] 
3610.167: [GC (Allocation Failure) 
Desired survivor size 5242880 bytes, new threshold 15 (max 15)
[PSYoungGen: 255329K->4419K(256512K)] 496580K->245758K(1042944K), 0.0132677 secs] [Times: user=0.03 sys=0.00, real=0.01 secs] 
3628.207: [GC (Allocation Failure) 
Desired survivor size 5242880 bytes, new threshold 15 (max 15)
[PSYoungGen: 255299K->4551K(257024K)] 496638K->246009K(1043456K), 0.0119398 secs] [Times: user=0.02 sys=0.00, real=0.01 secs] 
3630.077: [GC (System.gc()) 
Desired survivor size 5242880 bytes, new threshold 15 (max 15)
[PSYoungGen: 32426K->3911K(257024K)] 273884K->245449K(1043456K), 0.0103364 secs] [Times: user=0.01 sys=0.00, real=0.01 secs] 
3630.087: [Full GC (System.gc()) [PSYoungGen: 3911K->0K(257024K)] [ParOldGen: 241537K->102409K(786432K)] 245449K->102409K(1043456K), [Metaspace: 91942K->91158K(1132544K)], 0.4688081 secs] [Times: user=0.73 sys=0.00, real=0.47 secs] 
3648.144: [GC (Allocation Failure) 
Desired survivor size 5242880 bytes, new threshold 15 (max 15)
[PSYoungGen: 251904K->3799K(257024K)] 354313K->106208K(1043456K), 0.0106204 secs] [Times: user=0.02 sys=0.00, real=0.01 secs] 
3666.663: [GC (Allocation Failure) 
Desired survivor size 5242880 bytes, new threshold 15 (max 15)
[PSYoungGen: 255703K->3929K(257024K)] 358112K->106338K(1043456K), 0.0125719 secs] [Times: user=0.02 sys=0.00, real=0.01 secs] 
3685.167: [GC (Allocation Failure) 
Desired survivor size 5242880 bytes, new threshold 15 (max 15)
[PSYoungGen: 255833K->3961K(257024K)] 358242K->106370K(1043456K), 0.0091604 secs] [Times: user=0.02 sys=0.00, real=0.01 secs] 
3703.590: [GC (Allocation Failure) 
Desired survivor size 5242880 bytes, new threshold 15 (max 15)
[PSYoungGen: 255865K->4064K(257024K)] 358274K->106473K(1043456K), 0.0115333 secs] [Times: user=0.02 sys=0.00, real=0.01 secs] 
3722.046: [GC (Allocation Failure) 
Desired survivor size 5242880 bytes, new threshold 15 (max 15)
[PSYoungGen: 255968K->4089K(257024K)] 358377K->106499K(1043456K), 0.0089109 secs] [Times: user=0.01 sys=0.00, real=0.01 secs] 
3740.586: [GC (Allocation Failure) 
Desired survivor size 5242880 bytes, new threshold 15 (max 15)
[PSYoungGen: 255993K->4154K(257024K)] 358403K->106563K(1043456K), 0.0092302 secs] [Times: user=0.02 sys=0.00, real=0.01 secs] 
3758.961: [GC (Allocation Failure) 
Desired survivor size 5242880 bytes, new threshold 15 (max 15)
[PSYoungGen: 256058K->4239K(257024K)] 358467K->106649K(1043456K), 0.0103132 secs] [Times: user=0.02 sys=0.00, real=0.01 secs] 
3777.464: [GC (Allocation Failure) 
Desired survivor size 5242880 bytes, new threshold 15 (max 15)
[PSYoungGen: 256143K->4408K(257024K)] 358553K->106817K(1043456K), 0.0097987 secs] [Times: user=0.02 sys=0.00, real=0.01 secs] 
3796.044: [GC (Allocation Failure) 
Desired survivor size 5242880 bytes, new threshold 15 (max 15)
[PSYoungGen: 256312K->4406K(257024K)] 358721K->106816K(1043456K), 0.0100235 secs] [Times: user=0.02 sys=0.00, real=0.01 secs] 
3814.537: [GC (Allocation Failure) 
Desired survivor size 5242880 bytes, new threshold 15 (max 15)
[PSYoungGen: 256310K->4439K(257024K)] 358720K->106856K(1043456K), 0.0116386 secs] [Times: user=0.02 sys=0.00, real=0.01 secs] 
3832.965: [GC (Allocation Failure) 
Desired survivor size 5242880 bytes, new threshold 15 (max 15)
[PSYoungGen: 256343K->4509K(257024K)] 358760K->106934K(1043456K), 0.0099487 secs] [Times: user=0.01 sys=0.00, real=0.01 secs] 
3851.468: [GC (Allocation Failure) 
Desired survivor size 5242880 bytes, new threshold 15 (max 15)
[PSYoungGen: 256413K->4566K(257024K)] 358838K->106991K(1043456K), 0.0096883 secs] [Times: user=0.02 sys=0.00, real=0.01 secs] 
3869.918: [GC (Allocation Failure) 
Desired survivor size 5242880 bytes, new threshold 15 (max 15)
[PSYoungGen: 256470K->4637K(257024K)] 358895K->107062K(1043456K), 0.0121561 secs] [Times: user=0.02 sys=0.00, real=0.01 secs] 
3888.443: [GC (Allocation Failure) 
Desired survivor size 5242880 bytes, new threshold 15 (max 15)
[PSYoungGen: 256541K->4623K(257024K)] 358966K->107048K(1043456K), 0.0091631 secs] [Times: user=0.01 sys=0.00, real=0.01 secs] 
3906.865: [GC (Allocation Failure) 
Desired survivor size 5242880 bytes, new threshold 15 (max 15)
[PSYoungGen: 256527K->4692K(257024K)] 358952K->107117K(1043456K), 0.0097546 secs] [Times: user=0.01 sys=0.00, real=0.01 secs] 
3925.336: [GC (Allocation Failure) 
Desired survivor size 5242880 bytes, new threshold 15 (max 15)
[PSYoungGen: 256596K->4312K(257024K)] 359021K->107493K(1043456K), 0.0102608 secs] [Times: user=0.02 sys=0.00, real=0.01 secs] 
3943.838: [GC (Allocation Failure) 
Desired survivor size 5242880 bytes, new threshold 15 (max 15)
[PSYoungGen: 256216K->4184K(257024K)] 359397K->107421K(1043456K), 0.0093851 secs] [Times: user=0.02 sys=0.00, real=0.01 secs] 
3962.327: [GC (Allocation Failure) 
Desired survivor size 5242880 bytes, new threshold 15 (max 15)
[PSYoungGen: 256088K->4206K(257024K)] 359325K->107490K(1043456K), 0.0095151 secs] [Times: user=0.02 sys=0.00, real=0.01 secs] 
3980.794: [GC (Allocation Failure) 
Desired survivor size 5242880 bytes, new threshold 15 (max 15)
[PSYoungGen: 256110K->4140K(257024K)] 359394K->107527K(1043456K), 0.0091469 secs] [Times: user=0.01 sys=0.00, real=0.01 secs] 
3999.335: [GC (Allocation Failure) 
Desired survivor size 5242880 bytes, new threshold 15 (max 15)
[PSYoungGen: 256044K->4269K(257024K)] 359431K->107712K(1043456K), 0.0104117 secs] [Times: user=0.01 sys=0.00, real=0.01 secs] 
4017.718: [GC (Allocation Failure) 
Desired survivor size 5242880 bytes, new threshold 15 (max 15)
[PSYoungGen: 256173K->4226K(257024K)] 359616K->107717K(1043456K), 0.0097644 secs] [Times: user=0.01 sys=0.00, real=0.01 secs] 
4036.294: [GC (Allocation Failure) 
Desired survivor size 5242880 bytes, new threshold 15 (max 15)
[PSYoungGen: 256130K->4289K(257024K)] 359621K->107836K(1043456K), 0.0091113 secs] [Times: user=0.02 sys=0.00, real=0.01 secs] 
4054.693: [GC (Allocation Failure) 
Desired survivor size 5242880 bytes, new threshold 15 (max 15)
[PSYoungGen: 256193K->4386K(257024K)] 359740K->108036K(1043456K), 0.0108154 secs] [Times: user=0.02 sys=0.00, real=0.01 secs] 
4073.167: [GC (Allocation Failure) 
Desired survivor size 5242880 bytes, new threshold 15 (max 15)
[PSYoungGen: 256290K->4322K(257024K)] 359940K->108028K(1043456K), 0.0089488 secs] [Times: user=0.01 sys=0.00, real=0.01 secs] 
4091.666: [GC (Allocation Failure) 
Desired survivor size 5242880 bytes, new threshold 15 (max 15)
[PSYoungGen: 256226K->4327K(257024K)] 359932K->108089K(1043456K), 0.0107237 secs] [Times: user=0.01 sys=0.00, real=0.01 secs] 
4110.127: [GC (Allocation Failure) 
Desired survivor size 5242880 bytes, new threshold 15 (max 15)
[PSYoungGen: 256231K->4315K(257024K)] 359993K->108180K(1043456K), 0.0092013 secs] [Times: user=0.02 sys=0.00, real=0.01 secs] 
4128.591: [GC (Allocation Failure) 
Desired survivor size 5242880 bytes, new threshold 15 (max 15)
[PSYoungGen: 256219K->4370K(257024K)] 360084K->108291K(1043456K), 0.0091574 secs] [Times: user=0.02 sys=0.00, real=0.01 secs] 
4147.093: [GC (Allocation Failure) 
Desired survivor size 5242880 bytes, new threshold 15 (max 15)
[PSYoungGen: 256274K->4363K(257024K)] 360195K->108386K(1043456K), 0.0103279 secs] [Times: user=0.02 sys=0.00, real=0.01 secs] 
4165.707: [GC (Allocation Failure) 
Desired survivor size 5242880 bytes, new threshold 15 (max 15)
[PSYoungGen: 256267K->4413K(257024K)] 360290K->108492K(1043456K), 0.0165561 secs] [Times: user=0.02 sys=0.00, real=0.01 secs] 
4184.166: [GC (Allocation Failure) 
Desired survivor size 4718592 bytes, new threshold 15 (max 15)
[PSYoungGen: 256317K->4341K(257024K)] 360396K->108523K(1043456K), 0.0095473 secs] [Times: user=0.02 sys=0.00, real=0.01 secs] 
4202.665: [GC (Allocation Failure) 
Desired survivor size 4718592 bytes, new threshold 15 (max 15)
[PSYoungGen: 256245K->4414K(257536K)] 360427K->108676K(1043968K), 0.0092582 secs] [Times: user=0.01 sys=0.00, real=0.01 secs] 
4221.162: [GC (Allocation Failure) 
Desired survivor size 5242880 bytes, new threshold 14 (max 15)
[PSYoungGen: 257342K->4596K(257536K)] 361604K->109026K(1043968K), 0.0104152 secs] [Times: user=0.02 sys=0.00, real=0.01 secs] 
4239.498: [GC (Allocation Failure) 
Desired survivor size 5242880 bytes, new threshold 15 (max 15)
[PSYoungGen: 257524K->4527K(256512K)] 361954K->109195K(1042944K), 0.0102767 secs] [Times: user=0.02 sys=0.00, real=0.01 secs] 
4257.913: [GC (Allocation Failure) 
Desired survivor size 5242880 bytes, new threshold 15 (max 15)
[PSYoungGen: 256431K->4532K(257024K)] 361099K->109200K(1043456K), 0.0111437 secs] [Times: user=0.02 sys=0.00, real=0.01 secs] 
4276.300: [GC (Allocation Failure) 
Desired survivor size 5242880 bytes, new threshold 15 (max 15)
[PSYoungGen: 256436K->4624K(257024K)] 361104K->109364K(1043456K), 0.0110374 secs] [Times: user=0.02 sys=0.00, real=0.01 secs] 
4294.725: [GC (Allocation Failure) 
Desired survivor size 5242880 bytes, new threshold 15 (max 15)
[PSYoungGen: 256528K->4656K(257024K)] 361268K->109523K(1043456K), 0.0108237 secs] [Times: user=0.02 sys=0.00, real=0.01 secs] 
4313.082: [GC (Allocation Failure) 
Desired survivor size 5242880 bytes, new threshold 15 (max 15)
[PSYoungGen: 256560K->4631K(257024K)] 361427K->109625K(1043456K), 0.0093826 secs] [Times: user=0.01 sys=0.00, real=0.01 secs] 
4331.462: [GC (Allocation Failure) 
Desired survivor size 5242880 bytes, new threshold 15 (max 15)
[PSYoungGen: 256535K->4673K(257024K)] 361529K->109840K(1043456K), 0.0099824 secs] [Times: user=0.02 sys=0.00, real=0.01 secs] 
4349.921: [GC (Allocation Failure) 
Desired survivor size 5242880 bytes, new threshold 15 (max 15)
[PSYoungGen: 256577K->4538K(257024K)] 361744K->109777K(1043456K), 0.0097204 secs] [Times: user=0.02 sys=0.00, real=0.01 secs] 
4368.339: [GC (Allocation Failure) 
Desired survivor size 5242880 bytes, new threshold 15 (max 15)
[PSYoungGen: 256442K->4631K(257024K)] 361681K->109942K(1043456K), 0.0094771 secs] [Times: user=0.02 sys=0.00, real=0.01 secs] 
4386.839: [GC (Allocation Failure) 
Desired survivor size 5242880 bytes, new threshold 15 (max 15)
[PSYoungGen: 256535K->4625K(257024K)] 361846K->110008K(1043456K), 0.0149162 secs] [Times: user=0.02 sys=0.00, real=0.02 secs] 
4405.413: [GC (Allocation Failure) 
Desired survivor size 5242880 bytes, new threshold 15 (max 15)
[PSYoungGen: 256529K->4731K(257024K)] 361912K->110186K(1043456K), 0.0108076 secs] [Times: user=0.02 sys=0.00, real=0.02 secs] 
4423.840: [GC (Allocation Failure) 
Desired survivor size 5242880 bytes, new threshold 15 (max 15)
[PSYoungGen: 256635K->4668K(257024K)] 362090K->110195K(1043456K), 0.0093583 secs] [Times: user=0.02 sys=0.00, real=0.01 secs] 
4442.338: [GC (Allocation Failure) 
Desired survivor size 5242880 bytes, new threshold 15 (max 15)
[PSYoungGen: 256572K->4662K(257024K)] 362099K->110261K(1043456K), 0.0099903 secs] [Times: user=0.02 sys=0.00, real=0.01 secs] 
4460.840: [GC (Allocation Failure) 
Desired survivor size 5242880 bytes, new threshold 15 (max 15)
[PSYoungGen: 256566K->4645K(257024K)] 362165K->110316K(1043456K), 0.0103939 secs] [Times: user=0.02 sys=0.00, real=0.01 secs] 
4479.408: [GC (Allocation Failure) 
Desired survivor size 5242880 bytes, new threshold 15 (max 15)
[PSYoungGen: 256549K->4567K(257024K)] 362220K->110365K(1043456K), 0.0105516 secs] [Times: user=0.01 sys=0.00, real=0.01 secs] 
4497.838: [GC (Allocation Failure) 
Desired survivor size 5242880 bytes, new threshold 15 (max 15)
[PSYoungGen: 256471K->4449K(257024K)] 362269K->110381K(1043456K), 0.0092926 secs] [Times: user=0.01 sys=0.00, real=0.00 secs] 
4516.345: [GC (Allocation Failure) 
Desired survivor size 5242880 bytes, new threshold 15 (max 15)
[PSYoungGen: 256353K->4496K(257024K)] 362285K->110541K(1043456K), 0.0102857 secs] [Times: user=0.02 sys=0.00, real=0.01 secs] 
4534.715: [GC (Allocation Failure) 
Desired survivor size 5242880 bytes, new threshold 15 (max 15)
[PSYoungGen: 256400K->4552K(257024K)] 362445K->110677K(1043456K), 0.0097800 secs] [Times: user=0.01 sys=0.00, real=0.01 secs] 
4553.167: [GC (Allocation Failure) 
Desired survivor size 5242880 bytes, new threshold 15 (max 15)
[PSYoungGen: 256456K->4450K(257024K)] 362581K->110740K(1043456K), 0.0099405 secs] [Times: user=0.02 sys=0.00, real=0.01 secs] 
4571.710: [GC (Allocation Failure) 
Desired survivor size 5242880 bytes, new threshold 15 (max 15)
[PSYoungGen: 256354K->4417K(257024K)] 362644K->110787K(1043456K), 0.0095928 secs] [Times: user=0.01 sys=0.00, real=0.01 secs] 
4590.127: [GC (Allocation Failure) 
Desired survivor size 5242880 bytes, new threshold 15 (max 15)
[PSYoungGen: 256321K->4417K(257024K)] 362691K->110914K(1043456K), 0.0103588 secs] [Times: user=0.01 sys=0.00, real=0.01 secs] 
4608.671: [GC (Allocation Failure) 
Desired survivor size 5242880 bytes, new threshold 15 (max 15)
[PSYoungGen: 256321K->4362K(257024K)] 362818K->110986K(1043456K), 0.0095193 secs] [Times: user=0.02 sys=0.00, real=0.01 secs] 
4627.127: [GC (Allocation Failure) 
Desired survivor size 5242880 bytes, new threshold 15 (max 15)
[PSYoungGen: 256266K->4353K(257024K)] 362890K->111057K(1043456K), 0.0112542 secs] [Times: user=0.02 sys=0.00, real=0.01 secs] 
4645.594: [GC (Allocation Failure) 
Desired survivor size 5242880 bytes, new threshold 15 (max 15)
[PSYoungGen: 256257K->4211K(257024K)] 362961K->111089K(1043456K), 0.0136202 secs] [Times: user=0.02 sys=0.00, real=0.01 secs] 
4664.166: [GC (Allocation Failure) 
Desired survivor size 5242880 bytes, new threshold 15 (max 15)
[PSYoungGen: 256115K->4187K(257024K)] 362993K->111194K(1043456K), 0.0122579 secs] [Times: user=0.02 sys=0.00, real=0.01 secs] 
4682.469: [GC (Allocation Failure) 
Desired survivor size 5242880 bytes, new threshold 15 (max 15)
[PSYoungGen: 256091K->4225K(257024K)] 363098K->111312K(1043456K), 0.0096744 secs] [Times: user=0.01 sys=0.00, real=0.01 secs] 
4700.966: [GC (Allocation Failure) 
Desired survivor size 5242880 bytes, new threshold 15 (max 15)
[PSYoungGen: 256129K->4161K(257024K)] 363216K->111328K(1043456K), 0.0105589 secs] [Times: user=0.01 sys=0.00, real=0.01 secs] 
4719.468: [GC (Allocation Failure) 
Desired survivor size 5242880 bytes, new threshold 15 (max 15)
[PSYoungGen: 256065K->4210K(257024K)] 363232K->111449K(1043456K), 0.0100326 secs] [Times: user=0.02 sys=0.00, real=0.01 secs] 
4738.035: [GC (Allocation Failure) 
Desired survivor size 5242880 bytes, new threshold 15 (max 15)
[PSYoungGen: 256114K->4274K(257024K)] 363353K->111585K(1043456K), 0.0097552 secs] [Times: user=0.01 sys=0.00, real=0.01 secs] 
4756.589: [GC (Allocation Failure) 
Desired survivor size 5242880 bytes, new threshold 15 (max 15)
[PSYoungGen: 256178K->4306K(257024K)] 363489K->111689K(1043456K), 0.0104007 secs] [Times: user=0.02 sys=0.00, real=0.01 secs] 
4775.083: [GC (Allocation Failure) 
Desired survivor size 5242880 bytes, new threshold 15 (max 15)
[PSYoungGen: 256210K->4252K(257024K)] 363593K->111714K(1043456K), 0.0097595 secs] [Times: user=0.01 sys=0.00, real=0.01 secs] 
4793.534: [GC (Allocation Failure) 
Desired survivor size 5242880 bytes, new threshold 15 (max 15)
[PSYoungGen: 256156K->4312K(257024K)] 363618K->111847K(1043456K), 0.0112308 secs] [Times: user=0.02 sys=0.00, real=0.01 secs] 
4812.085: [GC (Allocation Failure) 
Desired survivor size 5242880 bytes, new threshold 15 (max 15)
[PSYoungGen: 256216K->4291K(257024K)] 363751K->111961K(1043456K), 0.0092755 secs] [Times: user=0.01 sys=0.00, real=0.00 secs] 
4830.285: [GC (Allocation Failure) 
Desired survivor size 5242880 bytes, new threshold 15 (max 15)
[PSYoungGen: 256195K->4435K(257024K)] 363865K->112177K(1043456K), 0.0113856 secs] [Times: user=0.02 sys=0.00, real=0.01 secs] 
4848.827: [GC (Allocation Failure) 
Desired survivor size 5242880 bytes, new threshold 15 (max 15)
[PSYoungGen: 256339K->4405K(257024K)] 364081K->112218K(1043456K), 0.0129990 secs] [Times: user=0.02 sys=0.00, real=0.01 secs] 
4867.327: [GC (Allocation Failure) 
Desired survivor size 5242880 bytes, new threshold 15 (max 15)
[PSYoungGen: 256309K->4269K(257024K)] 364122K->112209K(1043456K), 0.0111800 secs] [Times: user=0.02 sys=0.00, real=0.01 secs] 
4885.827: [GC (Allocation Failure) 
Desired survivor size 5242880 bytes, new threshold 15 (max 15)
[PSYoungGen: 256173K->4300K(257024K)] 364113K->112312K(1043456K), 0.0105311 secs] [Times: user=0.01 sys=0.00, real=0.01 secs] 
4904.287: [GC (Allocation Failure) 
Desired survivor size 4718592 bytes, new threshold 15 (max 15)
[PSYoungGen: 256204K->4350K(257536K)] 364216K->112481K(1043968K), 0.0094841 secs] [Times: user=0.02 sys=0.00, real=0.01 secs] 
4922.835: [GC (Allocation Failure) 
Desired survivor size 4718592 bytes, new threshold 15 (max 15)
[PSYoungGen: 256766K->4343K(257024K)] 364897K->112555K(1043456K), 0.0094474 secs] [Times: user=0.02 sys=0.00, real=0.01 secs] 
4941.216: [GC (Allocation Failure) 
Desired survivor size 4718592 bytes, new threshold 15 (max 15)
[PSYoungGen: 256759K->4281K(257536K)] 364971K->112564K(1043968K), 0.0094099 secs] [Times: user=0.01 sys=0.00, real=0.01 secs] 
4959.717: [GC (Allocation Failure) 
Desired survivor size 4718592 bytes, new threshold 15 (max 15)
[PSYoungGen: 257209K->4217K(257536K)] 365492K->112651K(1043968K), 0.0108356 secs] [Times: user=0.01 sys=0.00, real=0.02 secs] 
4978.267: [GC (Allocation Failure) 
Desired survivor size 4718592 bytes, new threshold 15 (max 15)
[PSYoungGen: 257145K->4345K(257536K)] 365579K->112859K(1043968K), 0.0098836 secs] [Times: user=0.02 sys=0.00, real=0.01 secs] 
4996.912: [GC (Allocation Failure) 
Desired survivor size 4718592 bytes, new threshold 15 (max 15)
[PSYoungGen: 257273K->4378K(257536K)] 365787K->112964K(1043968K), 0.0101509 secs] [Times: user=0.02 sys=0.00, real=0.01 secs] 
5015.461: [GC (Allocation Failure) 
Desired survivor size 4718592 bytes, new threshold 15 (max 15)
[PSYoungGen: 257306K->4345K(257536K)] 365892K->113003K(1043968K), 0.0117884 secs] [Times: user=0.02 sys=0.01, real=0.01 secs] 
5034.041: [GC (Allocation Failure) 
Desired survivor size 4718592 bytes, new threshold 15 (max 15)
[PSYoungGen: 257273K->4410K(257536K)] 365931K->113140K(1043968K), 0.0111941 secs] [Times: user=0.02 sys=0.00, real=0.01 secs] 
5052.592: [GC (Allocation Failure) 
Desired survivor size 4718592 bytes, new threshold 15 (max 15)
[PSYoungGen: 257334K->4448K(257536K)] 366064K->113258K(1043968K), 0.0115109 secs] [Times: user=0.02 sys=0.00, real=0.01 secs] 
5071.090: [GC (Allocation Failure) 
Desired survivor size 4718592 bytes, new threshold 15 (max 15)
[PSYoungGen: 257376K->4422K(257536K)] 366186K->113351K(1043968K), 0.0117513 secs] [Times: user=0.02 sys=0.00, real=0.01 secs] 
5089.660: [GC (Allocation Failure) 
Desired survivor size 5242880 bytes, new threshold 15 (max 15)
[PSYoungGen: 257350K->4546K(256512K)] 366279K->113547K(1042944K), 0.0093852 secs] [Times: user=0.02 sys=0.00, real=0.01 secs] 
5108.155: [GC (Allocation Failure) 
Desired survivor size 5242880 bytes, new threshold 15 (max 15)
[PSYoungGen: 256450K->4466K(257024K)] 365451K->113579K(1043456K), 0.0091577 secs] [Times: user=0.01 sys=0.00, real=0.01 secs] 
5126.594: [GC (Allocation Failure) 
Desired survivor size 5242880 bytes, new threshold 15 (max 15)
[PSYoungGen: 256370K->4693K(257024K)] 365483K->113878K(1043456K), 0.0101361 secs] [Times: user=0.02 sys=0.00, real=0.01 secs] 
5145.091: [GC (Allocation Failure) 
Desired survivor size 5242880 bytes, new threshold 15 (max 15)
[PSYoungGen: 256597K->4580K(257024K)] 365782K->113837K(1043456K), 0.0094616 secs] [Times: user=0.01 sys=0.00, real=0.01 secs] 
5163.589: [GC (Allocation Failure) 
Desired survivor size 5242880 bytes, new threshold 15 (max 15)
[PSYoungGen: 256484K->4563K(257024K)] 365741K->113892K(1043456K), 0.0109832 secs] [Times: user=0.02 sys=0.00, real=0.01 secs] 
5182.086: [GC (Allocation Failure) 
Desired survivor size 5242880 bytes, new threshold 15 (max 15)
[PSYoungGen: 256467K->4467K(257024K)] 365796K->113933K(1043456K), 0.0098678 secs] [Times: user=0.02 sys=0.00, real=0.01 secs] 
5200.666: [GC (Allocation Failure) 
Desired survivor size 5242880 bytes, new threshold 15 (max 15)
[PSYoungGen: 256371K->4494K(257024K)] 365837K->114032K(1043456K), 0.0112208 secs] [Times: user=0.02 sys=0.00, real=0.01 secs] 
5219.089: [GC (Allocation Failure) 
Desired survivor size 5242880 bytes, new threshold 15 (max 15)
[PSYoungGen: 256398K->4281K(257024K)] 365936K->114056K(1043456K), 0.0102345 secs] [Times: user=0.01 sys=0.00, real=0.01 secs] 
5237.660: [GC (Allocation Failure) 
Desired survivor size 5242880 bytes, new threshold 15 (max 15)
[PSYoungGen: 256185K->4298K(257024K)] 365960K->114144K(1043456K), 0.0094632 secs] [Times: user=0.01 sys=0.00, real=0.00 secs] 
5256.167: [GC (Allocation Failure) 
Desired survivor size 5242880 bytes, new threshold 15 (max 15)
[PSYoungGen: 256202K->4297K(257024K)] 366048K->114223K(1043456K), 0.0106596 secs] [Times: user=0.01 sys=0.00, real=0.01 secs] 
5274.714: [GC (Allocation Failure) 
Desired survivor size 5242880 bytes, new threshold 15 (max 15)
[PSYoungGen: 256201K->4346K(257024K)] 366127K->114344K(1043456K), 0.0096235 secs] [Times: user=0.02 sys=0.00, real=0.01 secs] 
5293.091: [GC (Allocation Failure) 
Desired survivor size 5242880 bytes, new threshold 15 (max 15)
[PSYoungGen: 256250K->4278K(257024K)] 366248K->114357K(1043456K), 0.0099877 secs] [Times: user=0.02 sys=0.00, real=0.01 secs] 
5311.463: [GC (Allocation Failure) 
Desired survivor size 5242880 bytes, new threshold 15 (max 15)
[PSYoungGen: 256182K->4425K(257024K)] 366261K->114575K(1043456K), 0.0110379 secs] [Times: user=0.01 sys=0.00, real=0.01 secs] 
5329.961: [GC (Allocation Failure) 
Desired survivor size 5242880 bytes, new threshold 15 (max 15)
[PSYoungGen: 256329K->4375K(257024K)] 366479K->114644K(1043456K), 0.0109419 secs] [Times: user=0.02 sys=0.00, real=0.01 secs] 
5348.424: [GC (Allocation Failure) 
Desired survivor size 5242880 bytes, new threshold 15 (max 15)
[PSYoungGen: 256279K->4347K(257024K)] 366548K->114790K(1043456K), 0.0107730 secs] [Times: user=0.02 sys=0.00, real=0.01 secs] 
5366.962: [GC (Allocation Failure) 
Desired survivor size 5242880 bytes, new threshold 15 (max 15)
[PSYoungGen: 256251K->4309K(257024K)] 366694K->114871K(1043456K), 0.0093331 secs] [Times: user=0.02 sys=0.00, real=0.01 secs] 
5385.542: [GC (Allocation Failure) 
Desired survivor size 4718592 bytes, new threshold 15 (max 15)
[PSYoungGen: 256213K->4341K(257536K)] 366775K->114982K(1043968K), 0.0110458 secs] [Times: user=0.02 sys=0.00, real=0.02 secs] 
5403.963: [GC (Allocation Failure) 
Desired survivor size 4718592 bytes, new threshold 15 (max 15)
[PSYoungGen: 256757K->4386K(257024K)] 367398K->115116K(1043456K), 0.0093507 secs] [Times: user=0.01 sys=0.00, real=0.01 secs] 
5422.416: [GC (Allocation Failure) 
Desired survivor size 5242880 bytes, new threshold 15 (max 15)
[PSYoungGen: 256802K->4607K(256512K)] 367532K->115408K(1042944K), 0.0094362 secs] [Times: user=0.02 sys=0.00, real=0.01 secs] 
5440.587: [GC (Allocation Failure) 
Desired survivor size 5242880 bytes, new threshold 15 (max 15)
[PSYoungGen: 256511K->4500K(257024K)] 367312K->115421K(1043456K), 0.0095628 secs] [Times: user=0.01 sys=0.00, real=0.01 secs] 
5459.019: [GC (Allocation Failure) 
Desired survivor size 5242880 bytes, new threshold 15 (max 15)
[PSYoungGen: 256404K->4595K(257024K)] 367325K->115588K(1043456K), 0.0095050 secs] [Times: user=0.02 sys=0.00, real=0.01 secs] 
5477.466: [GC (Allocation Failure) 
Desired survivor size 5242880 bytes, new threshold 15 (max 15)
[PSYoungGen: 256499K->4466K(257024K)] 367492K->115531K(1043456K), 0.0099452 secs] [Times: user=0.02 sys=0.00, real=0.01 secs] 
5496.026: [GC (Allocation Failure) 
Desired survivor size 5242880 bytes, new threshold 15 (max 15)
[PSYoungGen: 256370K->4509K(257024K)] 367435K->115646K(1043456K), 0.0141123 secs] [Times: user=0.02 sys=0.00, real=0.02 secs] 
5514.540: [GC (Allocation Failure) 
Desired survivor size 5242880 bytes, new threshold 15 (max 15)
[PSYoungGen: 256413K->4476K(257024K)] 367550K->115684K(1043456K), 0.0101148 secs] [Times: user=0.01 sys=0.00, real=0.01 secs] 
5533.042: [GC (Allocation Failure) 
Desired survivor size 5242880 bytes, new threshold 15 (max 15)
[PSYoungGen: 256380K->4428K(257024K)] 367588K->115709K(1043456K), 0.0108279 secs] [Times: user=0.02 sys=0.00, real=0.01 secs] 
5551.583: [GC (Allocation Failure) 
Desired survivor size 5242880 bytes, new threshold 15 (max 15)
[PSYoungGen: 256332K->4454K(257024K)] 367613K->115814K(1043456K), 0.0096424 secs] [Times: user=0.02 sys=0.00, real=0.01 secs] 
5570.090: [GC (Allocation Failure) 
Desired survivor size 5242880 bytes, new threshold 15 (max 15)
[PSYoungGen: 256358K->4439K(257024K)] 367718K->115871K(1043456K), 0.0107962 secs] [Times: user=0.02 sys=0.00, real=0.02 secs] 
5588.592: [GC (Allocation Failure) 
Desired survivor size 5242880 bytes, new threshold 15 (max 15)
[PSYoungGen: 256343K->4322K(257024K)] 367775K->115936K(1043456K), 0.0095975 secs] [Times: user=0.02 sys=0.00, real=0.01 secs] 
5607.088: [GC (Allocation Failure) 
Desired survivor size 5242880 bytes, new threshold 15 (max 15)
[PSYoungGen: 256226K->4281K(257024K)] 367840K->115967K(1043456K), 0.0109808 secs] [Times: user=0.02 sys=0.00, real=0.01 secs] 
5625.586: [GC (Allocation Failure) 
Desired survivor size 5242880 bytes, new threshold 15 (max 15)
[PSYoungGen: 256185K->4422K(257024K)] 367871K->116180K(1043456K), 0.0125566 secs] [Times: user=0.03 sys=0.00, real=0.01 secs] 
5644.044: [GC (Allocation Failure) 
Desired survivor size 4718592 bytes, new threshold 15 (max 15)
[PSYoungGen: 256326K->4373K(257536K)] 368084K->116258K(1043968K), 0.0103372 secs] [Times: user=0.01 sys=0.00, real=0.01 secs] 
5662.587: [GC (Allocation Failure) 
Desired survivor size 4718592 bytes, new threshold 15 (max 15)
[PSYoungGen: 256789K->4427K(257024K)] 368674K->116384K(1043456K), 0.0106406 secs] [Times: user=0.02 sys=0.00, real=0.01 secs] 
5681.160: [GC (Allocation Failure) 
Desired survivor size 4718592 bytes, new threshold 15 (max 15)
[PSYoungGen: 256843K->4378K(257536K)] 368800K->116415K(1043968K), 0.0107173 secs] [Times: user=0.01 sys=0.00, real=0.01 secs] 
5699.717: [GC (Allocation Failure) 
Desired survivor size 4718592 bytes, new threshold 15 (max 15)
[PSYoungGen: 257306K->4491K(257536K)] 369343K->116608K(1043968K), 0.0105804 secs] [Times: user=0.02 sys=0.00, real=0.01 secs] 
5718.212: [GC (Allocation Failure) 
Desired survivor size 5242880 bytes, new threshold 15 (max 15)
[PSYoungGen: 257419K->4530K(256512K)] 369536K->116860K(1042944K), 0.0120652 secs] [Times: user=0.02 sys=0.00, real=0.02 secs] 
5736.792: [GC (Allocation Failure) 
Desired survivor size 5242880 bytes, new threshold 15 (max 15)
[PSYoungGen: 256434K->4513K(257024K)] 368764K->116970K(1043456K), 0.0101829 secs] [Times: user=0.02 sys=0.00, real=0.01 secs] 
5755.293: [GC (Allocation Failure) 
Desired survivor size 5242880 bytes, new threshold 15 (max 15)
[PSYoungGen: 256417K->4448K(257024K)] 368874K->116985K(1043456K), 0.0093819 secs] [Times: user=0.01 sys=0.00, real=0.01 secs] 
5773.837: [GC (Allocation Failure) 
Desired survivor size 4718592 bytes, new threshold 15 (max 15)
[PSYoungGen: 256352K->4443K(257024K)] 368889K->117053K(1043456K), 0.0098903 secs] [Times: user=0.02 sys=0.00, real=0.01 secs] 
5792.291: [GC (Allocation Failure) 
Desired survivor size 4718592 bytes, new threshold 15 (max 15)
[PSYoungGen: 256347K->4458K(257536K)] 368957K->117140K(1043968K), 0.0106736 secs] [Times: user=0.02 sys=0.00, real=0.01 secs] 
5810.843: [GC (Allocation Failure) 
Desired survivor size 4718592 bytes, new threshold 15 (max 15)
[PSYoungGen: 257386K->4353K(257536K)] 370068K->117114K(1043968K), 0.0111232 secs] [Times: user=0.02 sys=0.00, real=0.01 secs] 
5829.465: [GC (Allocation Failure) 
Desired survivor size 4718592 bytes, new threshold 15 (max 15)
[PSYoungGen: 257281K->4383K(257536K)] 370042K->117264K(1043968K), 0.0097048 secs] [Times: user=0.02 sys=0.00, real=0.01 secs] 
5847.937: [GC (Allocation Failure) 
Desired survivor size 4718592 bytes, new threshold 15 (max 15)
[PSYoungGen: 257311K->4351K(257536K)] 370192K->117304K(1043968K), 0.0094958 secs] [Times: user=0.02 sys=0.00, real=0.01 secs] 
5866.464: [GC (Allocation Failure) 
Desired survivor size 4718592 bytes, new threshold 15 (max 15)
[PSYoungGen: 257279K->4452K(257536K)] 370232K->117476K(1043968K), 0.0104919 secs] [Times: user=0.02 sys=0.00, real=0.01 secs] 
5885.037: [GC (Allocation Failure) 
Desired survivor size 4718592 bytes, new threshold 15 (max 15)
[PSYoungGen: 257380K->4489K(257536K)] 370404K->117593K(1043968K), 0.0104812 secs] [Times: user=0.01 sys=0.00, real=0.01 secs] 
5903.626: [GC (Allocation Failure) 
Desired survivor size 4718592 bytes, new threshold 15 (max 15)
[PSYoungGen: 257417K->4427K(257536K)] 370521K->117705K(1043968K), 0.0096808 secs] [Times: user=0.02 sys=0.00, real=0.01 secs] 
5922.161: [GC (Allocation Failure) 
Desired survivor size 4718592 bytes, new threshold 15 (max 15)
[PSYoungGen: 257355K->4482K(257536K)] 370633K->117831K(1043968K), 0.0104916 secs] [Times: user=0.02 sys=0.00, real=0.01 secs] 
5940.785: [GC (Allocation Failure) 
Desired survivor size 4718592 bytes, new threshold 15 (max 15)
[PSYoungGen: 257410K->4524K(257536K)] 370759K->117993K(1043968K), 0.0115975 secs] [Times: user=0.02 sys=0.00, real=0.01 secs] 
5959.339: [GC (Allocation Failure) 
Desired survivor size 4718592 bytes, new threshold 15 (max 15)
[PSYoungGen: 257452K->4492K(257536K)] 370921K->118033K(1043968K), 0.0100107 secs] [Times: user=0.02 sys=0.00, real=0.01 secs] 
5977.960: [GC (Allocation Failure) 
Desired survivor size 4718592 bytes, new threshold 15 (max 15)
[PSYoungGen: 257420K->4509K(257536K)] 370961K->118122K(1043968K), 0.0112366 secs] [Times: user=0.02 sys=0.00, real=0.01 secs] 
5996.467: [GC (Allocation Failure) 
Desired survivor size 4718592 bytes, new threshold 15 (max 15)
[PSYoungGen: 257437K->4446K(257536K)] 371050K->118195K(1043968K), 0.0146845 secs] [Times: user=0.02 sys=0.00, real=0.01 secs] 
6015.084: [GC (Allocation Failure) 
Desired survivor size 4718592 bytes, new threshold 15 (max 15)
[PSYoungGen: 257374K->4493K(257536K)] 371123K->118362K(1043968K), 0.0112165 secs] [Times: user=0.02 sys=0.00, real=0.01 secs] 
6033.294: [GC (Allocation Failure) 
Desired survivor size 4718592 bytes, new threshold 15 (max 15)
[PSYoungGen: 257421K->4455K(257536K)] 371290K->118404K(1043968K), 0.0107413 secs] [Times: user=0.02 sys=0.00, real=0.01 secs] 
6051.920: [GC (Allocation Failure) 
Desired survivor size 4718592 bytes, new threshold 15 (max 15)
[PSYoungGen: 257383K->4454K(257536K)] 371332K->118483K(1043968K), 0.0110166 secs] [Times: user=0.02 sys=0.00, real=0.01 secs] 
6070.465: [GC (Allocation Failure) 
Desired survivor size 4718592 bytes, new threshold 15 (max 15)
[PSYoungGen: 257382K->4502K(257536K)] 371411K->118610K(1043968K), 0.0096774 secs] [Times: user=0.01 sys=0.00, real=0.01 secs] 
6089.032: [GC (Allocation Failure) 
Desired survivor size 4718592 bytes, new threshold 15 (max 15)
[PSYoungGen: 257430K->4495K(257536K)] 371538K->118731K(1043968K), 0.0109327 secs] [Times: user=0.02 sys=0.00, real=0.01 secs] 
6107.511: [GC (Allocation Failure) 
Desired survivor size 4718592 bytes, new threshold 15 (max 15)
[PSYoungGen: 257423K->4415K(257536K)] 371659K->118778K(1043968K), 0.0117106 secs] [Times: user=0.02 sys=0.00, real=0.02 secs] 
6126.167: [GC (Allocation Failure) 
Desired survivor size 4718592 bytes, new threshold 15 (max 15)
[PSYoungGen: 257343K->4345K(257536K)] 371706K->118826K(1043968K), 0.0109045 secs] [Times: user=0.02 sys=0.00, real=0.01 secs] 
6144.784: [GC (Allocation Failure) 
Desired survivor size 4718592 bytes, new threshold 15 (max 15)
[PSYoungGen: 257273K->4289K(257536K)] 371754K->118889K(1043968K), 0.0097715 secs] [Times: user=0.02 sys=0.00, real=0.01 secs] 
6163.291: [GC (Allocation Failure) 
Desired survivor size 4718592 bytes, new threshold 15 (max 15)
[PSYoungGen: 257217K->4296K(257536K)] 371817K->118976K(1043968K), 0.0106592 secs] [Times: user=0.02 sys=0.00, real=0.01 secs] 
6181.841: [GC (Allocation Failure) 
Desired survivor size 4718592 bytes, new threshold 15 (max 15)
[PSYoungGen: 257224K->4318K(257536K)] 371904K->119070K(1043968K), 0.0098039 secs] [Times: user=0.02 sys=0.00, real=0.01 secs] 
6200.465: [GC (Allocation Failure) 
Desired survivor size 4718592 bytes, new threshold 15 (max 15)
[PSYoungGen: 257246K->4290K(257536K)] 371998K->119169K(1043968K), 0.0102141 secs] [Times: user=0.01 sys=0.00, real=0.01 secs] 
6219.087: [GC (Allocation Failure) 
Desired survivor size 4718592 bytes, new threshold 15 (max 15)
[PSYoungGen: 257218K->4361K(257536K)] 372097K->119311K(1043968K), 0.0104137 secs] [Times: user=0.02 sys=0.00, real=0.01 secs] 
6237.588: [GC (Allocation Failure) 
Desired survivor size 4718592 bytes, new threshold 15 (max 15)
[PSYoungGen: 257289K->4350K(257536K)] 372239K->119373K(1043968K), 0.0097018 secs] [Times: user=0.02 sys=0.00, real=0.01 secs] 
6256.233: [GC (Allocation Failure) 
Desired survivor size 4718592 bytes, new threshold 15 (max 15)
[PSYoungGen: 257278K->4512K(257536K)] 372301K->119607K(1043968K), 0.0115384 secs] [Times: user=0.02 sys=0.00, real=0.01 secs] 
6274.714: [GC (Allocation Failure) 
Desired survivor size 4718592 bytes, new threshold 15 (max 15)
[PSYoungGen: 257440K->4265K(257536K)] 372535K->119487K(1043968K), 0.0094255 secs] [Times: user=0.01 sys=0.00, real=0.01 secs] 
6293.341: [GC (Allocation Failure) 
Desired survivor size 4718592 bytes, new threshold 15 (max 15)
[PSYoungGen: 257193K->4307K(257536K)] 372415K->119655K(1043968K), 0.0105182 secs] [Times: user=0.01 sys=0.00, real=0.01 secs] 
6311.843: [GC (Allocation Failure) 
Desired survivor size 4718592 bytes, new threshold 15 (max 15)
[PSYoungGen: 257235K->4223K(257536K)] 372583K->119684K(1043968K), 0.0119056 secs] [Times: user=0.01 sys=0.00, real=0.01 secs] 
6330.294: [GC (Allocation Failure) 
Desired survivor size 4718592 bytes, new threshold 15 (max 15)
[PSYoungGen: 257151K->4433K(257536K)] 372612K->119965K(1043968K), 0.0098788 secs] [Times: user=0.02 sys=0.00, real=0.01 secs] 
6348.838: [GC (Allocation Failure) 
Desired survivor size 4718592 bytes, new threshold 15 (max 15)
[PSYoungGen: 257361K->4337K(257536K)] 372893K->119941K(1043968K), 0.0122361 secs] [Times: user=0.02 sys=0.00, real=0.02 secs] 
6367.416: [GC (Allocation Failure) 
Desired survivor size 4718592 bytes, new threshold 15 (max 15)
[PSYoungGen: 257265K->4422K(257536K)] 372869K->120098K(1043968K), 0.0102552 secs] [Times: user=0.02 sys=0.00, real=0.01 secs] 
6385.968: [GC (Allocation Failure) 
Desired survivor size 4718592 bytes, new threshold 15 (max 15)
[PSYoungGen: 257350K->4319K(257536K)] 373026K->120122K(1043968K), 0.0117843 secs] [Times: user=0.02 sys=0.00, real=0.01 secs] 
6404.579: [GC (Allocation Failure) 
Desired survivor size 4718592 bytes, new threshold 15 (max 15)
[PSYoungGen: 257247K->4383K(257536K)] 373050K->120266K(1043968K), 0.0095211 secs] [Times: user=0.02 sys=0.00, real=0.01 secs] 
6423.090: [GC (Allocation Failure) 
Desired survivor size 4718592 bytes, new threshold 15 (max 15)
[PSYoungGen: 257311K->4383K(257536K)] 373194K->120338K(1043968K), 0.0114777 secs] [Times: user=0.02 sys=0.00, real=0.01 secs] 
6441.667: [GC (Allocation Failure) 
Desired survivor size 4718592 bytes, new threshold 15 (max 15)
[PSYoungGen: 257311K->4335K(257536K)] 373266K->120417K(1043968K), 0.0099465 secs] [Times: user=0.02 sys=0.00, real=0.01 secs] 
6460.245: [GC (Allocation Failure) 
Desired survivor size 4718592 bytes, new threshold 15 (max 15)
[PSYoungGen: 257263K->4425K(257536K)] 373345K->120633K(1043968K), 0.0120256 secs] [Times: user=0.02 sys=0.00, real=0.02 secs] 
6478.824: [GC (Allocation Failure) 
Desired survivor size 4718592 bytes, new threshold 15 (max 15)
[PSYoungGen: 257353K->4330K(257536K)] 373561K->120619K(1043968K), 0.0153450 secs] [Times: user=0.02 sys=0.00, real=0.02 secs] 
6497.342: [GC (Allocation Failure) 
Desired survivor size 4718592 bytes, new threshold 15 (max 15)
[PSYoungGen: 257258K->4282K(257536K)] 373547K->120650K(1043968K), 0.0116555 secs] [Times: user=0.01 sys=0.00, real=0.01 secs] 
6515.966: [GC (Allocation Failure) 
Desired survivor size 4718592 bytes, new threshold 15 (max 15)
[PSYoungGen: 257210K->4290K(257536K)] 373578K->120778K(1043968K), 0.0108972 secs] [Times: user=0.02 sys=0.00, real=0.01 secs] 
6534.584: [GC (Allocation Failure) 
Desired survivor size 4718592 bytes, new threshold 15 (max 15)
[PSYoungGen: 257218K->4258K(257536K)] 373706K->120817K(1043968K), 0.0098397 secs] [Times: user=0.01 sys=0.00, real=0.01 secs] 
6553.160: [GC (Allocation Failure) 
Desired survivor size 4718592 bytes, new threshold 15 (max 15)
[PSYoungGen: 257186K->4281K(257536K)] 373745K->120913K(1043968K), 0.0097850 secs] [Times: user=0.02 sys=0.00, real=0.01 secs] 
6571.710: [GC (Allocation Failure) 
Desired survivor size 4718592 bytes, new threshold 15 (max 15)
[PSYoungGen: 257209K->4328K(257536K)] 373841K->121032K(1043968K), 0.0102643 secs] [Times: user=0.02 sys=0.00, real=0.01 secs] 
6590.292: [GC (Allocation Failure) 
Desired survivor size 4718592 bytes, new threshold 15 (max 15)
[PSYoungGen: 257256K->4221K(257536K)] 373960K->121098K(1043968K), 0.0110134 secs] [Times: user=0.01 sys=0.00, real=0.01 secs] 
6608.919: [GC (Allocation Failure) 
Desired survivor size 4718592 bytes, new threshold 15 (max 15)
[PSYoungGen: 257149K->4173K(257536K)] 374026K->121138K(1043968K), 0.0116592 secs] [Times: user=0.02 sys=0.00, real=0.01 secs] 
6627.169: [GC (Allocation Failure) 
Desired survivor size 4718592 bytes, new threshold 15 (max 15)
[PSYoungGen: 257101K->4389K(257536K)] 374066K->121426K(1043968K), 0.0099760 secs] [Times: user=0.01 sys=0.00, real=0.01 secs] 
6645.791: [GC (Allocation Failure) 
Desired survivor size 4718592 bytes, new threshold 15 (max 15)
[PSYoungGen: 257317K->4323K(257536K)] 374354K->121440K(1043968K), 0.0166682 secs] [Times: user=0.02 sys=0.00, real=0.02 secs] 
6664.297: [GC (Allocation Failure) 
Desired survivor size 4718592 bytes, new threshold 15 (max 15)
[PSYoungGen: 257251K->4307K(257536K)] 374368K->121497K(1043968K), 0.0120365 secs] [Times: user=0.02 sys=0.01, real=0.01 secs] 
6682.790: [GC (Allocation Failure) 
Desired survivor size 4718592 bytes, new threshold 15 (max 15)
[PSYoungGen: 257235K->4374K(257536K)] 374425K->121643K(1043968K), 0.0109659 secs] [Times: user=0.02 sys=0.00, real=0.01 secs] 
6701.218: [GC (Allocation Failure) 
Desired survivor size 4718592 bytes, new threshold 15 (max 15)
[PSYoungGen: 257302K->4468K(257536K)] 374571K->121856K(1043968K), 0.0095306 secs] [Times: user=0.02 sys=0.00, real=0.01 secs] 
6719.786: [GC (Allocation Failure) 
Desired survivor size 4718592 bytes, new threshold 15 (max 15)
[PSYoungGen: 257396K->4460K(257536K)] 374784K->121975K(1043968K), 0.0097280 secs] [Times: user=0.01 sys=0.00, real=0.01 secs] 
6738.315: [GC (Allocation Failure) 
Desired survivor size 4718592 bytes, new threshold 15 (max 15)
[PSYoungGen: 257388K->4524K(257536K)] 374903K->122111K(1043968K), 0.0102779 secs] [Times: user=0.01 sys=0.00, real=0.01 secs] 
6756.851: [GC (Allocation Failure) 
Desired survivor size 4718592 bytes, new threshold 15 (max 15)
[PSYoungGen: 257452K->4443K(257536K)] 375039K->122102K(1043968K), 0.0141377 secs] [Times: user=0.03 sys=0.00, real=0.02 secs] 
6775.417: [GC (Allocation Failure) 
Desired survivor size 5242880 bytes, new threshold 15 (max 15)
[PSYoungGen: 257371K->4595K(257536K)] 375030K->122325K(1043968K), 0.0105399 secs] [Times: user=0.01 sys=0.00, real=0.01 secs] 
6794.037: [GC (Allocation Failure) 
Desired survivor size 5242880 bytes, new threshold 15 (max 15)
[PSYoungGen: 257523K->4470K(256512K)] 375253K->122328K(1042944K), 0.0119856 secs] [Times: user=0.02 sys=0.00, real=0.01 secs] 
6812.474: [GC (Allocation Failure) 
Desired survivor size 5242880 bytes, new threshold 15 (max 15)
[PSYoungGen: 256374K->4574K(257024K)] 374232K->122503K(1043456K), 0.0098122 secs] [Times: user=0.01 sys=0.00, real=0.01 secs] 
6831.039: [GC (Allocation Failure) 
Desired survivor size 5242880 bytes, new threshold 15 (max 15)
[PSYoungGen: 256478K->4449K(257024K)] 374407K->122505K(1043456K), 0.0114727 secs] [Times: user=0.02 sys=0.00, real=0.01 secs] 
6849.543: [GC (Allocation Failure) 
Desired survivor size 5242880 bytes, new threshold 15 (max 15)
[PSYoungGen: 256353K->4383K(257024K)] 374409K->122512K(1043456K), 0.0097940 secs] [Times: user=0.02 sys=0.00, real=0.01 secs] 
6867.914: [GC (Allocation Failure) 
Desired survivor size 5242880 bytes, new threshold 15 (max 15)
[PSYoungGen: 256287K->4353K(257024K)] 374416K->122553K(1043456K), 0.0098880 secs] [Times: user=0.02 sys=0.00, real=0.01 secs] 
6886.462: [GC (Allocation Failure) 
Desired survivor size 5242880 bytes, new threshold 15 (max 15)
[PSYoungGen: 256257K->4447K(257024K)] 374457K->122719K(1043456K), 0.0113887 secs] [Times: user=0.02 sys=0.00, real=0.01 secs] 
6904.912: [GC (Allocation Failure) 
Desired survivor size 5242880 bytes, new threshold 15 (max 15)
[PSYoungGen: 256351K->4423K(257024K)] 374623K->122800K(1043456K), 0.0097156 secs] [Times: user=0.01 sys=0.00, real=0.01 secs] 
6923.290: [GC (Allocation Failure) 
Desired survivor size 5242880 bytes, new threshold 15 (max 15)
[PSYoungGen: 256327K->4662K(257024K)] 374704K->123118K(1043456K), 0.0093225 secs] [Times: user=0.02 sys=0.00, real=0.01 secs] 
6941.786: [GC (Allocation Failure) 
Desired survivor size 5242880 bytes, new threshold 15 (max 15)
[PSYoungGen: 256566K->4629K(257024K)] 375022K->123165K(1043456K), 0.0123718 secs] [Times: user=0.02 sys=0.00, real=0.02 secs] 
6960.170: [GC (Allocation Failure) 
Desired survivor size 5242880 bytes, new threshold 15 (max 15)
[PSYoungGen: 256533K->4478K(257024K)] 375069K->123086K(1043456K), 0.0096723 secs] [Times: user=0.01 sys=0.00, real=0.01 secs] 
6978.618: [GC (Allocation Failure) 
Desired survivor size 5242880 bytes, new threshold 15 (max 15)
[PSYoungGen: 256382K->4487K(257024K)] 374990K->123269K(1043456K), 0.0106991 secs] [Times: user=0.02 sys=0.00, real=0.01 secs] 
6997.043: [GC (Allocation Failure) 
Desired survivor size 5242880 bytes, new threshold 15 (max 15)
[PSYoungGen: 256391K->4445K(257024K)] 375173K->123364K(1043456K), 0.0104969 secs] [Times: user=0.01 sys=0.00, real=0.01 secs] 
7015.467: [GC (Allocation Failure) 
Desired survivor size 5242880 bytes, new threshold 15 (max 15)
[PSYoungGen: 256349K->4393K(257024K)] 375268K->123384K(1043456K), 0.0096303 secs] [Times: user=0.01 sys=0.00, real=0.01 secs] 
7033.959: [GC (Allocation Failure) 
Desired survivor size 5242880 bytes, new threshold 15 (max 15)
[PSYoungGen: 256297K->4418K(257024K)] 375288K->123536K(1043456K), 0.0098762 secs] [Times: user=0.02 sys=0.00, real=0.01 secs] 
7052.419: [GC (Allocation Failure) 
Desired survivor size 5242880 bytes, new threshold 15 (max 15)
[PSYoungGen: 256322K->4387K(257024K)] 375440K->123585K(1043456K), 0.0106627 secs] [Times: user=0.02 sys=0.00, real=0.01 secs] 
7070.911: [GC (Allocation Failure) 
Desired survivor size 5242880 bytes, new threshold 15 (max 15)
[PSYoungGen: 256291K->4402K(257024K)] 375489K->123680K(1043456K), 0.0106019 secs] [Times: user=0.02 sys=0.00, real=0.01 secs] 
7089.418: [GC (Allocation Failure) 
Desired survivor size 5242880 bytes, new threshold 15 (max 15)
[PSYoungGen: 256306K->4310K(257024K)] 375584K->123706K(1043456K), 0.0102791 secs] [Times: user=0.01 sys=0.00, real=0.01 secs] 
7107.784: [GC (Allocation Failure) 
Desired survivor size 5242880 bytes, new threshold 15 (max 15)
[PSYoungGen: 256214K->4379K(257024K)] 375610K->123848K(1043456K), 0.0093310 secs] [Times: user=0.02 sys=0.00, real=0.01 secs] 
7126.308: [GC (Allocation Failure) 
Desired survivor size 5242880 bytes, new threshold 15 (max 15)
[PSYoungGen: 256266K->4506K(257024K)] 375734K->124046K(1043456K), 0.0115381 secs] [Times: user=0.01 sys=0.00, real=0.01 secs] 
7144.591: [GC (Allocation Failure) 
Desired survivor size 5242880 bytes, new threshold 15 (max 15)
[PSYoungGen: 256410K->4425K(257024K)] 375950K->124037K(1043456K), 0.0103266 secs] [Times: user=0.02 sys=0.00, real=0.01 secs] 
7163.165: [GC (Allocation Failure) 
Desired survivor size 4718592 bytes, new threshold 15 (max 15)
[PSYoungGen: 256329K->4441K(257536K)] 375941K->124126K(1043968K), 0.0099233 secs] [Times: user=0.01 sys=0.00, real=0.01 secs] 
7181.662: [GC (Allocation Failure) 
Desired survivor size 4718592 bytes, new threshold 15 (max 15)
[PSYoungGen: 256857K->4458K(257024K)] 376542K->124261K(1043456K), 0.0102627 secs] [Times: user=0.02 sys=0.00, real=0.01 secs] 
7200.213: [GC (Allocation Failure) 
Desired survivor size 4718592 bytes, new threshold 15 (max 15)
[PSYoungGen: 256874K->4427K(257536K)] 376677K->124358K(1043968K), 0.0098196 secs] [Times: user=0.02 sys=0.00, real=0.01 secs] 
7218.580: [GC (Allocation Failure) 
Desired survivor size 5242880 bytes, new threshold 14 (max 15)
[PSYoungGen: 257355K->4590K(257536K)] 377286K->124664K(1043968K), 0.0123911 secs] [Times: user=0.01 sys=0.01, real=0.02 secs] 
7230.557: [GC (System.gc()) 
Desired survivor size 5242880 bytes, new threshold 15 (max 15)
[PSYoungGen: 171370K->4278K(256512K)] 291444K->124535K(1042944K), 0.0094589 secs] [Times: user=0.02 sys=0.00, real=0.01 secs] 
7230.567: [Full GC (System.gc()) [PSYoungGen: 4278K->0K(256512K)] [ParOldGen: 120257K->100900K(786432K)] 124535K->100900K(1042944K), [Metaspace: 91349K->91343K(1132544K)], 0.5001449 secs] [Times: user=0.80 sys=0.00, real=0.50 secs] 
7248.792: [GC (Allocation Failure) 
Desired survivor size 5242880 bytes, new threshold 15 (max 15)
[PSYoungGen: 251904K->3606K(257024K)] 352804K->104515K(1043456K), 0.0094240 secs] [Times: user=0.02 sys=0.00, real=0.01 secs] 
7267.292: [GC (Allocation Failure) 
Desired survivor size 5242880 bytes, new threshold 15 (max 15)
[PSYoungGen: 255510K->3639K(257024K)] 356419K->104547K(1043456K), 0.0096220 secs] [Times: user=0.01 sys=0.00, real=0.01 secs] 
7285.718: [GC (Allocation Failure) 
Desired survivor size 5242880 bytes, new threshold 15 (max 15)
[PSYoungGen: 255543K->3784K(257024K)] 356451K->104692K(1043456K), 0.0171136 secs] [Times: user=0.02 sys=0.01, real=0.02 secs] 
7304.214: [GC (Allocation Failure) 
Desired survivor size 5242880 bytes, new threshold 15 (max 15)
[PSYoungGen: 255688K->3886K(257024K)] 356596K->104795K(1043456K), 0.0107259 secs] [Times: user=0.01 sys=0.00, real=0.01 secs] 
7322.660: [GC (Allocation Failure) 
Desired survivor size 5242880 bytes, new threshold 15 (max 15)
[PSYoungGen: 255790K->4006K(257024K)] 356699K->104915K(1043456K), 0.0108911 secs] [Times: user=0.01 sys=0.00, real=0.01 secs] 
7341.096: [GC (Allocation Failure) 
Desired survivor size 5242880 bytes, new threshold 15 (max 15)
[PSYoungGen: 255910K->4107K(257024K)] 356819K->105016K(1043456K), 0.0100879 secs] [Times: user=0.02 sys=0.00, real=0.01 secs] 
7359.626: [GC (Allocation Failure) 
Desired survivor size 5242880 bytes, new threshold 15 (max 15)
[PSYoungGen: 256011K->4125K(257024K)] 356920K->105033K(1043456K), 0.0097110 secs] [Times: user=0.02 sys=0.00, real=0.01 secs] 
7378.010: [GC (Allocation Failure) 
Desired survivor size 5242880 bytes, new threshold 15 (max 15)
[PSYoungGen: 256029K->4243K(257024K)] 356937K->105151K(1043456K), 0.0092277 secs] [Times: user=0.02 sys=0.00, real=0.01 secs] 
7396.588: [GC (Allocation Failure) 
Desired survivor size 5242880 bytes, new threshold 15 (max 15)
[PSYoungGen: 256147K->4257K(257024K)] 357055K->105165K(1043456K), 0.0086585 secs] [Times: user=0.02 sys=0.00, real=0.00 secs] 
7415.083: [GC (Allocation Failure) 
Desired survivor size 5242880 bytes, new threshold 15 (max 15)
[PSYoungGen: 256161K->4338K(257024K)] 357069K->105247K(1043456K), 0.0092918 secs] [Times: user=0.01 sys=0.00, real=0.01 secs] 
7433.582: [GC (Allocation Failure) 
Desired survivor size 5242880 bytes, new threshold 15 (max 15)
[PSYoungGen: 256242K->4403K(257024K)] 357151K->105312K(1043456K), 0.0101410 secs] [Times: user=0.01 sys=0.00, real=0.01 secs] 
7452.038: [GC (Allocation Failure) 
Desired survivor size 5242880 bytes, new threshold 15 (max 15)
[PSYoungGen: 256307K->4408K(257024K)] 357216K->105316K(1043456K), 0.0131724 secs] [Times: user=0.02 sys=0.00, real=0.01 secs] 
7470.539: [GC (Allocation Failure) 
Desired survivor size 5242880 bytes, new threshold 15 (max 15)
[PSYoungGen: 256312K->4483K(257024K)] 357220K->105392K(1043456K), 0.0089398 secs] [Times: user=0.01 sys=0.00, real=0.00 secs] 
7488.956: [GC (Allocation Failure) 
Desired survivor size 5242880 bytes, new threshold 15 (max 15)
[PSYoungGen: 256387K->4553K(257024K)] 357296K->105461K(1043456K), 0.0107140 secs] [Times: user=0.02 sys=0.00, real=0.01 secs] 
7507.424: [GC (Allocation Failure) 
Desired survivor size 5242880 bytes, new threshold 15 (max 15)
[PSYoungGen: 256457K->4586K(257024K)] 357365K->105495K(1043456K), 0.0098149 secs] [Times: user=0.02 sys=0.00, real=0.01 secs] 
7525.790: [GC (Allocation Failure) 
Desired survivor size 5242880 bytes, new threshold 15 (max 15)
[PSYoungGen: 256490K->4279K(257024K)] 357399K->105784K(1043456K), 0.0126038 secs] [Times: user=0.02 sys=0.00, real=0.01 secs] 
7544.286: [GC (Allocation Failure) 
Desired survivor size 5242880 bytes, new threshold 15 (max 15)
[PSYoungGen: 256183K->4167K(257024K)] 357688K->105728K(1043456K), 0.0091820 secs] [Times: user=0.01 sys=0.00, real=0.01 secs] 
7562.592: [GC (Allocation Failure) 
Desired survivor size 5242880 bytes, new threshold 15 (max 15)
[PSYoungGen: 256071K->4260K(257024K)] 357632K->105877K(1043456K), 0.0090315 secs] [Times: user=0.01 sys=0.00, real=0.01 secs] 
7581.046: [GC (Allocation Failure) 
Desired survivor size 5242880 bytes, new threshold 15 (max 15)
[PSYoungGen: 256164K->4119K(257024K)] 357781K->105839K(1043456K), 0.0091823 secs] [Times: user=0.02 sys=0.00, real=0.00 secs] 
7599.588: [GC (Allocation Failure) 
Desired survivor size 5242880 bytes, new threshold 15 (max 15)
[PSYoungGen: 256023K->4189K(257024K)] 357743K->105964K(1043456K), 0.0127965 secs] [Times: user=0.02 sys=0.01, real=0.02 secs] 
7617.965: [GC (Allocation Failure) 
Desired survivor size 5242880 bytes, new threshold 15 (max 15)
[PSYoungGen: 256093K->4242K(257024K)] 357868K->106073K(1043456K), 0.0092985 secs] [Times: user=0.02 sys=0.00, real=0.01 secs] 
7636.591: [GC (Allocation Failure) 
Desired survivor size 5242880 bytes, new threshold 15 (max 15)
[PSYoungGen: 256146K->4242K(257024K)] 357977K->106130K(1043456K), 0.0097345 secs] [Times: user=0.02 sys=0.00, real=0.01 secs] 
7655.086: [GC (Allocation Failure) 
Desired survivor size 5242880 bytes, new threshold 15 (max 15)
[PSYoungGen: 256146K->4277K(257024K)] 358034K->106268K(1043456K), 0.0100406 secs] [Times: user=0.02 sys=0.00, real=0.01 secs] 
7673.608: [GC (Allocation Failure) 
Desired survivor size 4718592 bytes, new threshold 15 (max 15)
[PSYoungGen: 256181K->4342K(257536K)] 358172K->106388K(1043968K), 0.0108068 secs] [Times: user=0.02 sys=0.00, real=0.01 secs] 
7692.209: [GC (Allocation Failure) 
Desired survivor size 4718592 bytes, new threshold 15 (max 15)
[PSYoungGen: 256758K->4304K(257024K)] 358804K->106407K(1043456K), 0.0104170 secs] [Times: user=0.01 sys=0.00, real=0.01 secs] 
7710.672: [GC (Allocation Failure) 
Desired survivor size 4718592 bytes, new threshold 15 (max 15)
[PSYoungGen: 256720K->4262K(257536K)] 358823K->106421K(1043968K), 0.0094877 secs] [Times: user=0.01 sys=0.00, real=0.01 secs] 
7729.296: [GC (Allocation Failure) 
Desired survivor size 4718592 bytes, new threshold 15 (max 15)
[PSYoungGen: 257190K->4412K(257536K)] 359349K->106627K(1043968K), 0.0095952 secs] [Times: user=0.01 sys=0.00, real=0.01 secs] 
7747.855: [GC (Allocation Failure) 
Desired survivor size 4718592 bytes, new threshold 15 (max 15)
[PSYoungGen: 257340K->4413K(257536K)] 359555K->106683K(1043968K), 0.0098384 secs] [Times: user=0.02 sys=0.00, real=0.01 secs] 
7766.421: [GC (Allocation Failure) 
Desired survivor size 5242880 bytes, new threshold 15 (max 15)
[PSYoungGen: 257341K->4482K(257536K)] 359611K->106816K(1043968K), 0.0099193 secs] [Times: user=0.01 sys=0.00, real=0.01 secs] 
7785.036: [GC (Allocation Failure) 
Desired survivor size 5242880 bytes, new threshold 15 (max 15)
[PSYoungGen: 257410K->4443K(256512K)] 359744K->106889K(1042944K), 0.0095246 secs] [Times: user=0.02 sys=0.00, real=0.01 secs] 
7803.535: [GC (Allocation Failure) 
Desired survivor size 5242880 bytes, new threshold 15 (max 15)
[PSYoungGen: 256347K->4319K(257024K)] 358793K->106930K(1043456K), 0.0111921 secs] [Times: user=0.02 sys=0.00, real=0.01 secs] 
7821.920: [GC (Allocation Failure) 
Desired survivor size 5242880 bytes, new threshold 15 (max 15)
[PSYoungGen: 256223K->4481K(257024K)] 358834K->107172K(1043456K), 0.0114478 secs] [Times: user=0.01 sys=0.00, real=0.01 secs] 
7840.212: [GC (Allocation Failure) 
Desired survivor size 5242880 bytes, new threshold 15 (max 15)
[PSYoungGen: 256385K->4357K(257024K)] 359076K->107222K(1043456K), 0.0099980 secs] [Times: user=0.02 sys=0.00, real=0.01 secs] 
7858.636: [GC (Allocation Failure) 
Desired survivor size 4718592 bytes, new threshold 15 (max 15)
[PSYoungGen: 256261K->4371K(257536K)] 359126K->107355K(1043968K), 0.0096169 secs] [Times: user=0.02 sys=0.00, real=0.01 secs] 
7877.093: [GC (Allocation Failure) 
Desired survivor size 4718592 bytes, new threshold 15 (max 15)
[PSYoungGen: 256787K->4282K(257024K)] 359771K->107337K(1043456K), 0.0091689 secs] [Times: user=0.01 sys=0.00, real=0.01 secs] 
7895.700: [GC (Allocation Failure) 
Desired survivor size 4718592 bytes, new threshold 15 (max 15)
[PSYoungGen: 256698K->4324K(257536K)] 359753K->107506K(1043968K), 0.0157857 secs] [Times: user=0.02 sys=0.00, real=0.02 secs] 
7914.294: [GC (Allocation Failure) 
Desired survivor size 4718592 bytes, new threshold 15 (max 15)
[PSYoungGen: 257252K->4317K(257536K)] 360434K->107571K(1043968K), 0.0147502 secs] [Times: user=0.02 sys=0.00, real=0.02 secs] 
7932.843: [GC (Allocation Failure) 
Desired survivor size 4718592 bytes, new threshold 15 (max 15)
[PSYoungGen: 257245K->4274K(257536K)] 360499K->107609K(1043968K), 0.0093863 secs] [Times: user=0.02 sys=0.00, real=0.01 secs] 
7951.416: [GC (Allocation Failure) 
Desired survivor size 4718592 bytes, new threshold 15 (max 15)
[PSYoungGen: 257202K->4274K(257536K)] 360537K->107688K(1043968K), 0.0102344 secs] [Times: user=0.02 sys=0.00, real=0.01 secs] 
7970.041: [GC (Allocation Failure) 
Desired survivor size 4718592 bytes, new threshold 15 (max 15)
[PSYoungGen: 257202K->4274K(257536K)] 360616K->107761K(1043968K), 0.0094371 secs] [Times: user=0.02 sys=0.00, real=0.01 secs] 
7988.593: [GC (Allocation Failure) 
Desired survivor size 4718592 bytes, new threshold 15 (max 15)
[PSYoungGen: 257202K->4214K(257536K)] 360689K->107819K(1043968K), 0.0112909 secs] [Times: user=0.02 sys=0.00, real=0.01 secs] 
8007.095: [GC (Allocation Failure) 
Desired survivor size 4718592 bytes, new threshold 15 (max 15)
[PSYoungGen: 257142K->4226K(257536K)] 360747K->107903K(1043968K), 0.0107798 secs] [Times: user=0.01 sys=0.00, real=0.01 secs] 
8025.700: [GC (Allocation Failure) 
Desired survivor size 4718592 bytes, new threshold 15 (max 15)
[PSYoungGen: 257154K->4478K(257536K)] 360831K->108227K(1043968K), 0.0154560 secs] [Times: user=0.03 sys=0.00, real=0.02 secs] 
8044.286: [GC (Allocation Failure) 
Desired survivor size 4718592 bytes, new threshold 15 (max 15)
[PSYoungGen: 257406K->4265K(257536K)] 361155K->108141K(1043968K), 0.0103229 secs] [Times: user=0.01 sys=0.00, real=0.01 secs] 
8062.836: [GC (Allocation Failure) 
Desired survivor size 4718592 bytes, new threshold 15 (max 15)
[PSYoungGen: 257193K->4329K(257536K)] 361069K->108277K(1043968K), 0.0093834 secs] [Times: user=0.01 sys=0.00, real=0.01 secs] 
8081.413: [GC (Allocation Failure) 
Desired survivor size 4718592 bytes, new threshold 15 (max 15)
[PSYoungGen: 257257K->4335K(257536K)] 361205K->108355K(1043968K), 0.0103923 secs] [Times: user=0.02 sys=0.00, real=0.01 secs] 
8099.965: [GC (Allocation Failure) 
Desired survivor size 4718592 bytes, new threshold 15 (max 15)
[PSYoungGen: 257263K->4415K(257536K)] 361283K->108507K(1043968K), 0.0098414 secs] [Times: user=0.02 sys=0.00, real=0.01 secs] 
8118.467: [GC (Allocation Failure) 
Desired survivor size 4718592 bytes, new threshold 15 (max 15)
[PSYoungGen: 257343K->4491K(257536K)] 361435K->108695K(1043968K), 0.0092197 secs] [Times: user=0.02 sys=0.00, real=0.01 secs] 
8137.088: [GC (Allocation Failure) 
Desired survivor size 4718592 bytes, new threshold 15 (max 15)
[PSYoungGen: 257419K->4354K(257536K)] 361623K->108685K(1043968K), 0.0170294 secs] [Times: user=0.02 sys=0.00, real=0.02 secs] 
8155.588: [GC (Allocation Failure) 
Desired survivor size 4718592 bytes, new threshold 15 (max 15)
[PSYoungGen: 257282K->4282K(257536K)] 361613K->108685K(1043968K), 0.0118613 secs] [Times: user=0.02 sys=0.00, real=0.01 secs] 
8174.167: [GC (Allocation Failure) 
Desired survivor size 4718592 bytes, new threshold 15 (max 15)
[PSYoungGen: 257210K->4345K(257536K)] 361613K->108819K(1043968K), 0.0093940 secs] [Times: user=0.02 sys=0.00, real=0.01 secs] 
8192.708: [GC (Allocation Failure) 
Desired survivor size 4718592 bytes, new threshold 15 (max 15)
[PSYoungGen: 257273K->4379K(257536K)] 361747K->108933K(1043968K), 0.0095719 secs] [Times: user=0.01 sys=0.00, real=0.01 secs] 
8211.290: [GC (Allocation Failure) 
Desired survivor size 4718592 bytes, new threshold 15 (max 15)
[PSYoungGen: 257307K->4351K(257536K)] 361861K->108978K(1043968K), 0.0112048 secs] [Times: user=0.01 sys=0.00, real=0.02 secs] 
8229.840: [GC (Allocation Failure) 
Desired survivor size 4718592 bytes, new threshold 15 (max 15)
[PSYoungGen: 257279K->4406K(257536K)] 361906K->109104K(1043968K), 0.0097552 secs] [Times: user=0.02 sys=0.00, real=0.01 secs] 
8248.341: [GC (Allocation Failure) 
Desired survivor size 4718592 bytes, new threshold 15 (max 15)
[PSYoungGen: 257334K->4365K(257536K)] 362032K->109143K(1043968K), 0.0091804 secs] [Times: user=0.01 sys=0.00, real=0.01 secs] 
8266.893: [GC (Allocation Failure) 
Desired survivor size 4718592 bytes, new threshold 15 (max 15)
[PSYoungGen: 257293K->4466K(257536K)] 362071K->109317K(1043968K), 0.0114649 secs] [Times: user=0.02 sys=0.00, real=0.01 secs] 
8285.537: [GC (Allocation Failure) 
Desired survivor size 4718592 bytes, new threshold 15 (max 15)
[PSYoungGen: 257394K->4406K(257536K)] 362245K->109431K(1043968K), 0.0096130 secs] [Times: user=0.01 sys=0.00, real=0.01 secs] 
8304.084: [GC (Allocation Failure) 
Desired survivor size 4718592 bytes, new threshold 15 (max 15)
[PSYoungGen: 257334K->4264K(257536K)] 362359K->109462K(1043968K), 0.0120169 secs] [Times: user=0.02 sys=0.00, real=0.02 secs] 
8322.706: [GC (Allocation Failure) 
Desired survivor size 4718592 bytes, new threshold 15 (max 15)
[PSYoungGen: 257192K->4344K(257536K)] 362390K->109614K(1043968K), 0.0096537 secs] [Times: user=0.01 sys=0.00, real=0.01 secs] 
8341.208: [GC (Allocation Failure) 
Desired survivor size 4718592 bytes, new threshold 15 (max 15)
[PSYoungGen: 257272K->4287K(257536K)] 362542K->109629K(1043968K), 0.0094574 secs] [Times: user=0.01 sys=0.00, real=0.01 secs] 
8359.797: [GC (Allocation Failure) 
Desired survivor size 4718592 bytes, new threshold 15 (max 15)
[PSYoungGen: 257215K->4297K(257536K)] 362557K->109719K(1043968K), 0.0107056 secs] [Times: user=0.02 sys=0.00, real=0.01 secs] 
8378.341: [GC (Allocation Failure) 
Desired survivor size 4718592 bytes, new threshold 15 (max 15)
[PSYoungGen: 257225K->4297K(257536K)] 362647K->109799K(1043968K), 0.0104059 secs] [Times: user=0.02 sys=0.00, real=0.01 secs] 
8396.921: [GC (Allocation Failure) 
Desired survivor size 4718592 bytes, new threshold 15 (max 15)
[PSYoungGen: 257225K->4312K(257536K)] 362727K->109894K(1043968K), 0.0094303 secs] [Times: user=0.01 sys=0.00, real=0.01 secs] 
8415.582: [GC (Allocation Failure) 
Desired survivor size 4718592 bytes, new threshold 15 (max 15)
[PSYoungGen: 257240K->4360K(257536K)] 362822K->110030K(1043968K), 0.0101379 secs] [Times: user=0.02 sys=0.00, real=0.01 secs] 
8433.724: [GC (Allocation Failure) 
Desired survivor size 4718592 bytes, new threshold 15 (max 15)
[PSYoungGen: 257288K->4570K(257536K)] 362958K->110358K(1043968K), 0.0105523 secs] [Times: user=0.02 sys=0.00, real=0.01 secs] 
8452.091: [GC (Allocation Failure) 
Desired survivor size 4718592 bytes, new threshold 15 (max 15)
[PSYoungGen: 257498K->4438K(257536K)] 363286K->110299K(1043968K), 0.0108913 secs] [Times: user=0.01 sys=0.00, real=0.01 secs] 
8470.709: [GC (Allocation Failure) 
Desired survivor size 4718592 bytes, new threshold 15 (max 15)
[PSYoungGen: 257366K->4508K(257536K)] 363227K->110440K(1043968K), 0.0105914 secs] [Times: user=0.02 sys=0.00, real=0.01 secs] 
8489.089: [GC (Allocation Failure) 
Desired survivor size 4718592 bytes, new threshold 15 (max 15)
[PSYoungGen: 257436K->4470K(257536K)] 363368K->110530K(1043968K), 0.0106076 secs] [Times: user=0.02 sys=0.00, real=0.01 secs] 
8507.710: [GC (Allocation Failure) 
Desired survivor size 4718592 bytes, new threshold 15 (max 15)
[PSYoungGen: 257398K->4415K(257536K)] 363458K->110602K(1043968K), 0.0097360 secs] [Times: user=0.02 sys=0.00, real=0.01 secs] 
8526.291: [GC (Allocation Failure) 
Desired survivor size 4718592 bytes, new threshold 15 (max 15)
[PSYoungGen: 257343K->4297K(257536K)] 363530K->110610K(1043968K), 0.0108934 secs] [Times: user=0.01 sys=0.00, real=0.01 secs] 
8544.840: [GC (Allocation Failure) 
Desired survivor size 4718592 bytes, new threshold 15 (max 15)
[PSYoungGen: 257225K->4313K(257536K)] 363538K->110706K(1043968K), 0.0089867 secs] [Times: user=0.02 sys=0.00, real=0.01 secs] 
8563.341: [GC (Allocation Failure) 
Desired survivor size 4718592 bytes, new threshold 15 (max 15)
[PSYoungGen: 257234K->4335K(257536K)] 363627K->110800K(1043968K), 0.0098105 secs] [Times: user=0.01 sys=0.00, real=0.01 secs] 
8581.792: [GC (Allocation Failure) 
Desired survivor size 4718592 bytes, new threshold 15 (max 15)
[PSYoungGen: 257263K->4491K(257536K)] 363728K->111037K(1043968K), 0.0104963 secs] [Times: user=0.02 sys=0.00, real=0.01 secs] 
8600.417: [GC (Allocation Failure) 
Desired survivor size 5242880 bytes, new threshold 15 (max 15)
[PSYoungGen: 257419K->4492K(256512K)] 363965K->111109K(1042944K), 0.0107258 secs] [Times: user=0.02 sys=0.00, real=0.01 secs] 
8618.914: [GC (Allocation Failure) 
Desired survivor size 4718592 bytes, new threshold 15 (max 15)
[PSYoungGen: 256396K->4443K(257024K)] 363013K->111133K(1043456K), 0.0093420 secs] [Times: user=0.02 sys=0.00, real=0.01 secs] 
8637.343: [GC (Allocation Failure) 
Desired survivor size 5242880 bytes, new threshold 15 (max 15)
[PSYoungGen: 256347K->4475K(256512K)] 363037K->111237K(1042944K), 0.0095935 secs] [Times: user=0.02 sys=0.00, real=0.01 secs] 
8655.918: [GC (Allocation Failure) 
Desired survivor size 4718592 bytes, new threshold 15 (max 15)
[PSYoungGen: 256379K->4405K(257024K)] 363141K->111285K(1043456K), 0.0110728 secs] [Times: user=0.01 sys=0.00, real=0.01 secs] 
8674.417: [GC (Allocation Failure) 
Desired survivor size 4718592 bytes, new threshold 15 (max 15)
[PSYoungGen: 256309K->4431K(257536K)] 363189K->111383K(1043968K), 0.0097117 secs] [Times: user=0.02 sys=0.00, real=0.01 secs] 
8692.842: [GC (Allocation Failure) 
Desired survivor size 4718592 bytes, new threshold 15 (max 15)
[PSYoungGen: 257359K->4379K(257536K)] 364311K->111403K(1043968K), 0.0106844 secs] [Times: user=0.02 sys=0.00, real=0.01 secs] 
8711.468: [GC (Allocation Failure) 
Desired survivor size 4718592 bytes, new threshold 15 (max 15)
[PSYoungGen: 257307K->4397K(257536K)] 364331K->111541K(1043968K), 0.0107866 secs] [Times: user=0.02 sys=0.00, real=0.01 secs] 
8729.958: [GC (Allocation Failure) 
Desired survivor size 4718592 bytes, new threshold 15 (max 15)
[PSYoungGen: 257325K->4510K(257536K)] 364469K->111758K(1043968K), 0.0092570 secs] [Times: user=0.01 sys=0.00, real=0.01 secs] 
8748.542: [GC (Allocation Failure) 
Desired survivor size 4718592 bytes, new threshold 15 (max 15)
[PSYoungGen: 257438K->4525K(257536K)] 364686K->111845K(1043968K), 0.0095943 secs] [Times: user=0.02 sys=0.00, real=0.01 secs] 
8767.088: [GC (Allocation Failure) 
Desired survivor size 4718592 bytes, new threshold 15 (max 15)
[PSYoungGen: 257453K->4369K(257536K)] 364773K->111862K(1043968K), 0.0103749 secs] [Times: user=0.01 sys=0.00, real=0.01 secs] 
8785.712: [GC (Allocation Failure) 
Desired survivor size 4718592 bytes, new threshold 15 (max 15)
[PSYoungGen: 257297K->4362K(257536K)] 364790K->111928K(1043968K), 0.0148970 secs] [Times: user=0.03 sys=0.00, real=0.01 secs] 
8804.167: [GC (Allocation Failure) 
Desired survivor size 4718592 bytes, new threshold 15 (max 15)
[PSYoungGen: 257290K->4383K(257536K)] 364856K->112021K(1043968K), 0.0102186 secs] [Times: user=0.02 sys=0.00, real=0.01 secs] 
8822.715: [GC (Allocation Failure) 
Desired survivor size 4718592 bytes, new threshold 15 (max 15)
[PSYoungGen: 257311K->4303K(257536K)] 364949K->112013K(1043968K), 0.0109744 secs] [Times: user=0.01 sys=0.00, real=0.01 secs] 
8841.208: [GC (Allocation Failure) 
Desired survivor size 4718592 bytes, new threshold 15 (max 15)
[PSYoungGen: 257231K->4271K(257536K)] 364941K->112155K(1043968K), 0.0099861 secs] [Times: user=0.02 sys=0.00, real=0.01 secs] 
8859.786: [GC (Allocation Failure) 
Desired survivor size 4718592 bytes, new threshold 15 (max 15)
[PSYoungGen: 257199K->4358K(257536K)] 365083K->112321K(1043968K), 0.0108833 secs] [Times: user=0.02 sys=0.00, real=0.01 secs] 
8878.133: [GC (Allocation Failure) 
Desired survivor size 4718592 bytes, new threshold 15 (max 15)
[PSYoungGen: 257286K->4443K(257536K)] 365249K->112478K(1043968K), 0.0104098 secs] [Times: user=0.02 sys=0.00, real=0.01 secs] 
8896.793: [GC (Allocation Failure) 
Desired survivor size 4718592 bytes, new threshold 15 (max 15)
[PSYoungGen: 257371K->4423K(257536K)] 365406K->112538K(1043968K), 0.0102425 secs] [Times: user=0.02 sys=0.00, real=0.01 secs] 
8915.333: [GC (Allocation Failure) 
Desired survivor size 4718592 bytes, new threshold 15 (max 15)
[PSYoungGen: 257351K->4455K(257536K)] 365466K->112642K(1043968K), 0.0111868 secs] [Times: user=0.02 sys=0.00, real=0.01 secs] 
8933.909: [GC (Allocation Failure) 
Desired survivor size 4718592 bytes, new threshold 15 (max 15)
[PSYoungGen: 257383K->4422K(257536K)] 365570K->112690K(1043968K), 0.0095754 secs] [Times: user=0.01 sys=0.01, real=0.01 secs] 
8952.464: [GC (Allocation Failure) 
Desired survivor size 4718592 bytes, new threshold 15 (max 15)
[PSYoungGen: 257350K->4389K(257536K)] 365618K->112736K(1043968K), 0.0102847 secs] [Times: user=0.02 sys=0.00, real=0.01 secs] 
8970.971: [GC (Allocation Failure) 
Desired survivor size 4718592 bytes, new threshold 15 (max 15)
[PSYoungGen: 257317K->4384K(257536K)] 365664K->112858K(1043968K), 0.0099074 secs] [Times: user=0.01 sys=0.00, real=0.01 secs] 
8989.595: [GC (Allocation Failure) 
Desired survivor size 4718592 bytes, new threshold 15 (max 15)
[PSYoungGen: 257312K->4401K(257536K)] 365786K->112955K(1043968K), 0.0114389 secs] [Times: user=0.02 sys=0.00, real=0.01 secs] 
9008.144: [GC (Allocation Failure) 
Desired survivor size 4718592 bytes, new threshold 15 (max 15)
[PSYoungGen: 257329K->4400K(257536K)] 365883K->113034K(1043968K), 0.0092862 secs] [Times: user=0.02 sys=0.00, real=0.01 secs] 
9026.710: [GC (Allocation Failure) 
Desired survivor size 5242880 bytes, new threshold 14 (max 15)
[PSYoungGen: 257328K->4579K(257536K)] 365962K->113333K(1043968K), 0.0100520 secs] [Times: user=0.02 sys=0.00, real=0.01 secs] 
9045.041: [GC (Allocation Failure) 
Desired survivor size 4718592 bytes, new threshold 15 (max 15)
[PSYoungGen: 257507K->4434K(257536K)] 366261K->113332K(1043968K), 0.0103636 secs] [Times: user=0.02 sys=0.00, real=0.01 secs] 
9063.584: [GC (Allocation Failure) 
Desired survivor size 5242880 bytes, new threshold 15 (max 15)
[PSYoungGen: 257362K->4546K(257536K)] 366260K->113444K(1043968K), 0.0099773 secs] [Times: user=0.01 sys=0.00, real=0.01 secs] 
9082.045: [GC (Allocation Failure) 
Desired survivor size 5242880 bytes, new threshold 15 (max 15)
[PSYoungGen: 257474K->4483K(256512K)] 366372K->113508K(1042944K), 0.0098072 secs] [Times: user=0.01 sys=0.00, real=0.01 secs] 
9100.540: [GC (Allocation Failure) 
Desired survivor size 5242880 bytes, new threshold 15 (max 15)
[PSYoungGen: 256387K->4551K(257024K)] 365412K->113648K(1043456K), 0.0134105 secs] [Times: user=0.02 sys=0.00, real=0.01 secs] 
9118.968: [GC (Allocation Failure) 
Desired survivor size 5242880 bytes, new threshold 15 (max 15)
[PSYoungGen: 256455K->4383K(257024K)] 365552K->113607K(1043456K), 0.0093878 secs] [Times: user=0.01 sys=0.00, real=0.01 secs] 
9137.464: [GC (Allocation Failure) 
Desired survivor size 5242880 bytes, new threshold 15 (max 15)
[PSYoungGen: 256287K->4367K(257024K)] 365511K->113710K(1043456K), 0.0099575 secs] [Times: user=0.02 sys=0.00, real=0.01 secs] 
9155.964: [GC (Allocation Failure) 
Desired survivor size 5242880 bytes, new threshold 15 (max 15)
[PSYoungGen: 256271K->4313K(257024K)] 365614K->113840K(1043456K), 0.0100624 secs] [Times: user=0.02 sys=0.00, real=0.01 secs] 
9174.464: [GC (Allocation Failure) 
Desired survivor size 5242880 bytes, new threshold 15 (max 15)
[PSYoungGen: 256217K->4318K(257024K)] 365744K->113925K(1043456K), 0.0097866 secs] [Times: user=0.02 sys=0.00, real=0.01 secs] 
9193.036: [GC (Allocation Failure) 
Desired survivor size 5242880 bytes, new threshold 15 (max 15)
[PSYoungGen: 256222K->4306K(257024K)] 365829K->114031K(1043456K), 0.0110128 secs] [Times: user=0.02 sys=0.00, real=0.01 secs] 
9211.538: [GC (Allocation Failure) 
Desired survivor size 5242880 bytes, new threshold 15 (max 15)
[PSYoungGen: 256210K->4280K(257024K)] 365935K->114085K(1043456K), 0.0134288 secs] [Times: user=0.02 sys=0.00, real=0.01 secs] 
9229.966: [GC (Allocation Failure) 
Desired survivor size 5242880 bytes, new threshold 15 (max 15)
[PSYoungGen: 256184K->4248K(257024K)] 365989K->114125K(1043456K), 0.0100823 secs] [Times: user=0.02 sys=0.00, real=0.01 secs] 
9248.416: [GC (Allocation Failure) 
Desired survivor size 4718592 bytes, new threshold 15 (max 15)
[PSYoungGen: 256152K->4373K(257024K)] 366029K->114330K(1043456K), 0.0111039 secs] [Times: user=0.02 sys=0.00, real=0.01 secs] 
9266.883: [GC (Allocation Failure) 
Desired survivor size 5242880 bytes, new threshold 15 (max 15)
[PSYoungGen: 256277K->4555K(256512K)] 366234K->114585K(1042944K), 0.0107880 secs] [Times: user=0.01 sys=0.00, real=0.02 secs] 
9285.412: [GC (Allocation Failure) 
Desired survivor size 5242880 bytes, new threshold 15 (max 15)
[PSYoungGen: 256459K->4499K(257024K)] 366489K->114600K(1043456K), 0.0108106 secs] [Times: user=0.01 sys=0.00, real=0.01 secs] 
9303.838: [GC (Allocation Failure) 
Desired survivor size 5242880 bytes, new threshold 15 (max 15)
[PSYoungGen: 256403K->4489K(257024K)] 366504K->114670K(1043456K), 0.0098815 secs] [Times: user=0.02 sys=0.00, real=0.01 secs] 
9322.163: [GC (Allocation Failure) 
Desired survivor size 5242880 bytes, new threshold 15 (max 15)
[PSYoungGen: 256393K->4737K(257024K)] 366574K->115031K(1043456K), 0.0101042 secs] [Times: user=0.02 sys=0.00, real=0.01 secs] 
9340.591: [GC (Allocation Failure) 
Desired survivor size 5242880 bytes, new threshold 15 (max 15)
[PSYoungGen: 256641K->4663K(257024K)] 366935K->115028K(1043456K), 0.0099691 secs] [Times: user=0.02 sys=0.00, real=0.01 secs] 
9359.042: [GC (Allocation Failure) 
Desired survivor size 5242880 bytes, new threshold 15 (max 15)
[PSYoungGen: 256567K->4545K(257024K)] 366932K->115037K(1043456K), 0.0114923 secs] [Times: user=0.01 sys=0.00, real=0.01 secs] 
9377.584: [GC (Allocation Failure) 
Desired survivor size 5242880 bytes, new threshold 15 (max 15)
[PSYoungGen: 256449K->4452K(257024K)] 366941K->115071K(1043456K), 0.0095689 secs] [Times: user=0.01 sys=0.00, real=0.01 secs] 
9396.085: [GC (Allocation Failure) 
Desired survivor size 5242880 bytes, new threshold 15 (max 15)
[PSYoungGen: 256356K->4467K(257024K)] 366975K->115166K(1043456K), 0.0097892 secs] [Times: user=0.02 sys=0.00, real=0.01 secs] 
9414.540: [GC (Allocation Failure) 
Desired survivor size 5242880 bytes, new threshold 15 (max 15)
[PSYoungGen: 256371K->4435K(257024K)] 367070K->115206K(1043456K), 0.0106498 secs] [Times: user=0.02 sys=0.00, real=0.01 secs] 
9433.084: [GC (Allocation Failure) 
Desired survivor size 5242880 bytes, new threshold 15 (max 15)
[PSYoungGen: 256339K->4411K(257024K)] 367110K->115309K(1043456K), 0.0098874 secs] [Times: user=0.01 sys=0.00, real=0.01 secs] 
9451.589: [GC (Allocation Failure) 
Desired survivor size 5242880 bytes, new threshold 15 (max 15)
[PSYoungGen: 256315K->4380K(257024K)] 367213K->115350K(1043456K), 0.0100730 secs] [Times: user=0.01 sys=0.00, real=0.01 secs] 
9470.089: [GC (Allocation Failure) 
Desired survivor size 5242880 bytes, new threshold 15 (max 15)
[PSYoungGen: 256284K->4398K(257024K)] 367254K->115439K(1043456K), 0.0103178 secs] [Times: user=0.02 sys=0.00, real=0.01 secs] 
9488.627: [GC (Allocation Failure) 
Desired survivor size 5242880 bytes, new threshold 15 (max 15)
[PSYoungGen: 256302K->4359K(257024K)] 367343K->115519K(1043456K), 0.0100458 secs] [Times: user=0.02 sys=0.00, real=0.01 secs] 
9507.095: [GC (Allocation Failure) 
Desired survivor size 5242880 bytes, new threshold 15 (max 15)
[PSYoungGen: 256263K->4353K(257024K)] 367423K->115586K(1043456K), 0.0148619 secs] [Times: user=0.02 sys=0.00, real=0.02 secs] 
9525.718: [GC (Allocation Failure) 
Desired survivor size 5242880 bytes, new threshold 15 (max 15)
[PSYoungGen: 256257K->4321K(257024K)] 367490K->115680K(1043456K), 0.0142048 secs] [Times: user=0.03 sys=0.00, real=0.02 secs] 
9544.165: [GC (Allocation Failure) 
Desired survivor size 5242880 bytes, new threshold 15 (max 15)
[PSYoungGen: 256225K->4304K(257024K)] 367584K->115735K(1043456K), 0.0109748 secs] [Times: user=0.02 sys=0.00, real=0.02 secs] 
9562.667: [GC (Allocation Failure) 
Desired survivor size 5242880 bytes, new threshold 15 (max 15)
[PSYoungGen: 256208K->4359K(257024K)] 367639K->115863K(1043456K), 0.0094984 secs] [Times: user=0.02 sys=0.00, real=0.01 secs] 
9581.169: [GC (Allocation Failure) 
Desired survivor size 5242880 bytes, new threshold 15 (max 15)
[PSYoungGen: 256263K->4305K(257024K)] 367767K->115935K(1043456K), 0.0115727 secs] [Times: user=0.02 sys=0.00, real=0.02 secs] 
9599.668: [GC (Allocation Failure) 
Desired survivor size 5242880 bytes, new threshold 15 (max 15)
[PSYoungGen: 256209K->4217K(257024K)] 367839K->116020K(1043456K), 0.0095750 secs] [Times: user=0.02 sys=0.00, real=0.01 secs] 
9617.957: [GC (Allocation Failure) 
Desired survivor size 5242880 bytes, new threshold 15 (max 15)
[PSYoungGen: 256121K->4426K(257024K)] 367924K->116365K(1043456K), 0.0118283 secs] [Times: user=0.01 sys=0.00, real=0.01 secs] 
9636.166: [GC (Allocation Failure) 
Desired survivor size 5242880 bytes, new threshold 15 (max 15)
[PSYoungGen: 256330K->4294K(257024K)] 368269K->116305K(1043456K), 0.0098067 secs] [Times: user=0.02 sys=0.00, real=0.01 secs] 
9654.659: [GC (Allocation Failure) 
Desired survivor size 5242880 bytes, new threshold 15 (max 15)
[PSYoungGen: 256198K->4476K(257024K)] 368209K->116559K(1043456K), 0.0105696 secs] [Times: user=0.02 sys=0.00, real=0.01 secs] 
9673.091: [GC (Allocation Failure) 
Desired survivor size 5242880 bytes, new threshold 15 (max 15)
[PSYoungGen: 256380K->4444K(257024K)] 368463K->116599K(1043456K), 0.0093281 secs] [Times: user=0.01 sys=0.00, real=0.01 secs] 
9691.592: [GC (Allocation Failure) 
Desired survivor size 5242880 bytes, new threshold 15 (max 15)
[PSYoungGen: 256348K->4319K(257024K)] 368503K->116656K(1043456K), 0.0095053 secs] [Times: user=0.02 sys=0.00, real=0.01 secs] 
9709.964: [GC (Allocation Failure) 
Desired survivor size 5242880 bytes, new threshold 15 (max 15)
[PSYoungGen: 256223K->4445K(257024K)] 368560K->116853K(1043456K), 0.0107360 secs] [Times: user=0.01 sys=0.00, real=0.01 secs] 
9728.465: [GC (Allocation Failure) 
Desired survivor size 4718592 bytes, new threshold 15 (max 15)
[PSYoungGen: 256349K->4342K(257024K)] 368757K->116877K(1043456K), 0.0094491 secs] [Times: user=0.01 sys=0.00, real=0.01 secs] 
9746.965: [GC (Allocation Failure) 
Desired survivor size 4718592 bytes, new threshold 15 (max 15)
[PSYoungGen: 256246K->4422K(257536K)] 368781K->117037K(1043968K), 0.0104085 secs] [Times: user=0.01 sys=0.00, real=0.02 secs] 
9765.546: [GC (Allocation Failure) 
Desired survivor size 4718592 bytes, new threshold 15 (max 15)
[PSYoungGen: 257350K->4470K(257536K)] 369965K->117157K(1043968K), 0.0099751 secs] [Times: user=0.02 sys=0.00, real=0.01 secs] 
9784.035: [GC (Allocation Failure) 
Desired survivor size 5242880 bytes, new threshold 15 (max 15)
[PSYoungGen: 257398K->4563K(256512K)] 370085K->117330K(1042944K), 0.0094642 secs] [Times: user=0.02 sys=0.00, real=0.01 secs] 
9802.460: [GC (Allocation Failure) 
Desired survivor size 5242880 bytes, new threshold 15 (max 15)
[PSYoungGen: 256467K->4554K(257024K)] 369234K->117401K(1043456K), 0.0093722 secs] [Times: user=0.02 sys=0.00, real=0.01 secs] 
9820.910: [GC (Allocation Failure) 
Desired survivor size 5242880 bytes, new threshold 15 (max 15)
[PSYoungGen: 256458K->4630K(257024K)] 369305K->117549K(1043456K), 0.0108524 secs] [Times: user=0.02 sys=0.00, real=0.01 secs] 
9839.333: [GC (Allocation Failure) 
Desired survivor size 5242880 bytes, new threshold 15 (max 15)
[PSYoungGen: 256534K->4623K(257024K)] 369453K->117622K(1043456K), 0.0099276 secs] [Times: user=0.02 sys=0.00, real=0.01 secs] 
9857.789: [GC (Allocation Failure) 
Desired survivor size 5242880 bytes, new threshold 15 (max 15)
[PSYoungGen: 256527K->4687K(257024K)] 369526K->117766K(1043456K), 0.0109384 secs] [Times: user=0.02 sys=0.00, real=0.01 secs] 
9876.247: [GC (Allocation Failure) 
Desired survivor size 5242880 bytes, new threshold 15 (max 15)
[PSYoungGen: 256591K->4706K(257024K)] 369670K->117865K(1043456K), 0.0127099 secs] [Times: user=0.01 sys=0.00, real=0.01 secs] 
9894.710: [GC (Allocation Failure) 
Desired survivor size 5242880 bytes, new threshold 15 (max 15)
[PSYoungGen: 256610K->4646K(257024K)] 369769K->117877K(1043456K), 0.0127766 secs] [Times: user=0.02 sys=0.00, real=0.01 secs] 
9913.093: [GC (Allocation Failure) 
Desired survivor size 5242880 bytes, new threshold 15 (max 15)
[PSYoungGen: 256550K->4583K(257024K)] 369781K->117980K(1043456K), 0.0112593 secs] [Times: user=0.02 sys=0.00, real=0.01 secs] 
9931.466: [GC (Allocation Failure) 
Desired survivor size 5242880 bytes, new threshold 15 (max 15)
[PSYoungGen: 256487K->4754K(257024K)] 369884K->118270K(1043456K), 0.0127582 secs] [Times: user=0.02 sys=0.00, real=0.01 secs] 
9949.961: [GC (Allocation Failure) 
Desired survivor size 5242880 bytes, new threshold 15 (max 15)
[PSYoungGen: 256658K->4723K(257024K)] 370174K->118320K(1043456K), 0.0123515 secs] [Times: user=0.02 sys=0.00, real=0.01 secs] 
9968.339: [GC (Allocation Failure) 
Desired survivor size 5242880 bytes, new threshold 15 (max 15)
[PSYoungGen: 256627K->4592K(257024K)] 370224K->118261K(1043456K), 0.0094189 secs] [Times: user=0.01 sys=0.00, real=0.00 secs] 
9986.845: [GC (Allocation Failure) 
Desired survivor size 5242880 bytes, new threshold 15 (max 15)
[PSYoungGen: 256496K->4614K(257024K)] 370165K->118401K(1043456K), 0.0114225 secs] [Times: user=0.02 sys=0.00, real=0.01 secs] 
10005.342: [GC (Allocation Failure) 
Desired survivor size 5242880 bytes, new threshold 15 (max 15)
[PSYoungGen: 256518K->4548K(257024K)] 370305K->118408K(1043456K), 0.0098782 secs] [Times: user=0.02 sys=0.00, real=0.01 secs] 
10023.839: [GC (Allocation Failure) 
Desired survivor size 5242880 bytes, new threshold 15 (max 15)
[PSYoungGen: 256452K->4602K(257024K)] 370312K->118541K(1043456K), 0.0102536 secs] [Times: user=0.01 sys=0.00, real=0.01 secs] 
10042.291: [GC (Allocation Failure) 
Desired survivor size 5242880 bytes, new threshold 15 (max 15)
[PSYoungGen: 256506K->4494K(257024K)] 370445K->118563K(1043456K), 0.0094008 secs] [Times: user=0.02 sys=0.00, real=0.01 secs] 
10060.841: [GC (Allocation Failure) 
Desired survivor size 5242880 bytes, new threshold 15 (max 15)
[PSYoungGen: 256398K->4537K(257024K)] 370467K->118685K(1043456K), 0.0117630 secs] [Times: user=0.02 sys=0.00, real=0.01 secs] 
10079.172: [GC (Allocation Failure) 
Desired survivor size 5242880 bytes, new threshold 15 (max 15)
[PSYoungGen: 256441K->4534K(257024K)] 370589K->118755K(1043456K), 0.0112347 secs] [Times: user=0.02 sys=0.00, real=0.01 secs] 
10097.719: [GC (Allocation Failure) 
Desired survivor size 5242880 bytes, new threshold 15 (max 15)
[PSYoungGen: 256438K->4559K(257024K)] 370659K->118906K(1043456K), 0.0099436 secs] [Times: user=0.01 sys=0.00, real=0.01 secs] 
10116.168: [GC (Allocation Failure) 
Desired survivor size 5242880 bytes, new threshold 15 (max 15)
[PSYoungGen: 256463K->4441K(257024K)] 370810K->118915K(1043456K), 0.0096730 secs] [Times: user=0.01 sys=0.00, real=0.01 secs] 
10134.668: [GC (Allocation Failure) 
Desired survivor size 5242880 bytes, new threshold 15 (max 15)
[PSYoungGen: 256345K->4441K(257024K)] 370819K->118987K(1043456K), 0.0130996 secs] [Times: user=0.02 sys=0.00, real=0.01 secs] 
10153.164: [GC (Allocation Failure) 
Desired survivor size 5242880 bytes, new threshold 15 (max 15)
[PSYoungGen: 256345K->4504K(257024K)] 370891K->119169K(1043456K), 0.0101089 secs] [Times: user=0.01 sys=0.00, real=0.01 secs] 
10171.583: [GC (Allocation Failure) 
Desired survivor size 5242880 bytes, new threshold 15 (max 15)
[PSYoungGen: 256408K->4543K(257024K)] 371073K->119288K(1043456K), 0.0100971 secs] [Times: user=0.02 sys=0.00, real=0.01 secs] 
10190.037: [GC (Allocation Failure) 
Desired survivor size 5242880 bytes, new threshold 15 (max 15)
[PSYoungGen: 256447K->4526K(257024K)] 371192K->119398K(1043456K), 0.0114928 secs] [Times: user=0.02 sys=0.00, real=0.01 secs] 
10208.541: [GC (Allocation Failure) 
Desired survivor size 5242880 bytes, new threshold 15 (max 15)
[PSYoungGen: 256430K->4457K(257024K)] 371302K->119456K(1043456K), 0.0099236 secs] [Times: user=0.02 sys=0.00, real=0.01 secs] 
10226.962: [GC (Allocation Failure) 
Desired survivor size 5242880 bytes, new threshold 15 (max 15)
[PSYoungGen: 256361K->4714K(257024K)] 371360K->119793K(1043456K), 0.0099872 secs] [Times: user=0.02 sys=0.00, real=0.01 secs] 
10245.180: [GC (Allocation Failure) 
Desired survivor size 5242880 bytes, new threshold 15 (max 15)
[PSYoungGen: 256618K->4619K(257024K)] 371697K->119778K(1043456K), 0.0096120 secs] [Times: user=0.01 sys=0.00, real=0.01 secs] 
10263.667: [GC (Allocation Failure) 
Desired survivor size 5242880 bytes, new threshold 15 (max 15)
[PSYoungGen: 256523K->4499K(257024K)] 371682K->119777K(1043456K), 0.0100916 secs] [Times: user=0.02 sys=0.00, real=0.01 secs] 
10282.161: [GC (Allocation Failure) 
Desired survivor size 5242880 bytes, new threshold 15 (max 15)
[PSYoungGen: 256403K->4542K(257024K)] 371681K->119899K(1043456K), 0.0095631 secs] [Times: user=0.01 sys=0.00, real=0.01 secs] 
10300.666: [GC (Allocation Failure) 
Desired survivor size 5242880 bytes, new threshold 15 (max 15)
[PSYoungGen: 256446K->4455K(257024K)] 371803K->119885K(1043456K), 0.0114185 secs] [Times: user=0.02 sys=0.00, real=0.01 secs] 
10319.090: [GC (Allocation Failure) 
Desired survivor size 5242880 bytes, new threshold 15 (max 15)
[PSYoungGen: 256359K->4391K(257024K)] 371789K->119900K(1043456K), 0.0097231 secs] [Times: user=0.01 sys=0.00, real=0.01 secs] 
10337.668: [GC (Allocation Failure) 
Desired survivor size 5242880 bytes, new threshold 15 (max 15)
[PSYoungGen: 256295K->4488K(257024K)] 371804K->120069K(1043456K), 0.0111880 secs] [Times: user=0.02 sys=0.00, real=0.01 secs] 
10356.187: [GC (Allocation Failure) 
Desired survivor size 5242880 bytes, new threshold 15 (max 15)
[PSYoungGen: 256392K->4415K(257024K)] 371973K->120123K(1043456K), 0.0105364 secs] [Times: user=0.02 sys=0.00, real=0.02 secs] 
10374.626: [GC (Allocation Failure) 
Desired survivor size 5242880 bytes, new threshold 15 (max 15)
[PSYoungGen: 256319K->4460K(257024K)] 372027K->120240K(1043456K), 0.0104856 secs] [Times: user=0.02 sys=0.00, real=0.01 secs] 
10393.093: [GC (Allocation Failure) 
Desired survivor size 5242880 bytes, new threshold 15 (max 15)
[PSYoungGen: 256364K->4396K(257024K)] 372144K->120295K(1043456K), 0.0095533 secs] [Times: user=0.02 sys=0.00, real=0.01 secs] 
10411.587: [GC (Allocation Failure) 
Desired survivor size 5242880 bytes, new threshold 15 (max 15)
[PSYoungGen: 256300K->4493K(257024K)] 372199K->120464K(1043456K), 0.0112960 secs] [Times: user=0.02 sys=0.00, real=0.02 secs] 
10430.090: [GC (Allocation Failure) 
Desired survivor size 5242880 bytes, new threshold 15 (max 15)
[PSYoungGen: 256397K->4383K(257024K)] 372368K->120481K(1043456K), 0.0101134 secs] [Times: user=0.02 sys=0.00, real=0.01 secs] 
10448.581: [GC (Allocation Failure) 
Desired survivor size 5242880 bytes, new threshold 15 (max 15)
[PSYoungGen: 256287K->4297K(257024K)] 372385K->120568K(1043456K), 0.0093067 secs] [Times: user=0.02 sys=0.00, real=0.01 secs] 
10467.043: [GC (Allocation Failure) 
Desired survivor size 5242880 bytes, new threshold 15 (max 15)
[PSYoungGen: 256200K->4258K(257024K)] 372472K->120703K(1043456K), 0.0096326 secs] [Times: user=0.02 sys=0.00, real=0.01 secs] 
10485.591: [GC (Allocation Failure) 
Desired survivor size 5242880 bytes, new threshold 15 (max 15)
[PSYoungGen: 256162K->4290K(257024K)] 372607K->120808K(1043456K), 0.0106139 secs] [Times: user=0.01 sys=0.00, real=0.01 secs] 
10504.140: [GC (Allocation Failure) 
Desired survivor size 5242880 bytes, new threshold 15 (max 15)
[PSYoungGen: 256194K->4371K(257024K)] 372712K->120968K(1043456K), 0.0105239 secs] [Times: user=0.01 sys=0.00, real=0.01 secs] 
10522.547: [GC (Allocation Failure) 
Desired survivor size 5242880 bytes, new threshold 15 (max 15)
[PSYoungGen: 256275K->4388K(257024K)] 372872K->121097K(1043456K), 0.0098414 secs] [Times: user=0.01 sys=0.00, real=0.01 secs] 
10541.084: [GC (Allocation Failure) 
Desired survivor size 5242880 bytes, new threshold 15 (max 15)
[PSYoungGen: 256292K->4355K(257024K)] 373001K->121137K(1043456K), 0.0097175 secs] [Times: user=0.01 sys=0.00, real=0.01 secs] 
10559.421: [GC (Allocation Failure) 
Desired survivor size 5242880 bytes, new threshold 15 (max 15)
[PSYoungGen: 256259K->4282K(257024K)] 373041K->121135K(1043456K), 0.0099096 secs] [Times: user=0.02 sys=0.00, real=0.01 secs] 
10577.917: [GC (Allocation Failure) 
Desired survivor size 5242880 bytes, new threshold 15 (max 15)
[PSYoungGen: 256186K->4297K(257024K)] 373039K->121222K(1043456K), 0.0097786 secs] [Times: user=0.02 sys=0.00, real=0.01 secs] 
10596.416: [GC (Allocation Failure) 
Desired survivor size 5242880 bytes, new threshold 15 (max 15)
[PSYoungGen: 256201K->4363K(257024K)] 373126K->121368K(1043456K), 0.0111210 secs] [Times: user=0.01 sys=0.00, real=0.01 secs] 
10614.920: [GC (Allocation Failure) 
Desired survivor size 5242880 bytes, new threshold 15 (max 15)
[PSYoungGen: 256267K->4255K(257024K)] 373272K->121333K(1043456K), 0.0103360 secs] [Times: user=0.01 sys=0.00, real=0.01 secs] 
10633.420: [GC (Allocation Failure) 
Desired survivor size 5242880 bytes, new threshold 15 (max 15)
[PSYoungGen: 256159K->4256K(257024K)] 373237K->121405K(1043456K), 0.0097470 secs] [Times: user=0.02 sys=0.00, real=0.01 secs] 
10651.842: [GC (Allocation Failure) 
Desired survivor size 4718592 bytes, new threshold 15 (max 15)
[PSYoungGen: 256160K->4281K(257024K)] 373309K->121603K(1043456K), 0.0096527 secs] [Times: user=0.01 sys=0.00, real=0.01 secs] 
10670.340: [GC (Allocation Failure) 
Desired survivor size 4718592 bytes, new threshold 15 (max 15)
[PSYoungGen: 256185K->4275K(257536K)] 373507K->121716K(1043968K), 0.0099667 secs] [Times: user=0.02 sys=0.00, real=0.01 secs] 
10688.922: [GC (Allocation Failure) 
Desired survivor size 4718592 bytes, new threshold 15 (max 15)
[PSYoungGen: 257203K->4275K(257536K)] 374644K->121796K(1043968K), 0.0093775 secs] [Times: user=0.02 sys=0.00, real=0.01 secs] 
10707.459: [GC (Allocation Failure) 
Desired survivor size 4718592 bytes, new threshold 15 (max 15)
[PSYoungGen: 257203K->4323K(257536K)] 374724K->121916K(1043968K), 0.0093941 secs] [Times: user=0.02 sys=0.00, real=0.01 secs] 
10726.051: [GC (Allocation Failure) 
Desired survivor size 4718592 bytes, new threshold 15 (max 15)
[PSYoungGen: 257251K->4360K(257536K)] 374844K->122026K(1043968K), 0.0115476 secs] [Times: user=0.02 sys=0.00, real=0.01 secs] 
10744.585: [GC (Allocation Failure) 
Desired survivor size 4718592 bytes, new threshold 15 (max 15)
[PSYoungGen: 257288K->4306K(257536K)] 374954K->122091K(1043968K), 0.0094865 secs] [Times: user=0.02 sys=0.00, real=0.01 secs] 
10763.170: [GC (Allocation Failure) 
Desired survivor size 4718592 bytes, new threshold 15 (max 15)
[PSYoungGen: 257234K->4258K(257536K)] 375019K->122123K(1043968K), 0.0101134 secs] [Times: user=0.02 sys=0.00, real=0.01 secs] 
10781.711: [GC (Allocation Failure) 
Desired survivor size 4718592 bytes, new threshold 15 (max 15)
[PSYoungGen: 257186K->4313K(257536K)] 375051K->122250K(1043968K), 0.0108468 secs] [Times: user=0.02 sys=0.00, real=0.01 secs] 
10800.218: [GC (Allocation Failure) 
Desired survivor size 4718592 bytes, new threshold 15 (max 15)
[PSYoungGen: 257241K->4313K(257536K)] 375178K->122330K(1043968K), 0.0103140 secs] [Times: user=0.02 sys=0.00, real=0.01 secs] 
10818.710: [GC (Allocation Failure) 
Desired survivor size 4718592 bytes, new threshold 15 (max 15)
[PSYoungGen: 257241K->4578K(257536K)] 375258K->122674K(1043968K), 0.0096207 secs] [Times: user=0.01 sys=0.00, real=0.01 secs] 
10831.068: [GC (System.gc()) 
Desired survivor size 4718592 bytes, new threshold 15 (max 15)
[PSYoungGen: 173252K->4306K(257536K)] 291349K->122483K(1043968K), 0.0098975 secs] [Times: user=0.02 sys=0.00, real=0.01 secs] 
10831.078: [Full GC (System.gc()) [PSYoungGen: 4306K->0K(257536K)] [ParOldGen: 118176K->102464K(786432K)] 122483K->102464K(1043968K), [Metaspace: 91472K->91472K(1132544K)], 0.3464268 secs] [Times: user=0.55 sys=0.00, real=0.35 secs] 
10849.168: [GC (Allocation Failure) 
Desired survivor size 5242880 bytes, new threshold 15 (max 15)
[PSYoungGen: 252928K->3611K(256512K)] 355392K->106076K(1042944K), 0.0098342 secs] [Times: user=0.01 sys=0.00, real=0.01 secs] 
10867.532: [GC (Allocation Failure) 
Desired survivor size 5242880 bytes, new threshold 15 (max 15)
[PSYoungGen: 255515K->3832K(257024K)] 357980K->106297K(1043456K), 0.0093062 secs] [Times: user=0.02 sys=0.00, real=0.01 secs] 
10886.027: [GC (Allocation Failure) 
Desired survivor size 5242880 bytes, new threshold 15 (max 15)
[PSYoungGen: 255736K->3982K(257024K)] 358201K->106447K(1043456K), 0.0127037 secs] [Times: user=0.02 sys=0.00, real=0.02 secs] 
10904.340: [GC (Allocation Failure) 
Desired survivor size 5242880 bytes, new threshold 15 (max 15)
[PSYoungGen: 255886K->4092K(257024K)] 358351K->106565K(1043456K), 0.0130629 secs] [Times: user=0.02 sys=0.00, real=0.02 secs] 
10922.916: [GC (Allocation Failure) 
Desired survivor size 5242880 bytes, new threshold 15 (max 15)
[PSYoungGen: 255996K->4173K(257024K)] 358469K->106646K(1043456K), 0.0099496 secs] [Times: user=0.02 sys=0.00, real=0.01 secs] 
10941.342: [GC (Allocation Failure) 
Desired survivor size 4718592 bytes, new threshold 15 (max 15)
[PSYoungGen: 256077K->4141K(257024K)] 358550K->106613K(1043456K), 0.0107279 secs] [Times: user=0.02 sys=0.00, real=0.01 secs] 
10959.835: [GC (Allocation Failure) 
Desired survivor size 4718592 bytes, new threshold 15 (max 15)
[PSYoungGen: 256045K->4339K(257536K)] 358517K->106811K(1043968K), 0.0094090 secs] [Times: user=0.01 sys=0.00, real=0.01 secs] 
10978.371: [GC (Allocation Failure) 
Desired survivor size 5242880 bytes, new threshold 15 (max 15)
[PSYoungGen: 257267K->4333K(257536K)] 359739K->106806K(1043968K), 0.0100538 secs] [Times: user=0.02 sys=0.00, real=0.01 secs] 
10997.038: [GC (Allocation Failure) 
Desired survivor size 5242880 bytes, new threshold 15 (max 15)
[PSYoungGen: 257261K->4391K(256512K)] 359734K->106863K(1042944K), 0.0089336 secs] [Times: user=0.01 sys=0.00, real=0.01 secs] 
11015.314: [GC (Allocation Failure) 
Desired survivor size 5242880 bytes, new threshold 15 (max 15)
[PSYoungGen: 256295K->4499K(257024K)] 358767K->106972K(1043456K), 0.0090653 secs] [Times: user=0.02 sys=0.00, real=0.01 secs] 
11033.785: [GC (Allocation Failure) 
Desired survivor size 5242880 bytes, new threshold 15 (max 15)
[PSYoungGen: 256403K->4538K(257024K)] 358876K->107010K(1043456K), 0.0097758 secs] [Times: user=0.02 sys=0.00, real=0.01 secs] 
11052.287: [GC (Allocation Failure) 
Desired survivor size 5242880 bytes, new threshold 15 (max 15)
[PSYoungGen: 256442K->4608K(257024K)] 358914K->107080K(1043456K), 0.0097693 secs] [Times: user=0.02 sys=0.00, real=0.01 secs] 
11070.716: [GC (Allocation Failure) 
Desired survivor size 5242880 bytes, new threshold 15 (max 15)
[PSYoungGen: 256512K->4650K(257024K)] 358984K->107123K(1043456K), 0.0091553 secs] [Times: user=0.01 sys=0.00, real=0.01 secs] 
11089.218: [GC (Allocation Failure) 
Desired survivor size 5242880 bytes, new threshold 15 (max 15)
[PSYoungGen: 256554K->4660K(257024K)] 359027K->107132K(1043456K), 0.0101656 secs] [Times: user=0.02 sys=0.00, real=0.01 secs] 
11107.709: [GC (Allocation Failure) 
Desired survivor size 5242880 bytes, new threshold 15 (max 15)
[PSYoungGen: 256564K->4718K(257024K)] 359036K->107191K(1043456K), 0.0092315 secs] [Times: user=0.01 sys=0.00, real=0.01 secs] 
11126.168: [GC (Allocation Failure) 
Desired survivor size 5242880 bytes, new threshold 15 (max 15)
[PSYoungGen: 256622K->4290K(257024K)] 359095K->107429K(1043456K), 0.0095916 secs] [Times: user=0.02 sys=0.00, real=0.01 secs] 
11144.583: [GC (Allocation Failure) 
Desired survivor size 5242880 bytes, new threshold 15 (max 15)
[PSYoungGen: 256194K->4258K(257024K)] 359333K->107454K(1043456K), 0.0088460 secs] [Times: user=0.01 sys=0.00, real=0.01 secs] 
11163.037: [GC (Allocation Failure) 
Desired survivor size 5242880 bytes, new threshold 15 (max 15)
[PSYoungGen: 256162K->4161K(257024K)] 359358K->107412K(1043456K), 0.0090676 secs] [Times: user=0.02 sys=0.00, real=0.01 secs] 
11181.424: [GC (Allocation Failure) 
Desired survivor size 5242880 bytes, new threshold 15 (max 15)
[PSYoungGen: 256065K->4155K(257024K)] 359316K->107510K(1043456K), 0.0088632 secs] [Times: user=0.01 sys=0.00, real=0.00 secs] 
11199.922: [GC (Allocation Failure) 
Desired survivor size 5242880 bytes, new threshold 15 (max 15)
[PSYoungGen: 256059K->4177K(257024K)] 359414K->107579K(1043456K), 0.0087321 secs] [Times: user=0.01 sys=0.00, real=0.01 secs] 
11218.342: [GC (Allocation Failure) 
Desired survivor size 5242880 bytes, new threshold 15 (max 15)
[PSYoungGen: 256065K->4208K(257024K)] 359467K->107666K(1043456K), 0.0092038 secs] [Times: user=0.01 sys=0.00, real=0.01 secs] 
11236.916: [GC (Allocation Failure) 
Desired survivor size 5242880 bytes, new threshold 15 (max 15)
[PSYoungGen: 256112K->4257K(257024K)] 359570K->107771K(1043456K), 0.0087485 secs] [Times: user=0.01 sys=0.00, real=0.01 secs] 
11255.417: [GC (Allocation Failure) 
Desired survivor size 5242880 bytes, new threshold 15 (max 15)
[PSYoungGen: 256161K->4304K(257024K)] 359675K->107866K(1043456K), 0.0090634 secs] [Times: user=0.01 sys=0.00, real=0.01 secs] 
11273.965: [GC (Allocation Failure) 
Desired survivor size 5242880 bytes, new threshold 15 (max 15)
[PSYoungGen: 256208K->4320K(257024K)] 359770K->107938K(1043456K), 0.0094934 secs] [Times: user=0.01 sys=0.00, real=0.01 secs] 
11292.344: [GC (Allocation Failure) 
Desired survivor size 5242880 bytes, new threshold 15 (max 15)
[PSYoungGen: 256224K->4233K(257024K)] 359842K->107954K(1043456K), 0.0089409 secs] [Times: user=0.01 sys=0.00, real=0.01 secs] 
11310.828: [GC (Allocation Failure) 
Desired survivor size 5242880 bytes, new threshold 15 (max 15)
[PSYoungGen: 256137K->4289K(257024K)] 359858K->108120K(1043456K), 0.0118006 secs] [Times: user=0.02 sys=0.00, real=0.01 secs] 
11329.295: [GC (Allocation Failure) 
Desired survivor size 5242880 bytes, new threshold 15 (max 15)
[PSYoungGen: 256193K->4271K(257024K)] 360024K->108206K(1043456K), 0.0090504 secs] [Times: user=0.02 sys=0.00, real=0.01 secs] 
11347.797: [GC (Allocation Failure) 
Desired survivor size 4718592 bytes, new threshold 15 (max 15)
[PSYoungGen: 256175K->4239K(257024K)] 360110K->108287K(1043456K), 0.0093938 secs] [Times: user=0.02 sys=0.00, real=0.01 secs] 
11366.338: [GC (Allocation Failure) 
Desired survivor size 4718592 bytes, new threshold 15 (max 15)
[PSYoungGen: 256143K->4217K(257536K)] 360191K->108320K(1043968K), 0.0114195 secs] [Times: user=0.02 sys=0.00, real=0.01 secs] 
11384.793: [GC (Allocation Failure) 
Desired survivor size 4718592 bytes, new threshold 15 (max 15)
[PSYoungGen: 257145K->4341K(257536K)] 361248K->108555K(1043968K), 0.0100070 secs] [Times: user=0.01 sys=0.01, real=0.01 secs] 
11403.340: [GC (Allocation Failure) 
Desired survivor size 4718592 bytes, new threshold 15 (max 15)
[PSYoungGen: 257269K->4358K(257536K)] 361483K->108636K(1043968K), 0.0094143 secs] [Times: user=0.02 sys=0.00, real=0.01 secs] 
11421.832: [GC (Allocation Failure) 
Desired survivor size 5242880 bytes, new threshold 15 (max 15)
[PSYoungGen: 257286K->4583K(257536K)] 361564K->108941K(1043968K), 0.0103860 secs] [Times: user=0.01 sys=0.00, real=0.01 secs] 
11440.171: [GC (Allocation Failure) 
Desired survivor size 5242880 bytes, new threshold 15 (max 15)
[PSYoungGen: 257511K->4402K(256512K)] 361869K->108879K(1042944K), 0.0093522 secs] [Times: user=0.02 sys=0.00, real=0.01 secs] 
11458.590: [GC (Allocation Failure) 
Desired survivor size 5242880 bytes, new threshold 15 (max 15)
[PSYoungGen: 256306K->4368K(257024K)] 360783K->108925K(1043456K), 0.0103205 secs] [Times: user=0.01 sys=0.00, real=0.01 secs] 
11477.166: [GC (Allocation Failure) 
Desired survivor size 5242880 bytes, new threshold 15 (max 15)
[PSYoungGen: 256272K->4426K(257024K)] 360829K->109063K(1043456K), 0.0093748 secs] [Times: user=0.02 sys=0.00, real=0.01 secs] 
11495.591: [GC (Allocation Failure) 
Desired survivor size 5242880 bytes, new threshold 15 (max 15)
[PSYoungGen: 256330K->4411K(257024K)] 360967K->109128K(1043456K), 0.0118128 secs] [Times: user=0.01 sys=0.00, real=0.01 secs] 
11514.042: [GC (Allocation Failure) 
Desired survivor size 5242880 bytes, new threshold 15 (max 15)
[PSYoungGen: 256315K->4255K(257024K)] 361032K->109052K(1043456K), 0.0090791 secs] [Times: user=0.02 sys=0.00, real=0.01 secs] 
11532.539: [GC (Allocation Failure) 
Desired survivor size 4718592 bytes, new threshold 15 (max 15)
[PSYoungGen: 256159K->4368K(257024K)] 360956K->109237K(1043456K), 0.0109695 secs] [Times: user=0.02 sys=0.00, real=0.01 secs] 
11550.962: [GC (Allocation Failure) 
Desired survivor size 4718592 bytes, new threshold 15 (max 15)
[PSYoungGen: 256272K->4341K(257536K)] 361141K->109291K(1043968K), 0.0102267 secs] [Times: user=0.01 sys=0.00, real=0.01 secs] 
11569.543: [GC (Allocation Failure) 
Desired survivor size 4718592 bytes, new threshold 15 (max 15)
[PSYoungGen: 257269K->4453K(257536K)] 362219K->109474K(1043968K), 0.0119414 secs] [Times: user=0.02 sys=0.00, real=0.01 secs] 
11588.119: [GC (Allocation Failure) 
Desired survivor size 4718592 bytes, new threshold 15 (max 15)
[PSYoungGen: 257381K->4312K(257536K)] 362402K->109507K(1043968K), 0.0103858 secs] [Times: user=0.01 sys=0.00, real=0.01 secs] 
11606.673: [GC (Allocation Failure) 
Desired survivor size 4718592 bytes, new threshold 15 (max 15)
[PSYoungGen: 257240K->4265K(257536K)] 362435K->109579K(1043968K), 0.0108906 secs] [Times: user=0.01 sys=0.00, real=0.01 secs] 
11625.294: [GC (Allocation Failure) 
Desired survivor size 4718592 bytes, new threshold 15 (max 15)
[PSYoungGen: 257193K->4329K(257536K)] 362507K->109722K(1043968K), 0.0104763 secs] [Times: user=0.02 sys=0.00, real=0.01 secs] 
11643.834: [GC (Allocation Failure) 
Desired survivor size 4718592 bytes, new threshold 15 (max 15)
[PSYoungGen: 257257K->4328K(257536K)] 362650K->109794K(1043968K), 0.0097040 secs] [Times: user=0.01 sys=0.00, real=0.01 secs] 
11662.460: [GC (Allocation Failure) 
Desired survivor size 4718592 bytes, new threshold 15 (max 15)
[PSYoungGen: 257256K->4283K(257536K)] 362722K->109922K(1043968K), 0.0093184 secs] [Times: user=0.02 sys=0.00, real=0.01 secs] 
11681.040: [GC (Allocation Failure) 
Desired survivor size 4718592 bytes, new threshold 15 (max 15)
[PSYoungGen: 257211K->4220K(257536K)] 362850K->109932K(1043968K), 0.0103175 secs] [Times: user=0.02 sys=0.00, real=0.01 secs] 
11699.584: [GC (Allocation Failure) 
Desired survivor size 4718592 bytes, new threshold 15 (max 15)
[PSYoungGen: 257148K->4290K(257536K)] 362860K->110081K(1043968K), 0.0098703 secs] [Times: user=0.02 sys=0.00, real=0.01 secs] 
11718.088: [GC (Allocation Failure) 
Desired survivor size 4718592 bytes, new threshold 15 (max 15)
[PSYoungGen: 257218K->4405K(257536K)] 363009K->110308K(1043968K), 0.0097837 secs] [Times: user=0.02 sys=0.00, real=0.01 secs] 
11736.661: [GC (Allocation Failure) 
Desired survivor size 4718592 bytes, new threshold 15 (max 15)
[PSYoungGen: 257333K->4318K(257536K)] 363236K->110293K(1043968K), 0.0102452 secs] [Times: user=0.02 sys=0.00, real=0.01 secs] 
11755.289: [GC (Allocation Failure) 
Desired survivor size 4718592 bytes, new threshold 15 (max 15)
[PSYoungGen: 257246K->4285K(257536K)] 363221K->110340K(1043968K), 0.0096710 secs] [Times: user=0.02 sys=0.00, real=0.01 secs] 
11773.717: [GC (Allocation Failure) 
Desired survivor size 4718592 bytes, new threshold 15 (max 15)
[PSYoungGen: 257213K->4226K(257536K)] 363268K->110409K(1043968K), 0.0104464 secs] [Times: user=0.01 sys=0.00, real=0.01 secs] 
11792.292: [GC (Allocation Failure) 
Desired survivor size 4718592 bytes, new threshold 15 (max 15)
[PSYoungGen: 257154K->4259K(257536K)] 363337K->110568K(1043968K), 0.0095676 secs] [Times: user=0.01 sys=0.00, real=0.01 secs] 
11810.912: [GC (Allocation Failure) 
Desired survivor size 4718592 bytes, new threshold 15 (max 15)
[PSYoungGen: 257187K->4258K(257536K)] 363496K->110639K(1043968K), 0.0105704 secs] [Times: user=0.02 sys=0.00, real=0.01 secs] 
11829.468: [GC (Allocation Failure) 
Desired survivor size 4718592 bytes, new threshold 15 (max 15)
[PSYoungGen: 257186K->4209K(257536K)] 363567K->110662K(1043968K), 0.0112479 secs] [Times: user=0.02 sys=0.00, real=0.01 secs] 
11848.036: [GC (Allocation Failure) 
Desired survivor size 4718592 bytes, new threshold 15 (max 15)
[PSYoungGen: 257137K->4290K(257536K)] 363590K->110815K(1043968K), 0.0095314 secs] [Times: user=0.02 sys=0.00, real=0.01 secs] 
11866.591: [GC (Allocation Failure) 
Desired survivor size 4718592 bytes, new threshold 15 (max 15)
[PSYoungGen: 257218K->4287K(257536K)] 363743K->110884K(1043968K), 0.0119839 secs] [Times: user=0.02 sys=0.00, real=0.01 secs] 
11885.093: [GC (Allocation Failure) 
Desired survivor size 4718592 bytes, new threshold 15 (max 15)
[PSYoungGen: 257215K->4282K(257536K)] 363812K->110998K(1043968K), 0.0109346 secs] [Times: user=0.02 sys=0.00, real=0.01 secs] 
11903.669: [GC (Allocation Failure) 
Desired survivor size 4718592 bytes, new threshold 15 (max 15)
[PSYoungGen: 257210K->4281K(257536K)] 363926K->111077K(1043968K), 0.0093100 secs] [Times: user=0.02 sys=0.00, real=0.01 secs] 
11922.295: [GC (Allocation Failure) 
Desired survivor size 4718592 bytes, new threshold 15 (max 15)
[PSYoungGen: 257209K->4319K(257536K)] 364005K->111187K(1043968K), 0.0104986 secs] [Times: user=0.01 sys=0.00, real=0.01 secs] 
11940.833: [GC (Allocation Failure) 
Desired survivor size 4718592 bytes, new threshold 15 (max 15)
[PSYoungGen: 257247K->4346K(257536K)] 364115K->111286K(1043968K), 0.0098641 secs] [Times: user=0.02 sys=0.00, real=0.01 secs] 
11959.461: [GC (Allocation Failure) 
Desired survivor size 4718592 bytes, new threshold 15 (max 15)
[PSYoungGen: 257274K->4335K(257536K)] 364214K->111347K(1043968K), 0.0097349 secs] [Times: user=0.01 sys=0.00, real=0.01 secs] 
11978.047: [GC (Allocation Failure) 
Desired survivor size 4718592 bytes, new threshold 15 (max 15)
[PSYoungGen: 257263K->4297K(257536K)] 364275K->111436K(1043968K), 0.0094747 secs] [Times: user=0.01 sys=0.01, real=0.01 secs] 
11996.569: [GC (Allocation Failure) 
Desired survivor size 4718592 bytes, new threshold 15 (max 15)
[PSYoungGen: 257225K->4385K(257536K)] 364364K->111603K(1043968K), 0.0121890 secs] [Times: user=0.02 sys=0.00, real=0.01 secs] 
12015.092: [GC (Allocation Failure) 
Desired survivor size 4718592 bytes, new threshold 15 (max 15)
[PSYoungGen: 257313K->4407K(257536K)] 364531K->111706K(1043968K), 0.0095634 secs] [Times: user=0.02 sys=0.00, real=0.01 secs] 
12033.595: [GC (Allocation Failure) 
Desired survivor size 4718592 bytes, new threshold 15 (max 15)
[PSYoungGen: 257335K->4417K(257536K)] 364634K->111795K(1043968K), 0.0092233 secs] [Times: user=0.02 sys=0.00, real=0.01 secs] 
12051.841: [GC (Allocation Failure) 
Desired survivor size 4718592 bytes, new threshold 15 (max 15)
[PSYoungGen: 257345K->4313K(257536K)] 364723K->111873K(1043968K), 0.0116699 secs] [Times: user=0.02 sys=0.00, real=0.01 secs] 
12070.458: [GC (Allocation Failure) 
Desired survivor size 4718592 bytes, new threshold 15 (max 15)
[PSYoungGen: 257241K->4338K(257536K)] 364801K->112018K(1043968K), 0.0112088 secs] [Times: user=0.02 sys=0.00, real=0.02 secs] 
12088.793: [GC (Allocation Failure) 
Desired survivor size 4718592 bytes, new threshold 15 (max 15)
[PSYoungGen: 257266K->4378K(257536K)] 364946K->112137K(1043968K), 0.0097056 secs] [Times: user=0.02 sys=0.00, real=0.01 secs] 
12107.291: [GC (Allocation Failure) 
Desired survivor size 4718592 bytes, new threshold 15 (max 15)
[PSYoungGen: 257306K->4416K(257536K)] 365065K->112247K(1043968K), 0.0095673 secs] [Times: user=0.01 sys=0.00, real=0.01 secs] 
12125.911: [GC (Allocation Failure) 
Desired survivor size 4718592 bytes, new threshold 15 (max 15)
[PSYoungGen: 257344K->4413K(257536K)] 365175K->112324K(1043968K), 0.0105724 secs] [Times: user=0.02 sys=0.00, real=0.01 secs] 
12144.537: [GC (Allocation Failure) 
Desired survivor size 4718592 bytes, new threshold 15 (max 15)
[PSYoungGen: 257341K->4360K(257536K)] 365252K->112390K(1043968K), 0.0092793 secs] [Times: user=0.02 sys=0.00, real=0.01 secs] 
12163.036: [GC (Allocation Failure) 
Desired survivor size 4718592 bytes, new threshold 15 (max 15)
[PSYoungGen: 257288K->4290K(257536K)] 365318K->112400K(1043968K), 0.0104068 secs] [Times: user=0.01 sys=0.00, real=0.01 secs] 
12181.461: [GC (Allocation Failure) 
Desired survivor size 4718592 bytes, new threshold 15 (max 15)
[PSYoungGen: 257218K->4389K(257536K)] 365328K->112571K(1043968K), 0.0118876 secs] [Times: user=0.02 sys=0.00, real=0.01 secs] 
12200.044: [GC (Allocation Failure) 
Desired survivor size 4718592 bytes, new threshold 15 (max 15)
[PSYoungGen: 257317K->4470K(257536K)] 365499K->112724K(1043968K), 0.0097343 secs] [Times: user=0.02 sys=0.00, real=0.01 secs] 
12218.669: [GC (Allocation Failure) 
Desired survivor size 4718592 bytes, new threshold 15 (max 15)
[PSYoungGen: 257398K->4438K(257536K)] 365652K->112764K(1043968K), 0.0137279 secs] [Times: user=0.02 sys=0.00, real=0.02 secs] 
12237.216: [GC (Allocation Failure) 
Desired survivor size 4718592 bytes, new threshold 15 (max 15)
[PSYoungGen: 257366K->4432K(257536K)] 365692K->112838K(1043968K), 0.0107492 secs] [Times: user=0.02 sys=0.01, real=0.01 secs] 
12255.839: [GC (Allocation Failure) 
Desired survivor size 4718592 bytes, new threshold 15 (max 15)
[PSYoungGen: 257360K->4383K(257536K)] 365766K->112869K(1043968K), 0.0136534 secs] [Times: user=0.02 sys=0.00, real=0.01 secs] 
12274.417: [GC (Allocation Failure) 
Desired survivor size 4718592 bytes, new threshold 15 (max 15)
[PSYoungGen: 257311K->4416K(257536K)] 365797K->112974K(1043968K), 0.0097046 secs] [Times: user=0.01 sys=0.00, real=0.01 secs] 
12293.034: [GC (Allocation Failure) 
Desired survivor size 4718592 bytes, new threshold 15 (max 15)
[PSYoungGen: 257344K->4591K(257536K)] 365902K->113229K(1043968K), 0.0097294 secs] [Times: user=0.01 sys=0.00, real=0.01 secs] 
12311.542: [GC (Allocation Failure) 
Desired survivor size 4718592 bytes, new threshold 15 (max 15)
[PSYoungGen: 257519K->4493K(257536K)] 366157K->113203K(1043968K), 0.0101748 secs] [Times: user=0.01 sys=0.00, real=0.01 secs] 
12330.041: [GC (Allocation Failure) 
Desired survivor size 5242880 bytes, new threshold 14 (max 15)
[PSYoungGen: 257421K->4584K(256512K)] 366131K->113597K(1042944K), 0.0099692 secs] [Times: user=0.02 sys=0.00, real=0.01 secs] 
12348.539: [GC (Allocation Failure) 
Desired survivor size 5242880 bytes, new threshold 15 (max 15)
[PSYoungGen: 256488K->4386K(257024K)] 365501K->113621K(1043456K), 0.0102557 secs] [Times: user=0.02 sys=0.00, real=0.01 secs] 
12367.046: [GC (Allocation Failure) 
Desired survivor size 5242880 bytes, new threshold 15 (max 15)
[PSYoungGen: 256290K->4335K(257024K)] 365525K->113571K(1043456K), 0.0109751 secs] [Times: user=0.01 sys=0.00, real=0.01 secs] 
12385.542: [GC (Allocation Failure) 
Desired survivor size 5242880 bytes, new threshold 15 (max 15)
[PSYoungGen: 256239K->4275K(257024K)] 365475K->113676K(1043456K), 0.0093112 secs] [Times: user=0.02 sys=0.00, real=0.01 secs] 
12404.049: [GC (Allocation Failure) 
Desired survivor size 5242880 bytes, new threshold 15 (max 15)
[PSYoungGen: 256179K->4282K(257024K)] 365580K->113755K(1043456K), 0.0103168 secs] [Times: user=0.02 sys=0.00, real=0.01 secs] 
12422.464: [GC (Allocation Failure) 
Desired survivor size 5242880 bytes, new threshold 15 (max 15)
[PSYoungGen: 256186K->4286K(257024K)] 365659K->113832K(1043456K), 0.0119816 secs] [Times: user=0.02 sys=0.00, real=0.01 secs] 
12440.914: [GC (Allocation Failure) 
Desired survivor size 5242880 bytes, new threshold 15 (max 15)
[PSYoungGen: 256190K->4429K(257024K)] 365736K->114046K(1043456K), 0.0093906 secs] [Times: user=0.02 sys=0.00, real=0.01 secs] 
12459.335: [GC (Allocation Failure) 
Desired survivor size 5242880 bytes, new threshold 15 (max 15)
[PSYoungGen: 256333K->4326K(257024K)] 365950K->114171K(1043456K), 0.0103207 secs] [Times: user=0.02 sys=0.00, real=0.01 secs] 
12477.714: [GC (Allocation Failure) 
Desired survivor size 5242880 bytes, new threshold 15 (max 15)
[PSYoungGen: 256230K->4403K(257024K)] 366075K->114320K(1043456K), 0.0107997 secs] [Times: user=0.02 sys=0.00, real=0.01 secs] 
12496.296: [GC (Allocation Failure) 
Desired survivor size 5242880 bytes, new threshold 15 (max 15)
[PSYoungGen: 256307K->4435K(257024K)] 366224K->114425K(1043456K), 0.0097823 secs] [Times: user=0.02 sys=0.00, real=0.01 secs] 
12514.793: [GC (Allocation Failure) 
Desired survivor size 5242880 bytes, new threshold 15 (max 15)
[PSYoungGen: 256339K->4530K(257024K)] 366329K->114591K(1043456K), 0.0124608 secs] [Times: user=0.02 sys=0.00, real=0.02 secs] 
12533.213: [GC (Allocation Failure) 
Desired survivor size 5242880 bytes, new threshold 15 (max 15)
[PSYoungGen: 256434K->4403K(257024K)] 366495K->114536K(1043456K), 0.0100106 secs] [Times: user=0.02 sys=0.01, real=0.01 secs] 
12551.715: [GC (Allocation Failure) 
Desired survivor size 5242880 bytes, new threshold 15 (max 15)
[PSYoungGen: 256307K->4515K(257024K)] 366440K->114720K(1043456K), 0.0101485 secs] [Times: user=0.02 sys=0.00, real=0.01 secs] 
12570.160: [GC (Allocation Failure) 
Desired survivor size 5242880 bytes, new threshold 15 (max 15)
[PSYoungGen: 256419K->4482K(257024K)] 366624K->114760K(1043456K), 0.0099612 secs] [Times: user=0.01 sys=0.01, real=0.01 secs] 
12588.543: [GC (Allocation Failure) 
Desired survivor size 5242880 bytes, new threshold 15 (max 15)
[PSYoungGen: 256386K->4369K(257024K)] 366664K->114820K(1043456K), 0.0096363 secs] [Times: user=0.01 sys=0.00, real=0.01 secs] 
12607.091: [GC (Allocation Failure) 
Desired survivor size 5242880 bytes, new threshold 15 (max 15)
[PSYoungGen: 256273K->4451K(257024K)] 366724K->114991K(1043456K), 0.0119989 secs] [Times: user=0.02 sys=0.00, real=0.01 secs] 
12625.466: [GC (Allocation Failure) 
Desired survivor size 5242880 bytes, new threshold 15 (max 15)
[PSYoungGen: 256355K->4649K(257024K)] 366895K->115268K(1043456K), 0.0119256 secs] [Times: user=0.02 sys=0.00, real=0.01 secs] 
12643.716: [GC (Allocation Failure) 
Desired survivor size 5242880 bytes, new threshold 15 (max 15)
[PSYoungGen: 256553K->4537K(257024K)] 367172K->115228K(1043456K), 0.0096792 secs] [Times: user=0.02 sys=0.00, real=0.00 secs] 
12662.087: [GC (Allocation Failure) 
Desired survivor size 5242880 bytes, new threshold 15 (max 15)
[PSYoungGen: 256441K->4570K(257024K)] 367132K->115333K(1043456K), 0.0097292 secs] [Times: user=0.01 sys=0.00, real=0.01 secs] 
12680.541: [GC (Allocation Failure) 
Desired survivor size 5242880 bytes, new threshold 15 (max 15)
[PSYoungGen: 256474K->4499K(257024K)] 367237K->115381K(1043456K), 0.0098180 secs] [Times: user=0.02 sys=0.00, real=0.01 secs] 
12698.966: [GC (Allocation Failure) 
Desired survivor size 5242880 bytes, new threshold 15 (max 15)
[PSYoungGen: 256403K->4520K(257024K)] 367285K->115529K(1043456K), 0.0141443 secs] [Times: user=0.03 sys=0.00, real=0.01 secs] 
12717.422: [GC (Allocation Failure) 
Desired survivor size 5242880 bytes, new threshold 15 (max 15)
[PSYoungGen: 256424K->4433K(257024K)] 367433K->115569K(1043456K), 0.0102900 secs] [Times: user=0.02 sys=0.00, real=0.01 secs] 
12736.045: [GC (Allocation Failure) 
Desired survivor size 5242880 bytes, new threshold 15 (max 15)
[PSYoungGen: 256337K->4538K(257024K)] 367473K->115745K(1043456K), 0.0097979 secs] [Times: user=0.02 sys=0.00, real=0.01 secs] 
12754.217: [GC (Allocation Failure) 
Desired survivor size 5242880 bytes, new threshold 15 (max 15)
[PSYoungGen: 256442K->4510K(257024K)] 367649K->115836K(1043456K), 0.0100400 secs] [Times: user=0.01 sys=0.00, real=0.01 secs] 
12772.669: [GC (Allocation Failure) 
Desired survivor size 5242880 bytes, new threshold 15 (max 15)
[PSYoungGen: 256414K->4619K(257024K)] 367740K->116018K(1043456K), 0.0102076 secs] [Times: user=0.02 sys=0.00, real=0.01 secs] 
12791.111: [GC (Allocation Failure) 
Desired survivor size 5242880 bytes, new threshold 15 (max 15)
[PSYoungGen: 256523K->4721K(257024K)] 367922K->116192K(1043456K), 0.0109581 secs] [Times: user=0.02 sys=0.00, real=0.01 secs] 
12809.633: [GC (Allocation Failure) 
Desired survivor size 5242880 bytes, new threshold 15 (max 15)
[PSYoungGen: 256625K->4699K(257024K)] 368096K->116297K(1043456K), 0.0103505 secs] [Times: user=0.02 sys=0.01, real=0.01 secs] 
12828.156: [GC (Allocation Failure) 
Desired survivor size 5242880 bytes, new threshold 15 (max 15)
[PSYoungGen: 256603K->4598K(257024K)] 368201K->116275K(1043456K), 0.0096624 secs] [Times: user=0.02 sys=0.00, real=0.01 secs] 
12846.626: [GC (Allocation Failure) 
Desired survivor size 5242880 bytes, new threshold 15 (max 15)
[PSYoungGen: 256502K->4646K(257024K)] 368179K->116403K(1043456K), 0.0099842 secs] [Times: user=0.02 sys=0.00, real=0.01 secs] 
12865.122: [GC (Allocation Failure) 
Desired survivor size 5242880 bytes, new threshold 15 (max 15)
[PSYoungGen: 256550K->4720K(257024K)] 368307K->116605K(1043456K), 0.0103761 secs] [Times: user=0.01 sys=0.00, real=0.01 secs] 
12883.664: [GC (Allocation Failure) 
Desired survivor size 5242880 bytes, new threshold 15 (max 15)
[PSYoungGen: 256624K->4695K(257024K)] 368509K->116651K(1043456K), 0.0095963 secs] [Times: user=0.02 sys=0.00, real=0.01 secs] 
12902.091: [GC (Allocation Failure) 
Desired survivor size 5242880 bytes, new threshold 15 (max 15)
[PSYoungGen: 256599K->4652K(257024K)] 368555K->116689K(1043456K), 0.0102045 secs] [Times: user=0.02 sys=0.00, real=0.01 secs] 
12920.463: [GC (Allocation Failure) 
Desired survivor size 5242880 bytes, new threshold 15 (max 15)
[PSYoungGen: 256556K->4830K(257024K)] 368593K->116978K(1043456K), 0.0094175 secs] [Times: user=0.01 sys=0.00, real=0.01 secs] 
12938.920: [GC (Allocation Failure) 
Desired survivor size 5242880 bytes, new threshold 15 (max 15)
[PSYoungGen: 256734K->4702K(257024K)] 368882K->116977K(1043456K), 0.0100933 secs] [Times: user=0.02 sys=0.00, real=0.01 secs] 
12957.295: [GC (Allocation Failure) 
Desired survivor size 5242880 bytes, new threshold 15 (max 15)
[PSYoungGen: 256606K->4582K(257024K)] 368881K->116937K(1043456K), 0.0101247 secs] [Times: user=0.02 sys=0.00, real=0.01 secs] 
12975.842: [GC (Allocation Failure) 
Desired survivor size 5242880 bytes, new threshold 15 (max 15)
[PSYoungGen: 256486K->4607K(257024K)] 368841K->117081K(1043456K), 0.0121884 secs] [Times: user=0.02 sys=0.00, real=0.01 secs] 
12994.215: [GC (Allocation Failure) 
Desired survivor size 5242880 bytes, new threshold 15 (max 15)
[PSYoungGen: 256511K->4602K(257024K)] 368985K->117202K(1043456K), 0.0102296 secs] [Times: user=0.02 sys=0.00, real=0.01 secs] 
13012.713: [GC (Allocation Failure) 
Desired survivor size 5242880 bytes, new threshold 15 (max 15)
[PSYoungGen: 256506K->4488K(257024K)] 369106K->117169K(1043456K), 0.0104037 secs] [Times: user=0.02 sys=0.00, real=0.01 secs] 
13031.208: [GC (Allocation Failure) 
Desired survivor size 5242880 bytes, new threshold 15 (max 15)
[PSYoungGen: 256392K->4421K(257024K)] 369073K->117275K(1043456K), 0.0129350 secs] [Times: user=0.02 sys=0.00, real=0.01 secs] 
13049.668: [GC (Allocation Failure) 
Desired survivor size 5242880 bytes, new threshold 15 (max 15)
[PSYoungGen: 256325K->4390K(257024K)] 369179K->117324K(1043456K), 0.0095469 secs] [Times: user=0.01 sys=0.00, real=0.01 secs] 
13068.207: [GC (Allocation Failure) 
Desired survivor size 5242880 bytes, new threshold 15 (max 15)
[PSYoungGen: 256294K->4438K(257024K)] 369228K->117452K(1043456K), 0.0098941 secs] [Times: user=0.02 sys=0.00, real=0.01 secs] 
13086.665: [GC (Allocation Failure) 
Desired survivor size 5242880 bytes, new threshold 15 (max 15)
[PSYoungGen: 256342K->4423K(257024K)] 369356K->117509K(1043456K), 0.0094875 secs] [Times: user=0.01 sys=0.00, real=0.01 secs] 
13105.209: [GC (Allocation Failure) 
Desired survivor size 5242880 bytes, new threshold 15 (max 15)
[PSYoungGen: 256327K->4407K(257024K)] 369413K->117574K(1043456K), 0.0101176 secs] [Times: user=0.02 sys=0.00, real=0.01 secs] 
13123.673: [GC (Allocation Failure) 
Desired survivor size 5242880 bytes, new threshold 15 (max 15)
[PSYoungGen: 256311K->4325K(257024K)] 369478K->117618K(1043456K), 0.0100359 secs] [Times: user=0.02 sys=0.00, real=0.01 secs] 
13142.167: [GC (Allocation Failure) 
Desired survivor size 5242880 bytes, new threshold 15 (max 15)
[PSYoungGen: 256229K->4405K(257024K)] 369522K->117778K(1043456K), 0.0097476 secs] [Times: user=0.02 sys=0.00, real=0.01 secs] 
13160.663: [GC (Allocation Failure) 
Desired survivor size 5242880 bytes, new threshold 15 (max 15)
[PSYoungGen: 256309K->4396K(257024K)] 369682K->117841K(1043456K), 0.0096637 secs] [Times: user=0.01 sys=0.00, real=0.01 secs] 
13179.171: [GC (Allocation Failure) 
Desired survivor size 5242880 bytes, new threshold 15 (max 15)
[PSYoungGen: 256300K->4357K(257024K)] 369745K->117920K(1043456K), 0.0123997 secs] [Times: user=0.02 sys=0.00, real=0.01 secs] 
13197.587: [GC (Allocation Failure) 
Desired survivor size 5242880 bytes, new threshold 15 (max 15)
[PSYoungGen: 256261K->4367K(257024K)] 369824K->118011K(1043456K), 0.0096190 secs] [Times: user=0.01 sys=0.00, real=0.01 secs] 
13216.171: [GC (Allocation Failure) 
Desired survivor size 5242880 bytes, new threshold 15 (max 15)
[PSYoungGen: 256271K->4329K(257024K)] 369915K->118100K(1043456K), 0.0111749 secs] [Times: user=0.02 sys=0.00, real=0.01 secs] 
13234.538: [GC (Allocation Failure) 
Desired survivor size 5242880 bytes, new threshold 15 (max 15)
[PSYoungGen: 256233K->4395K(257024K)] 370004K->118300K(1043456K), 0.0095266 secs] [Times: user=0.01 sys=0.00, real=0.01 secs] 
13252.792: [GC (Allocation Failure) 
Desired survivor size 5242880 bytes, new threshold 15 (max 15)
[PSYoungGen: 256299K->4394K(257024K)] 370204K->118371K(1043456K), 0.0105064 secs] [Times: user=0.01 sys=0.00, real=0.01 secs] 
13271.258: [GC (Allocation Failure) 
Desired survivor size 5242880 bytes, new threshold 15 (max 15)
[PSYoungGen: 256298K->4445K(257024K)] 370275K->118596K(1043456K), 0.0117941 secs] [Times: user=0.01 sys=0.00, real=0.01 secs] 
13289.719: [GC (Allocation Failure) 
Desired survivor size 5242880 bytes, new threshold 15 (max 15)
[PSYoungGen: 256349K->4254K(257024K)] 370500K->118477K(1043456K), 0.0098435 secs] [Times: user=0.02 sys=0.00, real=0.01 secs] 
13308.262: [GC (Allocation Failure) 
Desired survivor size 5242880 bytes, new threshold 15 (max 15)
[PSYoungGen: 256158K->4302K(257024K)] 370381K->118597K(1043456K), 0.0095398 secs] [Times: user=0.02 sys=0.00, real=0.01 secs] 
13326.720: [GC (Allocation Failure) 
Desired survivor size 5242880 bytes, new threshold 15 (max 15)
[PSYoungGen: 256206K->4275K(257024K)] 370501K->118642K(1043456K), 0.0094339 secs] [Times: user=0.02 sys=0.00, real=0.00 secs] 
13345.269: [GC (Allocation Failure) 
Desired survivor size 5242880 bytes, new threshold 15 (max 15)
[PSYoungGen: 256179K->4419K(257024K)] 370546K->118858K(1043456K), 0.0098875 secs] [Times: user=0.02 sys=0.00, real=0.01 secs] 
13363.785: [GC (Allocation Failure) 
Desired survivor size 5242880 bytes, new threshold 15 (max 15)
[PSYoungGen: 256323K->4300K(257024K)] 370762K->118858K(1043456K), 0.0095325 secs] [Times: user=0.02 sys=0.00, real=0.01 secs] 
13382.217: [GC (Allocation Failure) 
Desired survivor size 5242880 bytes, new threshold 15 (max 15)
[PSYoungGen: 256204K->4226K(257024K)] 370762K->118856K(1043456K), 0.0106918 secs] [Times: user=0.02 sys=0.00, real=0.02 secs] 
13400.595: [GC (Allocation Failure) 
Desired survivor size 5242880 bytes, new threshold 15 (max 15)
[PSYoungGen: 256130K->4249K(257024K)] 370760K->119005K(1043456K), 0.0095113 secs] [Times: user=0.02 sys=0.00, real=0.01 secs] 
13419.049: [GC (Allocation Failure) 
Desired survivor size 5242880 bytes, new threshold 15 (max 15)
[PSYoungGen: 256153K->4271K(257024K)] 370909K->119100K(1043456K), 0.0093098 secs] [Times: user=0.01 sys=0.00, real=0.01 secs] 
13437.416: [GC (Allocation Failure) 
Desired survivor size 5242880 bytes, new threshold 15 (max 15)
[PSYoungGen: 256175K->4357K(257024K)] 371004K->119312K(1043456K), 0.0094030 secs] [Times: user=0.01 sys=0.00, real=0.00 secs] 
13455.962: [GC (Allocation Failure) 
Desired survivor size 4718592 bytes, new threshold 15 (max 15)
[PSYoungGen: 256261K->4388K(257024K)] 371216K->119416K(1043456K), 0.0110574 secs] [Times: user=0.02 sys=0.00, real=0.01 secs] 
13474.419: [GC (Allocation Failure) 
Desired survivor size 4718592 bytes, new threshold 15 (max 15)
[PSYoungGen: 256292K->4334K(257536K)] 371320K->119434K(1043968K), 0.0105408 secs] [Times: user=0.02 sys=0.00, real=0.01 secs] 
13493.048: [GC (Allocation Failure) 
Desired survivor size 4718592 bytes, new threshold 15 (max 15)
[PSYoungGen: 257262K->4351K(257536K)] 372362K->119522K(1043968K), 0.0106646 secs] [Times: user=0.01 sys=0.00, real=0.01 secs] 
13511.547: [GC (Allocation Failure) 
Desired survivor size 4718592 bytes, new threshold 15 (max 15)
[PSYoungGen: 257279K->4303K(257536K)] 372450K->119601K(1043968K), 0.0101522 secs] [Times: user=0.02 sys=0.00, real=0.01 secs] 
13530.044: [GC (Allocation Failure) 
Desired survivor size 4718592 bytes, new threshold 15 (max 15)
[PSYoungGen: 257231K->4458K(257536K)] 372529K->119869K(1043968K), 0.0102262 secs] [Times: user=0.02 sys=0.00, real=0.01 secs] 
13548.543: [GC (Allocation Failure) 
Desired survivor size 4718592 bytes, new threshold 15 (max 15)
[PSYoungGen: 257386K->4411K(257536K)] 372797K->119901K(1043968K), 0.0104709 secs] [Times: user=0.01 sys=0.00, real=0.01 secs] 
13567.171: [GC (Allocation Failure) 
Desired survivor size 4718592 bytes, new threshold 15 (max 15)
[PSYoungGen: 257339K->4329K(257536K)] 372829K->119891K(1043968K), 0.0107673 secs] [Times: user=0.02 sys=0.00, real=0.01 secs] 
13585.718: [GC (Allocation Failure) 
Desired survivor size 4718592 bytes, new threshold 15 (max 15)
[PSYoungGen: 257257K->4393K(257536K)] 372819K->120027K(1043968K), 0.0151183 secs] [Times: user=0.02 sys=0.00, real=0.02 secs] 
13604.289: [GC (Allocation Failure) 
Desired survivor size 4718592 bytes, new threshold 15 (max 15)
[PSYoungGen: 257321K->4417K(257536K)] 372955K->120123K(1043968K), 0.0109398 secs] [Times: user=0.01 sys=0.01, real=0.01 secs] 
13622.794: [GC (Allocation Failure) 
Desired survivor size 4718592 bytes, new threshold 15 (max 15)
[PSYoungGen: 257345K->4303K(257536K)] 373051K->120081K(1043968K), 0.0098651 secs] [Times: user=0.02 sys=0.00, real=0.01 secs] 
13641.347: [GC (Allocation Failure) 
Desired survivor size 4718592 bytes, new threshold 15 (max 15)
[PSYoungGen: 257231K->4334K(257536K)] 373009K->120185K(1043968K), 0.0102599 secs] [Times: user=0.02 sys=0.00, real=0.01 secs] 
13659.961: [GC (Allocation Failure) 
Desired survivor size 4718592 bytes, new threshold 15 (max 15)
[PSYoungGen: 257262K->4373K(257536K)] 373113K->120296K(1043968K), 0.0097422 secs] [Times: user=0.02 sys=0.00, real=0.01 secs] 
13678.492: [GC (Allocation Failure) 
Desired survivor size 4718592 bytes, new threshold 15 (max 15)
[PSYoungGen: 257301K->4325K(257536K)] 373224K->120320K(1043968K), 0.0109499 secs] [Times: user=0.02 sys=0.00, real=0.02 secs] 
13697.126: [GC (Allocation Failure) 
Desired survivor size 4718592 bytes, new threshold 15 (max 15)
[PSYoungGen: 257253K->4399K(257536K)] 373248K->120520K(1043968K), 0.0100407 secs] [Times: user=0.01 sys=0.00, real=0.01 secs] 
13715.676: [GC (Allocation Failure) 
Desired survivor size 4718592 bytes, new threshold 15 (max 15)
[PSYoungGen: 257327K->4210K(257536K)] 373448K->120560K(1043968K), 0.0151871 secs] [Times: user=0.03 sys=0.00, real=0.02 secs] 
13734.163: [GC (Allocation Failure) 
Desired survivor size 4718592 bytes, new threshold 15 (max 15)
[PSYoungGen: 257138K->4341K(257536K)] 373488K->120763K(1043968K), 0.0091674 secs] [Times: user=0.01 sys=0.00, real=0.01 secs] 
13752.668: [GC (Allocation Failure) 
Desired survivor size 4718592 bytes, new threshold 15 (max 15)
[PSYoungGen: 257269K->4346K(257536K)] 373691K->120848K(1043968K), 0.0103042 secs] [Times: user=0.02 sys=0.00, real=0.01 secs] 
13771.288: [GC (Allocation Failure) 
Desired survivor size 4718592 bytes, new threshold 15 (max 15)
[PSYoungGen: 257274K->4394K(257536K)] 373776K->120968K(1043968K), 0.0112518 secs] [Times: user=0.02 sys=0.00, real=0.01 secs] 
13789.796: [GC (Allocation Failure) 
Desired survivor size 4718592 bytes, new threshold 15 (max 15)
[PSYoungGen: 257322K->4310K(257536K)] 373896K->121010K(1043968K), 0.0096429 secs] [Times: user=0.01 sys=0.00, real=0.01 secs] 
13808.341: [GC (Allocation Failure) 
Desired survivor size 4718592 bytes, new threshold 15 (max 15)
[PSYoungGen: 257238K->4395K(257536K)] 373938K->121176K(1043968K), 0.0095356 secs] [Times: user=0.01 sys=0.00, real=0.01 secs] 
13826.794: [GC (Allocation Failure) 
Desired survivor size 5242880 bytes, new threshold 14 (max 15)
[PSYoungGen: 257323K->4579K(257536K)] 374104K->121536K(1043968K), 0.0099581 secs] [Times: user=0.02 sys=0.00, real=0.01 secs] 
13845.172: [GC (Allocation Failure) 
Desired survivor size 5242880 bytes, new threshold 15 (max 15)
[PSYoungGen: 257507K->4484K(256512K)] 374464K->121577K(1042944K), 0.0120074 secs] [Times: user=0.02 sys=0.00, real=0.01 secs] 
13863.594: [GC (Allocation Failure) 
Desired survivor size 5242880 bytes, new threshold 15 (max 15)
[PSYoungGen: 256388K->4515K(257024K)] 373481K->121607K(1043456K), 0.0100843 secs] [Times: user=0.02 sys=0.00, real=0.01 secs] 
13882.169: [GC (Allocation Failure) 
Desired survivor size 5242880 bytes, new threshold 15 (max 15)
[PSYoungGen: 256419K->4557K(257024K)] 373511K->121776K(1043456K), 0.0116995 secs] [Times: user=0.01 sys=0.00, real=0.01 secs] 
13900.590: [GC (Allocation Failure) 
Desired survivor size 5242880 bytes, new threshold 15 (max 15)
[PSYoungGen: 256461K->4509K(257024K)] 373680K->121855K(1043456K), 0.0118017 secs] [Times: user=0.02 sys=0.00, real=0.01 secs] 
13919.086: [GC (Allocation Failure) 
Desired survivor size 5242880 bytes, new threshold 15 (max 15)
[PSYoungGen: 256413K->4487K(257024K)] 373759K->121905K(1043456K), 0.0103178 secs] [Times: user=0.02 sys=0.00, real=0.01 secs] 
13937.593: [GC (Allocation Failure) 
Desired survivor size 5242880 bytes, new threshold 15 (max 15)
[PSYoungGen: 256391K->4383K(257024K)] 373809K->121928K(1043456K), 0.0115333 secs] [Times: user=0.01 sys=0.00, real=0.01 secs] 
13956.172: [GC (Allocation Failure) 
Desired survivor size 5242880 bytes, new threshold 15 (max 15)
[PSYoungGen: 256287K->4449K(257024K)] 373832K->122065K(1043456K), 0.0099661 secs] [Times: user=0.01 sys=0.00, real=0.01 secs] 
13974.711: [GC (Allocation Failure) 
Desired survivor size 5242880 bytes, new threshold 15 (max 15)
[PSYoungGen: 256353K->4400K(257024K)] 373969K->122089K(1043456K), 0.0094310 secs] [Times: user=0.02 sys=0.00, real=0.01 secs] 
13993.216: [GC (Allocation Failure) 
Desired survivor size 5242880 bytes, new threshold 15 (max 15)
[PSYoungGen: 256304K->4400K(257024K)] 373993K->122161K(1043456K), 0.0107455 secs] [Times: user=0.02 sys=0.00, real=0.01 secs] 
14011.627: [GC (Allocation Failure) 
Desired survivor size 5242880 bytes, new threshold 15 (max 15)
[PSYoungGen: 256304K->4291K(257024K)] 374065K->122280K(1043456K), 0.0104505 secs] [Times: user=0.02 sys=0.00, real=0.01 secs] 
14030.093: [GC (Allocation Failure) 
Desired survivor size 5242880 bytes, new threshold 15 (max 15)
[PSYoungGen: 256195K->4210K(257024K)] 374184K->122326K(1043456K), 0.0096136 secs] [Times: user=0.02 sys=0.00, real=0.01 secs] 
14048.465: [GC (Allocation Failure) 
Desired survivor size 5242880 bytes, new threshold 15 (max 15)
[PSYoungGen: 256114K->4313K(257024K)] 374230K->122501K(1043456K), 0.0101031 secs] [Times: user=0.01 sys=0.00, real=0.01 secs] 
14066.914: [GC (Allocation Failure) 
Desired survivor size 5242880 bytes, new threshold 15 (max 15)
[PSYoungGen: 256217K->4348K(257024K)] 374405K->122616K(1043456K), 0.0096726 secs] [Times: user=0.01 sys=0.00, real=0.01 secs] 
14085.463: [GC (Allocation Failure) 
Desired survivor size 4718592 bytes, new threshold 15 (max 15)
[PSYoungGen: 256252K->4358K(257024K)] 374520K->122753K(1043456K), 0.0098205 secs] [Times: user=0.02 sys=0.00, real=0.01 secs] 
14103.968: [GC (Allocation Failure) 
Desired survivor size 4718592 bytes, new threshold 15 (max 15)
[PSYoungGen: 256262K->4303K(257536K)] 374657K->122841K(1043968K), 0.0111282 secs] [Times: user=0.01 sys=0.00, real=0.01 secs] 
14122.422: [GC (Allocation Failure) 
Desired survivor size 5242880 bytes, new threshold 15 (max 15)
[PSYoungGen: 257231K->4504K(257536K)] 375769K->123154K(1043968K), 0.0097310 secs] [Times: user=0.01 sys=0.00, real=0.01 secs] 
14141.049: [GC (Allocation Failure) 
Desired survivor size 4718592 bytes, new threshold 15 (max 15)
[PSYoungGen: 257432K->4337K(257536K)] 376082K->123067K(1043968K), 0.0107560 secs] [Times: user=0.02 sys=0.00, real=0.01 secs] 
14159.593: [GC (Allocation Failure) 
Desired survivor size 4718592 bytes, new threshold 15 (max 15)
[PSYoungGen: 257265K->4400K(257536K)] 375995K->123202K(1043968K), 0.0096334 secs] [Times: user=0.02 sys=0.00, real=0.01 secs] 
14178.123: [GC (Allocation Failure) 
Desired survivor size 4718592 bytes, new threshold 15 (max 15)
[PSYoungGen: 257328K->4323K(257536K)] 376130K->123251K(1043968K), 0.0110397 secs] [Times: user=0.02 sys=0.00, real=0.01 secs] 
14196.717: [GC (Allocation Failure) 
Desired survivor size 4718592 bytes, new threshold 15 (max 15)
[PSYoungGen: 257251K->4245K(257536K)] 376179K->123245K(1043968K), 0.0113732 secs] [Times: user=0.02 sys=0.01, real=0.01 secs] 
14215.295: [GC (Allocation Failure) 
Desired survivor size 4718592 bytes, new threshold 15 (max 15)
[PSYoungGen: 257173K->4361K(257536K)] 376173K->123434K(1043968K), 0.0099653 secs] [Times: user=0.01 sys=0.00, real=0.01 secs] 
14233.842: [GC (Allocation Failure) 
Desired survivor size 4718592 bytes, new threshold 15 (max 15)
[PSYoungGen: 257289K->4291K(257536K)] 376362K->123436K(1043968K), 0.0111812 secs] [Times: user=0.02 sys=0.00, real=0.01 secs] 
14252.419: [GC (Allocation Failure) 
Desired survivor size 4718592 bytes, new threshold 15 (max 15)
[PSYoungGen: 257219K->4340K(257536K)] 376364K->123557K(1043968K), 0.0102232 secs] [Times: user=0.02 sys=0.00, real=0.02 secs] 
14271.045: [GC (Allocation Failure) 
Desired survivor size 4718592 bytes, new threshold 15 (max 15)
[PSYoungGen: 257268K->4355K(257536K)] 376485K->123644K(1043968K), 0.0121470 secs] [Times: user=0.02 sys=0.00, real=0.01 secs] 
14289.592: [GC (Allocation Failure) 
Desired survivor size 4718592 bytes, new threshold 15 (max 15)
[PSYoungGen: 257283K->4261K(257536K)] 376572K->123629K(1043968K), 0.0097308 secs] [Times: user=0.01 sys=0.00, real=0.01 secs] 
14308.208: [GC (Allocation Failure) 
Desired survivor size 4718592 bytes, new threshold 15 (max 15)
[PSYoungGen: 257189K->4284K(257536K)] 376557K->123779K(1043968K), 0.0104865 secs] [Times: user=0.02 sys=0.00, real=0.02 secs] 
14326.793: [GC (Allocation Failure) 
Desired survivor size 4718592 bytes, new threshold 15 (max 15)
[PSYoungGen: 257212K->4247K(257536K)] 376707K->123916K(1043968K), 0.0100523 secs] [Times: user=0.02 sys=0.00, real=0.01 secs] 
14345.409: [GC (Allocation Failure) 
Desired survivor size 4718592 bytes, new threshold 15 (max 15)
[PSYoungGen: 257175K->4224K(257536K)] 376844K->124012K(1043968K), 0.0101640 secs] [Times: user=0.01 sys=0.00, real=0.01 secs] 
14363.963: [GC (Allocation Failure) 
Desired survivor size 4718592 bytes, new threshold 15 (max 15)
[PSYoungGen: 257152K->4192K(257536K)] 376940K->124060K(1043968K), 0.0106275 secs] [Times: user=0.02 sys=0.00, real=0.01 secs] 
14382.471: [GC (Allocation Failure) 
Desired survivor size 4718592 bytes, new threshold 15 (max 15)
[PSYoungGen: 257120K->4183K(257536K)] 376988K->124123K(1043968K), 0.0102296 secs] [Times: user=0.01 sys=0.00, real=0.01 secs] 
14401.085: [GC (Allocation Failure) 
Desired survivor size 4718592 bytes, new threshold 15 (max 15)
[PSYoungGen: 257111K->4284K(257536K)] 377051K->124295K(1043968K), 0.0118081 secs] [Times: user=0.01 sys=0.00, real=0.01 secs] 
14419.468: [GC (Allocation Failure) 
Desired survivor size 4718592 bytes, new threshold 15 (max 15)
[PSYoungGen: 257212K->4420K(257536K)] 377223K->124504K(1043968K), 0.0104040 secs] [Times: user=0.02 sys=0.00, real=0.01 secs] 
14431.425: [GC (System.gc()) 
Desired survivor size 4718592 bytes, new threshold 15 (max 15)
[PSYoungGen: 168580K->4235K(257536K)] 288664K->124399K(1043968K), 0.0112440 secs] [Times: user=0.02 sys=0.00, real=0.01 secs] 
14431.437: [Full GC (System.gc()) [PSYoungGen: 4235K->0K(257536K)] [ParOldGen: 120163K->104237K(786432K)] 124399K->104237K(1043968K), [Metaspace: 91507K->91507K(1132544K)], 0.3333882 secs] [Times: user=0.51 sys=0.00, real=0.34 secs] 
14449.596: [GC (Allocation Failure) 
Desired survivor size 5242880 bytes, new threshold 15 (max 15)
[PSYoungGen: 252928K->3453K(256512K)] 357165K->107691K(1042944K), 0.0099720 secs] [Times: user=0.02 sys=0.00, real=0.01 secs] 
14468.203: [GC (Allocation Failure) 
Desired survivor size 5242880 bytes, new threshold 15 (max 15)
[PSYoungGen: 256381K->3683K(257024K)] 360619K->107921K(1043456K), 0.0087895 secs] [Times: user=0.02 sys=0.00, real=0.00 secs] 
14486.667: [GC (Allocation Failure) 
Desired survivor size 5242880 bytes, new threshold 15 (max 15)
[PSYoungGen: 255587K->3700K(257024K)] 359825K->107938K(1043456K), 0.0092914 secs] [Times: user=0.01 sys=0.00, real=0.01 secs] 
14505.215: [GC (Allocation Failure) 
Desired survivor size 5242880 bytes, new threshold 15 (max 15)
[PSYoungGen: 255604K->3764K(257024K)] 359842K->108002K(1043456K), 0.0094113 secs] [Times: user=0.02 sys=0.00, real=0.01 secs] 
14523.673: [GC (Allocation Failure) 
Desired survivor size 5242880 bytes, new threshold 15 (max 15)
[PSYoungGen: 255668K->3830K(257024K)] 359906K->108068K(1043456K), 0.0095600 secs] [Times: user=0.02 sys=0.00, real=0.01 secs] 
14542.218: [GC (Allocation Failure) 
Desired survivor size 5242880 bytes, new threshold 15 (max 15)
[PSYoungGen: 255734K->3959K(257024K)] 359972K->108197K(1043456K), 0.0095229 secs] [Times: user=0.02 sys=0.00, real=0.01 secs] 
14560.716: [GC (Allocation Failure) 
Desired survivor size 4718592 bytes, new threshold 15 (max 15)
[PSYoungGen: 255863K->3927K(257024K)] 360101K->108165K(1043456K), 0.0089249 secs] [Times: user=0.01 sys=0.00, real=0.01 secs] 
14579.214: [GC (Allocation Failure) 
Desired survivor size 4718592 bytes, new threshold 15 (max 15)
[PSYoungGen: 255831K->4087K(257536K)] 360069K->108325K(1043968K), 0.0090324 secs] [Times: user=0.02 sys=0.00, real=0.01 secs] 
14597.797: [GC (Allocation Failure) 
Desired survivor size 4718592 bytes, new threshold 15 (max 15)
[PSYoungGen: 257015K->4136K(257536K)] 361253K->108374K(1043968K), 0.0094638 secs] [Times: user=0.02 sys=0.00, real=0.01 secs] 
14616.422: [GC (Allocation Failure) 
Desired survivor size 4718592 bytes, new threshold 15 (max 15)
[PSYoungGen: 257064K->4183K(257536K)] 361302K->108421K(1043968K), 0.0108523 secs] [Times: user=0.01 sys=0.00, real=0.01 secs] 
14635.049: [GC (Allocation Failure) 
Desired survivor size 4718592 bytes, new threshold 15 (max 15)
[PSYoungGen: 257111K->4184K(257536K)] 361349K->108421K(1043968K), 0.0099115 secs] [Times: user=0.02 sys=0.00, real=0.01 secs] 
14653.594: [GC (Allocation Failure) 
Desired survivor size 4718592 bytes, new threshold 15 (max 15)
[PSYoungGen: 257112K->4231K(257536K)] 361349K->108469K(1043968K), 0.0095520 secs] [Times: user=0.02 sys=0.00, real=0.01 secs] 
14672.217: [GC (Allocation Failure) 
Desired survivor size 4718592 bytes, new threshold 15 (max 15)
[PSYoungGen: 257159K->4311K(257536K)] 361397K->108549K(1043968K), 0.0100407 secs] [Times: user=0.01 sys=0.00, real=0.01 secs] 
14690.842: [GC (Allocation Failure) 
Desired survivor size 5242880 bytes, new threshold 15 (max 15)
[PSYoungGen: 257239K->4343K(256512K)] 361477K->108581K(1042944K), 0.0108531 secs] [Times: user=0.01 sys=0.00, real=0.01 secs] 
14709.417: [GC (Allocation Failure) 
Desired survivor size 5242880 bytes, new threshold 15 (max 15)
[PSYoungGen: 256247K->4439K(257024K)] 360485K->108677K(1043456K), 0.0101971 secs] [Times: user=0.02 sys=0.00, real=0.01 secs] 
14727.794: [GC (Allocation Failure) 
Desired survivor size 5242880 bytes, new threshold 15 (max 15)
[PSYoungGen: 256343K->4082K(257024K)] 360581K->108909K(1043456K), 0.0092687 secs] [Times: user=0.02 sys=0.00, real=0.01 secs] 
14746.225: [GC (Allocation Failure) 
Desired survivor size 5242880 bytes, new threshold 15 (max 15)
[PSYoungGen: 255986K->3969K(257024K)] 360813K->108900K(1043456K), 0.0090959 secs] [Times: user=0.01 sys=0.00, real=0.00 secs] 
14764.712: [GC (Allocation Failure) 
Desired survivor size 5242880 bytes, new threshold 15 (max 15)
[PSYoungGen: 255873K->3953K(257024K)] 360804K->108939K(1043456K), 0.0090578 secs] [Times: user=0.01 sys=0.00, real=0.01 secs] 
14783.214: [GC (Allocation Failure) 
Desired survivor size 4718592 bytes, new threshold 15 (max 15)
[PSYoungGen: 255857K->3968K(257024K)] 360843K->109010K(1043456K), 0.0093790 secs] [Times: user=0.02 sys=0.00, real=0.01 secs] 
14801.671: [GC (Allocation Failure) 
Desired survivor size 4718592 bytes, new threshold 15 (max 15)
[PSYoungGen: 255872K->3937K(257536K)] 360914K->109085K(1043968K), 0.0097177 secs] [Times: user=0.01 sys=0.00, real=0.01 secs] 
14820.293: [GC (Allocation Failure) 
Desired survivor size 4718592 bytes, new threshold 15 (max 15)
[PSYoungGen: 256865K->3920K(257536K)] 362013K->109115K(1043968K), 0.0098400 secs] [Times: user=0.02 sys=0.00, real=0.01 secs] 
14838.831: [GC (Allocation Failure) 
Desired survivor size 4718592 bytes, new threshold 15 (max 15)
[PSYoungGen: 256848K->3990K(257536K)] 362043K->109234K(1043968K), 0.0093807 secs] [Times: user=0.02 sys=0.00, real=0.01 secs] 
14857.467: [GC (Allocation Failure) 
Desired survivor size 4718592 bytes, new threshold 15 (max 15)
[PSYoungGen: 256918K->4038K(257536K)] 362162K->109330K(1043968K), 0.0121294 secs] [Times: user=0.02 sys=0.00, real=0.01 secs] 
14876.043: [GC (Allocation Failure) 
Desired survivor size 4718592 bytes, new threshold 15 (max 15)
[PSYoungGen: 256966K->4077K(257536K)] 362258K->109424K(1043968K), 0.0097805 secs] [Times: user=0.02 sys=0.00, real=0.01 secs] 
14894.586: [GC (Allocation Failure) 
Desired survivor size 4718592 bytes, new threshold 15 (max 15)
[PSYoungGen: 257005K->4141K(257536K)] 362352K->109544K(1043968K), 0.0096448 secs] [Times: user=0.02 sys=0.00, real=0.01 secs] 
14913.211: [GC (Allocation Failure) 
Desired survivor size 4718592 bytes, new threshold 15 (max 15)
[PSYoungGen: 257069K->4125K(257536K)] 362472K->109584K(1043968K), 0.0090042 secs] [Times: user=0.01 sys=0.00, real=0.00 secs] 
14931.826: [GC (Allocation Failure) 
Desired survivor size 4718592 bytes, new threshold 15 (max 15)
[PSYoungGen: 257053K->4173K(257536K)] 362512K->109689K(1043968K), 0.0101667 secs] [Times: user=0.01 sys=0.00, real=0.01 secs] 
14950.462: [GC (Allocation Failure) 
Desired survivor size 4718592 bytes, new threshold 15 (max 15)
[PSYoungGen: 257101K->4189K(257536K)] 362617K->109761K(1043968K), 0.0100809 secs] [Times: user=0.02 sys=0.00, real=0.01 secs] 
14968.957: [GC (Allocation Failure) 
Desired survivor size 4718592 bytes, new threshold 15 (max 15)
[PSYoungGen: 257117K->4270K(257536K)] 362689K->109897K(1043968K), 0.0089608 secs] [Times: user=0.02 sys=0.00, real=0.01 secs] 
14987.469: [GC (Allocation Failure) 
Desired survivor size 4718592 bytes, new threshold 15 (max 15)
[PSYoungGen: 257198K->4282K(257536K)] 362825K->109965K(1043968K), 0.0094694 secs] [Times: user=0.01 sys=0.00, real=0.01 secs] 
15006.047: [GC (Allocation Failure) 
Desired survivor size 4718592 bytes, new threshold 15 (max 15)
[PSYoungGen: 257210K->4291K(257536K)] 362893K->110085K(1043968K), 0.0118708 secs] [Times: user=0.02 sys=0.00, real=0.01 secs] 
15024.587: [GC (Allocation Failure) 
Desired survivor size 4718592 bytes, new threshold 15 (max 15)
[PSYoungGen: 257219K->4446K(257536K)] 363013K->110367K(1043968K), 0.0122136 secs] [Times: user=0.02 sys=0.00, real=0.02 secs] 
15042.844: [GC (Allocation Failure) 
Desired survivor size 4718592 bytes, new threshold 15 (max 15)
[PSYoungGen: 257374K->4222K(257536K)] 363295K->110215K(1043968K), 0.0111292 secs] [Times: user=0.02 sys=0.00, real=0.01 secs] 
15061.419: [GC (Allocation Failure) 
Desired survivor size 4718592 bytes, new threshold 15 (max 15)
[PSYoungGen: 257150K->4268K(257536K)] 363143K->110333K(1043968K), 0.0102698 secs] [Times: user=0.01 sys=0.00, real=0.01 secs] 
15079.919: [GC (Allocation Failure) 
Desired survivor size 4718592 bytes, new threshold 15 (max 15)
[PSYoungGen: 257196K->4291K(257536K)] 363261K->110429K(1043968K), 0.0093357 secs] [Times: user=0.02 sys=0.00, real=0.01 secs] 
15098.469: [GC (Allocation Failure) 
Desired survivor size 4718592 bytes, new threshold 15 (max 15)
[PSYoungGen: 257219K->4307K(257536K)] 363357K->110517K(1043968K), 0.0095168 secs] [Times: user=0.02 sys=0.00, real=0.01 secs] 
15117.092: [GC (Allocation Failure) 
Desired survivor size 4718592 bytes, new threshold 15 (max 15)
[PSYoungGen: 257235K->4252K(257536K)] 363445K->110588K(1043968K), 0.0091675 secs] [Times: user=0.01 sys=0.00, real=0.00 secs] 
15135.725: [GC (Allocation Failure) 
Desired survivor size 4718592 bytes, new threshold 15 (max 15)
[PSYoungGen: 257180K->4236K(257536K)] 363516K->110652K(1043968K), 0.0156345 secs] [Times: user=0.02 sys=0.00, real=0.01 secs] 
15154.292: [GC (Allocation Failure) 
Desired survivor size 4718592 bytes, new threshold 15 (max 15)
[PSYoungGen: 257164K->4181K(257536K)] 363580K->110724K(1043968K), 0.0098796 secs] [Times: user=0.01 sys=0.00, real=0.01 secs] 
15172.846: [GC (Allocation Failure) 
Desired survivor size 4718592 bytes, new threshold 15 (max 15)
[PSYoungGen: 257109K->4166K(257536K)] 363652K->110781K(1043968K), 0.0092415 secs] [Times: user=0.02 sys=0.00, real=0.01 secs] 
15191.467: [GC (Allocation Failure) 
Desired survivor size 4718592 bytes, new threshold 15 (max 15)
[PSYoungGen: 257094K->4166K(257536K)] 363709K->110853K(1043968K), 0.0100333 secs] [Times: user=0.02 sys=0.00, real=0.01 secs] 
15210.038: [GC (Allocation Failure) 
Desired survivor size 4718592 bytes, new threshold 15 (max 15)
[PSYoungGen: 257094K->4284K(257536K)] 363781K->111051K(1043968K), 0.0100561 secs] [Times: user=0.02 sys=0.00, real=0.01 secs] 
15228.562: [GC (Allocation Failure) 
Desired survivor size 4718592 bytes, new threshold 15 (max 15)
[PSYoungGen: 257212K->4291K(257536K)] 363979K->111130K(1043968K), 0.0136406 secs] [Times: user=0.02 sys=0.00, real=0.01 secs] 
15247.126: [GC (Allocation Failure) 
Desired survivor size 4718592 bytes, new threshold 15 (max 15)
[PSYoungGen: 257219K->4291K(257536K)] 364058K->111202K(1043968K), 0.0096492 secs] [Times: user=0.01 sys=0.00, real=0.01 secs] 
15265.743: [GC (Allocation Failure) 
Desired survivor size 4718592 bytes, new threshold 15 (max 15)
[PSYoungGen: 257219K->4325K(257536K)] 364130K->111410K(1043968K), 0.0158948 secs] [Times: user=0.03 sys=0.00, real=0.02 secs] 
15284.296: [GC (Allocation Failure) 
Desired survivor size 4718592 bytes, new threshold 15 (max 15)
[PSYoungGen: 257253K->4220K(257536K)] 364338K->111384K(1043968K), 0.0104270 secs] [Times: user=0.01 sys=0.00, real=0.02 secs] 
15302.842: [GC (Allocation Failure) 
Desired survivor size 4718592 bytes, new threshold 15 (max 15)
[PSYoungGen: 257148K->4188K(257536K)] 364312K->111433K(1043968K), 0.0106852 secs] [Times: user=0.02 sys=0.00, real=0.01 secs] 
15321.413: [GC (Allocation Failure) 
Desired survivor size 4718592 bytes, new threshold 15 (max 15)
[PSYoungGen: 257116K->4365K(257536K)] 364361K->111713K(1043968K), 0.0103960 secs] [Times: user=0.02 sys=0.00, real=0.01 secs] 
15339.914: [GC (Allocation Failure) 
Desired survivor size 4718592 bytes, new threshold 15 (max 15)
[PSYoungGen: 257293K->4356K(257536K)] 364641K->111792K(1043968K), 0.0100323 secs] [Times: user=0.01 sys=0.00, real=0.01 secs] 
15358.414: [GC (Allocation Failure) 
Desired survivor size 4718592 bytes, new threshold 15 (max 15)
[PSYoungGen: 257284K->4268K(257536K)] 364720K->111831K(1043968K), 0.0111070 secs] [Times: user=0.02 sys=0.00, real=0.01 secs] 
15376.967: [GC (Allocation Failure) 
Desired survivor size 4718592 bytes, new threshold 15 (max 15)
[PSYoungGen: 257196K->4263K(257536K)] 364759K->111898K(1043968K), 0.0102968 secs] [Times: user=0.02 sys=0.00, real=0.01 secs] 
15395.547: [GC (Allocation Failure) 
Desired survivor size 4718592 bytes, new threshold 15 (max 15)
[PSYoungGen: 257191K->4190K(257536K)] 364826K->111905K(1043968K), 0.0100382 secs] [Times: user=0.02 sys=0.00, real=0.01 secs] 
15414.091: [GC (Allocation Failure) 
Desired survivor size 4718592 bytes, new threshold 15 (max 15)
[PSYoungGen: 257118K->4242K(257536K)] 364833K->112029K(1043968K), 0.0121169 secs] [Times: user=0.02 sys=0.00, real=0.01 secs] 
15432.718: [GC (Allocation Failure) 
Desired survivor size 4718592 bytes, new threshold 15 (max 15)
[PSYoungGen: 257170K->4227K(257536K)] 364957K->112086K(1043968K), 0.0151271 secs] [Times: user=0.01 sys=0.00, real=0.02 secs] 
15451.295: [GC (Allocation Failure) 
Desired survivor size 4718592 bytes, new threshold 15 (max 15)
[PSYoungGen: 257155K->4242K(257536K)] 365014K->112174K(1043968K), 0.0106707 secs] [Times: user=0.01 sys=0.00, real=0.01 secs] 
15469.842: [GC (Allocation Failure) 
Desired survivor size 4718592 bytes, new threshold 15 (max 15)
[PSYoungGen: 257170K->4290K(257536K)] 365102K->112294K(1043968K), 0.0103182 secs] [Times: user=0.01 sys=0.00, real=0.01 secs] 
15488.417: [GC (Allocation Failure) 
Desired survivor size 4718592 bytes, new threshold 15 (max 15)
[PSYoungGen: 257218K->4220K(257536K)] 365222K->112350K(1043968K), 0.0103359 secs] [Times: user=0.02 sys=0.00, real=0.02 secs] 
15507.048: [GC (Allocation Failure) 
Desired survivor size 4718592 bytes, new threshold 15 (max 15)
[PSYoungGen: 257148K->4166K(257536K)] 365278K->112423K(1043968K), 0.0105876 secs] [Times: user=0.02 sys=0.00, real=0.01 secs] 
15525.718: [GC (Allocation Failure) 
Desired survivor size 4718592 bytes, new threshold 15 (max 15)
[PSYoungGen: 257094K->4198K(257536K)] 365351K->112535K(1043968K), 0.0131718 secs] [Times: user=0.02 sys=0.00, real=0.01 secs] 
15544.221: [GC (Allocation Failure) 
Desired survivor size 4718592 bytes, new threshold 15 (max 15)
[PSYoungGen: 257126K->4160K(257536K)] 365463K->112569K(1043968K), 0.0098561 secs] [Times: user=0.02 sys=0.00, real=0.01 secs] 
15562.798: [GC (Allocation Failure) 
Desired survivor size 4718592 bytes, new threshold 15 (max 15)
[PSYoungGen: 257088K->4134K(257536K)] 365497K->112615K(1043968K), 0.0110511 secs] [Times: user=0.02 sys=0.00, real=0.01 secs] 
15581.418: [GC (Allocation Failure) 
Desired survivor size 4718592 bytes, new threshold 15 (max 15)
[PSYoungGen: 257062K->4198K(257536K)] 365543K->112751K(1043968K), 0.0095606 secs] [Times: user=0.02 sys=0.00, real=0.01 secs] 
15599.960: [GC (Allocation Failure) 
Desired survivor size 4718592 bytes, new threshold 15 (max 15)
[PSYoungGen: 257126K->4166K(257536K)] 365679K->112799K(1043968K), 0.0094028 secs] [Times: user=0.01 sys=0.00, real=0.01 secs] 
15618.404: [GC (Allocation Failure) 
Desired survivor size 4718592 bytes, new threshold 15 (max 15)
[PSYoungGen: 257094K->4333K(257536K)] 365727K->113092K(1043968K), 0.0094583 secs] [Times: user=0.02 sys=0.00, real=0.01 secs] 
15636.794: [GC (Allocation Failure) 
Desired survivor size 4718592 bytes, new threshold 15 (max 15)
[PSYoungGen: 257261K->4313K(257536K)] 366020K->113153K(1043968K), 0.0105373 secs] [Times: user=0.02 sys=0.00, real=0.01 secs] 
15654.958: [GC (Allocation Failure) 
Desired survivor size 4718592 bytes, new threshold 15 (max 15)
[PSYoungGen: 257241K->4383K(257536K)] 366081K->113295K(1043968K), 0.0113025 secs] [Times: user=0.01 sys=0.00, real=0.01 secs] 
15673.549: [GC (Allocation Failure) 
Desired survivor size 4718592 bytes, new threshold 15 (max 15)
[PSYoungGen: 257311K->4384K(257536K)] 366223K->113367K(1043968K), 0.0101153 secs] [Times: user=0.02 sys=0.00, real=0.01 secs] 
15692.049: [GC (Allocation Failure) 
Desired survivor size 4718592 bytes, new threshold 15 (max 15)
[PSYoungGen: 257312K->4401K(257536K)] 366295K->113503K(1043968K), 0.0113255 secs] [Times: user=0.01 sys=0.00, real=0.01 secs] 
15710.662: [GC (Allocation Failure) 
Desired survivor size 4718592 bytes, new threshold 15 (max 15)
[PSYoungGen: 257329K->4399K(257536K)] 366431K->113574K(1043968K), 0.0096772 secs] [Times: user=0.02 sys=0.00, real=0.01 secs] 
15729.221: [GC (Allocation Failure) 
Desired survivor size 4718592 bytes, new threshold 15 (max 15)
[PSYoungGen: 257327K->4387K(257536K)] 366502K->113642K(1043968K), 0.0122936 secs] [Times: user=0.02 sys=0.00, real=0.01 secs] 
15747.823: [GC (Allocation Failure) 
Desired survivor size 4718592 bytes, new threshold 15 (max 15)
[PSYoungGen: 257315K->4377K(257536K)] 366570K->113703K(1043968K), 0.0097283 secs] [Times: user=0.01 sys=0.00, real=0.01 secs] 
15766.471: [GC (Allocation Failure) 
Desired survivor size 4718592 bytes, new threshold 15 (max 15)
[PSYoungGen: 257305K->4377K(257536K)] 366631K->113775K(1043968K), 0.0124914 secs] [Times: user=0.02 sys=0.00, real=0.01 secs] 
15785.050: [GC (Allocation Failure) 
Desired survivor size 4718592 bytes, new threshold 15 (max 15)
[PSYoungGen: 257305K->4329K(257536K)] 366703K->113808K(1043968K), 0.0121853 secs] [Times: user=0.02 sys=0.00, real=0.01 secs] 
15803.669: [GC (Allocation Failure) 
Desired survivor size 4718592 bytes, new threshold 15 (max 15)
[PSYoungGen: 257257K->4377K(257536K)] 366736K->113928K(1043968K), 0.0096553 secs] [Times: user=0.02 sys=0.00, real=0.01 secs] 
15822.218: [GC (Allocation Failure) 
Desired survivor size 4718592 bytes, new threshold 15 (max 15)
[PSYoungGen: 257305K->4360K(257536K)] 366856K->113983K(1043968K), 0.0094957 secs] [Times: user=0.01 sys=0.00, real=0.01 secs] 
15840.798: [GC (Allocation Failure) 
Desired survivor size 4718592 bytes, new threshold 15 (max 15)
[PSYoungGen: 257288K->4345K(257536K)] 366911K->114040K(1043968K), 0.0103232 secs] [Times: user=0.02 sys=0.00, real=0.01 secs] 
15859.327: [GC (Allocation Failure) 
Desired survivor size 4718592 bytes, new threshold 15 (max 15)
[PSYoungGen: 257273K->4421K(257536K)] 366968K->114196K(1043968K), 0.0099214 secs] [Times: user=0.01 sys=0.00, real=0.01 secs] 
15877.793: [GC (Allocation Failure) 
Desired survivor size 4718592 bytes, new threshold 15 (max 15)
[PSYoungGen: 257349K->4538K(257536K)] 367124K->114384K(1043968K), 0.0112443 secs] [Times: user=0.02 sys=0.00, real=0.01 secs] 
15896.310: [GC (Allocation Failure) 
Desired survivor size 5242880 bytes, new threshold 15 (max 15)
[PSYoungGen: 257466K->4497K(257536K)] 367312K->114525K(1043968K), 0.0117407 secs] [Times: user=0.02 sys=0.00, real=0.01 secs] 
15914.842: [GC (Allocation Failure) 
Desired survivor size 5242880 bytes, new threshold 14 (max 15)
[PSYoungGen: 257425K->4577K(256512K)] 367453K->114772K(1042944K), 0.0093804 secs] [Times: user=0.02 sys=0.00, real=0.01 secs] 
15933.172: [GC (Allocation Failure) 
Desired survivor size 5242880 bytes, new threshold 15 (max 15)
[PSYoungGen: 256481K->4459K(257024K)] 366676K->114830K(1043456K), 0.0096154 secs] [Times: user=0.02 sys=0.00, real=0.01 secs] 
15951.673: [GC (Allocation Failure) 
Desired survivor size 5242880 bytes, new threshold 15 (max 15)
[PSYoungGen: 256363K->4521K(257024K)] 366734K->114892K(1043456K), 0.0095014 secs] [Times: user=0.02 sys=0.00, real=0.01 secs] 
15970.098: [GC (Allocation Failure) 
Desired survivor size 5242880 bytes, new threshold 15 (max 15)
[PSYoungGen: 256411K->4444K(257024K)] 366782K->114942K(1043456K), 0.0093356 secs] [Times: user=0.02 sys=0.00, real=0.01 secs] 
15988.468: [GC (Allocation Failure) 
Desired survivor size 5242880 bytes, new threshold 15 (max 15)
[PSYoungGen: 256348K->4359K(257024K)] 366846K->114984K(1043456K), 0.0101710 secs] [Times: user=0.02 sys=0.00, real=0.01 secs] 
16006.967: [GC (Allocation Failure) 
Desired survivor size 5242880 bytes, new threshold 15 (max 15)
[PSYoungGen: 256263K->4406K(257024K)] 366888K->115102K(1043456K), 0.0099652 secs] [Times: user=0.02 sys=0.00, real=0.01 secs] 
16025.538: [GC (Allocation Failure) 
Desired survivor size 5242880 bytes, new threshold 15 (max 15)
[PSYoungGen: 256310K->4415K(257024K)] 367006K->115184K(1043456K), 0.0096834 secs] [Times: user=0.02 sys=0.00, real=0.01 secs] 
16044.036: [GC (Allocation Failure) 
Desired survivor size 5242880 bytes, new threshold 15 (max 15)
[PSYoungGen: 256319K->4345K(257024K)] 367088K->115193K(1043456K), 0.0097946 secs] [Times: user=0.01 sys=0.00, real=0.01 secs] 
16062.473: [GC (Allocation Failure) 
Desired survivor size 5242880 bytes, new threshold 15 (max 15)
[PSYoungGen: 256249K->4374K(257024K)] 367097K->115294K(1043456K), 0.0097749 secs] [Times: user=0.02 sys=0.00, real=0.01 secs] 
16080.965: [GC (Allocation Failure) 
Desired survivor size 4718592 bytes, new threshold 15 (max 15)
[PSYoungGen: 256278K->4374K(257024K)] 367198K->115367K(1043456K), 0.0095893 secs] [Times: user=0.01 sys=0.00, real=0.01 secs] 
16099.537: [GC (Allocation Failure) 
Desired survivor size 4718592 bytes, new threshold 15 (max 15)
[PSYoungGen: 256278K->4344K(257536K)] 367271K->115463K(1043968K), 0.0097362 secs] [Times: user=0.02 sys=0.00, real=0.01 secs] 
16118.092: [GC (Allocation Failure) 
Desired survivor size 4718592 bytes, new threshold 15 (max 15)
[PSYoungGen: 257272K->4330K(257536K)] 368391K->115521K(1043968K), 0.0104110 secs] [Times: user=0.01 sys=0.00, real=0.01 secs] 
16136.717: [GC (Allocation Failure) 
Desired survivor size 4718592 bytes, new threshold 15 (max 15)
[PSYoungGen: 257258K->4306K(257536K)] 368449K->115624K(1043968K), 0.0118352 secs] [Times: user=0.02 sys=0.00, real=0.01 secs] 
16155.327: [GC (Allocation Failure) 
Desired survivor size 4718592 bytes, new threshold 15 (max 15)
[PSYoungGen: 257234K->4198K(257536K)] 368552K->115690K(1043968K), 0.0098563 secs] [Times: user=0.02 sys=0.00, real=0.01 secs] 
16173.882: [GC (Allocation Failure) 
Desired survivor size 4718592 bytes, new threshold 15 (max 15)
[PSYoungGen: 257126K->4262K(257536K)] 368618K->115834K(1043968K), 0.0099906 secs] [Times: user=0.01 sys=0.00, real=0.01 secs] 
16192.422: [GC (Allocation Failure) 
Desired survivor size 4718592 bytes, new threshold 15 (max 15)
[PSYoungGen: 257190K->4173K(257536K)] 368762K->115824K(1043968K), 0.0101254 secs] [Times: user=0.02 sys=0.00, real=0.01 secs] 
16211.043: [GC (Allocation Failure) 
Desired survivor size 4718592 bytes, new threshold 15 (max 15)
[PSYoungGen: 257101K->4172K(257536K)] 368752K->115904K(1043968K), 0.0106760 secs] [Times: user=0.02 sys=0.00, real=0.01 secs] 
16229.513: [GC (Allocation Failure) 
Desired survivor size 4718592 bytes, new threshold 15 (max 15)
[PSYoungGen: 257100K->4350K(257536K)] 368832K->116162K(1043968K), 0.0097021 secs] [Times: user=0.01 sys=0.00, real=0.01 secs] 
16247.836: [GC (Allocation Failure) 
Desired survivor size 4718592 bytes, new threshold 15 (max 15)
[PSYoungGen: 257278K->4383K(257536K)] 369090K->116275K(1043968K), 0.0095958 secs] [Times: user=0.01 sys=0.01, real=0.01 secs] 
16266.416: [GC (Allocation Failure) 
Desired survivor size 4718592 bytes, new threshold 15 (max 15)
[PSYoungGen: 257311K->4129K(257536K)] 369203K->116195K(1043968K), 0.0129572 secs] [Times: user=0.02 sys=0.00, real=0.01 secs] 
16284.961: [GC (Allocation Failure) 
Desired survivor size 4718592 bytes, new threshold 15 (max 15)
[PSYoungGen: 257057K->4193K(257536K)] 369123K->116338K(1043968K), 0.0113685 secs] [Times: user=0.02 sys=0.00, real=0.01 secs] 
16303.584: [GC (Allocation Failure) 
Desired survivor size 4718592 bytes, new threshold 15 (max 15)
[PSYoungGen: 257121K->4193K(257536K)] 369266K->116418K(1043968K), 0.0115060 secs] [Times: user=0.02 sys=0.00, real=0.01 secs] 
16322.094: [GC (Allocation Failure) 
Desired survivor size 4718592 bytes, new threshold 15 (max 15)
[PSYoungGen: 257121K->4175K(257536K)] 369346K->116472K(1043968K), 0.0107136 secs] [Times: user=0.02 sys=0.00, real=0.01 secs] 
16340.786: [GC (Allocation Failure) 
Desired survivor size 4718592 bytes, new threshold 15 (max 15)
[PSYoungGen: 257103K->4169K(257536K)] 369400K->116585K(1043968K), 0.0113137 secs] [Times: user=0.02 sys=0.00, real=0.01 secs] 
16359.169: [GC (Allocation Failure) 
Desired survivor size 4718592 bytes, new threshold 15 (max 15)
[PSYoungGen: 257097K->4220K(257536K)] 369513K->116708K(1043968K), 0.0109766 secs] [Times: user=0.02 sys=0.00, real=0.01 secs] 
16377.593: [GC (Allocation Failure) 
Desired survivor size 4718592 bytes, new threshold 15 (max 15)
[PSYoungGen: 257148K->4152K(257536K)] 369636K->116712K(1043968K), 0.0107394 secs] [Times: user=0.02 sys=0.00, real=0.01 secs] 
16396.210: [GC (Allocation Failure) 
Desired survivor size 4718592 bytes, new threshold 15 (max 15)
[PSYoungGen: 257080K->4279K(257536K)] 369640K->116920K(1043968K), 0.0098057 secs] [Times: user=0.02 sys=0.00, real=0.01 secs] 
16414.719: [GC (Allocation Failure) 
Desired survivor size 4718592 bytes, new threshold 15 (max 15)
[PSYoungGen: 257207K->4270K(257536K)] 369848K->116991K(1043968K), 0.0097846 secs] [Times: user=0.01 sys=0.00, real=0.01 secs] 
16433.214: [GC (Allocation Failure) 
Desired survivor size 4718592 bytes, new threshold 15 (max 15)
[PSYoungGen: 257198K->4378K(257536K)] 369919K->117171K(1043968K), 0.0096775 secs] [Times: user=0.02 sys=0.00, real=0.01 secs] 
16451.789: [GC (Allocation Failure) 
Desired survivor size 4718592 bytes, new threshold 15 (max 15)
[PSYoungGen: 257306K->4389K(257536K)] 370099K->117253K(1043968K), 0.0108716 secs] [Times: user=0.02 sys=0.00, real=0.01 secs] 
16470.219: [GC (Allocation Failure) 
Desired survivor size 4718592 bytes, new threshold 15 (max 15)
[PSYoungGen: 257317K->4412K(257536K)] 370181K->117403K(1043968K), 0.0098234 secs] [Times: user=0.02 sys=0.00, real=0.01 secs] 
16488.909: [GC (Allocation Failure) 
Desired survivor size 4718592 bytes, new threshold 15 (max 15)
[PSYoungGen: 257340K->4429K(257536K)] 370331K->117492K(1043968K), 0.0099734 secs] [Times: user=0.02 sys=0.00, real=0.01 secs] 
16507.469: [GC (Allocation Failure) 
Desired survivor size 4718592 bytes, new threshold 15 (max 15)
[PSYoungGen: 257357K->4379K(257536K)] 370420K->117522K(1043968K), 0.0105538 secs] [Times: user=0.02 sys=0.00, real=0.01 secs] 
16525.969: [GC (Allocation Failure) 
Desired survivor size 5242880 bytes, new threshold 15 (max 15)
[PSYoungGen: 257307K->4520K(257536K)] 370450K->117775K(1043968K), 0.0109603 secs] [Times: user=0.02 sys=0.00, real=0.01 secs] 
16544.586: [GC (Allocation Failure) 
Desired survivor size 5242880 bytes, new threshold 15 (max 15)
[PSYoungGen: 257448K->4487K(256512K)] 370703K->117814K(1042944K), 0.0111933 secs] [Times: user=0.02 sys=0.00, real=0.01 secs] 
16563.039: [GC (Allocation Failure) 
Desired survivor size 5242880 bytes, new threshold 15 (max 15)
[PSYoungGen: 256391K->4440K(257024K)] 369718K->117839K(1043456K), 0.0101375 secs] [Times: user=0.01 sys=0.00, real=0.01 secs] 
16581.543: [GC (Allocation Failure) 
Desired survivor size 5242880 bytes, new threshold 15 (max 15)
[PSYoungGen: 256344K->4471K(257024K)] 369743K->117942K(1043456K), 0.0100872 secs] [Times: user=0.02 sys=0.00, real=0.01 secs] 
16599.960: [GC (Allocation Failure) 
Desired survivor size 5242880 bytes, new threshold 15 (max 15)
[PSYoungGen: 256375K->4488K(257024K)] 369846K->118031K(1043456K), 0.0098806 secs] [Times: user=0.02 sys=0.00, real=0.01 secs] 
16618.468: [GC (Allocation Failure) 
Desired survivor size 5242880 bytes, new threshold 15 (max 15)
[PSYoungGen: 256392K->4359K(257024K)] 369935K->117982K(1043456K), 0.0099995 secs] [Times: user=0.02 sys=0.00, real=0.01 secs] 
16636.953: [GC (Allocation Failure) 
Desired survivor size 5242880 bytes, new threshold 15 (max 15)
[PSYoungGen: 256263K->4417K(257024K)] 369886K->118221K(1043456K), 0.0107810 secs] [Times: user=0.01 sys=0.00, real=0.01 secs] 
16655.468: [GC (Allocation Failure) 
Desired survivor size 5242880 bytes, new threshold 15 (max 15)
[PSYoungGen: 256321K->4328K(257024K)] 370125K->118252K(1043456K), 0.0095338 secs] [Times: user=0.02 sys=0.00, real=0.01 secs] 
16673.960: [GC (Allocation Failure) 
Desired survivor size 5242880 bytes, new threshold 15 (max 15)
[PSYoungGen: 256232K->4449K(257024K)] 370156K->118444K(1043456K), 0.0119369 secs] [Times: user=0.02 sys=0.00, real=0.01 secs] 
16692.417: [GC (Allocation Failure) 
Desired survivor size 5242880 bytes, new threshold 15 (max 15)
[PSYoungGen: 256353K->4304K(257024K)] 370348K->118426K(1043456K), 0.0092526 secs] [Times: user=0.02 sys=0.00, real=0.01 secs] 
16710.844: [GC (Allocation Failure) 
Desired survivor size 5242880 bytes, new threshold 15 (max 15)
[PSYoungGen: 256208K->4223K(257024K)] 370330K->118473K(1043456K), 0.0098446 secs] [Times: user=0.02 sys=0.00, real=0.01 secs] 
16729.342: [GC (Allocation Failure) 
Desired survivor size 5242880 bytes, new threshold 15 (max 15)
[PSYoungGen: 256127K->4185K(257024K)] 370377K->118561K(1043456K), 0.0099066 secs] [Times: user=0.02 sys=0.00, real=0.01 secs] 
16747.919: [GC (Allocation Failure) 
Desired survivor size 5242880 bytes, new threshold 15 (max 15)
[PSYoungGen: 256089K->4178K(257024K)] 370465K->118681K(1043456K), 0.0091527 secs] [Times: user=0.02 sys=0.00, real=0.01 secs] 
16766.419: [GC (Allocation Failure) 
Desired survivor size 4718592 bytes, new threshold 15 (max 15)
[PSYoungGen: 256082K->4259K(257536K)] 370585K->118834K(1043968K), 0.0122581 secs] [Times: user=0.02 sys=0.00, real=0.01 secs] 
16784.984: [GC (Allocation Failure) 
Desired survivor size 4718592 bytes, new threshold 15 (max 15)
[PSYoungGen: 256675K->4402K(257024K)] 371250K->119049K(1043456K), 0.0097983 secs] [Times: user=0.01 sys=0.00, real=0.01 secs] 
16803.545: [GC (Allocation Failure) 
Desired survivor size 4718592 bytes, new threshold 15 (max 15)
[PSYoungGen: 256818K->4242K(257536K)] 371465K->118969K(1043968K), 0.0093467 secs] [Times: user=0.02 sys=0.00, real=0.01 secs] 
16822.046: [GC (Allocation Failure) 
Desired survivor size 4718592 bytes, new threshold 15 (max 15)
[PSYoungGen: 257170K->4389K(257536K)] 371897K->119195K(1043968K), 0.0098051 secs] [Times: user=0.02 sys=0.00, real=0.01 secs] 
16840.536: [GC (Allocation Failure) 
Desired survivor size 4718592 bytes, new threshold 15 (max 15)
[PSYoungGen: 257317K->4433K(257536K)] 372123K->119320K(1043968K), 0.0102075 secs] [Times: user=0.02 sys=0.00, real=0.01 secs] 
16858.846: [GC (Allocation Failure) 
Desired survivor size 4718592 bytes, new threshold 15 (max 15)
[PSYoungGen: 257361K->4367K(257536K)] 372248K->119326K(1043968K), 0.0099485 secs] [Times: user=0.02 sys=0.00, real=0.01 secs] 
16877.344: [GC (Allocation Failure) 
Desired survivor size 4718592 bytes, new threshold 15 (max 15)
[PSYoungGen: 257295K->4368K(257536K)] 372254K->119445K(1043968K), 0.0096734 secs] [Times: user=0.01 sys=0.00, real=0.01 secs] 
16895.964: [GC (Allocation Failure) 
Desired survivor size 4718592 bytes, new threshold 15 (max 15)
[PSYoungGen: 257296K->4416K(257536K)] 372373K->119574K(1043968K), 0.0110293 secs] [Times: user=0.02 sys=0.00, real=0.01 secs] 
16914.470: [GC (Allocation Failure) 
Desired survivor size 4718592 bytes, new threshold 15 (max 15)
[PSYoungGen: 257344K->4335K(257536K)] 372502K->119627K(1043968K), 0.0099190 secs] [Times: user=0.02 sys=0.00, real=0.01 secs] 
16933.039: [GC (Allocation Failure) 
Desired survivor size 4718592 bytes, new threshold 15 (max 15)
[PSYoungGen: 257263K->4437K(257536K)] 372555K->119801K(1043968K), 0.0105906 secs] [Times: user=0.01 sys=0.00, real=0.01 secs] 
16951.539: [GC (Allocation Failure) 
Desired survivor size 4718592 bytes, new threshold 15 (max 15)
[PSYoungGen: 257365K->4395K(257536K)] 372729K->119886K(1043968K), 0.0099864 secs] [Times: user=0.02 sys=0.00, real=0.01 secs] 
16969.985: [GC (Allocation Failure) 
Desired survivor size 4718592 bytes, new threshold 15 (max 15)
[PSYoungGen: 257323K->4467K(257536K)] 372814K->120077K(1043968K), 0.0096408 secs] [Times: user=0.01 sys=0.00, real=0.01 secs] 
16988.593: [GC (Allocation Failure) 
Desired survivor size 4718592 bytes, new threshold 15 (max 15)
[PSYoungGen: 257395K->4445K(257536K)] 373005K->120173K(1043968K), 0.0096452 secs] [Times: user=0.02 sys=0.00, real=0.01 secs] 
17007.089: [GC (Allocation Failure) 
Desired survivor size 4718592 bytes, new threshold 15 (max 15)
[PSYoungGen: 257373K->4451K(257536K)] 373101K->120260K(1043968K), 0.0102513 secs] [Times: user=0.02 sys=0.00, real=0.01 secs] 
17025.785: [GC (Allocation Failure) 
Desired survivor size 5242880 bytes, new threshold 15 (max 15)
[PSYoungGen: 257379K->4514K(256512K)] 373188K->120395K(1042944K), 0.0133381 secs] [Times: user=0.02 sys=0.00, real=0.01 secs] 
17044.170: [GC (Allocation Failure) 
Desired survivor size 5242880 bytes, new threshold 15 (max 15)
[PSYoungGen: 256418K->4521K(257024K)] 372299K->120481K(1043456K), 0.0098102 secs] [Times: user=0.01 sys=0.00, real=0.01 secs] 
17062.711: [GC (Allocation Failure) 
Desired survivor size 5242880 bytes, new threshold 15 (max 15)
[PSYoungGen: 256425K->4499K(257024K)] 372385K->120532K(1043456K), 0.0103603 secs] [Times: user=0.02 sys=0.00, real=0.01 secs] 
17081.167: [GC (Allocation Failure) 
Desired survivor size 5242880 bytes, new threshold 15 (max 15)
[PSYoungGen: 256403K->4515K(257024K)] 372436K->120620K(1043456K), 0.0098052 secs] [Times: user=0.01 sys=0.00, real=0.01 secs] 
17099.670: [GC (Allocation Failure) 
Desired survivor size 5242880 bytes, new threshold 15 (max 15)
[PSYoungGen: 256419K->4419K(257024K)] 372524K->120604K(1043456K), 0.0094647 secs] [Times: user=0.02 sys=0.00, real=0.01 secs] 
17118.088: [GC (Allocation Failure) 
Desired survivor size 5242880 bytes, new threshold 15 (max 15)
[PSYoungGen: 256323K->4642K(257024K)] 372508K->121009K(1043456K), 0.0099715 secs] [Times: user=0.02 sys=0.00, real=0.01 secs] 
17136.587: [GC (Allocation Failure) 
Desired survivor size 5242880 bytes, new threshold 15 (max 15)
[PSYoungGen: 256546K->4402K(257024K)] 372913K->120880K(1043456K), 0.0099943 secs] [Times: user=0.01 sys=0.00, real=0.01 secs] 
17155.127: [GC (Allocation Failure) 
Desired survivor size 5242880 bytes, new threshold 15 (max 15)
[PSYoungGen: 256306K->4323K(257024K)] 372784K->120929K(1043456K), 0.0096693 secs] [Times: user=0.02 sys=0.00, real=0.01 secs] 
17173.627: [GC (Allocation Failure) 
Desired survivor size 5242880 bytes, new threshold 15 (max 15)
[PSYoungGen: 256227K->4302K(257024K)] 372833K->120979K(1043456K), 0.0143617 secs] [Times: user=0.02 sys=0.00, real=0.01 secs] 
17192.044: [GC (Allocation Failure) 
Desired survivor size 5242880 bytes, new threshold 15 (max 15)
[PSYoungGen: 256206K->4341K(257024K)] 372883K->121090K(1043456K), 0.0100059 secs] [Times: user=0.02 sys=0.00, real=0.01 secs] 
17210.342: [GC (Allocation Failure) 
Desired survivor size 5242880 bytes, new threshold 15 (max 15)
[PSYoungGen: 256245K->4342K(257024K)] 372994K->121163K(1043456K), 0.0093436 secs] [Times: user=0.02 sys=0.00, real=0.01 secs] 
17228.831: [GC (Allocation Failure) 
Desired survivor size 5242880 bytes, new threshold 15 (max 15)
[PSYoungGen: 256246K->4273K(257024K)] 373067K->121267K(1043456K), 0.0125130 secs] [Times: user=0.02 sys=0.00, real=0.02 secs] 
17247.300: [GC (Allocation Failure) 
Desired survivor size 5242880 bytes, new threshold 15 (max 15)
[PSYoungGen: 256177K->4201K(257024K)] 373171K->121315K(1043456K), 0.0111690 secs] [Times: user=0.02 sys=0.00, real=0.01 secs] 
17265.842: [GC (Allocation Failure) 
Desired survivor size 5242880 bytes, new threshold 15 (max 15)
[PSYoungGen: 256105K->4255K(257024K)] 373219K->121441K(1043456K), 0.0115999 secs] [Times: user=0.02 sys=0.00, real=0.01 secs] 
17284.294: [GC (Allocation Failure) 
Desired survivor size 5242880 bytes, new threshold 15 (max 15)
[PSYoungGen: 256159K->4288K(257024K)] 373345K->121546K(1043456K), 0.0092213 secs] [Times: user=0.02 sys=0.00, real=0.01 secs] 
17302.795: [GC (Allocation Failure) 
Desired survivor size 5242880 bytes, new threshold 15 (max 15)
[PSYoungGen: 256192K->4262K(257024K)] 373450K->121600K(1043456K), 0.0122205 secs] [Times: user=0.02 sys=0.00, real=0.01 secs] 
17321.256: [GC (Allocation Failure) 
Desired survivor size 4718592 bytes, new threshold 15 (max 15)
[PSYoungGen: 256166K->4311K(257536K)] 373504K->121775K(1043968K), 0.0150886 secs] [Times: user=0.02 sys=0.00, real=0.02 secs] 
17339.836: [GC (Allocation Failure) 
Desired survivor size 4718592 bytes, new threshold 15 (max 15)
[PSYoungGen: 256727K->4406K(257024K)] 374191K->121943K(1043456K), 0.0118445 secs] [Times: user=0.02 sys=0.00, real=0.01 secs] 
17358.267: [GC (Allocation Failure) 
Desired survivor size 4718592 bytes, new threshold 15 (max 15)
[PSYoungGen: 256822K->4403K(257536K)] 374359K->122012K(1043968K), 0.0124777 secs] [Times: user=0.02 sys=0.00, real=0.01 secs] 
17376.921: [GC (Allocation Failure) 
Desired survivor size 5242880 bytes, new threshold 15 (max 15)
[PSYoungGen: 257331K->4498K(257536K)] 374940K->122187K(1043968K), 0.0148194 secs] [Times: user=0.03 sys=0.00, real=0.02 secs] 
17395.466: [GC (Allocation Failure) 
Desired survivor size 5242880 bytes, new threshold 15 (max 15)
[PSYoungGen: 257426K->4435K(256512K)] 375115K->122203K(1042944K), 0.0115162 secs] [Times: user=0.02 sys=0.00, real=0.02 secs] 
17413.915: [GC (Allocation Failure) 
Desired survivor size 5242880 bytes, new threshold 15 (max 15)
[PSYoungGen: 256339K->4543K(257024K)] 374107K->122384K(1043456K), 0.0141380 secs] [Times: user=0.02 sys=0.00, real=0.01 secs] 
17432.212: [GC (Allocation Failure) 
Desired survivor size 5242880 bytes, new threshold 15 (max 15)
[PSYoungGen: 256447K->4640K(257024K)] 374288K->122568K(1043456K), 0.0133457 secs] [Times: user=0.03 sys=0.00, real=0.02 secs] 
17450.419: [GC (Allocation Failure) 
Desired survivor size 5242880 bytes, new threshold 15 (max 15)
[PSYoungGen: 256544K->4576K(257024K)] 374472K->122576K(1043456K), 0.0121170 secs] [Times: user=0.02 sys=0.00, real=0.01 secs] 
17468.812: [GC (Allocation Failure) 
Desired survivor size 5242880 bytes, new threshold 15 (max 15)
[PSYoungGen: 256480K->4644K(257024K)] 374480K->122717K(1043456K), 0.0123626 secs] [Times: user=0.02 sys=0.00, real=0.01 secs] 
17487.293: [GC (Allocation Failure) 
Desired survivor size 5242880 bytes, new threshold 15 (max 15)
[PSYoungGen: 256548K->4515K(257024K)] 374621K->122769K(1043456K), 0.0140340 secs] [Times: user=0.02 sys=0.00, real=0.01 secs] 
17505.834: [GC (Allocation Failure) 
Desired survivor size 5242880 bytes, new threshold 15 (max 15)
[PSYoungGen: 256419K->4538K(257024K)] 374673K->122864K(1043456K), 0.0128423 secs] [Times: user=0.02 sys=0.00, real=0.02 secs] 
17524.288: [GC (Allocation Failure) 
Desired survivor size 5242880 bytes, new threshold 15 (max 15)
[PSYoungGen: 256442K->4522K(257024K)] 374768K->122928K(1043456K), 0.0116097 secs] [Times: user=0.01 sys=0.00, real=0.01 secs] 
17542.840: [GC (Allocation Failure) 
Desired survivor size 5242880 bytes, new threshold 15 (max 15)
[PSYoungGen: 256426K->4444K(257024K)] 374832K->122969K(1043456K), 0.0122314 secs] [Times: user=0.02 sys=0.00, real=0.01 secs] 
17561.295: [GC (Allocation Failure) 
Desired survivor size 5242880 bytes, new threshold 15 (max 15)
[PSYoungGen: 256348K->4374K(257024K)] 374873K->122971K(1043456K), 0.0122425 secs] [Times: user=0.02 sys=0.00, real=0.01 secs] 
17579.794: [GC (Allocation Failure) 
Desired survivor size 5242880 bytes, new threshold 15 (max 15)
[PSYoungGen: 256278K->4389K(257024K)] 374875K->123105K(1043456K), 0.0121006 secs] [Times: user=0.02 sys=0.00, real=0.02 secs] 
17598.278: [GC (Allocation Failure) 
Desired survivor size 5242880 bytes, new threshold 15 (max 15)
[PSYoungGen: 256293K->4423K(257024K)] 375009K->123211K(1043456K), 0.0113833 secs] [Times: user=0.02 sys=0.00, real=0.02 secs] 
17616.837: [GC (Allocation Failure) 
Desired survivor size 5242880 bytes, new threshold 15 (max 15)
[PSYoungGen: 256327K->4431K(257024K)] 375115K->123291K(1043456K), 0.0195020 secs] [Times: user=0.03 sys=0.00, real=0.02 secs] 
17635.293: [GC (Allocation Failure) 
Desired survivor size 5242880 bytes, new threshold 15 (max 15)
[PSYoungGen: 256335K->4282K(257024K)] 375195K->123268K(1043456K), 0.0113101 secs] [Times: user=0.01 sys=0.00, real=0.01 secs] 
17653.843: [GC (Allocation Failure) 
Desired survivor size 5242880 bytes, new threshold 15 (max 15)
[PSYoungGen: 256186K->4399K(257024K)] 375172K->123457K(1043456K), 0.0111574 secs] [Times: user=0.02 sys=0.00, real=0.01 secs] 
17672.287: [GC (Allocation Failure) 
Desired survivor size 5242880 bytes, new threshold 15 (max 15)
[PSYoungGen: 256303K->4352K(257024K)] 375361K->123483K(1043456K), 0.0118813 secs] [Times: user=0.02 sys=0.00, real=0.01 secs] 
17690.706: [GC (Allocation Failure) 
Desired survivor size 5242880 bytes, new threshold 15 (max 15)
[PSYoungGen: 256256K->4367K(257024K)] 375387K->123672K(1043456K), 0.0121672 secs] [Times: user=0.02 sys=0.00, real=0.01 secs] 
17709.220: [GC (Allocation Failure) 
Desired survivor size 5242880 bytes, new threshold 15 (max 15)
[PSYoungGen: 256271K->4319K(257024K)] 375576K->123695K(1043456K), 0.0113370 secs] [Times: user=0.02 sys=0.00, real=0.01 secs] 
17727.668: [GC (Allocation Failure) 
Desired survivor size 5242880 bytes, new threshold 15 (max 15)
[PSYoungGen: 256223K->4465K(257024K)] 375599K->123953K(1043456K), 0.0117046 secs] [Times: user=0.02 sys=0.00, real=0.02 secs] 
17746.207: [GC (Allocation Failure) 
Desired survivor size 5242880 bytes, new threshold 15 (max 15)
[PSYoungGen: 256369K->4421K(257024K)] 375857K->124075K(1043456K), 0.0132837 secs] [Times: user=0.03 sys=0.00, real=0.01 secs] 
17764.594: [GC (Allocation Failure) 
Desired survivor size 4718592 bytes, new threshold 15 (max 15)
[PSYoungGen: 256325K->4345K(257536K)] 375979K->124078K(1043968K), 0.0118310 secs] [Times: user=0.02 sys=0.00, real=0.01 secs] 
17783.094: [GC (Allocation Failure) 
Desired survivor size 4718592 bytes, new threshold 15 (max 15)
[PSYoungGen: 256761K->4314K(257024K)] 376494K->124174K(1043456K), 0.0123605 secs] [Times: user=0.02 sys=0.00, real=0.01 secs] 
17801.670: [GC (Allocation Failure) 
Desired survivor size 4718592 bytes, new threshold 15 (max 15)
[PSYoungGen: 256730K->4329K(257536K)] 376590K->124262K(1043968K), 0.0111987 secs] [Times: user=0.02 sys=0.00, real=0.01 secs] 
17820.218: [GC (Allocation Failure) 
Desired survivor size 5242880 bytes, new threshold 15 (max 15)
[PSYoungGen: 257257K->4555K(257536K)] 377190K->124559K(1043968K), 0.0115452 secs] [Times: user=0.02 sys=0.00, real=0.01 secs] 
17838.716: [GC (Allocation Failure) 
Desired survivor size 5242880 bytes, new threshold 15 (max 15)
[PSYoungGen: 257483K->4423K(256512K)] 377487K->124500K(1042944K), 0.0113234 secs] [Times: user=0.02 sys=0.01, real=0.01 secs] 
17857.227: [GC (Allocation Failure) 
Desired survivor size 5242880 bytes, new threshold 15 (max 15)
[PSYoungGen: 256327K->4560K(257024K)] 376404K->124755K(1043456K), 0.0147235 secs] [Times: user=0.03 sys=0.00, real=0.02 secs] 
17875.725: [GC (Allocation Failure) 
Desired survivor size 5242880 bytes, new threshold 15 (max 15)
[PSYoungGen: 256464K->4385K(257024K)] 376659K->124652K(1043456K), 0.0198681 secs] [Times: user=0.03 sys=0.00, real=0.02 secs] 
17894.294: [GC (Allocation Failure) 
Desired survivor size 5242880 bytes, new threshold 15 (max 15)
[PSYoungGen: 256289K->4433K(257024K)] 376556K->124772K(1043456K), 0.0112627 secs] [Times: user=0.02 sys=0.00, real=0.01 secs] 
17912.796: [GC (Allocation Failure) 
Desired survivor size 5242880 bytes, new threshold 15 (max 15)
[PSYoungGen: 256337K->4369K(257024K)] 376676K->124788K(1043456K), 0.0123569 secs] [Times: user=0.02 sys=0.00, real=0.02 secs] 
17931.236: [GC (Allocation Failure) 
Desired survivor size 5242880 bytes, new threshold 15 (max 15)
[PSYoungGen: 256273K->4550K(257024K)] 376692K->125049K(1043456K), 0.0115528 secs] [Times: user=0.02 sys=0.00, real=0.01 secs] 
17949.793: [GC (Allocation Failure) 
Desired survivor size 5242880 bytes, new threshold 15 (max 15)
[PSYoungGen: 256454K->4406K(257024K)] 376953K->124985K(1043456K), 0.0112578 secs] [Times: user=0.02 sys=0.00, real=0.01 secs] 
17968.241: [GC (Allocation Failure) 
Desired survivor size 5242880 bytes, new threshold 15 (max 15)
[PSYoungGen: 256310K->4511K(257024K)] 376889K->125210K(1043456K), 0.0123826 secs] [Times: user=0.02 sys=0.00, real=0.01 secs] 
17986.833: [GC (Allocation Failure) 
Desired survivor size 5242880 bytes, new threshold 15 (max 15)
[PSYoungGen: 256415K->4416K(257024K)] 377114K->125186K(1043456K), 0.0129555 secs] [Times: user=0.01 sys=0.00, real=0.01 secs] 
18005.295: [GC (Allocation Failure) 
Desired survivor size 5242880 bytes, new threshold 15 (max 15)
[PSYoungGen: 256320K->4273K(257024K)] 377090K->125115K(1043456K), 0.0115322 secs] [Times: user=0.02 sys=0.00, real=0.01 secs] 
18023.710: [GC (Allocation Failure) 
Desired survivor size 5242880 bytes, new threshold 15 (max 15)
[PSYoungGen: 256177K->4588K(257024K)] 377019K->125511K(1043456K), 0.0121728 secs] [Times: user=0.02 sys=0.00, real=0.01 secs] 
18031.771: [GC (System.gc()) 
Desired survivor size 5242880 bytes, new threshold 15 (max 15)
[PSYoungGen: 115436K->4166K(257024K)] 236358K->125215K(1043456K), 0.0102268 secs] [Times: user=0.02 sys=0.00, real=0.01 secs] 
18031.782: [Full GC (System.gc()) [PSYoungGen: 4166K->0K(257024K)] [ParOldGen: 121049K->105764K(786432K)] 125215K->105764K(1043456K), [Metaspace: 91563K->91563K(1132544K)], 0.3038427 secs] [Times: user=0.45 sys=0.00, real=0.31 secs] 
18050.045: [GC (Allocation Failure) 
Desired survivor size 5242880 bytes, new threshold 15 (max 15)
[PSYoungGen: 251904K->3466K(257024K)] 357668K->109230K(1043456K), 0.0116809 secs] [Times: user=0.02 sys=0.00, real=0.01 secs] 
18068.288: [GC (Allocation Failure) 
Desired survivor size 5242880 bytes, new threshold 15 (max 15)
[PSYoungGen: 255370K->3728K(257024K)] 361134K->109492K(1043456K), 0.0105284 secs] [Times: user=0.01 sys=0.00, real=0.01 secs] 
18086.711: [GC (Allocation Failure) 
Desired survivor size 5242880 bytes, new threshold 15 (max 15)
[PSYoungGen: 255632K->3847K(257024K)] 361396K->109611K(1043456K), 0.0109824 secs] [Times: user=0.02 sys=0.00, real=0.01 secs] 
18105.166: [GC (Allocation Failure) 
Desired survivor size 5242880 bytes, new threshold 15 (max 15)
[PSYoungGen: 255751K->3988K(257024K)] 361515K->109752K(1043456K), 0.0121406 secs] [Times: user=0.02 sys=0.00, real=0.01 secs] 
18123.545: [GC (Allocation Failure) 
Desired survivor size 5242880 bytes, new threshold 15 (max 15)
[PSYoungGen: 255892K->4020K(257024K)] 361656K->109784K(1043456K), 0.0102447 secs] [Times: user=0.02 sys=0.00, real=0.01 secs] 
18142.086: [GC (Allocation Failure) 
Desired survivor size 5242880 bytes, new threshold 15 (max 15)
[PSYoungGen: 255924K->4138K(257024K)] 361688K->109902K(1043456K), 0.0105491 secs] [Times: user=0.02 sys=0.00, real=0.01 secs] 
18160.584: [GC (Allocation Failure) 
Desired survivor size 5242880 bytes, new threshold 15 (max 15)
[PSYoungGen: 256042K->4202K(257024K)] 361806K->109966K(1043456K), 0.0183797 secs] [Times: user=0.03 sys=0.00, real=0.01 secs] 
18179.036: [GC (Allocation Failure) 
Desired survivor size 5242880 bytes, new threshold 15 (max 15)
[PSYoungGen: 256106K->4289K(257024K)] 361870K->110053K(1043456K), 0.0102664 secs] [Times: user=0.02 sys=0.00, real=0.02 secs] 
18197.463: [GC (Allocation Failure) 
Desired survivor size 5242880 bytes, new threshold 15 (max 15)
[PSYoungGen: 256193K->4338K(257024K)] 361957K->110102K(1043456K), 0.0099558 secs] [Times: user=0.01 sys=0.00, real=0.01 secs] 
18215.920: [GC (Allocation Failure) 
Desired survivor size 5242880 bytes, new threshold 15 (max 15)
[PSYoungGen: 256242K->4362K(257024K)] 362006K->110126K(1043456K), 0.0114760 secs] [Times: user=0.02 sys=0.00, real=0.01 secs] 
18234.467: [GC (Allocation Failure) 
Desired survivor size 5242880 bytes, new threshold 15 (max 15)
[PSYoungGen: 256266K->4425K(257024K)] 362030K->110189K(1043456K), 0.0099561 secs] [Times: user=0.01 sys=0.00, real=0.01 secs] 
18253.045: [GC (Allocation Failure) 
Desired survivor size 5242880 bytes, new threshold 15 (max 15)
[PSYoungGen: 256329K->4488K(257024K)] 362093K->110253K(1043456K), 0.0114161 secs] [Times: user=0.02 sys=0.00, real=0.01 secs] 
18271.541: [GC (Allocation Failure) 
Desired survivor size 5242880 bytes, new threshold 15 (max 15)
[PSYoungGen: 256392K->4508K(257024K)] 362157K->110272K(1043456K), 0.0116374 secs] [Times: user=0.02 sys=0.00, real=0.01 secs] 
18290.085: [GC (Allocation Failure) 
Desired survivor size 5242880 bytes, new threshold 15 (max 15)
[PSYoungGen: 256412K->4477K(257024K)] 362176K->110241K(1043456K), 0.0126560 secs] [Times: user=0.02 sys=0.00, real=0.01 secs] 
18308.543: [GC (Allocation Failure) 
Desired survivor size 5242880 bytes, new threshold 15 (max 15)
[PSYoungGen: 256381K->4524K(257024K)] 362145K->110288K(1043456K), 0.0110815 secs] [Times: user=0.02 sys=0.00, real=0.01 secs] 
18326.923: [GC (Allocation Failure) 
Desired survivor size 5242880 bytes, new threshold 15 (max 15)
[PSYoungGen: 256428K->4225K(257024K)] 362192K->110558K(1043456K), 0.0116734 secs] [Times: user=0.02 sys=0.00, real=0.01 secs] 
18345.466: [GC (Allocation Failure) 
Desired survivor size 5242880 bytes, new threshold 15 (max 15)
[PSYoungGen: 256129K->4129K(257024K)] 362462K->110551K(1043456K), 0.0121295 secs] [Times: user=0.02 sys=0.00, real=0.01 secs] 
18363.966: [GC (Allocation Failure) 
Desired survivor size 5242880 bytes, new threshold 15 (max 15)
[PSYoungGen: 256033K->4144K(257024K)] 362455K->110622K(1043456K), 0.0118461 secs] [Times: user=0.01 sys=0.00, real=0.01 secs] 
18382.461: [GC (Allocation Failure) 
Desired survivor size 5242880 bytes, new threshold 15 (max 15)
[PSYoungGen: 256048K->4042K(257024K)] 362526K->110623K(1043456K), 0.0134133 secs] [Times: user=0.02 sys=0.00, real=0.01 secs] 
18400.968: [GC (Allocation Failure) 
Desired survivor size 5242880 bytes, new threshold 15 (max 15)
[PSYoungGen: 255946K->4177K(257024K)] 362527K->110814K(1043456K), 0.0104439 secs] [Times: user=0.02 sys=0.00, real=0.01 secs] 
18419.418: [GC (Allocation Failure) 
Desired survivor size 5242880 bytes, new threshold 15 (max 15)
[PSYoungGen: 256081K->4193K(257024K)] 362718K->110877K(1043456K), 0.0100700 secs] [Times: user=0.02 sys=0.00, real=0.01 secs] 
18437.917: [GC (Allocation Failure) 
Desired survivor size 5242880 bytes, new threshold 15 (max 15)
[PSYoungGen: 256097K->4246K(257024K)] 362781K->110978K(1043456K), 0.0115151 secs] [Times: user=0.01 sys=0.00, real=0.01 secs] 
18456.417: [GC (Allocation Failure) 
Desired survivor size 5242880 bytes, new threshold 15 (max 15)
[PSYoungGen: 256143K->4120K(257024K)] 362876K->111002K(1043456K), 0.0112229 secs] [Times: user=0.02 sys=0.00, real=0.01 secs] 
18474.968: [GC (Allocation Failure) 
Desired survivor size 5242880 bytes, new threshold 15 (max 15)
[PSYoungGen: 256024K->4146K(257024K)] 362906K->111131K(1043456K), 0.0111140 secs] [Times: user=0.02 sys=0.00, real=0.01 secs] 
18493.344: [GC (Allocation Failure) 
Desired survivor size 4718592 bytes, new threshold 15 (max 15)
[PSYoungGen: 256050K->4115K(257536K)] 363035K->111203K(1043968K), 0.0112724 secs] [Times: user=0.02 sys=0.00, real=0.02 secs] 
18511.913: [GC (Allocation Failure) 
Desired survivor size 4718592 bytes, new threshold 15 (max 15)
[PSYoungGen: 256531K->4228K(257024K)] 363619K->111372K(1043456K), 0.0109435 secs] [Times: user=0.02 sys=0.00, real=0.01 secs] 
18530.412: [GC (Allocation Failure) 
Desired survivor size 4718592 bytes, new threshold 15 (max 15)
[PSYoungGen: 256644K->4281K(257536K)] 363788K->111481K(1043968K), 0.0111861 secs] [Times: user=0.01 sys=0.00, real=0.01 secs] 
18549.046: [GC (Allocation Failure) 
Desired survivor size 4718592 bytes, new threshold 15 (max 15)
[PSYoungGen: 257209K->4264K(257536K)] 364409K->111520K(1043968K), 0.0109893 secs] [Times: user=0.02 sys=0.00, real=0.01 secs] 
18567.538: [GC (Allocation Failure) 
Desired survivor size 4718592 bytes, new threshold 15 (max 15)
[PSYoungGen: 257192K->4401K(257536K)] 364448K->111712K(1043968K), 0.0112269 secs] [Times: user=0.02 sys=0.00, real=0.01 secs] 
18586.099: [GC (Allocation Failure) 
Desired survivor size 4718592 bytes, new threshold 15 (max 15)
[PSYoungGen: 257313K->4337K(257536K)] 364625K->111704K(1043968K), 0.0142239 secs] [Times: user=0.02 sys=0.00, real=0.01 secs] 
18604.661: [GC (Allocation Failure) 
Desired survivor size 4718592 bytes, new threshold 15 (max 15)
[PSYoungGen: 257265K->4337K(257536K)] 364632K->111815K(1043968K), 0.0112427 secs] [Times: user=0.02 sys=0.00, real=0.02 secs] 
18623.171: [GC (Allocation Failure) 
Desired survivor size 5242880 bytes, new threshold 15 (max 15)
[PSYoungGen: 257265K->4529K(257536K)] 364743K->112071K(1043968K), 0.0110431 secs] [Times: user=0.02 sys=0.00, real=0.01 secs] 
18641.627: [GC (Allocation Failure) 
Desired survivor size 5242880 bytes, new threshold 15 (max 15)
[PSYoungGen: 257457K->4520K(256512K)] 364999K->112143K(1042944K), 0.0122206 secs] [Times: user=0.02 sys=0.00, real=0.01 secs] 
18660.093: [GC (Allocation Failure) 
Desired survivor size 5242880 bytes, new threshold 15 (max 15)
[PSYoungGen: 256424K->4455K(257024K)] 364047K->112150K(1043456K), 0.0110753 secs] [Times: user=0.02 sys=0.00, real=0.01 secs] 
18678.346: [GC (Allocation Failure) 
Desired survivor size 5242880 bytes, new threshold 15 (max 15)
[PSYoungGen: 256359K->4433K(257024K)] 364054K->112254K(1043456K), 0.0108046 secs] [Times: user=0.02 sys=0.00, real=0.01 secs] 
18696.811: [GC (Allocation Failure) 
Desired survivor size 5242880 bytes, new threshold 15 (max 15)
[PSYoungGen: 256337K->4535K(257024K)] 364158K->112437K(1043456K), 0.0115483 secs] [Times: user=0.02 sys=0.00, real=0.01 secs] 
18715.295: [GC (Allocation Failure) 
Desired survivor size 5242880 bytes, new threshold 15 (max 15)
[PSYoungGen: 256439K->4461K(257024K)] 364341K->112434K(1043456K), 0.0114815 secs] [Times: user=0.02 sys=0.00, real=0.01 secs] 
18733.706: [GC (Allocation Failure) 
Desired survivor size 5242880 bytes, new threshold 15 (max 15)
[PSYoungGen: 256365K->4557K(257024K)] 364338K->112602K(1043456K), 0.0109531 secs] [Times: user=0.02 sys=0.00, real=0.01 secs] 
18752.215: [GC (Allocation Failure) 
Desired survivor size 5242880 bytes, new threshold 15 (max 15)
[PSYoungGen: 256461K->4574K(257024K)] 364506K->112691K(1043456K), 0.0111877 secs] [Times: user=0.01 sys=0.00, real=0.01 secs] 
18770.670: [GC (Allocation Failure) 
Desired survivor size 5242880 bytes, new threshold 15 (max 15)
[PSYoungGen: 256478K->4472K(257024K)] 364595K->112716K(1043456K), 0.0114821 secs] [Times: user=0.02 sys=0.00, real=0.01 secs] 
18789.219: [GC (Allocation Failure) 
Desired survivor size 5242880 bytes, new threshold 15 (max 15)
[PSYoungGen: 256376K->4461K(257024K)] 364620K->112818K(1043456K), 0.0106335 secs] [Times: user=0.02 sys=0.00, real=0.01 secs] 
18807.667: [GC (Allocation Failure) 
Desired survivor size 5242880 bytes, new threshold 15 (max 15)
[PSYoungGen: 256365K->4455K(257024K)] 364722K->112893K(1043456K), 0.0122258 secs] [Times: user=0.03 sys=0.00, real=0.01 secs] 
18826.221: [GC (Allocation Failure) 
Desired survivor size 5242880 bytes, new threshold 15 (max 15)
[PSYoungGen: 256359K->4552K(257024K)] 364797K->113062K(1043456K), 0.0130605 secs] [Times: user=0.02 sys=0.00, real=0.01 secs] 
18844.540: [GC (Allocation Failure) 
Desired survivor size 5242880 bytes, new threshold 15 (max 15)
[PSYoungGen: 256456K->4580K(257024K)] 364966K->113161K(1043456K), 0.0119202 secs] [Times: user=0.01 sys=0.00, real=0.01 secs] 
18863.044: [GC (Allocation Failure) 
Desired survivor size 5242880 bytes, new threshold 15 (max 15)
[PSYoungGen: 256484K->4569K(257024K)] 365065K->113222K(1043456K), 0.0110427 secs] [Times: user=0.02 sys=0.00, real=0.01 secs] 
18881.545: [GC (Allocation Failure) 
Desired survivor size 5242880 bytes, new threshold 15 (max 15)
[PSYoungGen: 256473K->4477K(257024K)] 365126K->113257K(1043456K), 0.0114500 secs] [Times: user=0.02 sys=0.00, real=0.01 secs] 
18900.091: [GC (Allocation Failure) 
Desired survivor size 5242880 bytes, new threshold 15 (max 15)
[PSYoungGen: 256381K->4482K(257024K)] 365161K->113389K(1043456K), 0.0102210 secs] [Times: user=0.02 sys=0.00, real=0.01 secs] 
18918.416: [GC (Allocation Failure) 
Desired survivor size 5242880 bytes, new threshold 15 (max 15)
[PSYoungGen: 256386K->4655K(257024K)] 365293K->113634K(1043456K), 0.0112114 secs] [Times: user=0.02 sys=0.00, real=0.01 secs] 
18936.963: [GC (Allocation Failure) 
Desired survivor size 5242880 bytes, new threshold 15 (max 15)
[PSYoungGen: 256559K->4590K(257024K)] 365538K->113649K(1043456K), 0.0107381 secs] [Times: user=0.02 sys=0.00, real=0.01 secs] 
18955.415: [GC (Allocation Failure) 
Desired survivor size 5242880 bytes, new threshold 15 (max 15)
[PSYoungGen: 256494K->4596K(257024K)] 365553K->113751K(1043456K), 0.0113684 secs] [Times: user=0.02 sys=0.00, real=0.01 secs] 
18973.920: [GC (Allocation Failure) 
Desired survivor size 5242880 bytes, new threshold 15 (max 15)
[PSYoungGen: 256500K->4548K(257024K)] 365655K->113775K(1043456K), 0.0100855 secs] [Times: user=0.02 sys=0.00, real=0.01 secs] 
18992.344: [GC (Allocation Failure) 
Desired survivor size 5242880 bytes, new threshold 15 (max 15)
[PSYoungGen: 256452K->4446K(257024K)] 365679K->113791K(1043456K), 0.0110499 secs] [Times: user=0.01 sys=0.00, real=0.01 secs] 
19010.914: [GC (Allocation Failure) 
Desired survivor size 5242880 bytes, new threshold 15 (max 15)
[PSYoungGen: 256350K->4423K(257024K)] 365695K->113841K(1043456K), 0.0100488 secs] [Times: user=0.02 sys=0.00, real=0.01 secs] 
19029.416: [GC (Allocation Failure) 
Desired survivor size 5242880 bytes, new threshold 15 (max 15)
[PSYoungGen: 256327K->4471K(257024K)] 365745K->113961K(1043456K), 0.0105738 secs] [Times: user=0.02 sys=0.00, real=0.01 secs] 
19047.966: [GC (Allocation Failure) 
Desired survivor size 5242880 bytes, new threshold 15 (max 15)
[PSYoungGen: 256375K->4455K(257024K)] 365865K->114025K(1043456K), 0.0116237 secs] [Times: user=0.02 sys=0.00, real=0.01 secs] 
19066.468: [GC (Allocation Failure) 
Desired survivor size 5242880 bytes, new threshold 15 (max 15)
[PSYoungGen: 256359K->4503K(257024K)] 365929K->114192K(1043456K), 0.0108769 secs] [Times: user=0.02 sys=0.00, real=0.01 secs] 
19084.925: [GC (Allocation Failure) 
Desired survivor size 5242880 bytes, new threshold 15 (max 15)
[PSYoungGen: 256407K->4503K(257024K)] 366096K->114272K(1043456K), 0.0103525 secs] [Times: user=0.02 sys=0.00, real=0.01 secs] 
19103.416: [GC (Allocation Failure) 
Desired survivor size 5242880 bytes, new threshold 15 (max 15)
[PSYoungGen: 256407K->4427K(257024K)] 366176K->114325K(1043456K), 0.0100224 secs] [Times: user=0.01 sys=0.00, real=0.01 secs] 
19121.922: [GC (Allocation Failure) 
Desired survivor size 5242880 bytes, new threshold 15 (max 15)
[PSYoungGen: 256331K->4335K(257024K)] 366229K->114399K(1043456K), 0.0118967 secs] [Times: user=0.02 sys=0.00, real=0.01 secs] 
19140.423: [GC (Allocation Failure) 
Desired survivor size 5242880 bytes, new threshold 15 (max 15)
[PSYoungGen: 256239K->4367K(257024K)] 366303K->114549K(1043456K), 0.0103743 secs] [Times: user=0.01 sys=0.00, real=0.02 secs] 
19158.918: [GC (Allocation Failure) 
Desired survivor size 5242880 bytes, new threshold 15 (max 15)
[PSYoungGen: 256271K->4447K(257024K)] 366453K->114702K(1043456K), 0.0099585 secs] [Times: user=0.01 sys=0.00, real=0.01 secs] 
19177.466: [GC (Allocation Failure) 
Desired survivor size 5242880 bytes, new threshold 15 (max 15)
[PSYoungGen: 256351K->4447K(257024K)] 366606K->114782K(1043456K), 0.0143154 secs] [Times: user=0.03 sys=0.00, real=0.02 secs] 
19196.035: [GC (Allocation Failure) 
Desired survivor size 5242880 bytes, new threshold 15 (max 15)
[PSYoungGen: 256351K->4387K(257024K)] 366686K->114895K(1043456K), 0.0109879 secs] [Times: user=0.02 sys=0.00, real=0.01 secs] 
19214.473: [GC (Allocation Failure) 
Desired survivor size 5242880 bytes, new threshold 15 (max 15)
[PSYoungGen: 256291K->4346K(257024K)] 366799K->114926K(1043456K), 0.0098489 secs] [Times: user=0.02 sys=0.00, real=0.01 secs] 
19232.920: [GC (Allocation Failure) 
Desired survivor size 5242880 bytes, new threshold 15 (max 15)
[PSYoungGen: 256250K->4378K(257024K)] 366830K->115093K(1043456K), 0.0117065 secs] [Times: user=0.02 sys=0.00, real=0.01 secs] 
19251.419: [GC (Allocation Failure) 
Desired survivor size 5242880 bytes, new threshold 15 (max 15)
[PSYoungGen: 256282K->4363K(257024K)] 366997K->115150K(1043456K), 0.0110977 secs] [Times: user=0.02 sys=0.00, real=0.02 secs] 
19269.847: [GC (Allocation Failure) 
Desired survivor size 5242880 bytes, new threshold 15 (max 15)
[PSYoungGen: 256267K->4354K(257024K)] 367054K->115213K(1043456K), 0.0106540 secs] [Times: user=0.02 sys=0.00, real=0.01 secs] 
19288.295: [GC (Allocation Failure) 
Desired survivor size 4718592 bytes, new threshold 15 (max 15)
[PSYoungGen: 256258K->4423K(257024K)] 367117K->115354K(1043456K), 0.0104779 secs] [Times: user=0.02 sys=0.00, real=0.01 secs] 
19306.546: [GC (Allocation Failure) 
Desired survivor size 4718592 bytes, new threshold 15 (max 15)
[PSYoungGen: 256327K->4430K(257536K)] 367258K->115440K(1043968K), 0.0117773 secs] [Times: user=0.02 sys=0.00, real=0.01 secs] 
19325.169: [GC (Allocation Failure) 
Desired survivor size 4718592 bytes, new threshold 15 (max 15)
[PSYoungGen: 257358K->4471K(257536K)] 368368K->115553K(1043968K), 0.0100104 secs] [Times: user=0.01 sys=0.00, real=0.01 secs] 
19343.674: [GC (Allocation Failure) 
Desired survivor size 4718592 bytes, new threshold 15 (max 15)
[PSYoungGen: 257399K->4364K(257536K)] 368481K->115576K(1043968K), 0.0102498 secs] [Times: user=0.02 sys=0.00, real=0.01 secs] 
19362.327: [GC (Allocation Failure) 
Desired survivor size 4718592 bytes, new threshold 15 (max 15)
[PSYoungGen: 257292K->4351K(257536K)] 368504K->115682K(1043968K), 0.0099436 secs] [Times: user=0.02 sys=0.00, real=0.01 secs] 
19380.843: [GC (Allocation Failure) 
Desired survivor size 4718592 bytes, new threshold 15 (max 15)
[PSYoungGen: 257279K->4314K(257536K)] 368610K->115771K(1043968K), 0.0106598 secs] [Times: user=0.01 sys=0.00, real=0.01 secs] 
19399.415: [GC (Allocation Failure) 
Desired survivor size 4718592 bytes, new threshold 15 (max 15)
[PSYoungGen: 257242K->4410K(257536K)] 368699K->115948K(1043968K), 0.0098135 secs] [Times: user=0.02 sys=0.00, real=0.01 secs] 
19417.848: [GC (Allocation Failure) 
Desired survivor size 4718592 bytes, new threshold 15 (max 15)
[PSYoungGen: 257338K->4417K(257536K)] 368876K->116081K(1043968K), 0.0124494 secs] [Times: user=0.02 sys=0.00, real=0.01 secs] 
19436.422: [GC (Allocation Failure) 
Desired survivor size 4718592 bytes, new threshold 15 (max 15)
[PSYoungGen: 257345K->4487K(257536K)] 369009K->116223K(1043968K), 0.0117318 secs] [Times: user=0.01 sys=0.00, real=0.01 secs] 
19454.965: [GC (Allocation Failure) 
Desired survivor size 4718592 bytes, new threshold 15 (max 15)
[PSYoungGen: 257415K->4440K(257536K)] 369151K->116248K(1043968K), 0.0105943 secs] [Times: user=0.01 sys=0.00, real=0.01 secs] 
19473.474: [GC (Allocation Failure) 
Desired survivor size 5242880 bytes, new threshold 15 (max 15)
[PSYoungGen: 257368K->4605K(257536K)] 369176K->116485K(1043968K), 0.0120785 secs] [Times: user=0.02 sys=0.00, real=0.01 secs] 
19492.050: [GC (Allocation Failure) 
Desired survivor size 5242880 bytes, new threshold 15 (max 15)
[PSYoungGen: 257533K->4568K(256512K)] 369413K->116575K(1042944K), 0.0140564 secs] [Times: user=0.02 sys=0.00, real=0.01 secs] 
19510.480: [GC (Allocation Failure) 
Desired survivor size 5242880 bytes, new threshold 15 (max 15)
[PSYoungGen: 256472K->4740K(257024K)] 368479K->116827K(1043456K), 0.0094777 secs] [Times: user=0.01 sys=0.00, real=0.00 secs] 
19528.919: [GC (Allocation Failure) 
Desired survivor size 5242880 bytes, new threshold 15 (max 15)
[PSYoungGen: 256644K->4774K(257024K)] 368731K->116941K(1043456K), 0.0099593 secs] [Times: user=0.01 sys=0.00, real=0.01 secs] 
19547.417: [GC (Allocation Failure) 
Desired survivor size 5242880 bytes, new threshold 15 (max 15)
[PSYoungGen: 256678K->4645K(257024K)] 368845K->116939K(1043456K), 0.0105914 secs] [Times: user=0.02 sys=0.00, real=0.01 secs] 
19565.850: [GC (Allocation Failure) 
Desired survivor size 5242880 bytes, new threshold 15 (max 15)
[PSYoungGen: 256549K->4596K(257024K)] 368843K->116970K(1043456K), 0.0123742 secs] [Times: user=0.02 sys=0.00, real=0.01 secs] 
19584.344: [GC (Allocation Failure) 
Desired survivor size 5242880 bytes, new threshold 15 (max 15)
[PSYoungGen: 256500K->4451K(257024K)] 368874K->116976K(1043456K), 0.0100597 secs] [Times: user=0.02 sys=0.00, real=0.01 secs] 
19602.842: [GC (Allocation Failure) 
Desired survivor size 5242880 bytes, new threshold 15 (max 15)
[PSYoungGen: 256355K->4564K(257024K)] 368880K->117161K(1043456K), 0.0101047 secs] [Times: user=0.02 sys=0.00, real=0.01 secs] 
19621.411: [GC (Allocation Failure) 
Desired survivor size 5242880 bytes, new threshold 15 (max 15)
[PSYoungGen: 256468K->4445K(257024K)] 369065K->117114K(1043456K), 0.0096613 secs] [Times: user=0.01 sys=0.00, real=0.01 secs] 
19639.916: [GC (Allocation Failure) 
Desired survivor size 5242880 bytes, new threshold 15 (max 15)
[PSYoungGen: 256349K->4589K(257024K)] 369018K->117330K(1043456K), 0.0095730 secs] [Times: user=0.02 sys=0.00, real=0.01 secs] 
19658.417: [GC (Allocation Failure) 
Desired survivor size 5242880 bytes, new threshold 15 (max 15)
[PSYoungGen: 256493K->4452K(257024K)] 369234K->117265K(1043456K), 0.0119719 secs] [Times: user=0.02 sys=0.00, real=0.01 secs] 
19676.719: [GC (Allocation Failure) 
Desired survivor size 5242880 bytes, new threshold 15 (max 15)
[PSYoungGen: 256356K->4629K(257024K)] 369169K->117568K(1043456K), 0.0101103 secs] [Times: user=0.01 sys=0.00, real=0.01 secs] 
19695.296: [GC (Allocation Failure) 
Desired survivor size 5242880 bytes, new threshold 15 (max 15)
[PSYoungGen: 256533K->4551K(257024K)] 369472K->117664K(1043456K), 0.0104656 secs] [Times: user=0.02 sys=0.00, real=0.01 secs] 
19713.722: [GC (Allocation Failure) 
Desired survivor size 5242880 bytes, new threshold 15 (max 15)
[PSYoungGen: 256455K->4456K(257024K)] 369568K->117641K(1043456K), 0.0105358 secs] [Times: user=0.02 sys=0.00, real=0.01 secs] 
19732.290: [GC (Allocation Failure) 
Desired survivor size 5242880 bytes, new threshold 15 (max 15)
[PSYoungGen: 256360K->4543K(257024K)] 369545K->117800K(1043456K), 0.0105618 secs] [Times: user=0.01 sys=0.00, real=0.01 secs] 
19750.713: [GC (Allocation Failure) 
Desired survivor size 5242880 bytes, new threshold 15 (max 15)
[PSYoungGen: 256447K->4542K(257024K)] 369704K->117925K(1043456K), 0.0097433 secs] [Times: user=0.02 sys=0.00, real=0.01 secs] 
19769.173: [GC (Allocation Failure) 
Desired survivor size 5242880 bytes, new threshold 15 (max 15)
[PSYoungGen: 256446K->4450K(257024K)] 369829K->117947K(1043456K), 0.0097886 secs] [Times: user=0.01 sys=0.00, real=0.01 secs] 
19787.671: [GC (Allocation Failure) 
Desired survivor size 5242880 bytes, new threshold 15 (max 15)
[PSYoungGen: 256354K->4427K(257024K)] 369851K->118098K(1043456K), 0.0103877 secs] [Times: user=0.02 sys=0.00, real=0.01 secs] 
19806.175: [GC (Allocation Failure) 
Desired survivor size 5242880 bytes, new threshold 15 (max 15)
[PSYoungGen: 256331K->4443K(257024K)] 370002K->118186K(1043456K), 0.0105906 secs] [Times: user=0.01 sys=0.00, real=0.01 secs] 
19824.545: [GC (Allocation Failure) 
Desired survivor size 5242880 bytes, new threshold 15 (max 15)
[PSYoungGen: 256347K->4670K(257024K)] 370090K->118523K(1043456K), 0.0099751 secs] [Times: user=0.01 sys=0.00, real=0.01 secs] 
19843.046: [GC (Allocation Failure) 
Desired survivor size 5242880 bytes, new threshold 15 (max 15)
[PSYoungGen: 256574K->4574K(257024K)] 370427K->118508K(1043456K), 0.0095927 secs] [Times: user=0.01 sys=0.00, real=0.01 secs] 
19861.420: [GC (Allocation Failure) 
Desired survivor size 5242880 bytes, new threshold 15 (max 15)
[PSYoungGen: 256478K->4509K(257024K)] 370412K->118561K(1043456K), 0.0097783 secs] [Times: user=0.01 sys=0.00, real=0.01 secs] 
19879.868: [GC (Allocation Failure) 
Desired survivor size 5242880 bytes, new threshold 15 (max 15)
[PSYoungGen: 256413K->4558K(257024K)] 370465K->118690K(1043456K), 0.0102488 secs] [Times: user=0.01 sys=0.00, real=0.01 secs] 
19898.357: [GC (Allocation Failure) 
Desired survivor size 5242880 bytes, new threshold 15 (max 15)
[PSYoungGen: 256462K->4579K(257024K)] 370594K->118783K(1043456K), 0.0138398 secs] [Times: user=0.02 sys=0.00, real=0.02 secs] 
19916.599: [GC (Allocation Failure) 
Desired survivor size 5242880 bytes, new threshold 15 (max 15)
[PSYoungGen: 256483K->4493K(257024K)] 370687K->118769K(1043456K), 0.0097101 secs] [Times: user=0.02 sys=0.00, real=0.01 secs] 
19935.214: [GC (Allocation Failure) 
Desired survivor size 5242880 bytes, new threshold 15 (max 15)
[PSYoungGen: 256397K->4519K(257024K)] 370673K->118922K(1043456K), 0.0110062 secs] [Times: user=0.01 sys=0.00, real=0.01 secs] 
19953.591: [GC (Allocation Failure) 
Desired survivor size 5242880 bytes, new threshold 15 (max 15)
[PSYoungGen: 256423K->4351K(257024K)] 370826K->118938K(1043456K), 0.0102674 secs] [Times: user=0.02 sys=0.00, real=0.01 secs] 
19972.170: [GC (Allocation Failure) 
Desired survivor size 5242880 bytes, new threshold 15 (max 15)
[PSYoungGen: 256255K->4432K(257024K)] 370842K->119099K(1043456K), 0.0103310 secs] [Times: user=0.02 sys=0.00, real=0.01 secs] 
19990.593: [GC (Allocation Failure) 
Desired survivor size 5242880 bytes, new threshold 15 (max 15)
[PSYoungGen: 256336K->4454K(257024K)] 371003K->119193K(1043456K), 0.0176505 secs] [Times: user=0.02 sys=0.00, real=0.01 secs] 
20009.042: [GC (Allocation Failure) 
Desired survivor size 5242880 bytes, new threshold 15 (max 15)
[PSYoungGen: 256358K->4471K(257024K)] 371097K->119336K(1043456K), 0.0115984 secs] [Times: user=0.02 sys=0.00, real=0.01 secs] 
20027.474: [GC (Allocation Failure) 
Desired survivor size 5242880 bytes, new threshold 15 (max 15)
[PSYoungGen: 256375K->4422K(257024K)] 371240K->119360K(1043456K), 0.0107731 secs] [Times: user=0.02 sys=0.00, real=0.01 secs] 
20046.041: [GC (Allocation Failure) 
Desired survivor size 5242880 bytes, new threshold 15 (max 15)
[PSYoungGen: 256326K->4368K(257024K)] 371264K->119433K(1043456K), 0.0102653 secs] [Times: user=0.02 sys=0.00, real=0.01 secs] 
20064.469: [GC (Allocation Failure) 
Desired survivor size 5242880 bytes, new threshold 15 (max 15)
[PSYoungGen: 256272K->4368K(257024K)] 371337K->119559K(1043456K), 0.0113663 secs] [Times: user=0.02 sys=0.00, real=0.01 secs] 
20082.963: [GC (Allocation Failure) 
Desired survivor size 5242880 bytes, new threshold 15 (max 15)
[PSYoungGen: 256272K->4383K(257024K)] 371463K->119646K(1043456K), 0.0101544 secs] [Times: user=0.02 sys=0.00, real=0.01 secs] 
20101.461: [GC (Allocation Failure) 
Desired survivor size 5242880 bytes, new threshold 15 (max 15)
[PSYoungGen: 256287K->4346K(257024K)] 371550K->119736K(1043456K), 0.0099895 secs] [Times: user=0.02 sys=0.00, real=0.01 secs] 
20119.843: [GC (Allocation Failure) 
Desired survivor size 5242880 bytes, new threshold 15 (max 15)
[PSYoungGen: 256250K->4540K(257024K)] 371640K->120002K(1043456K), 0.0098344 secs] [Times: user=0.02 sys=0.00, real=0.01 secs] 
20138.342: [GC (Allocation Failure) 
Desired survivor size 5242880 bytes, new threshold 15 (max 15)
[PSYoungGen: 256444K->4444K(257024K)] 371906K->119986K(1043456K), 0.0119415 secs] [Times: user=0.02 sys=0.00, real=0.01 secs] 
20156.795: [GC (Allocation Failure) 
Desired survivor size 5242880 bytes, new threshold 15 (max 15)
[PSYoungGen: 256348K->4411K(257024K)] 371890K->120025K(1043456K), 0.0093841 secs] [Times: user=0.02 sys=0.00, real=0.01 secs] 
20175.415: [GC (Allocation Failure) 
Desired survivor size 5242880 bytes, new threshold 15 (max 15)
[PSYoungGen: 256315K->4476K(257024K)] 371929K->120162K(1043456K), 0.0105157 secs] [Times: user=0.02 sys=0.00, real=0.01 secs] 
20193.840: [GC (Allocation Failure) 
Desired survivor size 5242880 bytes, new threshold 15 (max 15)
[PSYoungGen: 256380K->4412K(257024K)] 372066K->120203K(1043456K), 0.0098513 secs] [Times: user=0.02 sys=0.00, real=0.01 secs] 
20212.420: [GC (Allocation Failure) 
Desired survivor size 5242880 bytes, new threshold 15 (max 15)
[PSYoungGen: 256316K->4388K(257024K)] 372107K->120258K(1043456K), 0.0096983 secs] [Times: user=0.02 sys=0.00, real=0.01 secs] 
20230.797: [GC (Allocation Failure) 
Desired survivor size 5242880 bytes, new threshold 15 (max 15)
[PSYoungGen: 256292K->4297K(257024K)] 372162K->120294K(1043456K), 0.0096783 secs] [Times: user=0.01 sys=0.00, real=0.01 secs] 
20249.302: [GC (Allocation Failure) 
Desired survivor size 5242880 bytes, new threshold 15 (max 15)
[PSYoungGen: 256201K->4217K(257024K)] 372198K->120343K(1043456K), 0.0099562 secs] [Times: user=0.01 sys=0.00, real=0.01 secs] 
20267.840: [GC (Allocation Failure) 
Desired survivor size 5242880 bytes, new threshold 15 (max 15)
[PSYoungGen: 256121K->4259K(257024K)] 372247K->120512K(1043456K), 0.0124617 secs] [Times: user=0.03 sys=0.00, real=0.01 secs] 
20286.326: [GC (Allocation Failure) 
Desired survivor size 5242880 bytes, new threshold 15 (max 15)
[PSYoungGen: 256163K->4265K(257024K)] 372416K->120590K(1043456K), 0.0101020 secs] [Times: user=0.01 sys=0.00, real=0.01 secs] 
20304.795: [GC (Allocation Failure) 
Desired survivor size 5242880 bytes, new threshold 15 (max 15)
[PSYoungGen: 256169K->4248K(257024K)] 372494K->120699K(1043456K), 0.0097099 secs] [Times: user=0.02 sys=0.00, real=0.01 secs] 
20323.342: [GC (Allocation Failure) 
Desired survivor size 5242880 bytes, new threshold 15 (max 15)
[PSYoungGen: 256152K->4296K(257024K)] 372603K->120828K(1043456K), 0.0094247 secs] [Times: user=0.02 sys=0.00, real=0.01 secs] 
20341.838: [GC (Allocation Failure) 
Desired survivor size 5242880 bytes, new threshold 15 (max 15)
[PSYoungGen: 256200K->4259K(257024K)] 372732K->120918K(1043456K), 0.0105033 secs] [Times: user=0.01 sys=0.01, real=0.01 secs] 
20360.296: [GC (Allocation Failure) 
Desired survivor size 5242880 bytes, new threshold 15 (max 15)
[PSYoungGen: 256163K->4157K(257024K)] 372822K->120934K(1043456K), 0.0113865 secs] [Times: user=0.02 sys=0.00, real=0.01 secs] 
20378.711: [GC (Allocation Failure) 
Desired survivor size 4718592 bytes, new threshold 15 (max 15)
[PSYoungGen: 256061K->4252K(257536K)] 372838K->121101K(1043968K), 0.0106917 secs] [Times: user=0.02 sys=0.00, real=0.01 secs] 
20397.219: [GC (Allocation Failure) 
Desired survivor size 4718592 bytes, new threshold 15 (max 15)
[PSYoungGen: 256668K->4329K(257024K)] 373517K->121259K(1043456K), 0.0101109 secs] [Times: user=0.02 sys=0.00, real=0.01 secs] 
20415.796: [GC (Allocation Failure) 
Desired survivor size 4718592 bytes, new threshold 15 (max 15)
[PSYoungGen: 256745K->4442K(257536K)] 373675K->121443K(1043968K), 0.0134390 secs] [Times: user=0.02 sys=0.00, real=0.02 secs] 
20434.222: [GC (Allocation Failure) 
Desired survivor size 4718592 bytes, new threshold 15 (max 15)
[PSYoungGen: 257370K->4434K(257536K)] 374371K->121516K(1043968K), 0.0112238 secs] [Times: user=0.01 sys=0.00, real=0.01 secs] 
20452.723: [GC (Allocation Failure) 
Desired survivor size 5242880 bytes, new threshold 15 (max 15)
[PSYoungGen: 257362K->4488K(256512K)] 374444K->121641K(1042944K), 0.0099817 secs] [Times: user=0.02 sys=0.00, real=0.01 secs] 
20471.220: [GC (Allocation Failure) 
Desired survivor size 5242880 bytes, new threshold 15 (max 15)
[PSYoungGen: 256392K->4591K(257024K)] 373545K->121817K(1043456K), 0.0099409 secs] [Times: user=0.01 sys=0.00, real=0.01 secs] 
20489.635: [GC (Allocation Failure) 
Desired survivor size 5242880 bytes, new threshold 15 (max 15)
[PSYoungGen: 256495K->4613K(257024K)] 373721K->121910K(1043456K), 0.0126241 secs] [Times: user=0.02 sys=0.00, real=0.02 secs] 
20508.039: [GC (Allocation Failure) 
Desired survivor size 5242880 bytes, new threshold 15 (max 15)
[PSYoungGen: 256517K->4596K(257024K)] 373814K->122013K(1043456K), 0.0108466 secs] [Times: user=0.01 sys=0.00, real=0.01 secs] 
20526.345: [GC (Allocation Failure) 
Desired survivor size 5242880 bytes, new threshold 15 (max 15)
[PSYoungGen: 256500K->4613K(257024K)] 373917K->122101K(1043456K), 0.0102974 secs] [Times: user=0.02 sys=0.00, real=0.01 secs] 
20544.842: [GC (Allocation Failure) 
Desired survivor size 5242880 bytes, new threshold 15 (max 15)
[PSYoungGen: 256517K->4629K(257024K)] 374005K->122189K(1043456K), 0.0107019 secs] [Times: user=0.02 sys=0.00, real=0.01 secs] 
20563.295: [GC (Allocation Failure) 
Desired survivor size 5242880 bytes, new threshold 15 (max 15)
[PSYoungGen: 256533K->4585K(257024K)] 374093K->122217K(1043456K), 0.0103665 secs] [Times: user=0.02 sys=0.00, real=0.01 secs] 
20581.791: [GC (Allocation Failure) 
Desired survivor size 5242880 bytes, new threshold 15 (max 15)
[PSYoungGen: 256489K->4509K(257024K)] 374121K->122268K(1043456K), 0.0124826 secs] [Times: user=0.02 sys=0.00, real=0.02 secs] 
20600.288: [GC (Allocation Failure) 
Desired survivor size 5242880 bytes, new threshold 15 (max 15)
[PSYoungGen: 256413K->4573K(257024K)] 374172K->122404K(1043456K), 0.0098169 secs] [Times: user=0.02 sys=0.00, real=0.01 secs] 
20618.793: [GC (Allocation Failure) 
Desired survivor size 5242880 bytes, new threshold 15 (max 15)
[PSYoungGen: 256477K->4624K(257024K)] 374308K->122527K(1043456K), 0.0116460 secs] [Times: user=0.02 sys=0.00, real=0.01 secs] 
20637.169: [GC (Allocation Failure) 
Desired survivor size 5242880 bytes, new threshold 15 (max 15)
[PSYoungGen: 256528K->4625K(257024K)] 374431K->122608K(1043456K), 0.0112834 secs] [Times: user=0.02 sys=0.00, real=0.01 secs] 
20655.686: [GC (Allocation Failure) 
Desired survivor size 5242880 bytes, new threshold 15 (max 15)
[PSYoungGen: 256529K->4696K(257024K)] 374512K->122751K(1043456K), 0.0190107 secs] [Times: user=0.03 sys=0.00, real=0.02 secs] 
20674.170: [GC (Allocation Failure) 
Desired survivor size 5242880 bytes, new threshold 15 (max 15)
[PSYoungGen: 256600K->4657K(257024K)] 374655K->122831K(1043456K), 0.0105671 secs] [Times: user=0.02 sys=0.00, real=0.01 secs] 
20692.665: [GC (Allocation Failure) 
Desired survivor size 5242880 bytes, new threshold 15 (max 15)
[PSYoungGen: 256561K->4675K(257024K)] 374735K->122920K(1043456K), 0.0095978 secs] [Times: user=0.01 sys=0.00, real=0.01 secs] 
20711.096: [GC (Allocation Failure) 
Desired survivor size 5242880 bytes, new threshold 15 (max 15)
[PSYoungGen: 256579K->4570K(257024K)] 374824K->122943K(1043456K), 0.0119288 secs] [Times: user=0.01 sys=0.00, real=0.01 secs] 
20729.464: [GC (Allocation Failure) 
Desired survivor size 5242880 bytes, new threshold 15 (max 15)
[PSYoungGen: 256474K->4915K(257024K)] 374847K->123367K(1043456K), 0.0117345 secs] [Times: user=0.02 sys=0.00, real=0.02 secs] 
20747.966: [GC (Allocation Failure) 
Desired survivor size 5242880 bytes, new threshold 15 (max 15)
[PSYoungGen: 256819K->4701K(257024K)] 375271K->123272K(1043456K), 0.0095737 secs] [Times: user=0.01 sys=0.00, real=0.01 secs] 
20766.420: [GC (Allocation Failure) 
Desired survivor size 5242880 bytes, new threshold 15 (max 15)
[PSYoungGen: 256605K->4628K(257024K)] 375176K->123327K(1043456K), 0.0127908 secs] [Times: user=0.02 sys=0.00, real=0.01 secs] 
20784.801: [GC (Allocation Failure) 
Desired survivor size 5242880 bytes, new threshold 15 (max 15)
[PSYoungGen: 256532K->4581K(257024K)] 375231K->123453K(1043456K), 0.0109500 secs] [Times: user=0.02 sys=0.00, real=0.01 secs] 
20803.291: [GC (Allocation Failure) 
Desired survivor size 5242880 bytes, new threshold 15 (max 15)
[PSYoungGen: 256485K->4548K(257024K)] 375357K->123516K(1043456K), 0.0133811 secs] [Times: user=0.02 sys=0.00, real=0.01 secs] 
20821.717: [GC (Allocation Failure) 
Desired survivor size 5242880 bytes, new threshold 15 (max 15)
[PSYoungGen: 256452K->4641K(257024K)] 375420K->123689K(1043456K), 0.0103694 secs] [Times: user=0.01 sys=0.00, real=0.01 secs] 
20840.171: [GC (Allocation Failure) 
Desired survivor size 5242880 bytes, new threshold 15 (max 15)
[PSYoungGen: 256545K->4585K(257024K)] 375593K->123806K(1043456K), 0.0107770 secs] [Times: user=0.01 sys=0.00, real=0.02 secs] 
20858.719: [GC (Allocation Failure) 
Desired survivor size 5242880 bytes, new threshold 15 (max 15)
[PSYoungGen: 256489K->4548K(257024K)] 375710K->123842K(1043456K), 0.0099971 secs] [Times: user=0.01 sys=0.00, real=0.01 secs] 
20877.218: [GC (Allocation Failure) 
Desired survivor size 5242880 bytes, new threshold 15 (max 15)
[PSYoungGen: 256452K->4596K(257024K)] 375746K->123961K(1043456K), 0.0108902 secs] [Times: user=0.02 sys=0.00, real=0.01 secs] 
20895.826: [GC (Allocation Failure) 
Desired survivor size 5242880 bytes, new threshold 15 (max 15)
[PSYoungGen: 256500K->4530K(257024K)] 375865K->124025K(1043456K), 0.0109173 secs] [Times: user=0.02 sys=0.00, real=0.01 secs] 
20914.298: [GC (Allocation Failure) 
Desired survivor size 5242880 bytes, new threshold 15 (max 15)
[PSYoungGen: 256434K->4337K(257024K)] 375929K->123997K(1043456K), 0.0105892 secs] [Times: user=0.02 sys=0.00, real=0.01 secs] 
20932.847: [GC (Allocation Failure) 
Desired survivor size 5242880 bytes, new threshold 15 (max 15)
[PSYoungGen: 256241K->4298K(257024K)] 375901K->124093K(1043456K), 0.0097699 secs] [Times: user=0.02 sys=0.00, real=0.01 secs] 
20951.414: [GC (Allocation Failure) 
Desired survivor size 5242880 bytes, new threshold 15 (max 15)
[PSYoungGen: 256202K->4409K(257024K)] 375997K->124276K(1043456K), 0.0102916 secs] [Times: user=0.01 sys=0.00, real=0.01 secs] 
20969.926: [GC (Allocation Failure) 
Desired survivor size 5242880 bytes, new threshold 15 (max 15)
[PSYoungGen: 256313K->4260K(257024K)] 376180K->124254K(1043456K), 0.0105532 secs] [Times: user=0.02 sys=0.00, real=0.01 secs] 
20988.414: [GC (Allocation Failure) 
Desired survivor size 5242880 bytes, new threshold 15 (max 15)
[PSYoungGen: 256164K->4291K(257024K)] 376158K->124414K(1043456K), 0.0107419 secs] [Times: user=0.02 sys=0.00, real=0.01 secs] 
21006.970: [GC (Allocation Failure) 
Desired survivor size 5242880 bytes, new threshold 15 (max 15)
[PSYoungGen: 256195K->4220K(257024K)] 376318K->124469K(1043456K), 0.0105446 secs] [Times: user=0.02 sys=0.00, real=0.01 secs] 
21025.417: [GC (Allocation Failure) 
Desired survivor size 5242880 bytes, new threshold 15 (max 15)
[PSYoungGen: 256124K->4430K(257024K)] 376373K->124752K(1043456K), 0.0096767 secs] [Times: user=0.02 sys=0.00, real=0.01 secs] 
21043.921: [GC (Allocation Failure) 
Desired survivor size 5242880 bytes, new threshold 15 (max 15)
[PSYoungGen: 256334K->4270K(257024K)] 376656K->124672K(1043456K), 0.0096232 secs] [Times: user=0.01 sys=0.00, real=0.01 secs] 
21062.289: [GC (Allocation Failure) 
Desired survivor size 5242880 bytes, new threshold 15 (max 15)
[PSYoungGen: 256174K->4259K(257024K)] 376576K->124780K(1043456K), 0.0104248 secs] [Times: user=0.02 sys=0.00, real=0.01 secs] 
21080.671: [GC (Allocation Failure) 
Desired survivor size 5242880 bytes, new threshold 15 (max 15)
[PSYoungGen: 256163K->4286K(257024K)] 376684K->124879K(1043456K), 0.0098803 secs] [Times: user=0.02 sys=0.00, real=0.01 secs] 
21099.144: [GC (Allocation Failure) 
Desired survivor size 5242880 bytes, new threshold 15 (max 15)
[PSYoungGen: 256190K->4345K(257024K)] 376783K->125111K(1043456K), 0.0107171 secs] [Times: user=0.02 sys=0.00, real=0.01 secs] 
21117.598: [GC (Allocation Failure) 
Desired survivor size 5242880 bytes, new threshold 15 (max 15)
[PSYoungGen: 256249K->4211K(257024K)] 377015K->125104K(1043456K), 0.0120276 secs] [Times: user=0.02 sys=0.00, real=0.01 secs] 
21135.921: [GC (Allocation Failure) 
Desired survivor size 5242880 bytes, new threshold 15 (max 15)
[PSYoungGen: 256115K->4216K(257024K)] 377008K->125181K(1043456K), 0.0125407 secs] [Times: user=0.02 sys=0.00, real=0.01 secs] 
21154.342: [GC (Allocation Failure) 
Desired survivor size 5242880 bytes, new threshold 15 (max 15)
[PSYoungGen: 256120K->4265K(257024K)] 377085K->125310K(1043456K), 0.0096384 secs] [Times: user=0.02 sys=0.00, real=0.01 secs] 
21172.843: [GC (Allocation Failure) 
Desired survivor size 5242880 bytes, new threshold 15 (max 15)
[PSYoungGen: 256169K->4195K(257024K)] 377214K->125312K(1043456K), 0.0096134 secs] [Times: user=0.01 sys=0.00, real=0.01 secs] 
21191.344: [GC (Allocation Failure) 
Desired survivor size 5242880 bytes, new threshold 15 (max 15)
[PSYoungGen: 256099K->4275K(257024K)] 377216K->125464K(1043456K), 0.0101575 secs] [Times: user=0.02 sys=0.00, real=0.01 secs] 
21209.824: [GC (Allocation Failure) 
Desired survivor size 5242880 bytes, new threshold 15 (max 15)
[PSYoungGen: 256179K->4313K(257024K)] 377368K->125574K(1043456K), 0.0099502 secs] [Times: user=0.02 sys=0.00, real=0.01 secs] 
21228.311: [GC (Allocation Failure) 
Desired survivor size 5242880 bytes, new threshold 15 (max 15)
[PSYoungGen: 256217K->4351K(257024K)] 377478K->125684K(1043456K), 0.0113679 secs] [Times: user=0.02 sys=0.00, real=0.01 secs] 
21246.847: [GC (Allocation Failure) 
Desired survivor size 4718592 bytes, new threshold 15 (max 15)
[PSYoungGen: 256255K->4352K(257024K)] 377588K->125757K(1043456K), 0.0131497 secs] [Times: user=0.01 sys=0.00, real=0.01 secs] 
21265.348: [GC (Allocation Failure) 
Desired survivor size 4718592 bytes, new threshold 15 (max 15)
[PSYoungGen: 256256K->4350K(257536K)] 377661K->125827K(1043968K), 0.0114446 secs] [Times: user=0.02 sys=0.00, real=0.01 secs] 
21283.967: [GC (Allocation Failure) 
Desired survivor size 4718592 bytes, new threshold 15 (max 15)
[PSYoungGen: 257278K->4423K(257536K)] 378755K->125972K(1043968K), 0.0098987 secs] [Times: user=0.02 sys=0.00, real=0.01 secs] 
21302.543: [GC (Allocation Failure) 
Desired survivor size 4718592 bytes, new threshold 15 (max 15)
[PSYoungGen: 257351K->4367K(257536K)] 378900K->125996K(1043968K), 0.0110005 secs] [Times: user=0.02 sys=0.01, real=0.01 secs] 
21321.091: [GC (Allocation Failure) 
Desired survivor size 5242880 bytes, new threshold 15 (max 15)
[PSYoungGen: 257295K->4595K(257536K)] 378924K->126304K(1043968K), 0.0103529 secs] [Times: user=0.02 sys=0.00, real=0.01 secs] 
21339.596: [GC (Allocation Failure) 
Desired survivor size 5242880 bytes, new threshold 15 (max 15)
[PSYoungGen: 257523K->4379K(256512K)] 379232K->126215K(1042944K), 0.0104645 secs] [Times: user=0.02 sys=0.00, real=0.01 secs] 
21358.092: [GC (Allocation Failure) 
Desired survivor size 5242880 bytes, new threshold 15 (max 15)
[PSYoungGen: 256283K->4291K(257024K)] 378119K->126292K(1043456K), 0.0108282 secs] [Times: user=0.01 sys=0.00, real=0.01 secs] 
21376.592: [GC (Allocation Failure) 
Desired survivor size 5242880 bytes, new threshold 15 (max 15)
[PSYoungGen: 256195K->4221K(257024K)] 378196K->126341K(1043456K), 0.0106305 secs] [Times: user=0.02 sys=0.00, real=0.02 secs] 
21395.049: [GC (Allocation Failure) 
Desired survivor size 4718592 bytes, new threshold 15 (max 15)
[PSYoungGen: 256125K->4269K(257024K)] 378245K->126462K(1043456K), 0.0106063 secs] [Times: user=0.01 sys=0.00, real=0.01 secs] 
21413.550: [GC (Allocation Failure) 
Desired survivor size 4718592 bytes, new threshold 15 (max 15)
[PSYoungGen: 256173K->4172K(257536K)] 378366K->126468K(1043968K), 0.0097132 secs] [Times: user=0.02 sys=0.00, real=0.01 secs] 
21432.196: [GC (Allocation Failure) 
Desired survivor size 4718592 bytes, new threshold 15 (max 15)
[PSYoungGen: 257100K->4285K(257536K)] 379396K->126653K(1043968K), 0.0104128 secs] [Times: user=0.01 sys=0.00, real=0.01 secs] 
21450.837: [GC (Allocation Failure) 
Desired survivor size 4718592 bytes, new threshold 15 (max 15)
[PSYoungGen: 257213K->4188K(257536K)] 379581K->126628K(1043968K), 0.0112417 secs] [Times: user=0.02 sys=0.00, real=0.01 secs] 
21469.343: [GC (Allocation Failure) 
Desired survivor size 4718592 bytes, new threshold 15 (max 15)
[PSYoungGen: 257116K->4141K(257536K)] 379556K->126661K(1043968K), 0.0096345 secs] [Times: user=0.02 sys=0.00, real=0.01 secs] 
21487.964: [GC (Allocation Failure) 
Desired survivor size 4718592 bytes, new threshold 15 (max 15)
[PSYoungGen: 257069K->4182K(257536K)] 379589K->126829K(1043968K), 0.0097982 secs] [Times: user=0.01 sys=0.00, real=0.01 secs] 
21506.544: [GC (Allocation Failure) 
Desired survivor size 4718592 bytes, new threshold 15 (max 15)
[PSYoungGen: 257110K->4202K(257536K)] 379757K->126976K(1043968K), 0.0101936 secs] [Times: user=0.02 sys=0.00, real=0.01 secs] 
21525.205: [GC (Allocation Failure) 
Desired survivor size 4718592 bytes, new threshold 15 (max 15)
[PSYoungGen: 257130K->4127K(257536K)] 379904K->126973K(1043968K), 0.0101142 secs] [Times: user=0.02 sys=0.00, real=0.01 secs] 
21543.797: [GC (Allocation Failure) 
Desired survivor size 4718592 bytes, new threshold 15 (max 15)
[PSYoungGen: 257055K->4176K(257536K)] 379901K->127102K(1043968K), 0.0134066 secs] [Times: user=0.02 sys=0.00, real=0.02 secs] 
21562.416: [GC (Allocation Failure) 
Desired survivor size 4718592 bytes, new threshold 15 (max 15)
[PSYoungGen: 257104K->4089K(257536K)] 380030K->127141K(1043968K), 0.0098935 secs] [Times: user=0.01 sys=0.00, real=0.01 secs] 
21580.969: [GC (Allocation Failure) 
Desired survivor size 4718592 bytes, new threshold 15 (max 15)
[PSYoungGen: 257017K->4105K(257536K)] 380069K->127237K(1043968K), 0.0135855 secs] [Times: user=0.02 sys=0.00, real=0.01 secs] 
21599.470: [GC (Allocation Failure) 
Desired survivor size 4718592 bytes, new threshold 15 (max 15)
[PSYoungGen: 257033K->4095K(257536K)] 380165K->127300K(1043968K), 0.0124822 secs] [Times: user=0.02 sys=0.00, real=0.01 secs] 
21617.802: [GC (Allocation Failure) 
Desired survivor size 4718592 bytes, new threshold 15 (max 15)
[PSYoungGen: 257023K->4350K(257536K)] 380228K->127626K(1043968K), 0.0104336 secs] [Times: user=0.02 sys=0.00, real=0.01 secs] 
21632.088: [GC (System.gc()) 
Desired survivor size 4718592 bytes, new threshold 15 (max 15)
[PSYoungGen: 199613K->4077K(257536K)] 322890K->127481K(1043968K), 0.0098733 secs] [Times: user=0.01 sys=0.00, real=0.01 secs] 
21632.098: [Full GC (System.gc()) [PSYoungGen: 4077K->0K(257536K)] [ParOldGen: 123403K->106994K(786432K)] 127481K->106994K(1043968K), [Metaspace: 91627K->91627K(1132544K)], 0.2856077 secs] [Times: user=0.44 sys=0.00, real=0.29 secs] 
21650.473: [GC (Allocation Failure) 
Desired survivor size 5242880 bytes, new threshold 15 (max 15)
[PSYoungGen: 252928K->3388K(256512K)] 359922K->110383K(1042944K), 0.0092024 secs] [Times: user=0.01 sys=0.00, real=0.01 secs] 
21668.968: [GC (Allocation Failure) 
Desired survivor size 5242880 bytes, new threshold 15 (max 15)
[PSYoungGen: 256316K->3610K(257024K)] 363311K->110605K(1043456K), 0.0096124 secs] [Times: user=0.01 sys=0.00, real=0.01 secs] 
21687.424: [GC (Allocation Failure) 
Desired survivor size 5242880 bytes, new threshold 15 (max 15)
[PSYoungGen: 255514K->3717K(257024K)] 362509K->110712K(1043456K), 0.0090869 secs] [Times: user=0.01 sys=0.01, real=0.01 secs] 
21706.037: [GC (Allocation Failure) 
Desired survivor size 5242880 bytes, new threshold 15 (max 15)
[PSYoungGen: 255621K->3788K(257024K)] 362616K->110782K(1043456K), 0.0099374 secs] [Times: user=0.02 sys=0.00, real=0.01 secs] 
21724.423: [GC (Allocation Failure) 
Desired survivor size 5242880 bytes, new threshold 15 (max 15)
[PSYoungGen: 255692K->3874K(257024K)] 362686K->110869K(1043456K), 0.0086188 secs] [Times: user=0.02 sys=0.00, real=0.01 secs] 
21742.793: [GC (Allocation Failure) 
Desired survivor size 4718592 bytes, new threshold 15 (max 15)
[PSYoungGen: 255778K->3937K(257536K)] 362773K->110932K(1043968K), 0.0095728 secs] [Times: user=0.02 sys=0.00, real=0.01 secs] 
21761.298: [GC (Allocation Failure) 
Desired survivor size 4718592 bytes, new threshold 15 (max 15)
[PSYoungGen: 256353K->4018K(257024K)] 363348K->111013K(1043456K), 0.0115722 secs] [Times: user=0.02 sys=0.00, real=0.01 secs] 
21779.838: [GC (Allocation Failure) 
Desired survivor size 4718592 bytes, new threshold 15 (max 15)
[PSYoungGen: 256434K->4098K(257536K)] 363429K->111093K(1043968K), 0.0094379 secs] [Times: user=0.01 sys=0.00, real=0.01 secs] 
21798.420: [GC (Allocation Failure) 
Desired survivor size 4718592 bytes, new threshold 15 (max 15)
[PSYoungGen: 257026K->4147K(257536K)] 364021K->111142K(1043968K), 0.0089916 secs] [Times: user=0.01 sys=0.00, real=0.01 secs] 
21816.916: [GC (Allocation Failure) 
Desired survivor size 4718592 bytes, new threshold 15 (max 15)
[PSYoungGen: 257075K->4278K(257536K)] 364070K->111273K(1043968K), 0.0093564 secs] [Times: user=0.02 sys=0.00, real=0.01 secs] 
21835.421: [GC (Allocation Failure) 
Desired survivor size 5242880 bytes, new threshold 15 (max 15)
[PSYoungGen: 257206K->4380K(257536K)] 364201K->111375K(1043968K), 0.0098887 secs] [Times: user=0.02 sys=0.00, real=0.01 secs] 
21854.046: [GC (Allocation Failure) 
Desired survivor size 5242880 bytes, new threshold 15 (max 15)
[PSYoungGen: 257308K->4397K(256512K)] 364303K->111391K(1042944K), 0.0088372 secs] [Times: user=0.01 sys=0.00, real=0.00 secs] 
21872.468: [GC (Allocation Failure) 
Desired survivor size 5242880 bytes, new threshold 15 (max 15)
[PSYoungGen: 256301K->4443K(257024K)] 363295K->111438K(1043456K), 0.0094083 secs] [Times: user=0.01 sys=0.00, real=0.01 secs] 
21891.043: [GC (Allocation Failure) 
Desired survivor size 5242880 bytes, new threshold 15 (max 15)
[PSYoungGen: 256347K->4453K(257024K)] 363342K->111448K(1043456K), 0.0102247 secs] [Times: user=0.01 sys=0.00, real=0.01 secs] 
21909.546: [GC (Allocation Failure) 
Desired survivor size 5242880 bytes, new threshold 15 (max 15)
[PSYoungGen: 256357K->4470K(257024K)] 363352K->111465K(1043456K), 0.0097097 secs] [Times: user=0.01 sys=0.00, real=0.01 secs] 
21927.969: [GC (Allocation Failure) 
Desired survivor size 5242880 bytes, new threshold 15 (max 15)
[PSYoungGen: 256374K->4283K(257024K)] 363369K->111836K(1043456K), 0.0094941 secs] [Times: user=0.01 sys=0.01, real=0.01 secs] 
21946.466: [GC (Allocation Failure) 
Desired survivor size 5242880 bytes, new threshold 15 (max 15)
[PSYoungGen: 256187K->4101K(257024K)] 363740K->111756K(1043456K), 0.0101577 secs] [Times: user=0.01 sys=0.00, real=0.01 secs] 
21964.968: [GC (Allocation Failure) 
Desired survivor size 5242880 bytes, new threshold 15 (max 15)
[PSYoungGen: 256005K->4062K(257024K)] 363660K->111773K(1043456K), 0.0091720 secs] [Times: user=0.01 sys=0.01, real=0.01 secs] 
21983.339: [GC (Allocation Failure) 
Desired survivor size 5242880 bytes, new threshold 15 (max 15)
[PSYoungGen: 255966K->4106K(257024K)] 363677K->111866K(1043456K), 0.0088305 secs] [Times: user=0.01 sys=0.00, real=0.01 secs] 
22001.916: [GC (Allocation Failure) 
Desired survivor size 5242880 bytes, new threshold 15 (max 15)
[PSYoungGen: 256010K->4101K(257024K)] 363770K->111963K(1043456K), 0.0114195 secs] [Times: user=0.02 sys=0.00, real=0.02 secs] 
22020.346: [GC (Allocation Failure) 
Desired survivor size 5242880 bytes, new threshold 15 (max 15)
[PSYoungGen: 256005K->4020K(257024K)] 363867K->111962K(1043456K), 0.0092053 secs] [Times: user=0.01 sys=0.00, real=0.01 secs] 
22038.915: [GC (Allocation Failure) 
Desired survivor size 4718592 bytes, new threshold 15 (max 15)
[PSYoungGen: 255924K->4122K(257536K)] 363866K->112112K(1043968K), 0.0110938 secs] [Times: user=0.02 sys=0.00, real=0.01 secs] 
22057.344: [GC (Allocation Failure) 
Desired survivor size 4718592 bytes, new threshold 15 (max 15)
[PSYoungGen: 256538K->4181K(257024K)] 364528K->112227K(1043456K), 0.0124201 secs] [Times: user=0.02 sys=0.00, real=0.01 secs] 
22075.918: [GC (Allocation Failure) 
Desired survivor size 4718592 bytes, new threshold 15 (max 15)
[PSYoungGen: 256597K->4279K(257536K)] 364643K->112373K(1043968K), 0.0122258 secs] [Times: user=0.02 sys=0.00, real=0.02 secs] 
22094.470: [GC (Allocation Failure) 
Desired survivor size 4718592 bytes, new threshold 15 (max 15)
[PSYoungGen: 257207K->4175K(257536K)] 365301K->112419K(1043968K), 0.0089963 secs] [Times: user=0.01 sys=0.01, real=0.01 secs] 
22113.045: [GC (Allocation Failure) 
Desired survivor size 4718592 bytes, new threshold 15 (max 15)
[PSYoungGen: 257103K->4254K(257536K)] 365347K->112609K(1043968K), 0.0094480 secs] [Times: user=0.02 sys=0.00, real=0.01 secs] 
22131.542: [GC (Allocation Failure) 
Desired survivor size 4718592 bytes, new threshold 15 (max 15)
[PSYoungGen: 257182K->4309K(257536K)] 365537K->112711K(1043968K), 0.0105861 secs] [Times: user=0.01 sys=0.00, real=0.01 secs] 
22150.089: [GC (Allocation Failure) 
Desired survivor size 4718592 bytes, new threshold 15 (max 15)
[PSYoungGen: 257237K->4330K(257536K)] 365639K->112789K(1043968K), 0.0096416 secs] [Times: user=0.01 sys=0.00, real=0.01 secs] 
22168.594: [GC (Allocation Failure) 
Desired survivor size 4718592 bytes, new threshold 15 (max 15)
[PSYoungGen: 257258K->4372K(257536K)] 365717K->112887K(1043968K), 0.0108603 secs] [Times: user=0.01 sys=0.00, real=0.01 secs] 
22187.292: [GC (Allocation Failure) 
Desired survivor size 4718592 bytes, new threshold 15 (max 15)
[PSYoungGen: 257300K->4373K(257536K)] 365815K->112944K(1043968K), 0.0120163 secs] [Times: user=0.02 sys=0.00, real=0.01 secs] 
22205.846: [GC (Allocation Failure) 
Desired survivor size 4718592 bytes, new threshold 15 (max 15)
[PSYoungGen: 257301K->4341K(257536K)] 365872K->112984K(1043968K), 0.0115795 secs] [Times: user=0.02 sys=0.00, real=0.01 secs] 
22224.347: [GC (Allocation Failure) 
Desired survivor size 5242880 bytes, new threshold 15 (max 15)
[PSYoungGen: 257269K->4520K(256512K)] 365912K->113226K(1042944K), 0.0110191 secs] [Times: user=0.02 sys=0.00, real=0.01 secs] 
22242.914: [GC (Allocation Failure) 
Desired survivor size 5242880 bytes, new threshold 15 (max 15)
[PSYoungGen: 256424K->4472K(257024K)] 365130K->113259K(1043456K), 0.0105307 secs] [Times: user=0.02 sys=0.00, real=0.02 secs] 
22261.349: [GC (Allocation Failure) 
Desired survivor size 5242880 bytes, new threshold 15 (max 15)
[PSYoungGen: 256376K->4313K(257024K)] 365163K->113227K(1043456K), 0.0097977 secs] [Times: user=0.02 sys=0.00, real=0.01 secs] 
22279.923: [GC (Allocation Failure) 
Desired survivor size 5242880 bytes, new threshold 15 (max 15)
[PSYoungGen: 256217K->4323K(257024K)] 365131K->113309K(1043456K), 0.0091433 secs] [Times: user=0.01 sys=0.00, real=0.01 secs] 
22298.327: [GC (Allocation Failure) 
Desired survivor size 5242880 bytes, new threshold 15 (max 15)
[PSYoungGen: 256227K->4400K(257024K)] 365213K->113457K(1043456K), 0.0127871 secs] [Times: user=0.02 sys=0.00, real=0.01 secs] 
22316.720: [GC (Allocation Failure) 
Desired survivor size 5242880 bytes, new threshold 15 (max 15)
[PSYoungGen: 256304K->4347K(257024K)] 365361K->113477K(1043456K), 0.0138884 secs] [Times: user=0.01 sys=0.00, real=0.01 secs] 
22335.333: [GC (Allocation Failure) 
Desired survivor size 5242880 bytes, new threshold 15 (max 15)
[PSYoungGen: 256251K->4372K(257024K)] 365381K->113628K(1043456K), 0.0096412 secs] [Times: user=0.02 sys=0.00, real=0.01 secs] 
22353.591: [GC (Allocation Failure) 
Desired survivor size 5242880 bytes, new threshold 15 (max 15)
[PSYoungGen: 256276K->4389K(257024K)] 365532K->113717K(1043456K), 0.0097636 secs] [Times: user=0.02 sys=0.00, real=0.01 secs] 
22372.131: [GC (Allocation Failure) 
Desired survivor size 5242880 bytes, new threshold 15 (max 15)
[PSYoungGen: 256293K->4389K(257024K)] 365621K->113789K(1043456K), 0.0106630 secs] [Times: user=0.02 sys=0.00, real=0.01 secs] 
22390.664: [GC (Allocation Failure) 
Desired survivor size 4718592 bytes, new threshold 15 (max 15)
[PSYoungGen: 256293K->4312K(257024K)] 365693K->113839K(1043456K), 0.0131910 secs] [Times: user=0.02 sys=0.00, real=0.02 secs] 
22409.171: [GC (Allocation Failure) 
Desired survivor size 4718592 bytes, new threshold 15 (max 15)
[PSYoungGen: 256216K->4236K(257536K)] 365743K->113937K(1043968K), 0.0093072 secs] [Times: user=0.01 sys=0.00, real=0.01 secs] 
22427.715: [GC (Allocation Failure) 
Desired survivor size 4718592 bytes, new threshold 15 (max 15)
[PSYoungGen: 257164K->4181K(257536K)] 366865K->114001K(1043968K), 0.0170264 secs] [Times: user=0.01 sys=0.00, real=0.01 secs] 
22446.327: [GC (Allocation Failure) 
Desired survivor size 4718592 bytes, new threshold 15 (max 15)
[PSYoungGen: 257109K->4253K(257536K)] 366929K->114152K(1043968K), 0.0105779 secs] [Times: user=0.02 sys=0.00, real=0.01 secs] 
22464.916: [GC (Allocation Failure) 
Desired survivor size 4718592 bytes, new threshold 15 (max 15)
[PSYoungGen: 257181K->4268K(257536K)] 367080K->114248K(1043968K), 0.0108473 secs] [Times: user=0.02 sys=0.00, real=0.01 secs] 
22483.469: [GC (Allocation Failure) 
Desired survivor size 4718592 bytes, new threshold 15 (max 15)
[PSYoungGen: 257196K->4124K(257536K)] 367176K->114176K(1043968K), 0.0093772 secs] [Times: user=0.02 sys=0.00, real=0.01 secs] 
22502.092: [GC (Allocation Failure) 
Desired survivor size 4718592 bytes, new threshold 15 (max 15)
[PSYoungGen: 257052K->4285K(257536K)] 367104K->114408K(1043968K), 0.0095671 secs] [Times: user=0.02 sys=0.00, real=0.01 secs] 
22520.542: [GC (Allocation Failure) 
Desired survivor size 4718592 bytes, new threshold 15 (max 15)
[PSYoungGen: 257213K->4438K(257536K)] 367336K->114633K(1043968K), 0.0101915 secs] [Times: user=0.02 sys=0.00, real=0.01 secs] 
22539.093: [GC (Allocation Failure) 
Desired survivor size 4718592 bytes, new threshold 15 (max 15)
[PSYoungGen: 257366K->4358K(257536K)] 367561K->114641K(1043968K), 0.0100725 secs] [Times: user=0.01 sys=0.00, real=0.01 secs] 
22557.595: [GC (Allocation Failure) 
Desired survivor size 4718592 bytes, new threshold 15 (max 15)
[PSYoungGen: 257286K->4189K(257536K)] 367569K->114544K(1043968K), 0.0101169 secs] [Times: user=0.02 sys=0.00, real=0.01 secs] 
22576.214: [GC (Allocation Failure) 
Desired survivor size 4718592 bytes, new threshold 15 (max 15)
[PSYoungGen: 257114K->4323K(257536K)] 367469K->114758K(1043968K), 0.0100781 secs] [Times: user=0.02 sys=0.00, real=0.01 secs] 
22594.790: [GC (Allocation Failure) 
Desired survivor size 4718592 bytes, new threshold 15 (max 15)
[PSYoungGen: 257251K->4231K(257536K)] 367686K->114840K(1043968K), 0.0104854 secs] [Times: user=0.01 sys=0.00, real=0.01 secs] 
22613.296: [GC (Allocation Failure) 
Desired survivor size 4718592 bytes, new threshold 15 (max 15)
[PSYoungGen: 257159K->4140K(257536K)] 367768K->114821K(1043968K), 0.0108963 secs] [Times: user=0.02 sys=0.00, real=0.01 secs] 
22631.797: [GC (Allocation Failure) 
Desired survivor size 4718592 bytes, new threshold 15 (max 15)
[PSYoungGen: 257068K->4249K(257536K)] 367749K->115026K(1043968K), 0.0091336 secs] [Times: user=0.02 sys=0.00, real=0.01 secs] 
22650.382: [GC (Allocation Failure) 
Desired survivor size 4718592 bytes, new threshold 15 (max 15)
[PSYoungGen: 257177K->4410K(257536K)] 367954K->115259K(1043968K), 0.0093135 secs] [Times: user=0.02 sys=0.00, real=0.01 secs] 
22668.962: [GC (Allocation Failure) 
Desired survivor size 4718592 bytes, new threshold 15 (max 15)
[PSYoungGen: 257338K->4282K(257536K)] 368187K->115203K(1043968K), 0.0094947 secs] [Times: user=0.02 sys=0.00, real=0.01 secs] 
22687.389: [GC (Allocation Failure) 
Desired survivor size 4718592 bytes, new threshold 15 (max 15)
[PSYoungGen: 257210K->4542K(257536K)] 368131K->115535K(1043968K), 0.0107919 secs] [Times: user=0.02 sys=0.00, real=0.01 secs] 
22705.967: [GC (Allocation Failure) 
Desired survivor size 4718592 bytes, new threshold 15 (max 15)
[PSYoungGen: 257470K->4341K(257536K)] 368463K->115461K(1043968K), 0.0112881 secs] [Times: user=0.02 sys=0.00, real=0.01 secs] 
22724.546: [GC (Allocation Failure) 
Desired survivor size 4718592 bytes, new threshold 15 (max 15)
[PSYoungGen: 257269K->4305K(257536K)] 368389K->115496K(1043968K), 0.0095690 secs] [Times: user=0.02 sys=0.00, real=0.01 secs] 
22743.094: [GC (Allocation Failure) 
Desired survivor size 4718592 bytes, new threshold 15 (max 15)
[PSYoungGen: 257233K->4389K(257536K)] 368424K->115661K(1043968K), 0.0096040 secs] [Times: user=0.02 sys=0.00, real=0.01 secs] 
22761.547: [GC (Allocation Failure) 
Desired survivor size 4718592 bytes, new threshold 15 (max 15)
[PSYoungGen: 257317K->4388K(257536K)] 368589K->115740K(1043968K), 0.0100076 secs] [Times: user=0.02 sys=0.00, real=0.01 secs] 
22780.164: [GC (Allocation Failure) 
Desired survivor size 4718592 bytes, new threshold 15 (max 15)
[PSYoungGen: 257316K->4497K(257536K)] 368668K->115921K(1043968K), 0.0128186 secs] [Times: user=0.02 sys=0.00, real=0.02 secs] 
22798.716: [GC (Allocation Failure) 
Desired survivor size 5242880 bytes, new threshold 15 (max 15)
[PSYoungGen: 257425K->4500K(257536K)] 368849K->116004K(1043968K), 0.0097623 secs] [Times: user=0.02 sys=0.00, real=0.01 secs] 
22817.296: [GC (Allocation Failure) 
Desired survivor size 5242880 bytes, new threshold 14 (max 15)
[PSYoungGen: 257428K->4596K(256512K)] 368932K->116212K(1042944K), 0.0097718 secs] [Times: user=0.02 sys=0.00, real=0.01 secs] 
22835.791: [GC (Allocation Failure) 
Desired survivor size 5242880 bytes, new threshold 15 (max 15)
[PSYoungGen: 256500K->4446K(257024K)] 368116K->116214K(1043456K), 0.0139141 secs] [Times: user=0.02 sys=0.00, real=0.02 secs] 
22854.212: [GC (Allocation Failure) 
Desired survivor size 5242880 bytes, new threshold 15 (max 15)
[PSYoungGen: 256350K->4510K(257024K)] 368118K->116278K(1043456K), 0.0097702 secs] [Times: user=0.01 sys=0.00, real=0.01 secs] 
22872.462: [GC (Allocation Failure) 
Desired survivor size 5242880 bytes, new threshold 15 (max 15)
[PSYoungGen: 256414K->4570K(257024K)] 368182K->116410K(1043456K), 0.0095156 secs] [Times: user=0.01 sys=0.00, real=0.01 secs] 
22890.835: [GC (Allocation Failure) 
Desired survivor size 5242880 bytes, new threshold 15 (max 15)
[PSYoungGen: 256474K->4569K(257024K)] 368314K->116536K(1043456K), 0.0105678 secs] [Times: user=0.01 sys=0.00, real=0.01 secs] 
22909.348: [GC (Allocation Failure) 
Desired survivor size 5242880 bytes, new threshold 15 (max 15)
[PSYoungGen: 256473K->4586K(257024K)] 368440K->116679K(1043456K), 0.0097387 secs] [Times: user=0.01 sys=0.00, real=0.01 secs] 
22927.718: [GC (Allocation Failure) 
Desired survivor size 5242880 bytes, new threshold 15 (max 15)
[PSYoungGen: 256490K->4440K(257024K)] 368583K->116613K(1043456K), 0.0117965 secs] [Times: user=0.02 sys=0.00, real=0.02 secs] 
22946.298: [GC (Allocation Failure) 
Desired survivor size 5242880 bytes, new threshold 15 (max 15)
[PSYoungGen: 256344K->4537K(257024K)] 368517K->116783K(1043456K), 0.0101049 secs] [Times: user=0.01 sys=0.00, real=0.01 secs] 
22964.540: [GC (Allocation Failure) 
Desired survivor size 5242880 bytes, new threshold 15 (max 15)
[PSYoungGen: 256441K->4492K(257024K)] 368687K->116911K(1043456K), 0.0094926 secs] [Times: user=0.02 sys=0.00, real=0.01 secs] 
22982.971: [GC (Allocation Failure) 
Desired survivor size 5242880 bytes, new threshold 15 (max 15)
[PSYoungGen: 256396K->4461K(257024K)] 368815K->116960K(1043456K), 0.0109479 secs] [Times: user=0.02 sys=0.00, real=0.01 secs] 
23001.471: [GC (Allocation Failure) 
Desired survivor size 5242880 bytes, new threshold 15 (max 15)
[PSYoungGen: 256365K->4427K(257024K)] 368864K->116999K(1043456K), 0.0097270 secs] [Times: user=0.02 sys=0.00, real=0.01 secs] 
23020.047: [GC (Allocation Failure) 
Desired survivor size 5242880 bytes, new threshold 15 (max 15)
[PSYoungGen: 256331K->4438K(257024K)] 368903K->117128K(1043456K), 0.0103991 secs] [Times: user=0.01 sys=0.00, real=0.01 secs] 
23038.551: [GC (Allocation Failure) 
Desired survivor size 5242880 bytes, new threshold 15 (max 15)
[PSYoungGen: 256342K->4393K(257024K)] 369032K->117209K(1043456K), 0.0112944 secs] [Times: user=0.02 sys=0.00, real=0.01 secs] 
23057.097: [GC (Allocation Failure) 
Desired survivor size 5242880 bytes, new threshold 15 (max 15)
[PSYoungGen: 256297K->4306K(257024K)] 369113K->117250K(1043456K), 0.0102148 secs] [Times: user=0.02 sys=0.00, real=0.01 secs] 
23075.597: [GC (Allocation Failure) 
Desired survivor size 5242880 bytes, new threshold 15 (max 15)
[PSYoungGen: 256210K->4290K(257024K)] 369154K->117306K(1043456K), 0.0103024 secs] [Times: user=0.02 sys=0.00, real=0.01 secs] 
23094.094: [GC (Allocation Failure) 
Desired survivor size 5242880 bytes, new threshold 15 (max 15)
[PSYoungGen: 256194K->4346K(257024K)] 369210K->117441K(1043456K), 0.0125989 secs] [Times: user=0.02 sys=0.00, real=0.01 secs] 
23112.596: [GC (Allocation Failure) 
Desired survivor size 5242880 bytes, new threshold 15 (max 15)
[PSYoungGen: 256250K->4282K(257024K)] 369345K->117457K(1043456K), 0.0102733 secs] [Times: user=0.02 sys=0.00, real=0.01 secs] 
23130.971: [GC (Allocation Failure) 
Desired survivor size 5242880 bytes, new threshold 15 (max 15)
[PSYoungGen: 256186K->4514K(257024K)] 369361K->117769K(1043456K), 0.0097583 secs] [Times: user=0.02 sys=0.00, real=0.01 secs] 
23149.471: [GC (Allocation Failure) 
Desired survivor size 5242880 bytes, new threshold 15 (max 15)
[PSYoungGen: 256418K->4386K(257024K)] 369673K->117753K(1043456K), 0.0098544 secs] [Times: user=0.02 sys=0.00, real=0.01 secs] 
23167.968: [GC (Allocation Failure) 
Desired survivor size 5242880 bytes, new threshold 15 (max 15)
[PSYoungGen: 256290K->4307K(257024K)] 369657K->117840K(1043456K), 0.0133902 secs] [Times: user=0.02 sys=0.00, real=0.01 secs] 
23186.426: [GC (Allocation Failure) 
Desired survivor size 5242880 bytes, new threshold 15 (max 15)
[PSYoungGen: 256211K->4243K(257024K)] 369744K->117895K(1043456K), 0.0098893 secs] [Times: user=0.02 sys=0.00, real=0.01 secs] 
23204.922: [GC (Allocation Failure) 
Desired survivor size 5242880 bytes, new threshold 15 (max 15)
[PSYoungGen: 256147K->4259K(257024K)] 369799K->118030K(1043456K), 0.0099160 secs] [Times: user=0.01 sys=0.00, real=0.01 secs] 
23223.416: [GC (Allocation Failure) 
Desired survivor size 5242880 bytes, new threshold 15 (max 15)
[PSYoungGen: 256163K->4264K(257024K)] 369934K->118107K(1043456K), 0.0097113 secs] [Times: user=0.01 sys=0.00, real=0.01 secs] 
23241.921: [GC (Allocation Failure) 
Desired survivor size 5242880 bytes, new threshold 15 (max 15)
[PSYoungGen: 256168K->4195K(257024K)] 370011K->118197K(1043456K), 0.0100542 secs] [Times: user=0.02 sys=0.00, real=0.01 secs] 
23260.424: [GC (Allocation Failure) 
Desired survivor size 5242880 bytes, new threshold 15 (max 15)
[PSYoungGen: 256099K->4195K(257024K)] 370101K->118269K(1043456K), 0.0095497 secs] [Times: user=0.02 sys=0.00, real=0.01 secs] 
23278.929: [GC (Allocation Failure) 
Desired survivor size 5242880 bytes, new threshold 15 (max 15)
[PSYoungGen: 256099K->4259K(257024K)] 370173K->118405K(1043456K), 0.0103678 secs] [Times: user=0.02 sys=0.00, real=0.01 secs] 
23297.422: [GC (Allocation Failure) 
Desired survivor size 4718592 bytes, new threshold 15 (max 15)
[PSYoungGen: 256163K->4318K(257536K)] 370309K->118536K(1043968K), 0.0110550 secs] [Times: user=0.02 sys=0.00, real=0.01 secs] 
23315.964: [GC (Allocation Failure) 
Desired survivor size 4718592 bytes, new threshold 15 (max 15)
[PSYoungGen: 256734K->4287K(257024K)] 370952K->118585K(1043456K), 0.0127209 secs] [Times: user=0.02 sys=0.00, real=0.01 secs] 
23334.549: [GC (Allocation Failure) 
Desired survivor size 4718592 bytes, new threshold 15 (max 15)
[PSYoungGen: 256703K->4249K(257536K)] 371001K->118626K(1043968K), 0.0097263 secs] [Times: user=0.01 sys=0.00, real=0.01 secs] 
23353.097: [GC (Allocation Failure) 
Desired survivor size 4718592 bytes, new threshold 15 (max 15)
[PSYoungGen: 257177K->4330K(257536K)] 371554K->118779K(1043968K), 0.0096544 secs] [Times: user=0.01 sys=0.00, real=0.01 secs] 
23371.598: [GC (Allocation Failure) 
Desired survivor size 4718592 bytes, new threshold 15 (max 15)
[PSYoungGen: 257258K->4266K(257536K)] 371707K->118835K(1043968K), 0.0120749 secs] [Times: user=0.02 sys=0.00, real=0.01 secs] 
23390.170: [GC (Allocation Failure) 
Desired survivor size 4718592 bytes, new threshold 15 (max 15)
[PSYoungGen: 257194K->4385K(257536K)] 371763K->119025K(1043968K), 0.0121392 secs] [Times: user=0.02 sys=0.00, real=0.01 secs] 
23408.627: [GC (Allocation Failure) 
Desired survivor size 4718592 bytes, new threshold 15 (max 15)
[PSYoungGen: 257313K->4460K(257536K)] 371953K->119172K(1043968K), 0.0105745 secs] [Times: user=0.02 sys=0.00, real=0.01 secs] 
23427.094: [GC (Allocation Failure) 
Desired survivor size 5242880 bytes, new threshold 14 (max 15)
[PSYoungGen: 257388K->4606K(257536K)] 372100K->119455K(1043968K), 0.0095208 secs] [Times: user=0.02 sys=0.01, real=0.01 secs] 
23445.683: [GC (Allocation Failure) 
Desired survivor size 5242880 bytes, new threshold 15 (max 15)
[PSYoungGen: 257534K->4532K(256512K)] 372383K->119525K(1042944K), 0.0230511 secs] [Times: user=0.05 sys=0.00, real=0.02 secs] 
23464.092: [GC (Allocation Failure) 
Desired survivor size 5242880 bytes, new threshold 15 (max 15)
[PSYoungGen: 256436K->4571K(257024K)] 371429K->119564K(1043456K), 0.0098022 secs] [Times: user=0.01 sys=0.00, real=0.01 secs] 
23482.588: [GC (Allocation Failure) 
Desired survivor size 5242880 bytes, new threshold 15 (max 15)
[PSYoungGen: 256475K->4646K(257024K)] 371468K->119765K(1043456K), 0.0097247 secs] [Times: user=0.01 sys=0.00, real=0.01 secs] 
23501.090: [GC (Allocation Failure) 
Desired survivor size 5242880 bytes, new threshold 15 (max 15)
[PSYoungGen: 256550K->4596K(257024K)] 371669K->119843K(1043456K), 0.0143589 secs] [Times: user=0.02 sys=0.01, real=0.01 secs] 
23519.572: [GC (Allocation Failure) 
Desired survivor size 5242880 bytes, new threshold 15 (max 15)
[PSYoungGen: 256500K->4516K(257024K)] 371747K->119843K(1043456K), 0.0115536 secs] [Times: user=0.02 sys=0.00, real=0.01 secs] 
23538.090: [GC (Allocation Failure) 
Desired survivor size 5242880 bytes, new threshold 15 (max 15)
[PSYoungGen: 256420K->4525K(257024K)] 371747K->119923K(1043456K), 0.0094077 secs] [Times: user=0.02 sys=0.00, real=0.01 secs] 
23556.591: [GC (Allocation Failure) 
Desired survivor size 5242880 bytes, new threshold 15 (max 15)
[PSYoungGen: 256429K->4575K(257024K)] 371827K->120045K(1043456K), 0.0096059 secs] [Times: user=0.02 sys=0.00, real=0.01 secs] 
23574.796: [GC (Allocation Failure) 
Desired survivor size 5242880 bytes, new threshold 15 (max 15)
[PSYoungGen: 256479K->4481K(257024K)] 371949K->120125K(1043456K), 0.0099310 secs] [Times: user=0.02 sys=0.00, real=0.01 secs] 
23593.221: [GC (Allocation Failure) 
Desired survivor size 5242880 bytes, new threshold 15 (max 15)
[PSYoungGen: 256385K->4424K(257024K)] 372029K->120148K(1043456K), 0.0107514 secs] [Times: user=0.02 sys=0.00, real=0.01 secs] 
23611.715: [GC (Allocation Failure) 
Desired survivor size 5242880 bytes, new threshold 15 (max 15)
[PSYoungGen: 256328K->4504K(257024K)] 372052K->120300K(1043456K), 0.0102476 secs] [Times: user=0.01 sys=0.00, real=0.01 secs] 
23630.223: [GC (Allocation Failure) 
Desired survivor size 5242880 bytes, new threshold 15 (max 15)
[PSYoungGen: 256408K->4514K(257024K)] 372204K->120389K(1043456K), 0.0098097 secs] [Times: user=0.02 sys=0.00, real=0.01 secs] 
23648.688: [GC (Allocation Failure) 
Desired survivor size 5242880 bytes, new threshold 15 (max 15)
[PSYoungGen: 256418K->4488K(257024K)] 372293K->120490K(1043456K), 0.0099347 secs] [Times: user=0.01 sys=0.00, real=0.01 secs] 
23667.174: [GC (Allocation Failure) 
Desired survivor size 5242880 bytes, new threshold 15 (max 15)
[PSYoungGen: 256392K->4417K(257024K)] 372394K->120499K(1043456K), 0.0105784 secs] [Times: user=0.01 sys=0.00, real=0.01 secs] 
23685.673: [GC (Allocation Failure) 
Desired survivor size 5242880 bytes, new threshold 15 (max 15)
[PSYoungGen: 256321K->4439K(257024K)] 372403K->120602K(1043456K), 0.0190486 secs] [Times: user=0.03 sys=0.00, real=0.02 secs] 
23704.093: [GC (Allocation Failure) 
Desired survivor size 5242880 bytes, new threshold 15 (max 15)
[PSYoungGen: 256343K->4516K(257024K)] 372506K->120758K(1043456K), 0.0100600 secs] [Times: user=0.01 sys=0.00, real=0.01 secs] 
23722.469: [GC (Allocation Failure) 
Desired survivor size 5242880 bytes, new threshold 15 (max 15)
[PSYoungGen: 256420K->4703K(257024K)] 372662K->121073K(1043456K), 0.0097695 secs] [Times: user=0.01 sys=0.00, real=0.01 secs] 
23740.967: [GC (Allocation Failure) 
Desired survivor size 5242880 bytes, new threshold 15 (max 15)
[PSYoungGen: 256607K->4568K(257024K)] 372977K->121064K(1043456K), 0.0104121 secs] [Times: user=0.02 sys=0.00, real=0.01 secs] 
23759.423: [GC (Allocation Failure) 
Desired survivor size 5242880 bytes, new threshold 15 (max 15)
[PSYoungGen: 256472K->4568K(257024K)] 372968K->121145K(1043456K), 0.0107923 secs] [Times: user=0.02 sys=0.01, real=0.01 secs] 
23777.916: [GC (Allocation Failure) 
Desired survivor size 5242880 bytes, new threshold 15 (max 15)
[PSYoungGen: 256472K->4504K(257024K)] 373049K->121152K(1043456K), 0.0112601 secs] [Times: user=0.01 sys=0.00, real=0.01 secs] 
23796.346: [GC (Allocation Failure) 
Desired survivor size 5242880 bytes, new threshold 15 (max 15)
[PSYoungGen: 256408K->4511K(257024K)] 373056K->121231K(1043456K), 0.0164447 secs] [Times: user=0.02 sys=0.00, real=0.02 secs] 
23814.844: [GC (Allocation Failure) 
Desired survivor size 5242880 bytes, new threshold 15 (max 15)
[PSYoungGen: 256415K->4574K(257024K)] 373135K->121366K(1043456K), 0.0100372 secs] [Times: user=0.02 sys=0.00, real=0.01 secs] 
23833.416: [GC (Allocation Failure) 
Desired survivor size 5242880 bytes, new threshold 15 (max 15)
[PSYoungGen: 256478K->4590K(257024K)] 373270K->121511K(1043456K), 0.0096862 secs] [Times: user=0.02 sys=0.00, real=0.01 secs] 
23851.844: [GC (Allocation Failure) 
Desired survivor size 5242880 bytes, new threshold 15 (max 15)
[PSYoungGen: 256494K->4470K(257024K)] 373415K->121542K(1043456K), 0.0101130 secs] [Times: user=0.02 sys=0.00, real=0.01 secs] 
23870.344: [GC (Allocation Failure) 
Desired survivor size 5242880 bytes, new threshold 15 (max 15)
[PSYoungGen: 256374K->4345K(257024K)] 373446K->121591K(1043456K), 0.0118312 secs] [Times: user=0.02 sys=0.00, real=0.01 secs] 
23888.796: [GC (Allocation Failure) 
Desired survivor size 5242880 bytes, new threshold 15 (max 15)
[PSYoungGen: 256249K->4362K(257024K)] 373495K->121679K(1043456K), 0.0102508 secs] [Times: user=0.01 sys=0.00, real=0.01 secs] 
23907.291: [GC (Allocation Failure) 
Desired survivor size 5242880 bytes, new threshold 15 (max 15)
[PSYoungGen: 256266K->4352K(257024K)] 373583K->121742K(1043456K), 0.0115362 secs] [Times: user=0.02 sys=0.00, real=0.01 secs] 
23925.795: [GC (Allocation Failure) 
Desired survivor size 5242880 bytes, new threshold 15 (max 15)
[PSYoungGen: 256256K->4372K(257024K)] 373646K->121889K(1043456K), 0.0135261 secs] [Times: user=0.02 sys=0.00, real=0.01 secs] 
23944.296: [GC (Allocation Failure) 
Desired survivor size 5242880 bytes, new threshold 15 (max 15)
[PSYoungGen: 256276K->4362K(257024K)] 373793K->121951K(1043456K), 0.0106321 secs] [Times: user=0.02 sys=0.00, real=0.01 secs] 
23962.794: [GC (Allocation Failure) 
Desired survivor size 5242880 bytes, new threshold 15 (max 15)
[PSYoungGen: 256266K->4340K(257024K)] 373855K->122055K(1043456K), 0.0103080 secs] [Times: user=0.02 sys=0.00, real=0.01 secs] 
23981.339: [GC (Allocation Failure) 
Desired survivor size 5242880 bytes, new threshold 15 (max 15)
[PSYoungGen: 256244K->4269K(257024K)] 373959K->122103K(1043456K), 0.0093283 secs] [Times: user=0.01 sys=0.00, real=0.01 secs] 
23999.794: [GC (Allocation Failure) 
Desired survivor size 5242880 bytes, new threshold 15 (max 15)
[PSYoungGen: 256173K->4151K(257024K)] 374007K->122104K(1043456K), 0.0098231 secs] [Times: user=0.02 sys=0.00, real=0.01 secs] 
24018.214: [GC (Allocation Failure) 
Desired survivor size 5242880 bytes, new threshold 15 (max 15)
[PSYoungGen: 256055K->4338K(257024K)] 374008K->122371K(1043456K), 0.0099993 secs] [Times: user=0.01 sys=0.00, real=0.01 secs] 
24036.717: [GC (Allocation Failure) 
Desired survivor size 5242880 bytes, new threshold 15 (max 15)
[PSYoungGen: 256242K->4392K(257024K)] 374275K->122562K(1043456K), 0.0101013 secs] [Times: user=0.02 sys=0.00, real=0.01 secs] 
24055.211: [GC (Allocation Failure) 
Desired survivor size 5242880 bytes, new threshold 15 (max 15)
[PSYoungGen: 256296K->4225K(257024K)] 374466K->122467K(1043456K), 0.0100857 secs] [Times: user=0.02 sys=0.00, real=0.01 secs] 
24073.717: [GC (Allocation Failure) 
Desired survivor size 5242880 bytes, new threshold 15 (max 15)
[PSYoungGen: 256129K->4161K(257024K)] 374371K->122530K(1043456K), 0.0104690 secs] [Times: user=0.02 sys=0.00, real=0.01 secs] 
24092.218: [GC (Allocation Failure) 
Desired survivor size 5242880 bytes, new threshold 15 (max 15)
[PSYoungGen: 256065K->4161K(257024K)] 374434K->122610K(1043456K), 0.0099771 secs] [Times: user=0.01 sys=0.00, real=0.01 secs] 
24110.723: [GC (Allocation Failure) 
Desired survivor size 5242880 bytes, new threshold 15 (max 15)
[PSYoungGen: 256065K->4041K(257024K)] 374514K->122617K(1043456K), 0.0116705 secs] [Times: user=0.02 sys=0.00, real=0.01 secs] 
24129.218: [GC (Allocation Failure) 
Desired survivor size 5242880 bytes, new threshold 15 (max 15)
[PSYoungGen: 255945K->4009K(257024K)] 374521K->122657K(1043456K), 0.0094669 secs] [Times: user=0.02 sys=0.00, real=0.01 secs] 
24147.730: [GC (Allocation Failure) 
Desired survivor size 5242880 bytes, new threshold 15 (max 15)
[PSYoungGen: 255913K->4090K(257024K)] 374561K->122810K(1043456K), 0.0095923 secs] [Times: user=0.02 sys=0.00, real=0.01 secs] 
24166.320: [GC (Allocation Failure) 
Desired survivor size 5242880 bytes, new threshold 15 (max 15)
[PSYoungGen: 255994K->4121K(257024K)] 374714K->122913K(1043456K), 0.0099646 secs] [Times: user=0.02 sys=0.00, real=0.01 secs] 
24184.798: [GC (Allocation Failure) 
Desired survivor size 5242880 bytes, new threshold 15 (max 15)
[PSYoungGen: 256025K->4002K(257024K)] 374817K->122921K(1043456K), 0.0114509 secs] [Times: user=0.02 sys=0.00, real=0.02 secs] 
24203.049: [GC (Allocation Failure) 
Desired survivor size 5242880 bytes, new threshold 15 (max 15)
[PSYoungGen: 255906K->3987K(257024K)] 374825K->122977K(1043456K), 0.0096690 secs] [Times: user=0.02 sys=0.00, real=0.01 secs] 
24221.588: [GC (Allocation Failure) 
Desired survivor size 5242880 bytes, new threshold 15 (max 15)
[PSYoungGen: 255891K->4131K(257024K)] 374881K->123194K(1043456K), 0.0106644 secs] [Times: user=0.01 sys=0.00, real=0.01 secs] 
24240.044: [GC (Allocation Failure) 
Desired survivor size 4718592 bytes, new threshold 15 (max 15)
[PSYoungGen: 256035K->4084K(257024K)] 375098K->123218K(1043456K), 0.0118167 secs] [Times: user=0.02 sys=0.00, real=0.01 secs] 
24258.474: [GC (Allocation Failure) 
Desired survivor size 4718592 bytes, new threshold 15 (max 15)
[PSYoungGen: 255988K->4144K(257536K)] 375122K->123351K(1043968K), 0.0098678 secs] [Times: user=0.01 sys=0.00, real=0.01 secs] 
24276.974: [GC (Allocation Failure) 
Desired survivor size 4718592 bytes, new threshold 15 (max 15)
[PSYoungGen: 257072K->4209K(257536K)] 376279K->123487K(1043968K), 0.0110902 secs] [Times: user=0.02 sys=0.00, real=0.01 secs] 
24295.597: [GC (Allocation Failure) 
Desired survivor size 4718592 bytes, new threshold 15 (max 15)
[PSYoungGen: 257137K->4224K(257536K)] 376415K->123575K(1043968K), 0.0129668 secs] [Times: user=0.02 sys=0.00, real=0.01 secs] 
24314.216: [GC (Allocation Failure) 
Desired survivor size 4718592 bytes, new threshold 15 (max 15)
[PSYoungGen: 257152K->4289K(257536K)] 376503K->123711K(1043968K), 0.0095703 secs] [Times: user=0.02 sys=0.00, real=0.01 secs] 
24332.718: [GC (Allocation Failure) 
Desired survivor size 4718592 bytes, new threshold 15 (max 15)
[PSYoungGen: 257217K->4322K(257536K)] 376639K->123825K(1043968K), 0.0094134 secs] [Times: user=0.01 sys=0.00, real=0.01 secs] 
24351.291: [GC (Allocation Failure) 
Desired survivor size 4718592 bytes, new threshold 15 (max 15)
[PSYoungGen: 257250K->4274K(257536K)] 376753K->123857K(1043968K), 0.0097613 secs] [Times: user=0.02 sys=0.00, real=0.01 secs] 
24369.831: [GC (Allocation Failure) 
Desired survivor size 4718592 bytes, new threshold 15 (max 15)
[PSYoungGen: 257202K->4418K(257536K)] 376785K->124072K(1043968K), 0.0112215 secs] [Times: user=0.01 sys=0.00, real=0.01 secs] 
24388.297: [GC (Allocation Failure) 
Desired survivor size 4718592 bytes, new threshold 15 (max 15)
[PSYoungGen: 257346K->4298K(257536K)] 377000K->124024K(1043968K), 0.0093971 secs] [Times: user=0.02 sys=0.00, real=0.01 secs] 
24406.846: [GC (Allocation Failure) 
Desired survivor size 4718592 bytes, new threshold 15 (max 15)
[PSYoungGen: 257226K->4377K(257536K)] 376952K->124176K(1043968K), 0.0100100 secs] [Times: user=0.01 sys=0.00, real=0.01 secs] 
24425.465: [GC (Allocation Failure) 
Desired survivor size 4718592 bytes, new threshold 15 (max 15)
[PSYoungGen: 257305K->4376K(257536K)] 377104K->124247K(1043968K), 0.0117615 secs] [Times: user=0.02 sys=0.00, real=0.02 secs] 
24444.039: [GC (Allocation Failure) 
Desired survivor size 5242880 bytes, new threshold 15 (max 15)
[PSYoungGen: 257304K->4410K(256512K)] 377175K->124352K(1042944K), 0.0093302 secs] [Times: user=0.02 sys=0.00, real=0.01 secs] 
24462.471: [GC (Allocation Failure) 
Desired survivor size 4718592 bytes, new threshold 15 (max 15)
[PSYoungGen: 256314K->4334K(257024K)] 376256K->124348K(1043456K), 0.0118729 secs] [Times: user=0.01 sys=0.00, real=0.02 secs] 
24480.920: [GC (Allocation Failure) 
Desired survivor size 4718592 bytes, new threshold 15 (max 15)
[PSYoungGen: 256238K->4286K(257536K)] 376252K->124404K(1043968K), 0.0098441 secs] [Times: user=0.02 sys=0.00, real=0.01 secs] 
24499.553: [GC (Allocation Failure) 
Desired survivor size 4718592 bytes, new threshold 15 (max 15)
[PSYoungGen: 257214K->4254K(257536K)] 377332K->124477K(1043968K), 0.0107158 secs] [Times: user=0.02 sys=0.00, real=0.01 secs] 
24518.126: [GC (Allocation Failure) 
Desired survivor size 4718592 bytes, new threshold 15 (max 15)
[PSYoungGen: 257182K->4318K(257536K)] 377405K->124622K(1043968K), 0.0096641 secs] [Times: user=0.02 sys=0.00, real=0.01 secs] 
24536.720: [GC (Allocation Failure) 
Desired survivor size 4718592 bytes, new threshold 15 (max 15)
[PSYoungGen: 257246K->4225K(257536K)] 377550K->124702K(1043968K), 0.0102022 secs] [Times: user=0.02 sys=0.00, real=0.01 secs] 
24555.416: [GC (Allocation Failure) 
Desired survivor size 4718592 bytes, new threshold 15 (max 15)
[PSYoungGen: 257153K->4226K(257536K)] 377630K->124775K(1043968K), 0.0102604 secs] [Times: user=0.01 sys=0.00, real=0.02 secs] 
24573.921: [GC (Allocation Failure) 
Desired survivor size 4718592 bytes, new threshold 15 (max 15)
[PSYoungGen: 257154K->4233K(257536K)] 377703K->124854K(1043968K), 0.0120725 secs] [Times: user=0.02 sys=0.00, real=0.01 secs] 
24592.546: [GC (Allocation Failure) 
Desired survivor size 4718592 bytes, new threshold 15 (max 15)
[PSYoungGen: 257161K->4279K(257536K)] 377782K->125029K(1043968K), 0.0099268 secs] [Times: user=0.01 sys=0.00, real=0.01 secs] 
24611.092: [GC (Allocation Failure) 
Desired survivor size 4718592 bytes, new threshold 15 (max 15)
[PSYoungGen: 257207K->4278K(257536K)] 377957K->125101K(1043968K), 0.0099403 secs] [Times: user=0.01 sys=0.00, real=0.01 secs] 
24629.598: [GC (Allocation Failure) 
Desired survivor size 4718592 bytes, new threshold 15 (max 15)
[PSYoungGen: 257206K->4414K(257536K)] 378029K->125317K(1043968K), 0.0104985 secs] [Times: user=0.02 sys=0.00, real=0.01 secs] 
24648.165: [GC (Allocation Failure) 
Desired survivor size 4718592 bytes, new threshold 15 (max 15)
[PSYoungGen: 257342K->4271K(257536K)] 378245K->125253K(1043968K), 0.0093221 secs] [Times: user=0.02 sys=0.00, real=0.01 secs] 
24666.793: [GC (Allocation Failure) 
Desired survivor size 4718592 bytes, new threshold 15 (max 15)
[PSYoungGen: 257199K->4263K(257536K)] 378181K->125365K(1043968K), 0.0101147 secs] [Times: user=0.01 sys=0.00, real=0.01 secs] 
24685.299: [GC (Allocation Failure) 
Desired survivor size 4718592 bytes, new threshold 15 (max 15)
[PSYoungGen: 257191K->4231K(257536K)] 378293K->125412K(1043968K), 0.0099093 secs] [Times: user=0.02 sys=0.00, real=0.01 secs] 
24703.847: [GC (Allocation Failure) 
Desired survivor size 4718592 bytes, new threshold 15 (max 15)
[PSYoungGen: 257159K->4249K(257536K)] 378340K->125502K(1043968K), 0.0108965 secs] [Times: user=0.02 sys=0.00, real=0.01 secs] 
24722.437: [GC (Allocation Failure) 
Desired survivor size 4718592 bytes, new threshold 15 (max 15)
[PSYoungGen: 257177K->4279K(257536K)] 378430K->125661K(1043968K), 0.0102766 secs] [Times: user=0.02 sys=0.00, real=0.01 secs] 
24741.046: [GC (Allocation Failure) 
Desired survivor size 4718592 bytes, new threshold 15 (max 15)
[PSYoungGen: 257207K->4096K(257536K)] 378589K->125597K(1043968K), 0.0094730 secs] [Times: user=0.02 sys=0.00, real=0.01 secs] 
24759.597: [GC (Allocation Failure) 
Desired survivor size 4718592 bytes, new threshold 15 (max 15)
[PSYoungGen: 257024K->4128K(257536K)] 378525K->125701K(1043968K), 0.0096535 secs] [Times: user=0.01 sys=0.00, real=0.01 secs] 
24778.214: [GC (Allocation Failure) 
Desired survivor size 4718592 bytes, new threshold 15 (max 15)
[PSYoungGen: 257056K->4080K(257536K)] 378629K->125725K(1043968K), 0.0099474 secs] [Times: user=0.01 sys=0.00, real=0.01 secs] 
24796.598: [GC (Allocation Failure) 
Desired survivor size 4718592 bytes, new threshold 15 (max 15)
[PSYoungGen: 257008K->4080K(257536K)] 378653K->125805K(1043968K), 0.0101211 secs] [Times: user=0.02 sys=0.00, real=0.01 secs] 
24815.218: [GC (Allocation Failure) 
Desired survivor size 4718592 bytes, new threshold 15 (max 15)
[PSYoungGen: 257008K->4176K(257536K)] 378733K->125973K(1043968K), 0.0096305 secs] [Times: user=0.02 sys=0.00, real=0.01 secs] 
24833.794: [GC (Allocation Failure) 
Desired survivor size 4718592 bytes, new threshold 15 (max 15)
[PSYoungGen: 257104K->4160K(257536K)] 378901K->126029K(1043968K), 0.0106137 secs] [Times: user=0.02 sys=0.00, real=0.01 secs] 
24852.347: [GC (Allocation Failure) 
Desired survivor size 4718592 bytes, new threshold 15 (max 15)
[PSYoungGen: 257088K->4101K(257536K)] 378957K->126097K(1043968K), 0.0099367 secs] [Times: user=0.02 sys=0.00, real=0.01 secs] 
24870.798: [GC (Allocation Failure) 
Desired survivor size 4718592 bytes, new threshold 15 (max 15)
[PSYoungGen: 257029K->4129K(257536K)] 379025K->126197K(1043968K), 0.0095226 secs] [Times: user=0.01 sys=0.00, real=0.01 secs] 
24889.421: [GC (Allocation Failure) 
Desired survivor size 4718592 bytes, new threshold 15 (max 15)
[PSYoungGen: 257057K->4226K(257536K)] 379125K->126366K(1043968K), 0.0105392 secs] [Times: user=0.02 sys=0.00, real=0.01 secs] 
24907.969: [GC (Allocation Failure) 
Desired survivor size 4718592 bytes, new threshold 15 (max 15)
[PSYoungGen: 257154K->4274K(257536K)] 379294K->126494K(1043968K), 0.0103790 secs] [Times: user=0.02 sys=0.00, real=0.02 secs] 
24926.537: [GC (Allocation Failure) 
Desired survivor size 4718592 bytes, new threshold 15 (max 15)
[PSYoungGen: 257202K->4437K(257536K)] 379422K->126729K(1043968K), 0.0105519 secs] [Times: user=0.01 sys=0.01, real=0.01 secs] 
24945.088: [GC (Allocation Failure) 
Desired survivor size 4718592 bytes, new threshold 15 (max 15)
[PSYoungGen: 257365K->4405K(257536K)] 379657K->126777K(1043968K), 0.0106671 secs] [Times: user=0.01 sys=0.00, real=0.01 secs] 
24963.592: [GC (Allocation Failure) 
Desired survivor size 4718592 bytes, new threshold 15 (max 15)
[PSYoungGen: 257333K->4379K(257536K)] 379705K->126823K(1043968K), 0.0112636 secs] [Times: user=0.01 sys=0.00, real=0.01 secs] 
24982.122: [GC (Allocation Failure) 
Desired survivor size 4718592 bytes, new threshold 15 (max 15)
[PSYoungGen: 257307K->4497K(257536K)] 379751K->127012K(1043968K), 0.0097094 secs] [Times: user=0.02 sys=0.00, real=0.01 secs] 
25000.718: [GC (Allocation Failure) 
Desired survivor size 5242880 bytes, new threshold 15 (max 15)
[PSYoungGen: 257425K->4465K(256512K)] 379940K->127060K(1042944K), 0.0107855 secs] [Times: user=0.02 sys=0.00, real=0.01 secs] 
25019.212: [GC (Allocation Failure) 
Desired survivor size 5242880 bytes, new threshold 15 (max 15)
[PSYoungGen: 256369K->4345K(257024K)] 378964K->127068K(1043456K), 0.0100345 secs] [Times: user=0.01 sys=0.00, real=0.01 secs] 
25037.722: [GC (Allocation Failure) 
Desired survivor size 4718592 bytes, new threshold 15 (max 15)
[PSYoungGen: 256249K->4345K(257536K)] 378972K->127148K(1043968K), 0.0096727 secs] [Times: user=0.01 sys=0.00, real=0.01 secs] 
25056.297: [GC (Allocation Failure) 
Desired survivor size 5242880 bytes, new threshold 15 (max 15)
[PSYoungGen: 256761K->4432K(257024K)] 379564K->127315K(1043456K), 0.0096951 secs] [Times: user=0.02 sys=0.00, real=0.01 secs] 
25074.796: [GC (Allocation Failure) 
Desired survivor size 5242880 bytes, new threshold 15 (max 15)
[PSYoungGen: 256848K->4448K(257024K)] 379731K->127435K(1043456K), 0.0101779 secs] [Times: user=0.02 sys=0.00, real=0.01 secs] 
25093.327: [GC (Allocation Failure) 
Desired survivor size 5242880 bytes, new threshold 15 (max 15)
[PSYoungGen: 256352K->4401K(257024K)] 379339K->127459K(1043456K), 0.0110929 secs] [Times: user=0.02 sys=0.00, real=0.02 secs] 
25111.837: [GC (Allocation Failure) 
Desired survivor size 5242880 bytes, new threshold 15 (max 15)
[PSYoungGen: 256305K->4486K(257024K)] 379363K->127625K(1043456K), 0.0098902 secs] [Times: user=0.02 sys=0.00, real=0.01 secs] 
25130.344: [GC (Allocation Failure) 
Desired survivor size 5242880 bytes, new threshold 15 (max 15)
[PSYoungGen: 256390K->4361K(257024K)] 379529K->127674K(1043456K), 0.0102711 secs] [Times: user=0.02 sys=0.00, real=0.01 secs] 
25148.913: [GC (Allocation Failure) 
Desired survivor size 5242880 bytes, new threshold 15 (max 15)
[PSYoungGen: 256265K->4269K(257024K)] 379578K->127755K(1043456K), 0.0098238 secs] [Times: user=0.01 sys=0.00, real=0.01 secs] 
25167.326: [GC (Allocation Failure) 
Desired survivor size 4718592 bytes, new threshold 15 (max 15)
[PSYoungGen: 256173K->4275K(257024K)] 379659K->127833K(1043456K), 0.0105750 secs] [Times: user=0.02 sys=0.00, real=0.01 secs] 
25185.918: [GC (Allocation Failure) 
Desired survivor size 4718592 bytes, new threshold 15 (max 15)
[PSYoungGen: 256179K->4305K(257536K)] 379737K->127992K(1043968K), 0.0110752 secs] [Times: user=0.01 sys=0.00, real=0.01 secs] 
25204.424: [GC (Allocation Failure) 
Desired survivor size 4718592 bytes, new threshold 15 (max 15)
[PSYoungGen: 257233K->4209K(257536K)] 380920K->127976K(1043968K), 0.0099313 secs] [Times: user=0.01 sys=0.00, real=0.01 secs] 
25222.968: [GC (Allocation Failure) 
Desired survivor size 4718592 bytes, new threshold 15 (max 15)
[PSYoungGen: 257137K->4468K(257536K)] 380904K->128307K(1043968K), 0.0107266 secs] [Times: user=0.02 sys=0.00, real=0.01 secs] 
25232.385: [GC (System.gc()) 
Desired survivor size 5242880 bytes, new threshold 15 (max 15)
[PSYoungGen: 134107K->3957K(257024K)] 257946K->127884K(1043456K), 0.0088049 secs] [Times: user=0.02 sys=0.00, real=0.01 secs] 
25232.393: [Full GC (System.gc()) [PSYoungGen: 3957K->0K(257024K)] [ParOldGen: 123927K->106599K(786432K)] 127884K->106599K(1043456K), [Metaspace: 91678K->91678K(1132544K)], 0.2781883 secs] [Times: user=0.41 sys=0.00, real=0.28 secs] 
25250.843: [GC (Allocation Failure) 
Desired survivor size 5242880 bytes, new threshold 15 (max 15)
[PSYoungGen: 252928K->3475K(257024K)] 359527K->110074K(1043456K), 0.0092087 secs] [Times: user=0.01 sys=0.00, real=0.01 secs] 
25269.339: [GC (Allocation Failure) 
Desired survivor size 5242880 bytes, new threshold 15 (max 15)
[PSYoungGen: 255379K->3587K(257024K)] 361978K->110186K(1043456K), 0.0096071 secs] [Times: user=0.02 sys=0.00, real=0.01 secs] 
25287.794: [GC (Allocation Failure) 
Desired survivor size 5242880 bytes, new threshold 15 (max 15)
[PSYoungGen: 255491K->3723K(257024K)] 362090K->110322K(1043456K), 0.0089849 secs] [Times: user=0.01 sys=0.00, real=0.01 secs] 
25306.307: [GC (Allocation Failure) 
Desired survivor size 5242880 bytes, new threshold 15 (max 15)
[PSYoungGen: 255627K->3786K(257024K)] 362226K->110386K(1043456K), 0.0113450 secs] [Times: user=0.01 sys=0.00, real=0.01 secs] 
25324.719: [GC (Allocation Failure) 
Desired survivor size 5242880 bytes, new threshold 15 (max 15)
[PSYoungGen: 255690K->3928K(257024K)] 362290K->110527K(1043456K), 0.0096477 secs] [Times: user=0.02 sys=0.00, real=0.01 secs] 
25343.219: [GC (Allocation Failure) 
Desired survivor size 5242880 bytes, new threshold 15 (max 15)
[PSYoungGen: 255832K->3960K(257024K)] 362431K->110559K(1043456K), 0.0107138 secs] [Times: user=0.01 sys=0.00, real=0.01 secs] 
25361.719: [GC (Allocation Failure) 
Desired survivor size 5242880 bytes, new threshold 15 (max 15)
[PSYoungGen: 255864K->3993K(257024K)] 362463K->110593K(1043456K), 0.0089603 secs] [Times: user=0.02 sys=0.00, real=0.00 secs] 
25380.221: [GC (Allocation Failure) 
Desired survivor size 4718592 bytes, new threshold 15 (max 15)
[PSYoungGen: 255897K->4089K(257024K)] 362497K->110688K(1043456K), 0.0096611 secs] [Times: user=0.01 sys=0.00, real=0.01 secs] 
25398.424: [GC (Allocation Failure) 
Desired survivor size 4718592 bytes, new threshold 15 (max 15)
[PSYoungGen: 255993K->4176K(257536K)] 362592K->110775K(1043968K), 0.0094146 secs] [Times: user=0.01 sys=0.00, real=0.01 secs] 
25417.094: [GC (Allocation Failure) 
Desired survivor size 5242880 bytes, new threshold 15 (max 15)
[PSYoungGen: 257104K->4249K(257536K)] 363703K->110849K(1043968K), 0.0103642 secs] [Times: user=0.02 sys=0.00, real=0.01 secs] 
25435.674: [GC (Allocation Failure) 
Desired survivor size 5242880 bytes, new threshold 15 (max 15)
[PSYoungGen: 257177K->4249K(256512K)] 363777K->110848K(1042944K), 0.0166620 secs] [Times: user=0.03 sys=0.00, real=0.02 secs] 
25454.170: [GC (Allocation Failure) 
Desired survivor size 5242880 bytes, new threshold 15 (max 15)
[PSYoungGen: 256153K->4329K(257024K)] 362752K->110928K(1043456K), 0.0101555 secs] [Times: user=0.02 sys=0.00, real=0.01 secs] 
25472.712: [GC (Allocation Failure) 
Desired survivor size 5242880 bytes, new threshold 15 (max 15)
[PSYoungGen: 256233K->4323K(257024K)] 362832K->110922K(1043456K), 0.0092350 secs] [Times: user=0.02 sys=0.00, real=0.01 secs] 
25491.218: [GC (Allocation Failure) 
Desired survivor size 5242880 bytes, new threshold 15 (max 15)
[PSYoungGen: 256227K->4339K(257024K)] 362826K->110938K(1043456K), 0.0091076 secs] [Times: user=0.02 sys=0.00, real=0.01 secs] 
25509.771: [GC (Allocation Failure) 
Desired survivor size 5242880 bytes, new threshold 15 (max 15)
[PSYoungGen: 256243K->4386K(257024K)] 362842K->110986K(1043456K), 0.0102192 secs] [Times: user=0.02 sys=0.00, real=0.01 secs] 
25528.089: [GC (Allocation Failure) 
Desired survivor size 5242880 bytes, new threshold 15 (max 15)
[PSYoungGen: 256290K->4110K(257024K)] 362890K->111275K(1043456K), 0.0122171 secs] [Times: user=0.02 sys=0.00, real=0.01 secs] 
25546.471: [GC (Allocation Failure) 
Desired survivor size 5242880 bytes, new threshold 15 (max 15)
[PSYoungGen: 256014K->4074K(257024K)] 363179K->111303K(1043456K), 0.0090127 secs] [Times: user=0.01 sys=0.00, real=0.01 secs] 
25564.969: [GC (Allocation Failure) 
Desired survivor size 5242880 bytes, new threshold 15 (max 15)
[PSYoungGen: 255978K->4025K(257024K)] 363207K->111310K(1043456K), 0.0089053 secs] [Times: user=0.02 sys=0.00, real=0.01 secs] 
25583.347: [GC (Allocation Failure) 
Desired survivor size 4718592 bytes, new threshold 15 (max 15)
[PSYoungGen: 255929K->4095K(257536K)] 363214K->111436K(1043968K), 0.0094857 secs] [Times: user=0.02 sys=0.00, real=0.01 secs] 
25601.968: [GC (Allocation Failure) 
Desired survivor size 4718592 bytes, new threshold 15 (max 15)
[PSYoungGen: 256511K->4099K(257024K)] 363852K->111590K(1043456K), 0.0090915 secs] [Times: user=0.02 sys=0.00, real=0.01 secs] 
25620.540: [GC (Allocation Failure) 
Desired survivor size 4718592 bytes, new threshold 15 (max 15)
[PSYoungGen: 256515K->4083K(257536K)] 364006K->111630K(1043968K), 0.0094034 secs] [Times: user=0.02 sys=0.00, real=0.01 secs] 
25639.167: [GC (Allocation Failure) 
Desired survivor size 4718592 bytes, new threshold 15 (max 15)
[PSYoungGen: 257011K->4130K(257536K)] 364558K->111733K(1043968K), 0.0089693 secs] [Times: user=0.02 sys=0.00, real=0.01 secs] 
25657.717: [GC (Allocation Failure) 
Desired survivor size 4718592 bytes, new threshold 15 (max 15)
[PSYoungGen: 257058K->4173K(257536K)] 364661K->111823K(1043968K), 0.0105221 secs] [Times: user=0.01 sys=0.00, real=0.01 secs] 
25676.296: [GC (Allocation Failure) 
Desired survivor size 4718592 bytes, new threshold 15 (max 15)
[PSYoungGen: 257101K->4109K(257536K)] 364751K->111840K(1043968K), 0.0098549 secs] [Times: user=0.01 sys=0.00, real=0.01 secs] 
25694.960: [GC (Allocation Failure) 
Desired survivor size 4718592 bytes, new threshold 15 (max 15)
[PSYoungGen: 257037K->4141K(257536K)] 364768K->111920K(1043968K), 0.0095033 secs] [Times: user=0.02 sys=0.00, real=0.00 secs] 
25713.469: [GC (Allocation Failure) 
Desired survivor size 4718592 bytes, new threshold 15 (max 15)
[PSYoungGen: 257069K->4174K(257536K)] 364848K->112008K(1043968K), 0.0093666 secs] [Times: user=0.02 sys=0.00, real=0.01 secs] 
25732.098: [GC (Allocation Failure) 
Desired survivor size 4718592 bytes, new threshold 15 (max 15)
[PSYoungGen: 257102K->4190K(257536K)] 364936K->112080K(1043968K), 0.0091990 secs] [Times: user=0.02 sys=0.00, real=0.01 secs] 
25750.670: [GC (Allocation Failure) 
Desired survivor size 4718592 bytes, new threshold 15 (max 15)
[PSYoungGen: 257118K->4270K(257536K)] 365008K->112216K(1043968K), 0.0100349 secs] [Times: user=0.02 sys=0.00, real=0.01 secs] 
25769.199: [GC (Allocation Failure) 
Desired survivor size 4718592 bytes, new threshold 15 (max 15)
[PSYoungGen: 257198K->4370K(257536K)] 365144K->112373K(1043968K), 0.0102534 secs] [Times: user=0.01 sys=0.00, real=0.01 secs] 
25787.718: [GC (Allocation Failure) 
Desired survivor size 4718592 bytes, new threshold 15 (max 15)
[PSYoungGen: 257298K->4297K(257536K)] 365301K->112355K(1043968K), 0.0103287 secs] [Times: user=0.02 sys=0.00, real=0.01 secs] 
25806.297: [GC (Allocation Failure) 
Desired survivor size 4718592 bytes, new threshold 15 (max 15)
[PSYoungGen: 257225K->4242K(257536K)] 365283K->112412K(1043968K), 0.0120226 secs] [Times: user=0.02 sys=0.00, real=0.01 secs] 
25824.794: [GC (Allocation Failure) 
Desired survivor size 4718592 bytes, new threshold 15 (max 15)
[PSYoungGen: 257170K->4376K(257536K)] 365340K->112719K(1043968K), 0.0106480 secs] [Times: user=0.02 sys=0.00, real=0.01 secs] 
25843.415: [GC (Allocation Failure) 
Desired survivor size 4718592 bytes, new threshold 15 (max 15)
[PSYoungGen: 257304K->4263K(257536K)] 365647K->112687K(1043968K), 0.0092857 secs] [Times: user=0.02 sys=0.00, real=0.01 secs] 
25862.043: [GC (Allocation Failure) 
Desired survivor size 4718592 bytes, new threshold 15 (max 15)
[PSYoungGen: 257191K->4191K(257536K)] 365615K->112741K(1043968K), 0.0096254 secs] [Times: user=0.02 sys=0.00, real=0.01 secs] 
25880.545: [GC (Allocation Failure) 
Desired survivor size 4718592 bytes, new threshold 15 (max 15)
[PSYoungGen: 257119K->4262K(257536K)] 365669K->112892K(1043968K), 0.0095958 secs] [Times: user=0.02 sys=0.01, real=0.01 secs] 
25899.040: [GC (Allocation Failure) 
Desired survivor size 4718592 bytes, new threshold 15 (max 15)
[PSYoungGen: 257190K->4158K(257536K)] 365820K->112868K(1043968K), 0.0094935 secs] [Times: user=0.01 sys=0.00, real=0.01 secs] 
25917.588: [GC (Allocation Failure) 
Desired survivor size 4718592 bytes, new threshold 15 (max 15)
[PSYoungGen: 257086K->4242K(257536K)] 365796K->113024K(1043968K), 0.0105144 secs] [Times: user=0.02 sys=0.00, real=0.01 secs] 
25936.216: [GC (Allocation Failure) 
Desired survivor size 4718592 bytes, new threshold 15 (max 15)
[PSYoungGen: 257170K->4280K(257536K)] 365952K->113134K(1043968K), 0.0099984 secs] [Times: user=0.01 sys=0.00, real=0.01 secs] 
25954.791: [GC (Allocation Failure) 
Desired survivor size 4718592 bytes, new threshold 15 (max 15)
[PSYoungGen: 257208K->4281K(257536K)] 366062K->113207K(1043968K), 0.0105167 secs] [Times: user=0.01 sys=0.01, real=0.01 secs] 
25973.344: [GC (Allocation Failure) 
Desired survivor size 4718592 bytes, new threshold 15 (max 15)
[PSYoungGen: 257209K->4281K(257536K)] 366135K->113287K(1043968K), 0.0098910 secs] [Times: user=0.02 sys=0.00, real=0.01 secs] 
25991.922: [GC (Allocation Failure) 
Desired survivor size 4718592 bytes, new threshold 15 (max 15)
[PSYoungGen: 257209K->4398K(257536K)] 366215K->113476K(1043968K), 0.0106227 secs] [Times: user=0.02 sys=0.00, real=0.01 secs] 
26010.220: [GC (Allocation Failure) 
Desired survivor size 4718592 bytes, new threshold 15 (max 15)
[PSYoungGen: 257326K->4391K(257536K)] 366404K->113541K(1043968K), 0.0100367 secs] [Times: user=0.01 sys=0.00, real=0.01 secs] 
26028.721: [GC (Allocation Failure) 
Desired survivor size 4718592 bytes, new threshold 15 (max 15)
[PSYoungGen: 257319K->4390K(257536K)] 366469K->113620K(1043968K), 0.0104266 secs] [Times: user=0.01 sys=0.00, real=0.01 secs] 
26047.352: [GC (Allocation Failure) 
Desired survivor size 4718592 bytes, new threshold 15 (max 15)
[PSYoungGen: 257318K->4369K(257536K)] 366548K->113717K(1043968K), 0.0111646 secs] [Times: user=0.02 sys=0.00, real=0.02 secs] 
26065.915: [GC (Allocation Failure) 
Desired survivor size 4718592 bytes, new threshold 15 (max 15)
[PSYoungGen: 257297K->4286K(257536K)] 366645K->113754K(1043968K), 0.0116685 secs] [Times: user=0.02 sys=0.00, real=0.02 secs] 
26084.425: [GC (Allocation Failure) 
Desired survivor size 4718592 bytes, new threshold 15 (max 15)
[PSYoungGen: 257214K->4373K(257536K)] 366682K->113921K(1043968K), 0.0101135 secs] [Times: user=0.02 sys=0.00, real=0.01 secs] 
26102.965: [GC (Allocation Failure) 
Desired survivor size 4718592 bytes, new threshold 15 (max 15)
[PSYoungGen: 257301K->4395K(257536K)] 366849K->114015K(1043968K), 0.0105318 secs] [Times: user=0.02 sys=0.00, real=0.01 secs] 
26121.421: [GC (Allocation Failure) 
Desired survivor size 5242880 bytes, new threshold 14 (max 15)
[PSYoungGen: 257323K->4579K(257536K)] 366943K->114334K(1043968K), 0.0163549 secs] [Times: user=0.02 sys=0.00, real=0.02 secs] 
26139.915: [GC (Allocation Failure) 
Desired survivor size 5242880 bytes, new threshold 15 (max 15)
[PSYoungGen: 257507K->4570K(256512K)] 367262K->114524K(1042944K), 0.0099409 secs] [Times: user=0.02 sys=0.00, real=0.01 secs] 
26158.339: [GC (Allocation Failure) 
Desired survivor size 5242880 bytes, new threshold 15 (max 15)
[PSYoungGen: 256474K->4601K(257024K)] 366428K->114555K(1043456K), 0.0093593 secs] [Times: user=0.01 sys=0.00, real=0.01 secs] 
26176.826: [GC (Allocation Failure) 
Desired survivor size 5242880 bytes, new threshold 15 (max 15)
[PSYoungGen: 256505K->4586K(257024K)] 366459K->114612K(1043456K), 0.0107123 secs] [Times: user=0.02 sys=0.00, real=0.01 secs] 
26195.301: [GC (Allocation Failure) 
Desired survivor size 5242880 bytes, new threshold 15 (max 15)
[PSYoungGen: 256490K->4554K(257024K)] 366516K->114660K(1043456K), 0.0093176 secs] [Times: user=0.02 sys=0.00, real=0.01 secs] 
26213.840: [GC (Allocation Failure) 
Desired survivor size 5242880 bytes, new threshold 15 (max 15)
[PSYoungGen: 256458K->4507K(257024K)] 366564K->114732K(1043456K), 0.0102611 secs] [Times: user=0.02 sys=0.00, real=0.01 secs] 
26232.380: [GC (Allocation Failure) 
Desired survivor size 5242880 bytes, new threshold 15 (max 15)
[PSYoungGen: 256411K->4604K(257024K)] 366636K->114901K(1043456K), 0.0100038 secs] [Times: user=0.02 sys=0.00, real=0.01 secs] 
26250.848: [GC (Allocation Failure) 
Desired survivor size 5242880 bytes, new threshold 15 (max 15)
[PSYoungGen: 256508K->4428K(257024K)] 366805K->114797K(1043456K), 0.0099785 secs] [Times: user=0.02 sys=0.00, real=0.01 secs] 
26269.386: [GC (Allocation Failure) 
Desired survivor size 5242880 bytes, new threshold 15 (max 15)
[PSYoungGen: 256332K->4619K(257024K)] 366701K->115069K(1043456K), 0.0099795 secs] [Times: user=0.02 sys=0.00, real=0.01 secs] 
26287.920: [GC (Allocation Failure) 
Desired survivor size 5242880 bytes, new threshold 15 (max 15)
[PSYoungGen: 256523K->4439K(257024K)] 366973K->115039K(1043456K), 0.0112724 secs] [Times: user=0.02 sys=0.00, real=0.01 secs] 
26306.392: [GC (Allocation Failure) 
Desired survivor size 5242880 bytes, new threshold 15 (max 15)
[PSYoungGen: 256343K->4431K(257024K)] 366943K->115158K(1043456K), 0.0099709 secs] [Times: user=0.02 sys=0.00, real=0.01 secs] 
26324.921: [GC (Allocation Failure) 
Desired survivor size 5242880 bytes, new threshold 15 (max 15)
[PSYoungGen: 256335K->4374K(257024K)] 367062K->115181K(1043456K), 0.0096268 secs] [Times: user=0.01 sys=0.00, real=0.01 secs] 
26343.399: [GC (Allocation Failure) 
Desired survivor size 5242880 bytes, new threshold 15 (max 15)
[PSYoungGen: 256278K->4519K(257024K)] 367085K->115398K(1043456K), 0.0096143 secs] [Times: user=0.01 sys=0.00, real=0.01 secs] 
26361.796: [GC (Allocation Failure) 
Desired survivor size 5242880 bytes, new threshold 15 (max 15)
[PSYoungGen: 256423K->4363K(257024K)] 367302K->115369K(1043456K), 0.0095339 secs] [Times: user=0.01 sys=0.00, real=0.01 secs] 
26380.340: [GC (Allocation Failure) 
Desired survivor size 5242880 bytes, new threshold 15 (max 15)
[PSYoungGen: 256267K->4427K(257024K)] 367273K->115552K(1043456K), 0.0096943 secs] [Times: user=0.01 sys=0.00, real=0.01 secs] 
26398.828: [GC (Allocation Failure) 
Desired survivor size 5242880 bytes, new threshold 15 (max 15)
[PSYoungGen: 256331K->4350K(257024K)] 367456K->115610K(1043456K), 0.0094195 secs] [Times: user=0.02 sys=0.00, real=0.01 secs] 
26417.291: [GC (Allocation Failure) 
Desired survivor size 5242880 bytes, new threshold 15 (max 15)
[PSYoungGen: 256254K->4458K(257024K)] 367514K->115844K(1043456K), 0.0104591 secs] [Times: user=0.02 sys=0.00, real=0.01 secs] 
26435.594: [GC (Allocation Failure) 
Desired survivor size 5242880 bytes, new threshold 15 (max 15)
[PSYoungGen: 256362K->4378K(257024K)] 367748K->115844K(1043456K), 0.0096146 secs] [Times: user=0.01 sys=0.00, real=0.01 secs] 
26453.968: [GC (Allocation Failure) 
Desired survivor size 5242880 bytes, new threshold 15 (max 15)
[PSYoungGen: 256282K->4464K(257024K)] 367748K->116010K(1043456K), 0.0115681 secs] [Times: user=0.01 sys=0.00, real=0.01 secs] 
26472.466: [GC (Allocation Failure) 
Desired survivor size 5242880 bytes, new threshold 15 (max 15)
[PSYoungGen: 256368K->4377K(257024K)] 367914K->116042K(1043456K), 0.0110774 secs] [Times: user=0.01 sys=0.00, real=0.01 secs] 
26490.827: [GC (Allocation Failure) 
Desired survivor size 5242880 bytes, new threshold 15 (max 15)
[PSYoungGen: 256281K->4422K(257024K)] 367946K->116159K(1043456K), 0.0111527 secs] [Times: user=0.02 sys=0.00, real=0.01 secs] 
26509.345: [GC (Allocation Failure) 
Desired survivor size 5242880 bytes, new threshold 15 (max 15)
[PSYoungGen: 256326K->4454K(257024K)] 368063K->116263K(1043456K), 0.0091218 secs] [Times: user=0.02 sys=0.00, real=0.01 secs] 
26527.791: [GC (Allocation Failure) 
Desired survivor size 4718592 bytes, new threshold 15 (max 15)
[PSYoungGen: 256358K->4411K(257024K)] 368167K->116292K(1043456K), 0.0095530 secs] [Times: user=0.01 sys=0.00, real=0.01 secs] 
26546.297: [GC (Allocation Failure) 
Desired survivor size 4718592 bytes, new threshold 15 (max 15)
[PSYoungGen: 256315K->4379K(257536K)] 368196K->116340K(1043968K), 0.0115826 secs] [Times: user=0.02 sys=0.00, real=0.01 secs] 
26564.843: [GC (Allocation Failure) 
Desired survivor size 4718592 bytes, new threshold 15 (max 15)
[PSYoungGen: 257307K->4443K(257536K)] 369268K->116476K(1043968K), 0.0101302 secs] [Times: user=0.01 sys=0.00, real=0.01 secs] 
26583.424: [GC (Allocation Failure) 
Desired survivor size 4718592 bytes, new threshold 15 (max 15)
[PSYoungGen: 257371K->4422K(257536K)] 369404K->116527K(1043968K), 0.0096031 secs] [Times: user=0.01 sys=0.00, real=0.01 secs] 
26601.974: [GC (Allocation Failure) 
Desired survivor size 4718592 bytes, new threshold 15 (max 15)
[PSYoungGen: 257350K->4416K(257536K)] 369455K->116648K(1043968K), 0.0090735 secs] [Times: user=0.01 sys=0.00, real=0.01 secs] 
26620.293: [GC (Allocation Failure) 
Desired survivor size 4718592 bytes, new threshold 15 (max 15)
[PSYoungGen: 257344K->4540K(257536K)] 369576K->116852K(1043968K), 0.0103480 secs] [Times: user=0.02 sys=0.00, real=0.01 secs] 
26638.847: [GC (Allocation Failure) 
Desired survivor size 4718592 bytes, new threshold 15 (max 15)
[PSYoungGen: 257468K->4470K(257536K)] 369780K->116900K(1043968K), 0.0093159 secs] [Times: user=0.01 sys=0.00, real=0.01 secs] 
26657.345: [GC (Allocation Failure) 
Desired survivor size 4718592 bytes, new threshold 15 (max 15)
[PSYoungGen: 257398K->4513K(257536K)] 369828K->117070K(1043968K), 0.0096977 secs] [Times: user=0.02 sys=0.00, real=0.01 secs] 
26675.967: [GC (Allocation Failure) 
Desired survivor size 5242880 bytes, new threshold 15 (max 15)
[PSYoungGen: 257441K->4577K(257536K)] 369998K->117214K(1043968K), 0.0101819 secs] [Times: user=0.02 sys=0.00, real=0.01 secs] 
26694.470: [GC (Allocation Failure) 
Desired survivor size 5242880 bytes, new threshold 14 (max 15)
[PSYoungGen: 257505K->4594K(256512K)] 370142K->117312K(1042944K), 0.0093884 secs] [Times: user=0.02 sys=0.00, real=0.01 secs] 
26712.961: [GC (Allocation Failure) 
Desired survivor size 5242880 bytes, new threshold 15 (max 15)
[PSYoungGen: 256498K->4554K(257024K)] 369216K->117451K(1043456K), 0.0096188 secs] [Times: user=0.01 sys=0.00, real=0.01 secs] 
26731.294: [GC (Allocation Failure) 
Desired survivor size 5242880 bytes, new threshold 15 (max 15)
[PSYoungGen: 256458K->4754K(257024K)] 369355K->117651K(1043456K), 0.0124838 secs] [Times: user=0.01 sys=0.00, real=0.01 secs] 
26749.720: [GC (Allocation Failure) 
Desired survivor size 5242880 bytes, new threshold 15 (max 15)
[PSYoungGen: 256658K->4722K(257024K)] 369555K->117691K(1043456K), 0.0109375 secs] [Times: user=0.01 sys=0.00, real=0.01 secs] 
26768.214: [GC (Allocation Failure) 
Desired survivor size 5242880 bytes, new threshold 15 (max 15)
[PSYoungGen: 256626K->4531K(257024K)] 369595K->117674K(1043456K), 0.0114175 secs] [Times: user=0.02 sys=0.00, real=0.01 secs] 
26786.671: [GC (Allocation Failure) 
Desired survivor size 5242880 bytes, new threshold 15 (max 15)
[PSYoungGen: 256435K->4527K(257024K)] 369578K->117742K(1043456K), 0.0096806 secs] [Times: user=0.02 sys=0.00, real=0.01 secs] 
26805.220: [GC (Allocation Failure) 
Desired survivor size 5242880 bytes, new threshold 15 (max 15)
[PSYoungGen: 256431K->4424K(257024K)] 369646K->117766K(1043456K), 0.0094964 secs] [Times: user=0.02 sys=0.00, real=0.01 secs] 
26823.721: [GC (Allocation Failure) 
Desired survivor size 5242880 bytes, new threshold 15 (max 15)
[PSYoungGen: 256328K->4385K(257024K)] 369670K->117799K(1043456K), 0.0099959 secs] [Times: user=0.01 sys=0.00, real=0.01 secs] 
26842.222: [GC (Allocation Failure) 
Desired survivor size 5242880 bytes, new threshold 15 (max 15)
[PSYoungGen: 256289K->4384K(257024K)] 369703K->117870K(1043456K), 0.0097880 secs] [Times: user=0.01 sys=0.00, real=0.01 secs] 
26860.723: [GC (Allocation Failure) 
Desired survivor size 5242880 bytes, new threshold 15 (max 15)
[PSYoungGen: 256288K->4416K(257024K)] 369774K->117974K(1043456K), 0.0124228 secs] [Times: user=0.02 sys=0.00, real=0.01 secs] 
26879.219: [GC (Allocation Failure) 
Desired survivor size 5242880 bytes, new threshold 15 (max 15)
[PSYoungGen: 256320K->4353K(257024K)] 369878K->118047K(1043456K), 0.0104416 secs] [Times: user=0.01 sys=0.00, real=0.01 secs] 
26897.671: [GC (Allocation Failure) 
Desired survivor size 5242880 bytes, new threshold 15 (max 15)
[PSYoungGen: 256257K->4342K(257024K)] 369951K->118141K(1043456K), 0.0113661 secs] [Times: user=0.02 sys=0.00, real=0.02 secs] 
26916.172: [GC (Allocation Failure) 
Desired survivor size 5242880 bytes, new threshold 15 (max 15)
[PSYoungGen: 256246K->4386K(257024K)] 370045K->118257K(1043456K), 0.0095503 secs] [Times: user=0.02 sys=0.00, real=0.01 secs] 
26934.595: [GC (Allocation Failure) 
Desired survivor size 5242880 bytes, new threshold 15 (max 15)
[PSYoungGen: 256290K->4365K(257024K)] 370161K->118417K(1043456K), 0.0094597 secs] [Times: user=0.02 sys=0.00, real=0.01 secs] 
26953.173: [GC (Allocation Failure) 
Desired survivor size 5242880 bytes, new threshold 15 (max 15)
[PSYoungGen: 256269K->4429K(257024K)] 370321K->118561K(1043456K), 0.0097796 secs] [Times: user=0.02 sys=0.00, real=0.01 secs] 
26971.669: [GC (Allocation Failure) 
Desired survivor size 5242880 bytes, new threshold 15 (max 15)
[PSYoungGen: 256333K->4342K(257024K)] 370465K->118602K(1043456K), 0.0091850 secs] [Times: user=0.02 sys=0.00, real=0.01 secs] 
26990.170: [GC (Allocation Failure) 
Desired survivor size 5242880 bytes, new threshold 15 (max 15)
[PSYoungGen: 256246K->4327K(257024K)] 370506K->118658K(1043456K), 0.0099745 secs] [Times: user=0.02 sys=0.00, real=0.01 secs] 
27008.664: [GC (Allocation Failure) 
Desired survivor size 5242880 bytes, new threshold 15 (max 15)
[PSYoungGen: 256231K->4288K(257024K)] 370562K->118746K(1043456K), 0.0098080 secs] [Times: user=0.02 sys=0.00, real=0.01 secs] 
27027.052: [GC (Allocation Failure) 
Desired survivor size 5242880 bytes, new threshold 15 (max 15)
[PSYoungGen: 256192K->4529K(257024K)] 370650K->119059K(1043456K), 0.0096393 secs] [Times: user=0.01 sys=0.00, real=0.01 secs] 
27045.593: [GC (Allocation Failure) 
Desired survivor size 5242880 bytes, new threshold 15 (max 15)
[PSYoungGen: 256433K->4379K(257024K)] 370963K->119044K(1043456K), 0.0109647 secs] [Times: user=0.02 sys=0.00, real=0.01 secs] 
27064.042: [GC (Allocation Failure) 
Desired survivor size 5242880 bytes, new threshold 15 (max 15)
[PSYoungGen: 256283K->4399K(257024K)] 370948K->119144K(1043456K), 0.0100144 secs] [Times: user=0.02 sys=0.00, real=0.01 secs] 
27082.423: [GC (Allocation Failure) 
Desired survivor size 5242880 bytes, new threshold 15 (max 15)
[PSYoungGen: 256303K->4461K(257024K)] 371048K->119277K(1043456K), 0.0099661 secs] [Times: user=0.01 sys=0.00, real=0.01 secs] 
27100.834: [GC (Allocation Failure) 
Desired survivor size 5242880 bytes, new threshold 15 (max 15)
[PSYoungGen: 256365K->4485K(257024K)] 371181K->119382K(1043456K), 0.0142647 secs] [Times: user=0.03 sys=0.00, real=0.01 secs] 
27119.295: [GC (Allocation Failure) 
Desired survivor size 5242880 bytes, new threshold 15 (max 15)
[PSYoungGen: 256389K->4456K(257024K)] 371286K->119480K(1043456K), 0.0091247 secs] [Times: user=0.01 sys=0.00, real=0.01 secs] 
27137.796: [GC (Allocation Failure) 
Desired survivor size 5242880 bytes, new threshold 15 (max 15)
[PSYoungGen: 256360K->4380K(257024K)] 371384K->119484K(1043456K), 0.0097492 secs] [Times: user=0.02 sys=0.00, real=0.01 secs] 
27156.346: [GC (Allocation Failure) 
Desired survivor size 5242880 bytes, new threshold 15 (max 15)
[PSYoungGen: 256284K->4449K(257024K)] 371388K->119625K(1043456K), 0.0096437 secs] [Times: user=0.01 sys=0.00, real=0.01 secs] 
27174.918: [GC (Allocation Failure) 
Desired survivor size 4718592 bytes, new threshold 15 (max 15)
[PSYoungGen: 256353K->4342K(257536K)] 371529K->119636K(1043968K), 0.0098433 secs] [Times: user=0.02 sys=0.00, real=0.01 secs] 
27193.421: [GC (Allocation Failure) 
Desired survivor size 5242880 bytes, new threshold 15 (max 15)
[PSYoungGen: 256758K->4271K(257024K)] 372052K->119692K(1043456K), 0.0100066 secs] [Times: user=0.02 sys=0.00, real=0.01 secs] 
27211.922: [GC (Allocation Failure) 
Desired survivor size 4718592 bytes, new threshold 15 (max 15)
[PSYoungGen: 256687K->4335K(257536K)] 372108K->119836K(1043968K), 0.0098491 secs] [Times: user=0.02 sys=0.00, real=0.01 secs] 
27230.463: [GC (Allocation Failure) 
Desired survivor size 4718592 bytes, new threshold 15 (max 15)
[PSYoungGen: 256751K->4367K(257024K)] 372252K->119940K(1043456K), 0.0094760 secs] [Times: user=0.01 sys=0.00, real=0.01 secs] 
27248.797: [GC (Allocation Failure) 
Desired survivor size 4718592 bytes, new threshold 15 (max 15)
[PSYoungGen: 256783K->4303K(257536K)] 372356K->119949K(1043968K), 0.0115153 secs] [Times: user=0.02 sys=0.00, real=0.01 secs] 
27267.415: [GC (Allocation Failure) 
Desired survivor size 4718592 bytes, new threshold 15 (max 15)
[PSYoungGen: 257231K->4345K(257536K)] 372877K->120117K(1043968K), 0.0097120 secs] [Times: user=0.02 sys=0.00, real=0.01 secs] 
27285.969: [GC (Allocation Failure) 
Desired survivor size 4718592 bytes, new threshold 15 (max 15)
[PSYoungGen: 257273K->4329K(257536K)] 373045K->120173K(1043968K), 0.0101740 secs] [Times: user=0.01 sys=0.00, real=0.01 secs] 
27304.423: [GC (Allocation Failure) 
Desired survivor size 4718592 bytes, new threshold 15 (max 15)
[PSYoungGen: 257257K->4364K(257536K)] 373101K->120280K(1043968K), 0.0098807 secs] [Times: user=0.02 sys=0.00, real=0.01 secs] 
27322.844: [GC (Allocation Failure) 
Desired survivor size 5242880 bytes, new threshold 14 (max 15)
[PSYoungGen: 257292K->4595K(256512K)] 373208K->120616K(1042944K), 0.0095938 secs] [Times: user=0.02 sys=0.00, real=0.01 secs] 
27341.290: [GC (Allocation Failure) 
Desired survivor size 5242880 bytes, new threshold 15 (max 15)
[PSYoungGen: 256499K->4381K(257024K)] 372520K->120646K(1043456K), 0.0097674 secs] [Times: user=0.02 sys=0.00, real=0.01 secs] 
27359.714: [GC (Allocation Failure) 
Desired survivor size 5242880 bytes, new threshold 15 (max 15)
[PSYoungGen: 256285K->4460K(257024K)] 372550K->120726K(1043456K), 0.0096526 secs] [Times: user=0.01 sys=0.00, real=0.01 secs] 
27378.150: [GC (Allocation Failure) 
Desired survivor size 5242880 bytes, new threshold 15 (max 15)
[PSYoungGen: 256364K->4443K(257024K)] 372630K->120781K(1043456K), 0.0108230 secs] [Times: user=0.02 sys=0.00, real=0.01 secs] 
27396.671: [GC (Allocation Failure) 
Desired survivor size 5242880 bytes, new threshold 15 (max 15)
[PSYoungGen: 256347K->4455K(257024K)] 372685K->120966K(1043456K), 0.0105537 secs] [Times: user=0.01 sys=0.00, real=0.01 secs] 
27415.171: [GC (Allocation Failure) 
Desired survivor size 5242880 bytes, new threshold 15 (max 15)
[PSYoungGen: 256359K->4324K(257024K)] 372870K->120915K(1043456K), 0.0096910 secs] [Times: user=0.02 sys=0.00, real=0.01 secs] 
27433.672: [GC (Allocation Failure) 
Desired survivor size 4718592 bytes, new threshold 15 (max 15)
[PSYoungGen: 256228K->4349K(257536K)] 372819K->121012K(1043968K), 0.0102597 secs] [Times: user=0.02 sys=0.00, real=0.01 secs] 
27452.092: [GC (Allocation Failure) 
Desired survivor size 4718592 bytes, new threshold 15 (max 15)
[PSYoungGen: 256765K->4374K(257024K)] 373428K->121117K(1043456K), 0.0096060 secs] [Times: user=0.02 sys=0.00, real=0.01 secs] 
27470.591: [GC (Allocation Failure) 
Desired survivor size 4718592 bytes, new threshold 15 (max 15)
[PSYoungGen: 256790K->4498K(257536K)] 373533K->121314K(1043968K), 0.0097485 secs] [Times: user=0.02 sys=0.00, real=0.01 secs] 
27489.171: [GC (Allocation Failure) 
Desired survivor size 5242880 bytes, new threshold 15 (max 15)
[PSYoungGen: 257426K->4546K(257536K)] 374242K->121442K(1043968K), 0.0122426 secs] [Times: user=0.01 sys=0.00, real=0.02 secs] 
27507.723: [GC (Allocation Failure) 
Desired survivor size 5242880 bytes, new threshold 15 (max 15)
[PSYoungGen: 257474K->4451K(256512K)] 374370K->121426K(1042944K), 0.0096860 secs] [Times: user=0.01 sys=0.00, real=0.01 secs] 
27526.299: [GC (Allocation Failure) 
Desired survivor size 5242880 bytes, new threshold 15 (max 15)
[PSYoungGen: 256355K->4466K(257024K)] 373330K->121545K(1043456K), 0.0119312 secs] [Times: user=0.02 sys=0.00, real=0.01 secs] 
27544.790: [GC (Allocation Failure) 
Desired survivor size 5242880 bytes, new threshold 15 (max 15)
[PSYoungGen: 256370K->4514K(257024K)] 373449K->121666K(1043456K), 0.0097933 secs] [Times: user=0.02 sys=0.00, real=0.01 secs] 
27563.295: [GC (Allocation Failure) 
Desired survivor size 5242880 bytes, new threshold 15 (max 15)
[PSYoungGen: 256418K->4482K(257024K)] 373570K->121713K(1043456K), 0.0114784 secs] [Times: user=0.02 sys=0.00, real=0.01 secs] 
27581.795: [GC (Allocation Failure) 
Desired survivor size 5242880 bytes, new threshold 15 (max 15)
[PSYoungGen: 256386K->4417K(257024K)] 373617K->121729K(1043456K), 0.0102957 secs] [Times: user=0.01 sys=0.00, real=0.01 secs] 
27600.290: [GC (Allocation Failure) 
Desired survivor size 4718592 bytes, new threshold 15 (max 15)
[PSYoungGen: 256321K->4421K(257024K)] 373633K->121859K(1043456K), 0.0097767 secs] [Times: user=0.01 sys=0.00, real=0.01 secs] 
27618.693: [GC (Allocation Failure) 
Desired survivor size 5242880 bytes, new threshold 15 (max 15)
[PSYoungGen: 256325K->4535K(256512K)] 373763K->122100K(1042944K), 0.0123179 secs] [Times: user=0.02 sys=0.00, real=0.01 secs] 
27637.170: [GC (Allocation Failure) 
Desired survivor size 4718592 bytes, new threshold 15 (max 15)
[PSYoungGen: 256439K->4440K(257024K)] 374004K->122093K(1043456K), 0.0132256 secs] [Times: user=0.02 sys=0.00, real=0.01 secs] 
27655.711: [GC (Allocation Failure) 
Desired survivor size 4718592 bytes, new threshold 15 (max 15)
[PSYoungGen: 256344K->4345K(257536K)] 373997K->122117K(1043968K), 0.0149400 secs] [Times: user=0.02 sys=0.00, real=0.01 secs] 
27674.296: [GC (Allocation Failure) 
Desired survivor size 4718592 bytes, new threshold 15 (max 15)
[PSYoungGen: 257273K->4394K(257536K)] 375045K->122238K(1043968K), 0.0095481 secs] [Times: user=0.01 sys=0.00, real=0.01 secs] 
27692.846: [GC (Allocation Failure) 
Desired survivor size 4718592 bytes, new threshold 15 (max 15)
[PSYoungGen: 257322K->4320K(257536K)] 375166K->122236K(1043968K), 0.0103654 secs] [Times: user=0.02 sys=0.00, real=0.01 secs] 
27711.462: [GC (Allocation Failure) 
Desired survivor size 4718592 bytes, new threshold 15 (max 15)
[PSYoungGen: 257248K->4399K(257536K)] 375164K->122395K(1043968K), 0.0104644 secs] [Times: user=0.02 sys=0.00, real=0.01 secs] 
27730.078: [GC (Allocation Failure) 
Desired survivor size 4718592 bytes, new threshold 15 (max 15)
[PSYoungGen: 257327K->4400K(257536K)] 375323K->122476K(1043968K), 0.0103799 secs] [Times: user=0.02 sys=0.00, real=0.01 secs] 
27748.594: [GC (Allocation Failure) 
Desired survivor size 4718592 bytes, new threshold 15 (max 15)
[PSYoungGen: 257328K->4313K(257536K)] 375404K->122562K(1043968K), 0.0094853 secs] [Times: user=0.02 sys=0.00, real=0.01 secs] 
27767.171: [GC (Allocation Failure) 
Desired survivor size 4718592 bytes, new threshold 15 (max 15)
[PSYoungGen: 257241K->4248K(257536K)] 375490K->122578K(1043968K), 0.0110826 secs] [Times: user=0.02 sys=0.00, real=0.01 secs] 
27785.724: [GC (Allocation Failure) 
Desired survivor size 4718592 bytes, new threshold 15 (max 15)
[PSYoungGen: 257176K->4258K(257536K)] 375506K->122714K(1043968K), 0.0160254 secs] [Times: user=0.03 sys=0.00, real=0.02 secs] 
27804.342: [GC (Allocation Failure) 
Desired survivor size 4718592 bytes, new threshold 15 (max 15)
[PSYoungGen: 257186K->4291K(257536K)] 375642K->122827K(1043968K), 0.0100701 secs] [Times: user=0.01 sys=0.00, real=0.01 secs] 
27822.918: [GC (Allocation Failure) 
Desired survivor size 4718592 bytes, new threshold 15 (max 15)
[PSYoungGen: 257219K->4355K(257536K)] 375755K->122963K(1043968K), 0.0099099 secs] [Times: user=0.02 sys=0.00, real=0.01 secs] 
27841.215: [GC (Allocation Failure) 
Desired survivor size 4718592 bytes, new threshold 15 (max 15)
[PSYoungGen: 257283K->4329K(257536K)] 375891K->123009K(1043968K), 0.0118448 secs] [Times: user=0.02 sys=0.00, real=0.02 secs] 
27859.720: [GC (Allocation Failure) 
Desired survivor size 4718592 bytes, new threshold 15 (max 15)
[PSYoungGen: 257257K->4304K(257536K)] 375937K->123103K(1043968K), 0.0096938 secs] [Times: user=0.01 sys=0.00, real=0.01 secs] 
27878.294: [GC (Allocation Failure) 
Desired survivor size 4718592 bytes, new threshold 15 (max 15)
[PSYoungGen: 257232K->4335K(257536K)] 376031K->123215K(1043968K), 0.0097895 secs] [Times: user=0.02 sys=0.00, real=0.01 secs] 
27896.869: [GC (Allocation Failure) 
Desired survivor size 4718592 bytes, new threshold 15 (max 15)
[PSYoungGen: 257263K->4318K(257536K)] 376143K->123324K(1043968K), 0.0098837 secs] [Times: user=0.02 sys=0.00, real=0.01 secs] 
27915.424: [GC (Allocation Failure) 
Desired survivor size 4718592 bytes, new threshold 15 (max 15)
[PSYoungGen: 257246K->4454K(257536K)] 376252K->123532K(1043968K), 0.0104018 secs] [Times: user=0.02 sys=0.00, real=0.01 secs] 
27933.928: [GC (Allocation Failure) 
Desired survivor size 4718592 bytes, new threshold 15 (max 15)
[PSYoungGen: 257382K->4471K(257536K)] 376460K->123629K(1043968K), 0.0104851 secs] [Times: user=0.02 sys=0.00, real=0.01 secs] 
27952.420: [GC (Allocation Failure) 
Desired survivor size 4718592 bytes, new threshold 15 (max 15)
[PSYoungGen: 257399K->4514K(257536K)] 376557K->123744K(1043968K), 0.0098468 secs] [Times: user=0.02 sys=0.00, real=0.01 secs] 
27970.940: [GC (Allocation Failure) 
Desired survivor size 5242880 bytes, new threshold 15 (max 15)
[PSYoungGen: 257442K->4589K(257536K)] 376672K->123937K(1043968K), 0.0107857 secs] [Times: user=0.02 sys=0.00, real=0.01 secs] 
27989.539: [GC (Allocation Failure) 
Desired survivor size 5242880 bytes, new threshold 15 (max 15)
[PSYoungGen: 257517K->4486K(256512K)] 376865K->123906K(1042944K), 0.0100536 secs] [Times: user=0.02 sys=0.00, real=0.01 secs] 
28007.944: [GC (Allocation Failure) 
Desired survivor size 5242880 bytes, new threshold 15 (max 15)
[PSYoungGen: 256390K->4536K(257024K)] 375810K->124029K(1043456K), 0.0109168 secs] [Times: user=0.02 sys=0.00, real=0.01 secs] 
28026.541: [GC (Allocation Failure) 
Desired survivor size 5242880 bytes, new threshold 15 (max 15)
[PSYoungGen: 256440K->4382K(257024K)] 375933K->124002K(1043456K), 0.0101531 secs] [Times: user=0.02 sys=0.00, real=0.01 secs] 
28044.969: [GC (Allocation Failure) 
Desired survivor size 5242880 bytes, new threshold 15 (max 15)
[PSYoungGen: 256286K->4288K(257024K)] 375906K->123980K(1043456K), 0.0101119 secs] [Times: user=0.02 sys=0.00, real=0.01 secs] 
28063.587: [GC (Allocation Failure) 
Desired survivor size 5242880 bytes, new threshold 15 (max 15)
[PSYoungGen: 256192K->4345K(257024K)] 375884K->124164K(1043456K), 0.0111426 secs] [Times: user=0.02 sys=0.00, real=0.01 secs] 
28082.092: [GC (Allocation Failure) 
Desired survivor size 5242880 bytes, new threshold 15 (max 15)
[PSYoungGen: 256249K->4377K(257024K)] 376068K->124268K(1043456K), 0.0102164 secs] [Times: user=0.02 sys=0.00, real=0.01 secs] 
28100.668: [GC (Allocation Failure) 
Desired survivor size 4718592 bytes, new threshold 15 (max 15)
[PSYoungGen: 256281K->4377K(257536K)] 376172K->124339K(1043968K), 0.0114568 secs] [Times: user=0.02 sys=0.00, real=0.01 secs] 
28119.191: [GC (Allocation Failure) 
Desired survivor size 4718592 bytes, new threshold 15 (max 15)
[PSYoungGen: 256793K->4361K(257024K)] 376755K->124428K(1043456K), 0.0109886 secs] [Times: user=0.02 sys=0.00, real=0.01 secs] 
28137.714: [GC (Allocation Failure) 
Desired survivor size 4718592 bytes, new threshold 15 (max 15)
[PSYoungGen: 256777K->4306K(257536K)] 376844K->124492K(1043968K), 0.0119312 secs] [Times: user=0.02 sys=0.00, real=0.01 secs] 
28156.308: [GC (Allocation Failure) 
Desired survivor size 4718592 bytes, new threshold 15 (max 15)
[PSYoungGen: 257234K->4323K(257536K)] 377420K->124589K(1043968K), 0.0109604 secs] [Times: user=0.01 sys=0.00, real=0.01 secs] 
28174.844: [GC (Allocation Failure) 
Desired survivor size 4718592 bytes, new threshold 15 (max 15)
[PSYoungGen: 257251K->4226K(257536K)] 377517K->124610K(1043968K), 0.0094287 secs] [Times: user=0.01 sys=0.00, real=0.01 secs] 
28193.463: [GC (Allocation Failure) 
Desired survivor size 4718592 bytes, new threshold 15 (max 15)
[PSYoungGen: 257154K->4220K(257536K)] 377538K->124730K(1043968K), 0.0094367 secs] [Times: user=0.01 sys=0.00, real=0.01 secs] 
28212.094: [GC (Allocation Failure) 
Desired survivor size 4718592 bytes, new threshold 15 (max 15)
[PSYoungGen: 257148K->4268K(257536K)] 377658K->124851K(1043968K), 0.0093736 secs] [Times: user=0.01 sys=0.00, real=0.01 secs] 
28230.468: [GC (Allocation Failure) 
Desired survivor size 4718592 bytes, new threshold 15 (max 15)
[PSYoungGen: 257196K->4230K(257536K)] 377779K->124987K(1043968K), 0.0100248 secs] [Times: user=0.01 sys=0.00, real=0.01 secs] 
28249.084: [GC (Allocation Failure) 
Desired survivor size 4718592 bytes, new threshold 15 (max 15)
[PSYoungGen: 257158K->4246K(257536K)] 377915K->125082K(1043968K), 0.0106137 secs] [Times: user=0.02 sys=0.00, real=0.01 secs] 
28267.592: [GC (Allocation Failure) 
Desired survivor size 4718592 bytes, new threshold 15 (max 15)
[PSYoungGen: 257174K->4166K(257536K)] 378010K->125074K(1043968K), 0.0102478 secs] [Times: user=0.02 sys=0.00, real=0.01 secs] 
28286.203: [GC (Allocation Failure) 
Desired survivor size 4718592 bytes, new threshold 15 (max 15)
[PSYoungGen: 257094K->4177K(257536K)] 378002K->125212K(1043968K), 0.0119867 secs] [Times: user=0.02 sys=0.00, real=0.01 secs] 
28304.676: [GC (Allocation Failure) 
Desired survivor size 4718592 bytes, new threshold 15 (max 15)
[PSYoungGen: 257105K->4189K(257536K)] 378140K->125296K(1043968K), 0.0105929 secs] [Times: user=0.02 sys=0.00, real=0.01 secs] 
28323.292: [GC (Allocation Failure) 
Desired survivor size 4718592 bytes, new threshold 15 (max 15)
[PSYoungGen: 257117K->4227K(257536K)] 378224K->125414K(1043968K), 0.0107445 secs] [Times: user=0.02 sys=0.00, real=0.01 secs] 
28341.842: [GC (Allocation Failure) 
Desired survivor size 4718592 bytes, new threshold 15 (max 15)
[PSYoungGen: 257155K->4209K(257536K)] 378342K->125468K(1043968K), 0.0117637 secs] [Times: user=0.02 sys=0.00, real=0.01 secs] 
28360.423: [GC (Allocation Failure) 
Desired survivor size 4718592 bytes, new threshold 15 (max 15)
[PSYoungGen: 257137K->4178K(257536K)] 378396K->125510K(1043968K), 0.0097046 secs] [Times: user=0.01 sys=0.00, real=0.01 secs] 
28379.093: [GC (Allocation Failure) 
Desired survivor size 4718592 bytes, new threshold 15 (max 15)
[PSYoungGen: 257106K->4179K(257536K)] 378438K->125583K(1043968K), 0.0100639 secs] [Times: user=0.01 sys=0.00, real=0.01 secs] 
28397.596: [GC (Allocation Failure) 
Desired survivor size 4718592 bytes, new threshold 15 (max 15)
[PSYoungGen: 257094K->4282K(257536K)] 378498K->125765K(1043968K), 0.0098177 secs] [Times: user=0.02 sys=0.00, real=0.01 secs] 
28416.296: [GC (Allocation Failure) 
Desired survivor size 4718592 bytes, new threshold 15 (max 15)
[PSYoungGen: 257210K->4330K(257536K)] 378693K->125885K(1043968K), 0.0111141 secs] [Times: user=0.02 sys=0.00, real=0.01 secs] 
28434.840: [GC (Allocation Failure) 
Desired survivor size 4718592 bytes, new threshold 15 (max 15)
[PSYoungGen: 257258K->4291K(257536K)] 378813K->125919K(1043968K), 0.0096907 secs] [Times: user=0.02 sys=0.00, real=0.01 secs] 
28453.214: [GC (Allocation Failure) 
Desired survivor size 4718592 bytes, new threshold 15 (max 15)
[PSYoungGen: 257219K->4268K(257536K)] 378847K->126014K(1043968K), 0.0101661 secs] [Times: user=0.01 sys=0.00, real=0.01 secs] 
28471.796: [GC (Allocation Failure) 
Desired survivor size 4718592 bytes, new threshold 15 (max 15)
[PSYoungGen: 257196K->4269K(257536K)] 378942K->126095K(1043968K), 0.0109647 secs] [Times: user=0.02 sys=0.00, real=0.01 secs] 
28490.346: [GC (Allocation Failure) 
Desired survivor size 4718592 bytes, new threshold 15 (max 15)
[PSYoungGen: 257197K->4205K(257536K)] 379023K->126103K(1043968K), 0.0098101 secs] [Times: user=0.02 sys=0.00, real=0.01 secs] 
28508.971: [GC (Allocation Failure) 
Desired survivor size 4718592 bytes, new threshold 15 (max 15)
[PSYoungGen: 257133K->4302K(257536K)] 379031K->126280K(1043968K), 0.0095615 secs] [Times: user=0.02 sys=0.00, real=0.01 secs] 
28527.416: [GC (Allocation Failure) 
Desired survivor size 4718592 bytes, new threshold 15 (max 15)
[PSYoungGen: 257230K->4456K(257536K)] 379208K->126506K(1043968K), 0.0103684 secs] [Times: user=0.02 sys=0.00, real=0.01 secs] 
28545.969: [GC (Allocation Failure) 
Desired survivor size 4718592 bytes, new threshold 15 (max 15)
[PSYoungGen: 257384K->4335K(257536K)] 379434K->126465K(1043968K), 0.0098050 secs] [Times: user=0.02 sys=0.00, real=0.01 secs] 
28564.546: [GC (Allocation Failure) 
Desired survivor size 4718592 bytes, new threshold 15 (max 15)
[PSYoungGen: 257263K->4301K(257536K)] 379393K->126503K(1043968K), 0.0106922 secs] [Times: user=0.02 sys=0.00, real=0.01 secs] 
28583.171: [GC (Allocation Failure) 
Desired survivor size 4718592 bytes, new threshold 15 (max 15)
[PSYoungGen: 257229K->4225K(257536K)] 379431K->126608K(1043968K), 0.0103060 secs] [Times: user=0.02 sys=0.00, real=0.01 secs] 
28601.673: [GC (Allocation Failure) 
Desired survivor size 4718592 bytes, new threshold 15 (max 15)
[PSYoungGen: 257153K->4145K(257536K)] 379536K->126655K(1043968K), 0.0108159 secs] [Times: user=0.02 sys=0.00, real=0.01 secs] 
28620.215: [GC (Allocation Failure) 
Desired survivor size 4718592 bytes, new threshold 15 (max 15)
[PSYoungGen: 257073K->4203K(257536K)] 379583K->126794K(1043968K), 0.0094173 secs] [Times: user=0.02 sys=0.00, real=0.01 secs] 
28638.764: [GC (Allocation Failure) 
Desired survivor size 4718592 bytes, new threshold 15 (max 15)
[PSYoungGen: 257131K->4252K(257536K)] 379722K->126922K(1043968K), 0.0104892 secs] [Times: user=0.02 sys=0.01, real=0.01 secs] 
28657.348: [GC (Allocation Failure) 
Desired survivor size 4718592 bytes, new threshold 15 (max 15)
[PSYoungGen: 257180K->4178K(257536K)] 379850K->126920K(1043968K), 0.0124325 secs] [Times: user=0.02 sys=0.00, real=0.02 secs] 
28675.924: [GC (Allocation Failure) 
Desired survivor size 4718592 bytes, new threshold 15 (max 15)
[PSYoungGen: 257106K->4155K(257536K)] 379848K->127024K(1043968K), 0.0114009 secs] [Times: user=0.02 sys=0.00, real=0.01 secs] 
28694.547: [GC (Allocation Failure) 
Desired survivor size 4718592 bytes, new threshold 15 (max 15)
[PSYoungGen: 257083K->4220K(257536K)] 379952K->127161K(1043968K), 0.0107670 secs] [Times: user=0.02 sys=0.00, real=0.01 secs] 
28713.167: [GC (Allocation Failure) 
Desired survivor size 4718592 bytes, new threshold 15 (max 15)
[PSYoungGen: 257148K->4188K(257536K)] 380089K->127201K(1043968K), 0.0096174 secs] [Times: user=0.02 sys=0.00, real=0.01 secs] 
28731.594: [GC (Allocation Failure) 
Desired survivor size 4718592 bytes, new threshold 15 (max 15)
[PSYoungGen: 257116K->4270K(257536K)] 380129K->127388K(1043968K), 0.0109015 secs] [Times: user=0.02 sys=0.00, real=0.01 secs] 
28750.214: [GC (Allocation Failure) 
Desired survivor size 4718592 bytes, new threshold 15 (max 15)
[PSYoungGen: 257198K->4318K(257536K)] 380316K->127508K(1043968K), 0.0096074 secs] [Times: user=0.01 sys=0.00, real=0.00 secs] 
28768.667: [GC (Allocation Failure) 
Desired survivor size 4718592 bytes, new threshold 15 (max 15)
[PSYoungGen: 257246K->4341K(257536K)] 380436K->127610K(1043968K), 0.0112410 secs] [Times: user=0.01 sys=0.00, real=0.01 secs] 
28787.370: [GC (Allocation Failure) 
Desired survivor size 4718592 bytes, new threshold 15 (max 15)
[PSYoungGen: 257269K->4389K(257536K)] 380538K->127730K(1043968K), 0.0106925 secs] [Times: user=0.02 sys=0.00, real=0.01 secs] 
28805.922: [GC (Allocation Failure) 
Desired survivor size 4718592 bytes, new threshold 15 (max 15)
[PSYoungGen: 257317K->4326K(257536K)] 380658K->127739K(1043968K), 0.0133529 secs] [Times: user=0.02 sys=0.00, real=0.01 secs] 
28824.336: [GC (Allocation Failure) 
Desired survivor size 5242880 bytes, new threshold 14 (max 15)
[PSYoungGen: 257254K->4597K(257536K)] 380667K->128147K(1043968K), 0.0110253 secs] [Times: user=0.02 sys=0.00, real=0.01 secs] 
28832.673: [GC (System.gc()) 
Desired survivor size 5242880 bytes, new threshold 15 (max 15)
[PSYoungGen: 121207K->4059K(256512K)] 244756K->127760K(1042944K), 0.0094302 secs] [Times: user=0.02 sys=0.00, real=0.01 secs] 
28832.683: [Full GC (System.gc()) [PSYoungGen: 4059K->0K(256512K)] [ParOldGen: 123701K->106448K(786432K)] 127760K->106448K(1042944K), [Metaspace: 91700K->91700K(1132544K)], 0.2937658 secs] [Times: user=0.44 sys=0.00, real=0.29 secs] 
28851.045: [GC (Allocation Failure) 
Desired survivor size 5242880 bytes, new threshold 15 (max 15)
[PSYoungGen: 251904K->3571K(257024K)] 358352K->110019K(1043456K), 0.0098462 secs] [Times: user=0.01 sys=0.00, real=0.01 secs] 
28869.547: [GC (Allocation Failure) 
Desired survivor size 5242880 bytes, new threshold 15 (max 15)
[PSYoungGen: 255475K->3620K(257024K)] 361923K->110068K(1043456K), 0.0092030 secs] [Times: user=0.02 sys=0.00, real=0.01 secs] 
28887.922: [GC (Allocation Failure) 
Desired survivor size 5242880 bytes, new threshold 15 (max 15)
[PSYoungGen: 255524K->3825K(257024K)] 361972K->110273K(1043456K), 0.0095690 secs] [Times: user=0.02 sys=0.00, real=0.01 secs] 
28906.437: [GC (Allocation Failure) 
Desired survivor size 5242880 bytes, new threshold 15 (max 15)
[PSYoungGen: 255729K->4057K(257024K)] 362177K->110505K(1043456K), 0.0100104 secs] [Times: user=0.01 sys=0.00, real=0.01 secs] 
28924.843: [GC (Allocation Failure) 
Desired survivor size 5242880 bytes, new threshold 15 (max 15)
[PSYoungGen: 255961K->3983K(257024K)] 362409K->110431K(1043456K), 0.0093588 secs] [Times: user=0.01 sys=0.00, real=0.01 secs] 
28943.295: [GC (Allocation Failure) 
Desired survivor size 5242880 bytes, new threshold 15 (max 15)
[PSYoungGen: 255887K->4124K(257024K)] 362335K->110572K(1043456K), 0.0098357 secs] [Times: user=0.02 sys=0.00, real=0.01 secs] 
28961.673: [GC (Allocation Failure) 
Desired survivor size 4718592 bytes, new threshold 15 (max 15)
[PSYoungGen: 256028K->4091K(257024K)] 362476K->110540K(1043456K), 0.0099021 secs] [Times: user=0.02 sys=0.00, real=0.01 secs] 
28980.175: [GC (Allocation Failure) 
Desired survivor size 4718592 bytes, new threshold 15 (max 15)
[PSYoungGen: 255995K->4204K(257536K)] 362444K->110652K(1043968K), 0.0091825 secs] [Times: user=0.01 sys=0.00, real=0.01 secs] 
28998.721: [GC (Allocation Failure) 
Desired survivor size 4718592 bytes, new threshold 15 (max 15)
[PSYoungGen: 257132K->4332K(257536K)] 363580K->110780K(1043968K), 0.0103007 secs] [Times: user=0.02 sys=0.00, real=0.02 secs] 
29017.221: [GC (Allocation Failure) 
Desired survivor size 5242880 bytes, new threshold 15 (max 15)
[PSYoungGen: 257260K->4338K(256512K)] 363708K->110786K(1042944K), 0.0094582 secs] [Times: user=0.02 sys=0.00, real=0.01 secs] 
29035.790: [GC (Allocation Failure) 
Desired survivor size 5242880 bytes, new threshold 15 (max 15)
[PSYoungGen: 256242K->4412K(257024K)] 362690K->110860K(1043456K), 0.0125911 secs] [Times: user=0.02 sys=0.00, real=0.01 secs] 
29054.092: [GC (Allocation Failure) 
Desired survivor size 5242880 bytes, new threshold 15 (max 15)
[PSYoungGen: 256316K->4461K(257024K)] 362764K->110909K(1043456K), 0.0105565 secs] [Times: user=0.01 sys=0.00, real=0.01 secs] 
29072.588: [GC (Allocation Failure) 
Desired survivor size 5242880 bytes, new threshold 15 (max 15)
[PSYoungGen: 256365K->4491K(257024K)] 362813K->110940K(1043456K), 0.0100623 secs] [Times: user=0.01 sys=0.00, real=0.01 secs] 
29091.094: [GC (Allocation Failure) 
Desired survivor size 5242880 bytes, new threshold 15 (max 15)
[PSYoungGen: 256395K->4507K(257024K)] 362844K->110956K(1043456K), 0.0110827 secs] [Times: user=0.01 sys=0.00, real=0.02 secs] 
29109.595: [GC (Allocation Failure) 
Desired survivor size 5242880 bytes, new threshold 15 (max 15)
[PSYoungGen: 256411K->4557K(257024K)] 362860K->111005K(1043456K), 0.0096779 secs] [Times: user=0.01 sys=0.00, real=0.01 secs] 
29128.039: [GC (Allocation Failure) 
Desired survivor size 5242880 bytes, new threshold 15 (max 15)
[PSYoungGen: 256461K->4288K(257024K)] 362909K->111291K(1043456K), 0.0092886 secs] [Times: user=0.01 sys=0.00, real=0.01 secs] 
29146.544: [GC (Allocation Failure) 
Desired survivor size 5242880 bytes, new threshold 15 (max 15)
[PSYoungGen: 256192K->4194K(257024K)] 363195K->111253K(1043456K), 0.0098116 secs] [Times: user=0.02 sys=0.00, real=0.01 secs] 
29165.087: [GC (Allocation Failure) 
Desired survivor size 5242880 bytes, new threshold 15 (max 15)
[PSYoungGen: 256098K->4115K(257024K)] 363157K->111277K(1043456K), 0.0091317 secs] [Times: user=0.01 sys=0.00, real=0.00 secs] 
29183.594: [GC (Allocation Failure) 
Desired survivor size 5242880 bytes, new threshold 15 (max 15)
[PSYoungGen: 256019K->4068K(257024K)] 363181K->111286K(1043456K), 0.0090677 secs] [Times: user=0.01 sys=0.00, real=0.01 secs] 
29202.046: [GC (Allocation Failure) 
Desired survivor size 5242880 bytes, new threshold 15 (max 15)
[PSYoungGen: 255972K->4121K(257024K)] 363190K->111442K(1043456K), 0.0095127 secs] [Times: user=0.01 sys=0.00, real=0.01 secs] 
29220.587: [GC (Allocation Failure) 
Desired survivor size 5242880 bytes, new threshold 15 (max 15)
[PSYoungGen: 256025K->4044K(257024K)] 363346K->111514K(1043456K), 0.0110882 secs] [Times: user=0.02 sys=0.00, real=0.01 secs] 
29239.041: [GC (Allocation Failure) 
Desired survivor size 5242880 bytes, new threshold 15 (max 15)
[PSYoungGen: 255948K->4131K(257024K)] 363418K->111657K(1043456K), 0.0090510 secs] [Times: user=0.01 sys=0.00, real=0.01 secs] 
29257.541: [GC (Allocation Failure) 
Desired survivor size 5242880 bytes, new threshold 15 (max 15)
[PSYoungGen: 256035K->4040K(257024K)] 363561K->111622K(1043456K), 0.0105033 secs] [Times: user=0.02 sys=0.00, real=0.01 secs] 
29276.046: [GC (Allocation Failure) 
Desired survivor size 5242880 bytes, new threshold 15 (max 15)
[PSYoungGen: 255944K->4201K(257024K)] 363526K->111839K(1043456K), 0.0090043 secs] [Times: user=0.02 sys=0.00, real=0.01 secs] 
29294.461: [GC (Allocation Failure) 
Desired survivor size 4718592 bytes, new threshold 15 (max 15)
[PSYoungGen: 256105K->4185K(257024K)] 363743K->111973K(1043456K), 0.0091035 secs] [Times: user=0.02 sys=0.00, real=0.01 secs] 
29312.839: [GC (Allocation Failure) 
Desired survivor size 4718592 bytes, new threshold 15 (max 15)
[PSYoungGen: 256089K->4261K(257536K)] 363877K->112105K(1043968K), 0.0098992 secs] [Times: user=0.02 sys=0.00, real=0.01 secs] 
29331.423: [GC (Allocation Failure) 
Desired survivor size 4718592 bytes, new threshold 15 (max 15)
[PSYoungGen: 257189K->4310K(257536K)] 365033K->112234K(1043968K), 0.0094438 secs] [Times: user=0.02 sys=0.00, real=0.01 secs] 
29349.973: [GC (Allocation Failure) 
Desired survivor size 4718592 bytes, new threshold 15 (max 15)
[PSYoungGen: 257238K->4326K(257536K)] 365162K->112306K(1043968K), 0.0098594 secs] [Times: user=0.01 sys=0.00, real=0.01 secs] 
29368.581: [GC (Allocation Failure) 
Desired survivor size 4718592 bytes, new threshold 15 (max 15)
[PSYoungGen: 257254K->4374K(257536K)] 365234K->112410K(1043968K), 0.0115219 secs] [Times: user=0.01 sys=0.00, real=0.01 secs] 
29387.166: [GC (Allocation Failure) 
Desired survivor size 4718592 bytes, new threshold 15 (max 15)
[PSYoungGen: 257302K->4358K(257536K)] 365338K->112458K(1043968K), 0.0103994 secs] [Times: user=0.02 sys=0.00, real=0.01 secs] 
29405.800: [GC (Allocation Failure) 
Desired survivor size 4718592 bytes, new threshold 15 (max 15)
[PSYoungGen: 257286K->4325K(257536K)] 365386K->112489K(1043968K), 0.0097377 secs] [Times: user=0.01 sys=0.00, real=0.01 secs] 
29424.164: [GC (Allocation Failure) 
Desired survivor size 5242880 bytes, new threshold 14 (max 15)
[PSYoungGen: 257253K->4591K(256512K)] 365417K->112859K(1042944K), 0.0095265 secs] [Times: user=0.02 sys=0.00, real=0.01 secs] 
29442.626: [GC (Allocation Failure) 
Desired survivor size 5242880 bytes, new threshold 15 (max 15)
[PSYoungGen: 256495K->4511K(257024K)] 364763K->112931K(1043456K), 0.0095727 secs] [Times: user=0.02 sys=0.00, real=0.01 secs] 
29461.089: [GC (Allocation Failure) 
Desired survivor size 5242880 bytes, new threshold 15 (max 15)
[PSYoungGen: 256415K->4455K(257024K)] 364835K->112875K(1043456K), 0.0108931 secs] [Times: user=0.02 sys=0.00, real=0.01 secs] 
29479.665: [GC (Allocation Failure) 
Desired survivor size 5242880 bytes, new threshold 15 (max 15)
[PSYoungGen: 256359K->4529K(257024K)] 364779K->113076K(1043456K), 0.0100289 secs] [Times: user=0.02 sys=0.00, real=0.01 secs] 
29498.095: [GC (Allocation Failure) 
Desired survivor size 5242880 bytes, new threshold 15 (max 15)
[PSYoungGen: 256433K->4439K(257024K)] 364980K->113066K(1043456K), 0.0102062 secs] [Times: user=0.01 sys=0.00, real=0.01 secs] 
29516.598: [GC (Allocation Failure) 
Desired survivor size 5242880 bytes, new threshold 15 (max 15)
[PSYoungGen: 256343K->4472K(257024K)] 364970K->113179K(1043456K), 0.0091510 secs] [Times: user=0.01 sys=0.00, real=0.01 secs] 
29535.094: [GC (Allocation Failure) 
Desired survivor size 5242880 bytes, new threshold 15 (max 15)
[PSYoungGen: 256376K->4552K(257024K)] 365083K->113386K(1043456K), 0.0103370 secs] [Times: user=0.02 sys=0.00, real=0.01 secs] 
29553.585: [GC (Allocation Failure) 
Desired survivor size 5242880 bytes, new threshold 15 (max 15)
[PSYoungGen: 256456K->4573K(257024K)] 365290K->113479K(1043456K), 0.0096192 secs] [Times: user=0.01 sys=0.00, real=0.01 secs] 
29572.171: [GC (Allocation Failure) 
Desired survivor size 5242880 bytes, new threshold 15 (max 15)
[PSYoungGen: 256477K->4589K(257024K)] 365383K->113567K(1043456K), 0.0093469 secs] [Times: user=0.02 sys=0.00, real=0.01 secs] 
29590.672: [GC (Allocation Failure) 
Desired survivor size 5242880 bytes, new threshold 15 (max 15)
[PSYoungGen: 256493K->4400K(257024K)] 365471K->113559K(1043456K), 0.0103988 secs] [Times: user=0.02 sys=0.00, real=0.01 secs] 
29609.218: [GC (Allocation Failure) 
Desired survivor size 5242880 bytes, new threshold 15 (max 15)
[PSYoungGen: 256304K->4465K(257024K)] 365463K->113696K(1043456K), 0.0101862 secs] [Times: user=0.01 sys=0.00, real=0.01 secs] 
29627.714: [GC (Allocation Failure) 
Desired survivor size 5242880 bytes, new threshold 15 (max 15)
[PSYoungGen: 256369K->4449K(257024K)] 365600K->113752K(1043456K), 0.0103592 secs] [Times: user=0.02 sys=0.00, real=0.01 secs] 
29646.223: [GC (Allocation Failure) 
Desired survivor size 5242880 bytes, new threshold 15 (max 15)
[PSYoungGen: 256353K->4466K(257024K)] 365656K->113841K(1043456K), 0.0097549 secs] [Times: user=0.02 sys=0.00, real=0.01 secs] 
29664.673: [GC (Allocation Failure) 
Desired survivor size 5242880 bytes, new threshold 15 (max 15)
[PSYoungGen: 256370K->4418K(257024K)] 365745K->113920K(1043456K), 0.0096923 secs] [Times: user=0.01 sys=0.00, real=0.01 secs] 
29682.969: [GC (Allocation Failure) 
Desired survivor size 5242880 bytes, new threshold 15 (max 15)
[PSYoungGen: 256322K->4449K(257024K)] 365824K->114023K(1043456K), 0.0094520 secs] [Times: user=0.01 sys=0.00, real=0.01 secs] 
29701.474: [GC (Allocation Failure) 
Desired survivor size 5242880 bytes, new threshold 15 (max 15)
[PSYoungGen: 256353K->4253K(257024K)] 365927K->114113K(1043456K), 0.0099126 secs] [Times: user=0.02 sys=0.00, real=0.01 secs] 
29719.921: [GC (Allocation Failure) 
Desired survivor size 5242880 bytes, new threshold 15 (max 15)
[PSYoungGen: 256157K->4463K(257024K)] 366017K->114395K(1043456K), 0.0100194 secs] [Times: user=0.02 sys=0.00, real=0.01 secs] 
29738.418: [GC (Allocation Failure) 
Desired survivor size 5242880 bytes, new threshold 15 (max 15)
[PSYoungGen: 256367K->4389K(257024K)] 366299K->114409K(1043456K), 0.0106699 secs] [Times: user=0.01 sys=0.00, real=0.01 secs] 
29756.844: [GC (Allocation Failure) 
Desired survivor size 5242880 bytes, new threshold 15 (max 15)
[PSYoungGen: 256293K->4292K(257024K)] 366313K->114392K(1043456K), 0.0104466 secs] [Times: user=0.01 sys=0.00, real=0.01 secs] 
29775.464: [GC (Allocation Failure) 
Desired survivor size 5242880 bytes, new threshold 15 (max 15)
[PSYoungGen: 256196K->4334K(257024K)] 366296K->114560K(1043456K), 0.0107460 secs] [Times: user=0.02 sys=0.00, real=0.01 secs] 
29793.909: [GC (Allocation Failure) 
Desired survivor size 5242880 bytes, new threshold 15 (max 15)
[PSYoungGen: 256238K->4286K(257024K)] 366464K->114641K(1043456K), 0.0094026 secs] [Times: user=0.02 sys=0.00, real=0.01 secs] 
29812.421: [GC (Allocation Failure) 
Desired survivor size 5242880 bytes, new threshold 15 (max 15)
[PSYoungGen: 256190K->4118K(257024K)] 366545K->114600K(1043456K), 0.0091420 secs] [Times: user=0.02 sys=0.00, real=0.01 secs] 
29830.921: [GC (Allocation Failure) 
Desired survivor size 5242880 bytes, new threshold 15 (max 15)
[PSYoungGen: 256022K->4230K(257024K)] 366504K->114785K(1043456K), 0.0099493 secs] [Times: user=0.02 sys=0.00, real=0.01 secs] 
29849.385: [GC (Allocation Failure) 
Desired survivor size 5242880 bytes, new threshold 15 (max 15)
[PSYoungGen: 256134K->4252K(257024K)] 366689K->114878K(1043456K), 0.0099752 secs] [Times: user=0.02 sys=0.00, real=0.01 secs] 
29867.913: [GC (Allocation Failure) 
Desired survivor size 5242880 bytes, new threshold 15 (max 15)
[PSYoungGen: 256156K->4253K(257024K)] 366782K->114960K(1043456K), 0.0091334 secs] [Times: user=0.01 sys=0.00, real=0.01 secs] 
29886.421: [GC (Allocation Failure) 
Desired survivor size 5242880 bytes, new threshold 15 (max 15)
[PSYoungGen: 256157K->4237K(257024K)] 366864K->115016K(1043456K), 0.0111455 secs] [Times: user=0.02 sys=0.00, real=0.01 secs] 
29904.922: [GC (Allocation Failure) 
Desired survivor size 4718592 bytes, new threshold 15 (max 15)
[PSYoungGen: 256141K->4188K(257536K)] 366920K->115038K(1043968K), 0.0099868 secs] [Times: user=0.02 sys=0.00, real=0.01 secs] 
29923.467: [GC (Allocation Failure) 
Desired survivor size 4718592 bytes, new threshold 15 (max 15)
[PSYoungGen: 256604K->4227K(257024K)] 367454K->115149K(1043456K), 0.0095110 secs] [Times: user=0.02 sys=0.00, real=0.01 secs] 
29941.968: [GC (Allocation Failure) 
Desired survivor size 4718592 bytes, new threshold 15 (max 15)
[PSYoungGen: 256643K->4150K(257536K)] 367565K->115246K(1043968K), 0.0092569 secs] [Times: user=0.02 sys=0.00, real=0.01 secs] 
29960.594: [GC (Allocation Failure) 
Desired survivor size 4718592 bytes, new threshold 15 (max 15)
[PSYoungGen: 257078K->4085K(257536K)] 368174K->115285K(1043968K), 0.0098538 secs] [Times: user=0.02 sys=0.00, real=0.01 secs] 
29979.169: [GC (Allocation Failure) 
Desired survivor size 4718592 bytes, new threshold 15 (max 15)
[PSYoungGen: 257013K->4133K(257536K)] 368213K->115405K(1043968K), 0.0092354 secs] [Times: user=0.02 sys=0.00, real=0.01 secs] 
29997.589: [GC (Allocation Failure) 
Desired survivor size 4718592 bytes, new threshold 15 (max 15)
[PSYoungGen: 257061K->4219K(257536K)] 368333K->115571K(1043968K), 0.0094765 secs] [Times: user=0.02 sys=0.00, real=0.01 secs] 
30016.169: [GC (Allocation Failure) 
Desired survivor size 4718592 bytes, new threshold 15 (max 15)
[PSYoungGen: 257147K->4252K(257536K)] 368499K->115723K(1043968K), 0.0097805 secs] [Times: user=0.02 sys=0.00, real=0.01 secs] 
30034.666: [GC (Allocation Failure) 
Desired survivor size 4718592 bytes, new threshold 15 (max 15)
[PSYoungGen: 257180K->4301K(257536K)] 368651K->115852K(1043968K), 0.0098819 secs] [Times: user=0.02 sys=0.00, real=0.01 secs] 
30053.086: [GC (Allocation Failure) 
Desired survivor size 4718592 bytes, new threshold 15 (max 15)
[PSYoungGen: 257229K->4274K(257536K)] 368780K->115897K(1043968K), 0.0093030 secs] [Times: user=0.02 sys=0.00, real=0.01 secs] 
30071.595: [GC (Allocation Failure) 
Desired survivor size 4718592 bytes, new threshold 15 (max 15)
[PSYoungGen: 257202K->4355K(257536K)] 368825K->116058K(1043968K), 0.0098337 secs] [Times: user=0.02 sys=0.00, real=0.01 secs] 
30090.044: [GC (Allocation Failure) 
Desired survivor size 4718592 bytes, new threshold 15 (max 15)
[PSYoungGen: 257283K->4377K(257536K)] 368986K->116152K(1043968K), 0.0098426 secs] [Times: user=0.01 sys=0.00, real=0.01 secs] 
30108.667: [GC (Allocation Failure) 
Desired survivor size 4718592 bytes, new threshold 15 (max 15)
[PSYoungGen: 257305K->4393K(257536K)] 369080K->116240K(1043968K), 0.0098159 secs] [Times: user=0.02 sys=0.00, real=0.01 secs] 
30127.214: [GC (Allocation Failure) 
Desired survivor size 4718592 bytes, new threshold 15 (max 15)
[PSYoungGen: 257321K->4273K(257536K)] 369168K->116247K(1043968K), 0.0106178 secs] [Times: user=0.01 sys=0.00, real=0.01 secs] 
30145.794: [GC (Allocation Failure) 
Desired survivor size 4718592 bytes, new threshold 15 (max 15)
[PSYoungGen: 257201K->4312K(257536K)] 369175K->116357K(1043968K), 0.0122696 secs] [Times: user=0.02 sys=0.00, real=0.02 secs] 
30164.338: [GC (Allocation Failure) 
Desired survivor size 4718592 bytes, new threshold 15 (max 15)
[PSYoungGen: 257240K->4350K(257536K)] 369285K->116467K(1043968K), 0.0092860 secs] [Times: user=0.01 sys=0.00, real=0.01 secs] 
30182.964: [GC (Allocation Failure) 
Desired survivor size 4718592 bytes, new threshold 15 (max 15)
[PSYoungGen: 257278K->4415K(257536K)] 369395K->116613K(1043968K), 0.0100001 secs] [Times: user=0.02 sys=0.00, real=0.01 secs] 
30201.546: [GC (Allocation Failure) 
Desired survivor size 4718592 bytes, new threshold 15 (max 15)
[PSYoungGen: 257343K->4327K(257536K)] 369541K->116651K(1043968K), 0.0106783 secs] [Times: user=0.02 sys=0.00, real=0.01 secs] 
30220.167: [GC (Allocation Failure) 
Desired survivor size 4718592 bytes, new threshold 15 (max 15)
[PSYoungGen: 257255K->4360K(257536K)] 369579K->116756K(1043968K), 0.0094701 secs] [Times: user=0.01 sys=0.00, real=0.01 secs] 
30238.733: [GC (Allocation Failure) 
Desired survivor size 4718592 bytes, new threshold 15 (max 15)
[PSYoungGen: 257288K->4297K(257536K)] 369684K->116765K(1043968K), 0.0092993 secs] [Times: user=0.01 sys=0.00, real=0.01 secs] 
30257.300: [GC (Allocation Failure) 
Desired survivor size 4718592 bytes, new threshold 15 (max 15)
[PSYoungGen: 257225K->4367K(257536K)] 369693K->116916K(1043968K), 0.0105808 secs] [Times: user=0.02 sys=0.00, real=0.01 secs] 
30275.676: [GC (Allocation Failure) 
Desired survivor size 4718592 bytes, new threshold 15 (max 15)
[PSYoungGen: 257295K->4400K(257536K)] 369844K->117052K(1043968K), 0.0213083 secs] [Times: user=0.04 sys=0.00, real=0.02 secs] 
30294.219: [GC (Allocation Failure) 
Desired survivor size 4718592 bytes, new threshold 15 (max 15)
[PSYoungGen: 257328K->4312K(257536K)] 369980K->117083K(1043968K), 0.0102000 secs] [Times: user=0.01 sys=0.00, real=0.01 secs] 
30312.839: [GC (Allocation Failure) 
Desired survivor size 4718592 bytes, new threshold 15 (max 15)
[PSYoungGen: 257240K->4361K(257536K)] 370011K->117212K(1043968K), 0.0092376 secs] [Times: user=0.01 sys=0.00, real=0.01 secs] 
30331.297: [GC (Allocation Failure) 
Desired survivor size 4718592 bytes, new threshold 15 (max 15)
[PSYoungGen: 257289K->4506K(257536K)] 370140K->117437K(1043968K), 0.0101615 secs] [Times: user=0.02 sys=0.00, real=0.01 secs] 
30349.922: [GC (Allocation Failure) 
Desired survivor size 4718592 bytes, new threshold 15 (max 15)
[PSYoungGen: 257434K->4411K(257536K)] 370365K->117422K(1043968K), 0.0101793 secs] [Times: user=0.01 sys=0.00, real=0.01 secs] 
30368.424: [GC (Allocation Failure) 
Desired survivor size 4718592 bytes, new threshold 15 (max 15)
[PSYoungGen: 257339K->4322K(257536K)] 370350K->117460K(1043968K), 0.0103779 secs] [Times: user=0.02 sys=0.00, real=0.01 secs] 
30387.039: [GC (Allocation Failure) 
Desired survivor size 4718592 bytes, new threshold 15 (max 15)
[PSYoungGen: 257250K->4387K(257536K)] 370388K->117597K(1043968K), 0.0097872 secs] [Times: user=0.02 sys=0.00, real=0.01 secs] 
30405.588: [GC (Allocation Failure) 
Desired survivor size 4718592 bytes, new threshold 15 (max 15)
[PSYoungGen: 257315K->4285K(257536K)] 370525K->117622K(1043968K), 0.0099139 secs] [Times: user=0.02 sys=0.00, real=0.01 secs] 
30424.098: [GC (Allocation Failure) 
Desired survivor size 4718592 bytes, new threshold 15 (max 15)
[PSYoungGen: 257213K->4231K(257536K)] 370550K->117695K(1043968K), 0.0093876 secs] [Times: user=0.02 sys=0.00, real=0.01 secs] 
30442.720: [GC (Allocation Failure) 
Desired survivor size 4718592 bytes, new threshold 15 (max 15)
[PSYoungGen: 257159K->4192K(257536K)] 370623K->117775K(1043968K), 0.0100745 secs] [Times: user=0.01 sys=0.00, real=0.01 secs] 
30461.220: [GC (Allocation Failure) 
Desired survivor size 4718592 bytes, new threshold 15 (max 15)
[PSYoungGen: 257120K->4220K(257536K)] 370703K->117874K(1043968K), 0.0095158 secs] [Times: user=0.02 sys=0.01, real=0.01 secs] 
30479.839: [GC (Allocation Failure) 
Desired survivor size 4718592 bytes, new threshold 15 (max 15)
[PSYoungGen: 257148K->4221K(257536K)] 370802K->117955K(1043968K), 0.0098829 secs] [Times: user=0.02 sys=0.00, real=0.01 secs] 
30498.337: [GC (Allocation Failure) 
Desired survivor size 4718592 bytes, new threshold 15 (max 15)
[PSYoungGen: 257149K->4258K(257536K)] 370883K->118073K(1043968K), 0.0097711 secs] [Times: user=0.01 sys=0.00, real=0.01 secs] 
30516.976: [GC (Allocation Failure) 
Desired survivor size 4718592 bytes, new threshold 15 (max 15)
[PSYoungGen: 257186K->4210K(257536K)] 371001K->118104K(1043968K), 0.0117078 secs] [Times: user=0.02 sys=0.00, real=0.01 secs] 
30535.590: [GC (Allocation Failure) 
Desired survivor size 4718592 bytes, new threshold 15 (max 15)
[PSYoungGen: 257138K->4237K(257536K)] 371032K->118258K(1043968K), 0.0096957 secs] [Times: user=0.01 sys=0.00, real=0.01 secs] 
30554.090: [GC (Allocation Failure) 
Desired survivor size 4718592 bytes, new threshold 15 (max 15)
[PSYoungGen: 257165K->4205K(257536K)] 371186K->118385K(1043968K), 0.0095896 secs] [Times: user=0.01 sys=0.00, real=0.01 secs] 
30572.590: [GC (Allocation Failure) 
Desired survivor size 4718592 bytes, new threshold 15 (max 15)
[PSYoungGen: 257133K->4281K(257536K)] 371313K->118541K(1043968K), 0.0104572 secs] [Times: user=0.02 sys=0.00, real=0.02 secs] 
30591.072: [GC (Allocation Failure) 
Desired survivor size 4718592 bytes, new threshold 15 (max 15)
[PSYoungGen: 257209K->4501K(257536K)] 371469K->118833K(1043968K), 0.0099577 secs] [Times: user=0.02 sys=0.00, real=0.01 secs] 
30609.598: [GC (Allocation Failure) 
Desired survivor size 4718592 bytes, new threshold 15 (max 15)
[PSYoungGen: 257429K->4422K(257536K)] 371761K->118834K(1043968K), 0.0103025 secs] [Times: user=0.02 sys=0.00, real=0.01 secs] 
30628.094: [GC (Allocation Failure) 
Desired survivor size 5242880 bytes, new threshold 15 (max 15)
[PSYoungGen: 257350K->4551K(257536K)] 371762K->119035K(1043968K), 0.0097237 secs] [Times: user=0.02 sys=0.00, real=0.01 secs] 
30646.713: [GC (Allocation Failure) 
Desired survivor size 5242880 bytes, new threshold 15 (max 15)
[PSYoungGen: 257479K->4535K(256512K)] 371963K->119107K(1042944K), 0.0101191 secs] [Times: user=0.02 sys=0.00, real=0.01 secs] 
30665.171: [GC (Allocation Failure) 
Desired survivor size 5242880 bytes, new threshold 15 (max 15)
[PSYoungGen: 256439K->4386K(257024K)] 371011K->119038K(1043456K), 0.0093282 secs] [Times: user=0.02 sys=0.00, real=0.01 secs] 
30683.716: [GC (Allocation Failure) 
Desired survivor size 5242880 bytes, new threshold 15 (max 15)
[PSYoungGen: 256290K->4427K(257024K)] 370942K->119151K(1043456K), 0.0120935 secs] [Times: user=0.01 sys=0.00, real=0.02 secs] 
30702.199: [GC (Allocation Failure) 
Desired survivor size 5242880 bytes, new threshold 15 (max 15)
[PSYoungGen: 256331K->4725K(257024K)] 371055K->119521K(1043456K), 0.0122269 secs] [Times: user=0.02 sys=0.00, real=0.02 secs] 
30720.586: [GC (Allocation Failure) 
Desired survivor size 5242880 bytes, new threshold 15 (max 15)
[PSYoungGen: 256629K->4720K(257024K)] 371425K->119588K(1043456K), 0.0099051 secs] [Times: user=0.01 sys=0.00, real=0.01 secs] 
30739.164: [GC (Allocation Failure) 
Desired survivor size 5242880 bytes, new threshold 15 (max 15)
[PSYoungGen: 256624K->4730K(257024K)] 371492K->119725K(1043456K), 0.0099193 secs] [Times: user=0.02 sys=0.00, real=0.01 secs] 
30757.636: [GC (Allocation Failure) 
Desired survivor size 5242880 bytes, new threshold 15 (max 15)
[PSYoungGen: 256634K->4652K(257024K)] 371629K->119719K(1043456K), 0.0180290 secs] [Times: user=0.01 sys=0.00, real=0.02 secs] 
30776.172: [GC (Allocation Failure) 
Desired survivor size 5242880 bytes, new threshold 15 (max 15)
[PSYoungGen: 256556K->4549K(257024K)] 371623K->119743K(1043456K), 0.0098496 secs] [Times: user=0.02 sys=0.00, real=0.01 secs] 
30794.674: [GC (Allocation Failure) 
Desired survivor size 5242880 bytes, new threshold 15 (max 15)
[PSYoungGen: 256453K->4580K(257024K)] 371647K->119846K(1043456K), 0.0094661 secs] [Times: user=0.02 sys=0.00, real=0.01 secs] 
30813.214: [GC (Allocation Failure) 
Desired survivor size 5242880 bytes, new threshold 15 (max 15)
[PSYoungGen: 256484K->4661K(257024K)] 371750K->119999K(1043456K), 0.0105292 secs] [Times: user=0.02 sys=0.00, real=0.01 secs] 
30831.718: [GC (Allocation Failure) 
Desired survivor size 5242880 bytes, new threshold 15 (max 15)
[PSYoungGen: 256565K->4413K(257024K)] 371903K->119935K(1043456K), 0.0114672 secs] [Times: user=0.02 sys=0.00, real=0.01 secs] 
30850.327: [GC (Allocation Failure) 
Desired survivor size 5242880 bytes, new threshold 15 (max 15)
[PSYoungGen: 256317K->4526K(257024K)] 371839K->120119K(1043456K), 0.0095196 secs] [Times: user=0.01 sys=0.00, real=0.01 secs] 
30868.728: [GC (Allocation Failure) 
Desired survivor size 5242880 bytes, new threshold 15 (max 15)
[PSYoungGen: 256430K->4416K(257024K)] 372023K->120128K(1043456K), 0.0122127 secs] [Times: user=0.02 sys=0.00, real=0.01 secs] 
30887.047: [GC (Allocation Failure) 
Desired survivor size 5242880 bytes, new threshold 15 (max 15)
[PSYoungGen: 256320K->4345K(257024K)] 372032K->120176K(1043456K), 0.0093631 secs] [Times: user=0.02 sys=0.00, real=0.01 secs] 
30905.471: [GC (Allocation Failure) 
Desired survivor size 5242880 bytes, new threshold 15 (max 15)
[PSYoungGen: 256249K->4399K(257024K)] 372080K->120311K(1043456K), 0.0094252 secs] [Times: user=0.01 sys=0.00, real=0.01 secs] 
30923.916: [GC (Allocation Failure) 
Desired survivor size 5242880 bytes, new threshold 15 (max 15)
[PSYoungGen: 256303K->4663K(257024K)] 372215K->120646K(1043456K), 0.0099843 secs] [Times: user=0.02 sys=0.00, real=0.01 secs] 
30942.298: [GC (Allocation Failure) 
Desired survivor size 5242880 bytes, new threshold 15 (max 15)
[PSYoungGen: 256567K->4558K(257024K)] 372550K->120621K(1043456K), 0.0099852 secs] [Times: user=0.02 sys=0.00, real=0.01 secs] 
30960.791: [GC (Allocation Failure) 
Desired survivor size 5242880 bytes, new threshold 15 (max 15)
[PSYoungGen: 256462K->4588K(257024K)] 372525K->120732K(1043456K), 0.0105382 secs] [Times: user=0.01 sys=0.00, real=0.01 secs] 
30979.289: [GC (Allocation Failure) 
Desired survivor size 5242880 bytes, new threshold 15 (max 15)
[PSYoungGen: 256492K->4339K(257024K)] 372636K->120812K(1043456K), 0.0098377 secs] [Times: user=0.02 sys=0.00, real=0.01 secs] 
30997.667: [GC (Allocation Failure) 
Desired survivor size 5242880 bytes, new threshold 15 (max 15)
[PSYoungGen: 256243K->4268K(257024K)] 372716K->120915K(1043456K), 0.0110294 secs] [Times: user=0.01 sys=0.00, real=0.01 secs] 
31016.174: [GC (Allocation Failure) 
Desired survivor size 5242880 bytes, new threshold 15 (max 15)
[PSYoungGen: 256172K->4221K(257024K)] 372819K->120940K(1043456K), 0.0102572 secs] [Times: user=0.02 sys=0.00, real=0.01 secs] 
31034.672: [GC (Allocation Failure) 
Desired survivor size 5242880 bytes, new threshold 15 (max 15)
[PSYoungGen: 256125K->4156K(257024K)] 372844K->120955K(1043456K), 0.0095064 secs] [Times: user=0.02 sys=0.00, real=0.01 secs] 
31053.171: [GC (Allocation Failure) 
Desired survivor size 5242880 bytes, new threshold 15 (max 15)
[PSYoungGen: 256060K->4165K(257024K)] 372859K->121036K(1043456K), 0.0096497 secs] [Times: user=0.01 sys=0.00, real=0.01 secs] 
31071.719: [GC (Allocation Failure) 
Desired survivor size 5242880 bytes, new threshold 15 (max 15)
[PSYoungGen: 256069K->4213K(257024K)] 372940K->121156K(1043456K), 0.0104635 secs] [Times: user=0.02 sys=0.00, real=0.01 secs] 
31090.288: [GC (Allocation Failure) 
Desired survivor size 5242880 bytes, new threshold 15 (max 15)
[PSYoungGen: 256117K->4214K(257024K)] 373060K->121229K(1043456K), 0.0091702 secs] [Times: user=0.02 sys=0.00, real=0.01 secs] 
31108.670: [GC (Allocation Failure) 
Desired survivor size 5242880 bytes, new threshold 15 (max 15)
[PSYoungGen: 256118K->4236K(257024K)] 373133K->121331K(1043456K), 0.0097313 secs] [Times: user=0.02 sys=0.00, real=0.01 secs] 
31127.171: [GC (Allocation Failure) 
Desired survivor size 5242880 bytes, new threshold 15 (max 15)
[PSYoungGen: 256140K->4211K(257024K)] 373235K->121386K(1043456K), 0.0100029 secs] [Times: user=0.01 sys=0.00, real=0.01 secs] 
31145.714: [GC (Allocation Failure) 
Desired survivor size 5242880 bytes, new threshold 15 (max 15)
[PSYoungGen: 256115K->4226K(257024K)] 373290K->121481K(1043456K), 0.0252350 secs] [Times: user=0.03 sys=0.00, real=0.03 secs] 
31164.094: [GC (Allocation Failure) 
Desired survivor size 5242880 bytes, new threshold 15 (max 15)
[PSYoungGen: 256130K->4238K(257024K)] 373385K->121597K(1043456K), 0.0096847 secs] [Times: user=0.02 sys=0.00, real=0.01 secs] 
31182.592: [GC (Allocation Failure) 
Desired survivor size 5242880 bytes, new threshold 15 (max 15)
[PSYoungGen: 256142K->4184K(257024K)] 373501K->121670K(1043456K), 0.0117765 secs] [Times: user=0.02 sys=0.00, real=0.02 secs] 
31201.094: [GC (Allocation Failure) 
Desired survivor size 5242880 bytes, new threshold 15 (max 15)
[PSYoungGen: 256088K->4162K(257024K)] 373574K->121775K(1043456K), 0.0093864 secs] [Times: user=0.01 sys=0.00, real=0.01 secs] 
31219.544: [GC (Allocation Failure) 
Desired survivor size 5242880 bytes, new threshold 15 (max 15)
[PSYoungGen: 256066K->4419K(257024K)] 373679K->122104K(1043456K), 0.0102965 secs] [Times: user=0.01 sys=0.00, real=0.01 secs] 
31238.041: [GC (Allocation Failure) 
Desired survivor size 5242880 bytes, new threshold 15 (max 15)
[PSYoungGen: 256323K->4405K(257024K)] 374008K->122169K(1043456K), 0.0121917 secs] [Times: user=0.02 sys=0.00, real=0.02 secs] 
31256.476: [GC (Allocation Failure) 
Desired survivor size 5242880 bytes, new threshold 15 (max 15)
[PSYoungGen: 256295K->4270K(257024K)] 374059K->122106K(1043456K), 0.0101851 secs] [Times: user=0.02 sys=0.00, real=0.01 secs] 
31275.087: [GC (Allocation Failure) 
Desired survivor size 5242880 bytes, new threshold 15 (max 15)
[PSYoungGen: 256174K->4269K(257024K)] 374010K->122225K(1043456K), 0.0097374 secs] [Times: user=0.02 sys=0.00, real=0.01 secs] 
31293.539: [GC (Allocation Failure) 
Desired survivor size 4718592 bytes, new threshold 15 (max 15)
[PSYoungGen: 256173K->4323K(257024K)] 374129K->122350K(1043456K), 0.0097226 secs] [Times: user=0.02 sys=0.00, real=0.01 secs] 
31312.086: [GC (Allocation Failure) 
Desired survivor size 4718592 bytes, new threshold 15 (max 15)
[PSYoungGen: 256227K->4243K(257536K)] 374254K->122342K(1043968K), 0.0093739 secs] [Times: user=0.01 sys=0.00, real=0.01 secs] 
31330.685: [GC (Allocation Failure) 
Desired survivor size 4718592 bytes, new threshold 15 (max 15)
[PSYoungGen: 257171K->4323K(257536K)] 375270K->122494K(1043968K), 0.0093589 secs] [Times: user=0.01 sys=0.00, real=0.01 secs] 
31349.294: [GC (Allocation Failure) 
Desired survivor size 4718592 bytes, new threshold 15 (max 15)
[PSYoungGen: 257251K->4329K(257536K)] 375422K->122580K(1043968K), 0.0100747 secs] [Times: user=0.02 sys=0.00, real=0.01 secs] 
31367.842: [GC (Allocation Failure) 
Desired survivor size 4718592 bytes, new threshold 15 (max 15)
[PSYoungGen: 257257K->4296K(257536K)] 375508K->122619K(1043968K), 0.0104505 secs] [Times: user=0.02 sys=0.00, real=0.01 secs] 
31386.467: [GC (Allocation Failure) 
Desired survivor size 4718592 bytes, new threshold 15 (max 15)
[PSYoungGen: 257224K->4290K(257536K)] 375547K->122741K(1043968K), 0.0123804 secs] [Times: user=0.02 sys=0.00, real=0.01 secs] 
31404.966: [GC (Allocation Failure) 
Desired survivor size 4718592 bytes, new threshold 15 (max 15)
[PSYoungGen: 257218K->4281K(257536K)] 375669K->122858K(1043968K), 0.0104510 secs] [Times: user=0.01 sys=0.01, real=0.01 secs] 
31423.548: [GC (Allocation Failure) 
Desired survivor size 4718592 bytes, new threshold 15 (max 15)
[PSYoungGen: 257209K->4232K(257536K)] 375786K->122881K(1043968K), 0.0094764 secs] [Times: user=0.01 sys=0.00, real=0.01 secs] 
31442.094: [GC (Allocation Failure) 
Desired survivor size 4718592 bytes, new threshold 15 (max 15)
[PSYoungGen: 257160K->4242K(257536K)] 375809K->123018K(1043968K), 0.0100587 secs] [Times: user=0.02 sys=0.00, real=0.01 secs] 
31460.598: [GC (Allocation Failure) 
Desired survivor size 4718592 bytes, new threshold 15 (max 15)
[PSYoungGen: 257170K->4237K(257536K)] 375946K->123093K(1043968K), 0.0114069 secs] [Times: user=0.02 sys=0.00, real=0.01 secs] 
31479.217: [GC (Allocation Failure) 
Desired survivor size 4718592 bytes, new threshold 15 (max 15)
[PSYoungGen: 257165K->4335K(257536K)] 376021K->123271K(1043968K), 0.0104276 secs] [Times: user=0.01 sys=0.00, real=0.01 secs] 
31497.528: [GC (Allocation Failure) 
Desired survivor size 4718592 bytes, new threshold 15 (max 15)
[PSYoungGen: 257263K->4272K(257536K)] 376199K->123288K(1043968K), 0.0103260 secs] [Times: user=0.02 sys=0.00, real=0.01 secs] 
31516.095: [GC (Allocation Failure) 
Desired survivor size 4718592 bytes, new threshold 15 (max 15)
[PSYoungGen: 257200K->4470K(257536K)] 376216K->123558K(1043968K), 0.0117570 secs] [Times: user=0.02 sys=0.00, real=0.01 secs] 
31534.588: [GC (Allocation Failure) 
Desired survivor size 4718592 bytes, new threshold 15 (max 15)
[PSYoungGen: 257398K->4456K(257536K)] 376486K->123616K(1043968K), 0.0098634 secs] [Times: user=0.02 sys=0.00, real=0.01 secs] 
31553.214: [GC (Allocation Failure) 
Desired survivor size 4718592 bytes, new threshold 15 (max 15)
[PSYoungGen: 257384K->4503K(257536K)] 376544K->123743K(1043968K), 0.0093700 secs] [Times: user=0.02 sys=0.00, real=0.01 secs] 
31571.720: [GC (Allocation Failure) 
Desired survivor size 4718592 bytes, new threshold 15 (max 15)
[PSYoungGen: 257431K->4471K(257536K)] 376671K->123837K(1043968K), 0.0096314 secs] [Times: user=0.02 sys=0.00, real=0.01 secs] 
31590.294: [GC (Allocation Failure) 
Desired survivor size 5242880 bytes, new threshold 15 (max 15)
[PSYoungGen: 257399K->4471K(257536K)] 376765K->123909K(1043968K), 0.0090969 secs] [Times: user=0.01 sys=0.00, real=0.01 secs] 
31608.845: [GC (Allocation Failure) 
Desired survivor size 5242880 bytes, new threshold 15 (max 15)
[PSYoungGen: 257399K->4439K(256512K)] 376837K->123950K(1042944K), 0.0099415 secs] [Times: user=0.01 sys=0.00, real=0.01 secs] 
31627.461: [GC (Allocation Failure) 
Desired survivor size 5242880 bytes, new threshold 15 (max 15)
[PSYoungGen: 256343K->4479K(257024K)] 375854K->124109K(1043456K), 0.0096125 secs] [Times: user=0.02 sys=0.00, real=0.01 secs] 
31645.920: [GC (Allocation Failure) 
Desired survivor size 5242880 bytes, new threshold 15 (max 15)
[PSYoungGen: 256383K->4390K(257024K)] 376013K->124099K(1043456K), 0.0111982 secs] [Times: user=0.02 sys=0.00, real=0.01 secs] 
31664.463: [GC (Allocation Failure) 
Desired survivor size 4718592 bytes, new threshold 15 (max 15)
[PSYoungGen: 256294K->4389K(257024K)] 376003K->124171K(1043456K), 0.0104235 secs] [Times: user=0.01 sys=0.00, real=0.01 secs] 
31682.923: [GC (Allocation Failure) 
Desired survivor size 4718592 bytes, new threshold 15 (max 15)
[PSYoungGen: 256293K->4266K(257536K)] 376075K->124221K(1043968K), 0.0116926 secs] [Times: user=0.01 sys=0.00, real=0.01 secs] 
31701.541: [GC (Allocation Failure) 
Desired survivor size 4718592 bytes, new threshold 15 (max 15)
[PSYoungGen: 257194K->4378K(257536K)] 377149K->124405K(1043968K), 0.0111373 secs] [Times: user=0.02 sys=0.00, real=0.01 secs] 
31720.091: [GC (Allocation Failure) 
Desired survivor size 4718592 bytes, new threshold 15 (max 15)
[PSYoungGen: 257306K->4355K(257536K)] 377333K->124509K(1043968K), 0.0111645 secs] [Times: user=0.02 sys=0.00, real=0.01 secs] 
31738.584: [GC (Allocation Failure) 
Desired survivor size 4718592 bytes, new threshold 15 (max 15)
[PSYoungGen: 257283K->4274K(257536K)] 377437K->124602K(1043968K), 0.0122357 secs] [Times: user=0.02 sys=0.00, real=0.01 secs] 
31757.171: [GC (Allocation Failure) 
Desired survivor size 4718592 bytes, new threshold 15 (max 15)
[PSYoungGen: 257202K->4313K(257536K)] 377530K->124712K(1043968K), 0.0118482 secs] [Times: user=0.02 sys=0.00, real=0.01 secs] 
31775.791: [GC (Allocation Failure) 
Desired survivor size 4718592 bytes, new threshold 15 (max 15)
[PSYoungGen: 257241K->4265K(257536K)] 377640K->124769K(1043968K), 0.0122260 secs] [Times: user=0.02 sys=0.00, real=0.01 secs] 
31794.414: [GC (Allocation Failure) 
Desired survivor size 4718592 bytes, new threshold 15 (max 15)
[PSYoungGen: 257193K->4226K(257536K)] 377697K->124856K(1043968K), 0.0096215 secs] [Times: user=0.01 sys=0.00, real=0.01 secs] 
31812.965: [GC (Allocation Failure) 
Desired survivor size 4718592 bytes, new threshold 15 (max 15)
[PSYoungGen: 257154K->4243K(257536K)] 377784K->124953K(1043968K), 0.0093280 secs] [Times: user=0.02 sys=0.00, real=0.01 secs] 
31831.468: [GC (Allocation Failure) 
Desired survivor size 4718592 bytes, new threshold 15 (max 15)
[PSYoungGen: 257171K->4388K(257536K)] 377881K->125170K(1043968K), 0.0110962 secs] [Times: user=0.02 sys=0.00, real=0.01 secs] 
31849.972: [GC (Allocation Failure) 
Desired survivor size 4718592 bytes, new threshold 15 (max 15)
[PSYoungGen: 257316K->4216K(257536K)] 378098K->125125K(1043968K), 0.0113021 secs] [Times: user=0.02 sys=0.00, real=0.01 secs] 
31868.554: [GC (Allocation Failure) 
Desired survivor size 4718592 bytes, new threshold 15 (max 15)
[PSYoungGen: 257144K->4150K(257536K)] 378053K->125131K(1043968K), 0.0104814 secs] [Times: user=0.02 sys=0.00, real=0.01 secs] 
31887.094: [GC (Allocation Failure) 
Desired survivor size 4718592 bytes, new threshold 15 (max 15)
[PSYoungGen: 257078K->4208K(257536K)] 378059K->125261K(1043968K), 0.0097602 secs] [Times: user=0.02 sys=0.00, real=0.01 secs] 
31905.710: [GC (Allocation Failure) 
Desired survivor size 4718592 bytes, new threshold 15 (max 15)
[PSYoungGen: 257136K->4177K(257536K)] 378189K->125302K(1043968K), 0.0145698 secs] [Times: user=0.02 sys=0.00, real=0.02 secs] 
31924.296: [GC (Allocation Failure) 
Desired survivor size 4718592 bytes, new threshold 15 (max 15)
[PSYoungGen: 257105K->4160K(257536K)] 378230K->125365K(1043968K), 0.0091477 secs] [Times: user=0.01 sys=0.00, real=0.00 secs] 
31942.844: [GC (Allocation Failure) 
Desired survivor size 4718592 bytes, new threshold 15 (max 15)
[PSYoungGen: 257088K->4181K(257536K)] 378293K->125458K(1043968K), 0.0094024 secs] [Times: user=0.02 sys=0.00, real=0.01 secs] 
31961.423: [GC (Allocation Failure) 
Desired survivor size 4718592 bytes, new threshold 15 (max 15)
[PSYoungGen: 257109K->4188K(257536K)] 378386K->125537K(1043968K), 0.0105202 secs] [Times: user=0.01 sys=0.00, real=0.01 secs] 
31980.044: [GC (Allocation Failure) 
Desired survivor size 4718592 bytes, new threshold 15 (max 15)
[PSYoungGen: 257116K->4188K(257536K)] 378465K->125609K(1043968K), 0.0119027 secs] [Times: user=0.01 sys=0.00, real=0.02 secs] 
31998.598: [GC (Allocation Failure) 
Desired survivor size 4718592 bytes, new threshold 15 (max 15)
[PSYoungGen: 257116K->4085K(257536K)] 378537K->125633K(1043968K), 0.0094686 secs] [Times: user=0.02 sys=0.00, real=0.00 secs] 
32017.219: [GC (Allocation Failure) 
Desired survivor size 4718592 bytes, new threshold 15 (max 15)
[PSYoungGen: 257013K->4155K(257536K)] 378561K->125783K(1043968K), 0.0118135 secs] [Times: user=0.02 sys=0.00, real=0.01 secs] 
32035.796: [GC (Allocation Failure) 
Desired survivor size 4718592 bytes, new threshold 15 (max 15)
[PSYoungGen: 257083K->4150K(257536K)] 378711K->125897K(1043968K), 0.0147650 secs] [Times: user=0.02 sys=0.00, real=0.01 secs] 
32054.339: [GC (Allocation Failure) 
Desired survivor size 4718592 bytes, new threshold 15 (max 15)
[PSYoungGen: 257078K->4156K(257536K)] 378825K->125983K(1043968K), 0.0093444 secs] [Times: user=0.02 sys=0.00, real=0.01 secs] 
32072.846: [GC (Allocation Failure) 
Desired survivor size 4718592 bytes, new threshold 15 (max 15)
[PSYoungGen: 257084K->4171K(257536K)] 378911K->126070K(1043968K), 0.0113213 secs] [Times: user=0.02 sys=0.00, real=0.01 secs] 
32091.513: [GC (Allocation Failure) 
Desired survivor size 4718592 bytes, new threshold 15 (max 15)
[PSYoungGen: 257099K->4220K(257536K)] 378998K->126199K(1043968K), 0.0097634 secs] [Times: user=0.02 sys=0.00, real=0.01 secs] 
32110.164: [GC (Allocation Failure) 
Desired survivor size 4718592 bytes, new threshold 15 (max 15)
[PSYoungGen: 257148K->4237K(257536K)] 379127K->126296K(1043968K), 0.0092509 secs] [Times: user=0.01 sys=0.00, real=0.01 secs] 
32128.421: [GC (Allocation Failure) 
Desired survivor size 4718592 bytes, new threshold 15 (max 15)
[PSYoungGen: 257165K->4327K(257536K)] 379224K->126458K(1043968K), 0.0100217 secs] [Times: user=0.02 sys=0.00, real=0.01 secs] 
32146.920: [GC (Allocation Failure) 
Desired survivor size 4718592 bytes, new threshold 15 (max 15)
[PSYoungGen: 257255K->4373K(257536K)] 379386K->126591K(1043968K), 0.0097465 secs] [Times: user=0.02 sys=0.00, real=0.01 secs] 
32165.537: [GC (Allocation Failure) 
Desired survivor size 4718592 bytes, new threshold 15 (max 15)
[PSYoungGen: 257301K->4339K(257536K)] 379519K->126630K(1043968K), 0.0095572 secs] [Times: user=0.02 sys=0.00, real=0.01 secs] 
32184.040: [GC (Allocation Failure) 
Desired survivor size 4718592 bytes, new threshold 15 (max 15)
[PSYoungGen: 257267K->4393K(257536K)] 379558K->126756K(1043968K), 0.0098559 secs] [Times: user=0.02 sys=0.00, real=0.01 secs] 
32202.598: [GC (Allocation Failure) 
Desired survivor size 4718592 bytes, new threshold 15 (max 15)
[PSYoungGen: 257321K->4330K(257536K)] 379684K->126773K(1043968K), 0.0104146 secs] [Times: user=0.02 sys=0.00, real=0.01 secs] 
32221.087: [GC (Allocation Failure) 
Desired survivor size 4718592 bytes, new threshold 15 (max 15)
[PSYoungGen: 257258K->4318K(257536K)] 379701K->126887K(1043968K), 0.0100651 secs] [Times: user=0.02 sys=0.00, real=0.01 secs] 
32239.676: [GC (Allocation Failure) 
Desired survivor size 4718592 bytes, new threshold 15 (max 15)
[PSYoungGen: 257246K->4345K(257536K)] 379815K->126987K(1043968K), 0.0094903 secs] [Times: user=0.02 sys=0.00, real=0.01 secs] 
32258.293: [GC (Allocation Failure) 
Desired survivor size 4718592 bytes, new threshold 15 (max 15)
[PSYoungGen: 257273K->4318K(257536K)] 379915K->127040K(1043968K), 0.0109300 secs] [Times: user=0.02 sys=0.00, real=0.01 secs] 
32276.759: [GC (Allocation Failure) 
Desired survivor size 4718592 bytes, new threshold 15 (max 15)
[PSYoungGen: 257246K->4405K(257536K)] 379968K->127206K(1043968K), 0.0101776 secs] [Times: user=0.01 sys=0.00, real=0.01 secs] 
32295.415: [GC (Allocation Failure) 
Desired survivor size 4718592 bytes, new threshold 15 (max 15)
[PSYoungGen: 257333K->4383K(257536K)] 380134K->127311K(1043968K), 0.0114764 secs] [Times: user=0.02 sys=0.00, real=0.01 secs] 
32313.919: [GC (Allocation Failure) 
Desired survivor size 4718592 bytes, new threshold 15 (max 15)
[PSYoungGen: 257311K->4313K(257536K)] 380239K->127321K(1043968K), 0.0097623 secs] [Times: user=0.01 sys=0.00, real=0.01 secs] 
32332.540: [GC (Allocation Failure) 
Desired survivor size 4718592 bytes, new threshold 15 (max 15)
[PSYoungGen: 257241K->4328K(257536K)] 380249K->127455K(1043968K), 0.0098439 secs] [Times: user=0.02 sys=0.00, real=0.01 secs] 
32351.087: [GC (Allocation Failure) 
Desired survivor size 4718592 bytes, new threshold 15 (max 15)
[PSYoungGen: 257256K->4306K(257536K)] 380383K->127505K(1043968K), 0.0108798 secs] [Times: user=0.02 sys=0.00, real=0.01 secs] 
32369.627: [GC (Allocation Failure) 
Desired survivor size 4718592 bytes, new threshold 15 (max 15)
[PSYoungGen: 257234K->4210K(257536K)] 380433K->127482K(1043968K), 0.0119758 secs] [Times: user=0.02 sys=0.00, real=0.01 secs] 
32388.290: [GC (Allocation Failure) 
Desired survivor size 4718592 bytes, new threshold 15 (max 15)
[PSYoungGen: 257138K->4306K(257536K)] 380410K->127658K(1043968K), 0.0096240 secs] [Times: user=0.01 sys=0.00, real=0.01 secs] 
32406.843: [GC (Allocation Failure) 
Desired survivor size 4718592 bytes, new threshold 15 (max 15)
[PSYoungGen: 257234K->4243K(257536K)] 380586K->127698K(1043968K), 0.0110185 secs] [Times: user=0.02 sys=0.00, real=0.01 secs] 
32425.344: [GC (Allocation Failure) 
Desired survivor size 4718592 bytes, new threshold 15 (max 15)
[PSYoungGen: 257171K->4420K(257536K)] 380626K->127947K(1043968K), 0.0117188 secs] [Times: user=0.02 sys=0.00, real=0.01 secs] 
32432.977: [GC (System.gc()) 
Desired survivor size 4718592 bytes, new threshold 15 (max 15)
[PSYoungGen: 110445K->3990K(257536K)] 233973K->127597K(1043968K), 0.0095825 secs] [Times: user=0.01 sys=0.01, real=0.01 secs] 
32432.987: [Full GC (System.gc()) [PSYoungGen: 3990K->0K(257536K)] [ParOldGen: 123607K->106442K(786432K)] 127597K->106442K(1043968K), [Metaspace: 91716K->91716K(1132544K)], 0.3227115 secs] [Times: user=0.50 sys=0.00, real=0.32 secs] 
32451.467: [GC (Allocation Failure) 
Desired survivor size 5242880 bytes, new threshold 15 (max 15)
[PSYoungGen: 252928K->3508K(256512K)] 359370K->109950K(1042944K), 0.0094035 secs] [Times: user=0.01 sys=0.00, real=0.00 secs] 
32469.917: [GC (Allocation Failure) 
Desired survivor size 5242880 bytes, new threshold 15 (max 15)
[PSYoungGen: 255412K->3594K(257024K)] 361854K->110036K(1043456K), 0.0094921 secs] [Times: user=0.01 sys=0.00, real=0.01 secs] 
32488.392: [GC (Allocation Failure) 
Desired survivor size 5242880 bytes, new threshold 15 (max 15)
[PSYoungGen: 255498K->3722K(257024K)] 361940K->110165K(1043456K), 0.0088381 secs] [Times: user=0.02 sys=0.00, real=0.00 secs] 
32506.796: [GC (Allocation Failure) 
Desired survivor size 5242880 bytes, new threshold 15 (max 15)
[PSYoungGen: 255626K->3810K(257024K)] 362069K->110252K(1043456K), 0.0094039 secs] [Times: user=0.01 sys=0.00, real=0.01 secs] 
32525.342: [GC (Allocation Failure) 
Desired survivor size 5242880 bytes, new threshold 15 (max 15)
[PSYoungGen: 255714K->3922K(257024K)] 362156K->110364K(1043456K), 0.0095827 secs] [Times: user=0.01 sys=0.00, real=0.01 secs] 
32543.827: [GC (Allocation Failure) 
Desired survivor size 4718592 bytes, new threshold 15 (max 15)
[PSYoungGen: 255826K->4009K(257024K)] 362268K->110451K(1043456K), 0.0088754 secs] [Times: user=0.01 sys=0.00, real=0.01 secs] 
32562.338: [GC (Allocation Failure) 
Desired survivor size 4718592 bytes, new threshold 15 (max 15)
[PSYoungGen: 255913K->4064K(257536K)] 362355K->110506K(1043968K), 0.0109026 secs] [Times: user=0.02 sys=0.00, real=0.01 secs] 
32580.792: [GC (Allocation Failure) 
Desired survivor size 4718592 bytes, new threshold 15 (max 15)
[PSYoungGen: 256992K->4182K(257536K)] 363434K->110624K(1043968K), 0.0097250 secs] [Times: user=0.01 sys=0.00, real=0.01 secs] 
32599.349: [GC (Allocation Failure) 
Desired survivor size 4718592 bytes, new threshold 15 (max 15)
[PSYoungGen: 257110K->4230K(257536K)] 363552K->110672K(1043968K), 0.0091765 secs] [Times: user=0.01 sys=0.00, real=0.00 secs] 
32617.963: [GC (Allocation Failure) 
Desired survivor size 4718592 bytes, new threshold 15 (max 15)
[PSYoungGen: 257158K->4262K(257536K)] 363600K->110704K(1043968K), 0.0107485 secs] [Times: user=0.02 sys=0.00, real=0.01 secs] 
32636.539: [GC (Allocation Failure) 
Desired survivor size 5242880 bytes, new threshold 15 (max 15)
[PSYoungGen: 257190K->4358K(256512K)] 363632K->110800K(1042944K), 0.0093846 secs] [Times: user=0.02 sys=0.00, real=0.01 secs] 
32655.045: [GC (Allocation Failure) 
Desired survivor size 5242880 bytes, new threshold 15 (max 15)
[PSYoungGen: 256262K->4399K(257024K)] 362704K->110841K(1043456K), 0.0090426 secs] [Times: user=0.01 sys=0.00, real=0.01 secs] 
32673.546: [GC (Allocation Failure) 
Desired survivor size 5242880 bytes, new threshold 15 (max 15)
[PSYoungGen: 256303K->4342K(257024K)] 362745K->110784K(1043456K), 0.0092171 secs] [Times: user=0.01 sys=0.00, real=0.01 secs] 
32692.093: [GC (Allocation Failure) 
Desired survivor size 5242880 bytes, new threshold 15 (max 15)
[PSYoungGen: 256246K->4464K(257024K)] 362688K->110906K(1043456K), 0.0096329 secs] [Times: user=0.01 sys=0.00, real=0.01 secs] 
32710.541: [GC (Allocation Failure) 
Desired survivor size 5242880 bytes, new threshold 15 (max 15)
[PSYoungGen: 256368K->4541K(257024K)] 362810K->110983K(1043456K), 0.0092118 secs] [Times: user=0.02 sys=0.00, real=0.01 secs] 
32728.657: [GC (Allocation Failure) 
Desired survivor size 5242880 bytes, new threshold 15 (max 15)
[PSYoungGen: 256445K->4186K(257024K)] 362887K->111237K(1043456K), 0.0091677 secs] [Times: user=0.02 sys=0.00, real=0.01 secs] 
32747.127: [GC (Allocation Failure) 
Desired survivor size 5242880 bytes, new threshold 15 (max 15)
[PSYoungGen: 256090K->4138K(257024K)] 363141K->111253K(1043456K), 0.0097492 secs] [Times: user=0.01 sys=0.00, real=0.01 secs] 
32765.693: [GC (Allocation Failure) 
Desired survivor size 5242880 bytes, new threshold 15 (max 15)
[PSYoungGen: 256042K->4185K(257024K)] 363157K->111348K(1043456K), 0.0147356 secs] [Times: user=0.03 sys=0.00, real=0.02 secs] 
32784.094: [GC (Allocation Failure) 
Desired survivor size 5242880 bytes, new threshold 15 (max 15)
[PSYoungGen: 256089K->4127K(257024K)] 363252K->111346K(1043456K), 0.0088203 secs] [Times: user=0.01 sys=0.00, real=0.01 secs] 
32802.596: [GC (Allocation Failure) 
Desired survivor size 5242880 bytes, new threshold 15 (max 15)
[PSYoungGen: 256031K->4214K(257024K)] 363250K->111481K(1043456K), 0.0099263 secs] [Times: user=0.02 sys=0.00, real=0.01 secs] 
32821.045: [GC (Allocation Failure) 
Desired survivor size 4718592 bytes, new threshold 15 (max 15)
[PSYoungGen: 256118K->4197K(257536K)] 363385K->111567K(1043968K), 0.0091787 secs] [Times: user=0.01 sys=0.00, real=0.01 secs] 
32839.551: [GC (Allocation Failure) 
Desired survivor size 4718592 bytes, new threshold 15 (max 15)
[PSYoungGen: 256613K->4181K(257024K)] 363983K->111653K(1043456K), 0.0106983 secs] [Times: user=0.01 sys=0.00, real=0.01 secs] 
32858.044: [GC (Allocation Failure) 
Desired survivor size 4718592 bytes, new threshold 15 (max 15)
[PSYoungGen: 256597K->4219K(257536K)] 364069K->111748K(1043968K), 0.0095483 secs] [Times: user=0.01 sys=0.00, real=0.01 secs] 
32876.671: [GC (Allocation Failure) 
Desired survivor size 4718592 bytes, new threshold 15 (max 15)
[PSYoungGen: 257147K->4396K(257536K)] 364676K->111981K(1043968K), 0.0096924 secs] [Times: user=0.02 sys=0.00, real=0.01 secs] 
32895.297: [GC (Allocation Failure) 
Desired survivor size 4718592 bytes, new threshold 15 (max 15)
[PSYoungGen: 257324K->4363K(257536K)] 364909K->112004K(1043968K), 0.0091755 secs] [Times: user=0.01 sys=0.00, real=0.01 secs] 
32913.826: [GC (Allocation Failure) 
Desired survivor size 4718592 bytes, new threshold 15 (max 15)
[PSYoungGen: 257291K->4342K(257536K)] 364932K->112085K(1043968K), 0.0096930 secs] [Times: user=0.02 sys=0.00, real=0.01 secs] 
32932.424: [GC (Allocation Failure) 
Desired survivor size 4718592 bytes, new threshold 15 (max 15)
[PSYoungGen: 257270K->4358K(257536K)] 365013K->112158K(1043968K), 0.0098565 secs] [Times: user=0.02 sys=0.00, real=0.01 secs] 
32950.962: [GC (Allocation Failure) 
Desired survivor size 5242880 bytes, new threshold 15 (max 15)
[PSYoungGen: 257286K->4429K(257536K)] 365086K->112284K(1043968K), 0.0111000 secs] [Times: user=0.02 sys=0.00, real=0.02 secs] 
32969.466: [GC (Allocation Failure) 
Desired survivor size 5242880 bytes, new threshold 15 (max 15)
[PSYoungGen: 257357K->4499K(256512K)] 365212K->112419K(1042944K), 0.0106879 secs] [Times: user=0.02 sys=0.00, real=0.01 secs] 
32987.916: [GC (Allocation Failure) 
Desired survivor size 5242880 bytes, new threshold 15 (max 15)
[PSYoungGen: 256403K->4460K(257024K)] 364323K->112537K(1043456K), 0.0097889 secs] [Times: user=0.02 sys=0.00, real=0.01 secs] 
33006.417: [GC (Allocation Failure) 
Desired survivor size 5242880 bytes, new threshold 15 (max 15)
[PSYoungGen: 256364K->4391K(257024K)] 364441K->112611K(1043456K), 0.0118675 secs] [Times: user=0.02 sys=0.00, real=0.01 secs] 
33024.799: [GC (Allocation Failure) 
Desired survivor size 5242880 bytes, new threshold 15 (max 15)
[PSYoungGen: 256295K->4568K(257024K)] 364515K->112860K(1043456K), 0.0102464 secs] [Times: user=0.02 sys=0.00, real=0.01 secs] 
33043.296: [GC (Allocation Failure) 
Desired survivor size 5242880 bytes, new threshold 15 (max 15)
[PSYoungGen: 256472K->4466K(257024K)] 364764K->112846K(1043456K), 0.0095186 secs] [Times: user=0.01 sys=0.00, real=0.01 secs] 
33061.788: [GC (Allocation Failure) 
Desired survivor size 5242880 bytes, new threshold 15 (max 15)
[PSYoungGen: 256370K->4395K(257024K)] 364750K->112847K(1043456K), 0.0093086 secs] [Times: user=0.02 sys=0.00, real=0.01 secs] 
33080.218: [GC (Allocation Failure) 
Desired survivor size 5242880 bytes, new threshold 15 (max 15)
[PSYoungGen: 256299K->4402K(257024K)] 364751K->112933K(1043456K), 0.0091257 secs] [Times: user=0.01 sys=0.00, real=0.01 secs] 
33098.718: [GC (Allocation Failure) 
Desired survivor size 5242880 bytes, new threshold 15 (max 15)
[PSYoungGen: 256306K->4529K(257024K)] 364837K->113188K(1043456K), 0.0116544 secs] [Times: user=0.02 sys=0.00, real=0.01 secs] 
33117.213: [GC (Allocation Failure) 
Desired survivor size 5242880 bytes, new threshold 15 (max 15)
[PSYoungGen: 256433K->4394K(257024K)] 365092K->113171K(1043456K), 0.0097894 secs] [Times: user=0.01 sys=0.00, real=0.01 secs] 
33135.790: [GC (Allocation Failure) 
Desired survivor size 5242880 bytes, new threshold 15 (max 15)
[PSYoungGen: 256298K->4362K(257024K)] 365075K->113211K(1043456K), 0.0115966 secs] [Times: user=0.02 sys=0.00, real=0.02 secs] 
33154.299: [GC (Allocation Failure) 
Desired survivor size 5242880 bytes, new threshold 15 (max 15)
[PSYoungGen: 256266K->4314K(257024K)] 365115K->113235K(1043456K), 0.0099019 secs] [Times: user=0.02 sys=0.00, real=0.01 secs] 
33172.729: [GC (Allocation Failure) 
Desired survivor size 5242880 bytes, new threshold 15 (max 15)
[PSYoungGen: 256218K->4415K(257024K)] 365139K->113409K(1043456K), 0.0094564 secs] [Times: user=0.01 sys=0.00, real=0.01 secs] 
33191.174: [GC (Allocation Failure) 
Desired survivor size 5242880 bytes, new threshold 15 (max 15)
[PSYoungGen: 256319K->4439K(257024K)] 365313K->113504K(1043456K), 0.0091476 secs] [Times: user=0.02 sys=0.00, real=0.01 secs] 
33209.717: [GC (Allocation Failure) 
Desired survivor size 5242880 bytes, new threshold 15 (max 15)
[PSYoungGen: 256343K->4367K(257024K)] 365408K->113552K(1043456K), 0.0098867 secs] [Times: user=0.01 sys=0.00, real=0.01 secs] 
33228.215: [GC (Allocation Failure) 
Desired survivor size 4718592 bytes, new threshold 15 (max 15)
[PSYoungGen: 256271K->4335K(257536K)] 365456K->113592K(1043968K), 0.0098287 secs] [Times: user=0.02 sys=0.00, real=0.01 secs] 
33246.740: [GC (Allocation Failure) 
Desired survivor size 4718592 bytes, new threshold 15 (max 15)
[PSYoungGen: 256751K->4286K(257024K)] 366008K->113718K(1043456K), 0.0094392 secs] [Times: user=0.02 sys=0.00, real=0.01 secs] 
33265.295: [GC (Allocation Failure) 
Desired survivor size 4718592 bytes, new threshold 15 (max 15)
[PSYoungGen: 256702K->4275K(257536K)] 366134K->113826K(1043968K), 0.0093687 secs] [Times: user=0.01 sys=0.00, real=0.01 secs] 
33283.799: [GC (Allocation Failure) 
Desired survivor size 4718592 bytes, new threshold 15 (max 15)
[PSYoungGen: 257203K->4248K(257536K)] 366754K->113871K(1043968K), 0.0096146 secs] [Times: user=0.02 sys=0.00, real=0.01 secs] 
33302.345: [GC (Allocation Failure) 
Desired survivor size 4718592 bytes, new threshold 15 (max 15)
[PSYoungGen: 257176K->4400K(257536K)] 366799K->114103K(1043968K), 0.0097377 secs] [Times: user=0.02 sys=0.01, real=0.01 secs] 
33320.797: [GC (Allocation Failure) 
Desired survivor size 4718592 bytes, new threshold 15 (max 15)
[PSYoungGen: 257328K->4488K(257536K)] 367031K->114263K(1043968K), 0.0096580 secs] [Times: user=0.02 sys=0.00, real=0.01 secs] 
33339.094: [GC (Allocation Failure) 
Desired survivor size 5242880 bytes, new threshold 15 (max 15)
[PSYoungGen: 257416K->4559K(256512K)] 367191K->114414K(1042944K), 0.0099292 secs] [Times: user=0.02 sys=0.00, real=0.01 secs] 
33357.589: [GC (Allocation Failure) 
Desired survivor size 5242880 bytes, new threshold 15 (max 15)
[PSYoungGen: 256463K->4569K(257024K)] 366318K->114543K(1043456K), 0.0101999 secs] [Times: user=0.02 sys=0.00, real=0.01 secs] 
33376.097: [GC (Allocation Failure) 
Desired survivor size 5242880 bytes, new threshold 15 (max 15)
[PSYoungGen: 256473K->4471K(257024K)] 366447K->114517K(1043456K), 0.0096169 secs] [Times: user=0.01 sys=0.00, real=0.01 secs] 
33394.589: [GC (Allocation Failure) 
Desired survivor size 5242880 bytes, new threshold 15 (max 15)
[PSYoungGen: 256375K->4513K(257024K)] 366421K->114631K(1043456K), 0.0113097 secs] [Times: user=0.02 sys=0.00, real=0.02 secs] 
33413.095: [GC (Allocation Failure) 
Desired survivor size 5242880 bytes, new threshold 15 (max 15)
[PSYoungGen: 256417K->4476K(257024K)] 366535K->114674K(1043456K), 0.0091181 secs] [Times: user=0.02 sys=0.00, real=0.01 secs] 
33431.588: [GC (Allocation Failure) 
Desired survivor size 5242880 bytes, new threshold 15 (max 15)
[PSYoungGen: 256380K->4481K(257024K)] 366578K->114751K(1043456K), 0.0100355 secs] [Times: user=0.01 sys=0.00, real=0.01 secs] 
33450.095: [GC (Allocation Failure) 
Desired survivor size 5242880 bytes, new threshold 15 (max 15)
[PSYoungGen: 256385K->4466K(257024K)] 366655K->114807K(1043456K), 0.0095611 secs] [Times: user=0.01 sys=0.00, real=0.01 secs] 
33468.597: [GC (Allocation Failure) 
Desired survivor size 5242880 bytes, new threshold 15 (max 15)
[PSYoungGen: 256370K->4395K(257024K)] 366711K->114864K(1043456K), 0.0099010 secs] [Times: user=0.01 sys=0.00, real=0.01 secs] 
33487.141: [GC (Allocation Failure) 
Desired survivor size 5242880 bytes, new threshold 15 (max 15)
[PSYoungGen: 256299K->4538K(257024K)] 366768K->115078K(1043456K), 0.0099772 secs] [Times: user=0.02 sys=0.00, real=0.01 secs] 
33505.599: [GC (Allocation Failure) 
Desired survivor size 5242880 bytes, new threshold 15 (max 15)
[PSYoungGen: 256442K->4433K(257024K)] 366982K->115045K(1043456K), 0.0116255 secs] [Times: user=0.02 sys=0.00, real=0.01 secs] 
33524.145: [GC (Allocation Failure) 
Desired survivor size 5242880 bytes, new threshold 15 (max 15)
[PSYoungGen: 256337K->4452K(257024K)] 366949K->115183K(1043456K), 0.0102733 secs] [Times: user=0.01 sys=0.00, real=0.01 secs] 
33542.546: [GC (Allocation Failure) 
Desired survivor size 5242880 bytes, new threshold 15 (max 15)
[PSYoungGen: 256356K->4363K(257024K)] 367087K->115174K(1043456K), 0.0096847 secs] [Times: user=0.02 sys=0.00, real=0.01 secs] 
33561.095: [GC (Allocation Failure) 
Desired survivor size 5242880 bytes, new threshold 15 (max 15)
[PSYoungGen: 256267K->4458K(257024K)] 367078K->115342K(1043456K), 0.0105748 secs] [Times: user=0.02 sys=0.00, real=0.01 secs] 
33579.593: [GC (Allocation Failure) 
Desired survivor size 5242880 bytes, new threshold 15 (max 15)
[PSYoungGen: 256362K->4274K(257024K)] 367246K->115342K(1043456K), 0.0107091 secs] [Times: user=0.02 sys=0.00, real=0.01 secs] 
33597.966: [GC (Allocation Failure) 
Desired survivor size 5242880 bytes, new threshold 15 (max 15)
[PSYoungGen: 256178K->4306K(257024K)] 367246K->115500K(1043456K), 0.0111363 secs] [Times: user=0.02 sys=0.00, real=0.01 secs] 
33616.343: [GC (Allocation Failure) 
Desired survivor size 5242880 bytes, new threshold 15 (max 15)
[PSYoungGen: 256210K->4426K(257024K)] 367404K->115771K(1043456K), 0.0116246 secs] [Times: user=0.02 sys=0.00, real=0.02 secs] 
33634.719: [GC (Allocation Failure) 
Desired survivor size 4718592 bytes, new threshold 15 (max 15)
[PSYoungGen: 256330K->4410K(257536K)] 367675K->115884K(1043968K), 0.0104679 secs] [Times: user=0.02 sys=0.00, real=0.01 secs] 
33653.175: [GC (Allocation Failure) 
Desired survivor size 4718592 bytes, new threshold 15 (max 15)
[PSYoungGen: 256826K->4303K(257024K)] 368300K->115857K(1043456K), 0.0096096 secs] [Times: user=0.02 sys=0.00, real=0.01 secs] 
33671.667: [GC (Allocation Failure) 
Desired survivor size 4718592 bytes, new threshold 15 (max 15)
[PSYoungGen: 256719K->4367K(257536K)] 368273K->115993K(1043968K), 0.0098536 secs] [Times: user=0.02 sys=0.00, real=0.01 secs] 
33690.169: [GC (Allocation Failure) 
Desired survivor size 4718592 bytes, new threshold 15 (max 15)
[PSYoungGen: 257295K->4457K(257536K)] 368921K->116210K(1043968K), 0.0099425 secs] [Times: user=0.02 sys=0.00, real=0.01 secs] 
33708.797: [GC (Allocation Failure) 
Desired survivor size 4718592 bytes, new threshold 15 (max 15)
[PSYoungGen: 257385K->4346K(257536K)] 369138K->116171K(1043968K), 0.0096588 secs] [Times: user=0.02 sys=0.00, real=0.01 secs] 
33727.288: [GC (Allocation Failure) 
Desired survivor size 4718592 bytes, new threshold 15 (max 15)
[PSYoungGen: 257274K->4328K(257536K)] 369099K->116224K(1043968K), 0.0119268 secs] [Times: user=0.02 sys=0.01, real=0.01 secs] 
33745.844: [GC (Allocation Failure) 
Desired survivor size 4718592 bytes, new threshold 15 (max 15)
[PSYoungGen: 257256K->4328K(257536K)] 369152K->116297K(1043968K), 0.0138085 secs] [Times: user=0.02 sys=0.00, real=0.01 secs] 
33764.418: [GC (Allocation Failure) 
Desired survivor size 4718592 bytes, new threshold 15 (max 15)
[PSYoungGen: 257256K->4345K(257536K)] 369225K->116385K(1043968K), 0.0101425 secs] [Times: user=0.02 sys=0.00, real=0.01 secs] 
33782.973: [GC (Allocation Failure) 
Desired survivor size 4718592 bytes, new threshold 15 (max 15)
[PSYoungGen: 257263K->4252K(257536K)] 369304K->116411K(1043968K), 0.0098051 secs] [Times: user=0.02 sys=0.00, real=0.01 secs] 
33801.540: [GC (Allocation Failure) 
Desired survivor size 4718592 bytes, new threshold 15 (max 15)
[PSYoungGen: 257180K->4274K(257536K)] 369339K->116505K(1043968K), 0.0106732 secs] [Times: user=0.01 sys=0.00, real=0.01 secs] 
33820.096: [GC (Allocation Failure) 
Desired survivor size 4718592 bytes, new threshold 15 (max 15)
[PSYoungGen: 257202K->4257K(257536K)] 369433K->116560K(1043968K), 0.0099523 secs] [Times: user=0.02 sys=0.00, real=0.01 secs] 
33838.717: [GC (Allocation Failure) 
Desired survivor size 4718592 bytes, new threshold 15 (max 15)
[PSYoungGen: 257185K->4322K(257536K)] 369488K->116706K(1043968K), 0.0095295 secs] [Times: user=0.01 sys=0.00, real=0.01 secs] 
33857.291: [GC (Allocation Failure) 
Desired survivor size 4718592 bytes, new threshold 15 (max 15)
[PSYoungGen: 257250K->4306K(257536K)] 369634K->116769K(1043968K), 0.0098736 secs] [Times: user=0.02 sys=0.00, real=0.01 secs] 
33875.845: [GC (Allocation Failure) 
Desired survivor size 4718592 bytes, new threshold 15 (max 15)
[PSYoungGen: 257234K->4281K(257536K)] 369697K->116848K(1043968K), 0.0144144 secs] [Times: user=0.02 sys=0.00, real=0.01 secs] 
33894.415: [GC (Allocation Failure) 
Desired survivor size 4718592 bytes, new threshold 15 (max 15)
[PSYoungGen: 257209K->4319K(257536K)] 369776K->116975K(1043968K), 0.0100037 secs] [Times: user=0.02 sys=0.00, real=0.01 secs] 
33912.908: [GC (Allocation Failure) 
Desired survivor size 4718592 bytes, new threshold 15 (max 15)
[PSYoungGen: 257247K->4375K(257536K)] 369903K->117110K(1043968K), 0.0093818 secs] [Times: user=0.02 sys=0.00, real=0.01 secs] 
33931.337: [GC (Allocation Failure) 
Desired survivor size 4718592 bytes, new threshold 15 (max 15)
[PSYoungGen: 257303K->4471K(257536K)] 370038K->117286K(1043968K), 0.0101552 secs] [Times: user=0.02 sys=0.00, real=0.01 secs] 
33949.671: [GC (Allocation Failure) 
Desired survivor size 4718592 bytes, new threshold 15 (max 15)
[PSYoungGen: 257399K->4417K(257536K)] 370214K->117368K(1043968K), 0.0097763 secs] [Times: user=0.02 sys=0.00, real=0.01 secs] 
33968.148: [GC (Allocation Failure) 
Desired survivor size 4718592 bytes, new threshold 15 (max 15)
[PSYoungGen: 257345K->4390K(257536K)] 370296K->117413K(1043968K), 0.0094109 secs] [Times: user=0.02 sys=0.00, real=0.01 secs] 
33986.594: [GC (Allocation Failure) 
Desired survivor size 4718592 bytes, new threshold 15 (max 15)
[PSYoungGen: 257318K->4522K(257536K)] 370341K->117616K(1043968K), 0.0101005 secs] [Times: user=0.02 sys=0.00, real=0.01 secs] 
34005.165: [GC (Allocation Failure) 
Desired survivor size 5242880 bytes, new threshold 14 (max 15)
[PSYoungGen: 257450K->4592K(256512K)] 370544K->117783K(1042944K), 0.0102482 secs] [Times: user=0.02 sys=0.00, real=0.01 secs] 
34023.597: [GC (Allocation Failure) 
Desired survivor size 5242880 bytes, new threshold 15 (max 15)
[PSYoungGen: 256496K->4361K(257024K)] 369687K->117742K(1043456K), 0.0096225 secs] [Times: user=0.02 sys=0.00, real=0.01 secs] 
34042.127: [GC (Allocation Failure) 
Desired survivor size 5242880 bytes, new threshold 15 (max 15)
[PSYoungGen: 256265K->4536K(257024K)] 369646K->117918K(1043456K), 0.0095593 secs] [Times: user=0.01 sys=0.00, real=0.01 secs] 
34060.673: [GC (Allocation Failure) 
Desired survivor size 5242880 bytes, new threshold 15 (max 15)
[PSYoungGen: 256440K->4536K(257024K)] 369822K->117998K(1043456K), 0.0099028 secs] [Times: user=0.02 sys=0.00, real=0.01 secs] 
34079.170: [GC (Allocation Failure) 
Desired survivor size 5242880 bytes, new threshold 15 (max 15)
[PSYoungGen: 256440K->4467K(257024K)] 369902K->118055K(1043456K), 0.0114755 secs] [Times: user=0.02 sys=0.00, real=0.01 secs] 
34097.591: [GC (Allocation Failure) 
Desired survivor size 5242880 bytes, new threshold 15 (max 15)
[PSYoungGen: 256371K->4499K(257024K)] 369959K->118159K(1043456K), 0.0096002 secs] [Times: user=0.01 sys=0.00, real=0.01 secs] 
34116.220: [GC (Allocation Failure) 
Desired survivor size 5242880 bytes, new threshold 15 (max 15)
[PSYoungGen: 256403K->4532K(257024K)] 370063K->118265K(1043456K), 0.0116512 secs] [Times: user=0.02 sys=0.00, real=0.01 secs] 
34134.588: [GC (Allocation Failure) 
Desired survivor size 5242880 bytes, new threshold 15 (max 15)
[PSYoungGen: 256436K->4570K(257024K)] 370169K->118382K(1043456K), 0.0107116 secs] [Times: user=0.02 sys=0.00, real=0.01 secs] 
34153.097: [GC (Allocation Failure) 
Desired survivor size 5242880 bytes, new threshold 15 (max 15)
[PSYoungGen: 256474K->4563K(257024K)] 370286K->118455K(1043456K), 0.0091233 secs] [Times: user=0.01 sys=0.00, real=0.01 secs] 
34171.589: [GC (Allocation Failure) 
Desired survivor size 5242880 bytes, new threshold 15 (max 15)
[PSYoungGen: 256467K->4580K(257024K)] 370359K->118552K(1043456K), 0.0096060 secs] [Times: user=0.02 sys=0.00, real=0.01 secs] 
34190.094: [GC (Allocation Failure) 
Desired survivor size 5242880 bytes, new threshold 15 (max 15)
[PSYoungGen: 256484K->4438K(257024K)] 370456K->118584K(1043456K), 0.0100352 secs] [Times: user=0.02 sys=0.00, real=0.01 secs] 
34208.595: [GC (Allocation Failure) 
Desired survivor size 5242880 bytes, new threshold 15 (max 15)
[PSYoungGen: 256342K->4487K(257024K)] 370488K->118712K(1043456K), 0.0106377 secs] [Times: user=0.01 sys=0.00, real=0.01 secs] 
34227.046: [GC (Allocation Failure) 
Desired survivor size 5242880 bytes, new threshold 15 (max 15)
[PSYoungGen: 256391K->4682K(257024K)] 370616K->119011K(1043456K), 0.0101798 secs] [Times: user=0.02 sys=0.00, real=0.01 secs] 
34245.425: [GC (Allocation Failure) 
Desired survivor size 5242880 bytes, new threshold 15 (max 15)
[PSYoungGen: 256586K->4616K(257024K)] 370915K->119080K(1043456K), 0.0100321 secs] [Times: user=0.02 sys=0.00, real=0.01 secs] 
34263.918: [GC (Allocation Failure) 
Desired survivor size 5242880 bytes, new threshold 15 (max 15)
[PSYoungGen: 256520K->4345K(257024K)] 370984K->118975K(1043456K), 0.0095379 secs] [Times: user=0.02 sys=0.00, real=0.01 secs] 
34282.346: [GC (Allocation Failure) 
Desired survivor size 5242880 bytes, new threshold 15 (max 15)
[PSYoungGen: 256249K->4330K(257024K)] 370879K->119095K(1043456K), 0.0092909 secs] [Times: user=0.01 sys=0.00, real=0.01 secs] 
34300.792: [GC (Allocation Failure) 
Desired survivor size 5242880 bytes, new threshold 15 (max 15)
[PSYoungGen: 256234K->4422K(257024K)] 370999K->119259K(1043456K), 0.0129640 secs] [Times: user=0.02 sys=0.00, real=0.01 secs] 
34319.217: [GC (Allocation Failure) 
Desired survivor size 5242880 bytes, new threshold 15 (max 15)
[PSYoungGen: 256326K->4543K(257024K)] 371163K->119460K(1043456K), 0.0121971 secs] [Times: user=0.02 sys=0.00, real=0.01 secs] 
34337.596: [GC (Allocation Failure) 
Desired survivor size 5242880 bytes, new threshold 15 (max 15)
[PSYoungGen: 256447K->4477K(257024K)] 371364K->119466K(1043456K), 0.0105758 secs] [Times: user=0.02 sys=0.00, real=0.01 secs] 
34356.169: [GC (Allocation Failure) 
Desired survivor size 5242880 bytes, new threshold 15 (max 15)
[PSYoungGen: 256381K->4471K(257024K)] 371370K->119587K(1043456K), 0.0098785 secs] [Times: user=0.02 sys=0.00, real=0.01 secs] 
34374.564: [GC (Allocation Failure) 
Desired survivor size 5242880 bytes, new threshold 15 (max 15)
[PSYoungGen: 256375K->4621K(257024K)] 371491K->119809K(1043456K), 0.0099525 secs] [Times: user=0.02 sys=0.00, real=0.01 secs] 
34392.974: [GC (Allocation Failure) 
Desired survivor size 5242880 bytes, new threshold 15 (max 15)
[PSYoungGen: 256525K->4595K(257024K)] 371713K->119855K(1043456K), 0.0096822 secs] [Times: user=0.01 sys=0.00, real=0.01 secs] 
34411.422: [GC (Allocation Failure) 
Desired survivor size 5242880 bytes, new threshold 15 (max 15)
[PSYoungGen: 256499K->4444K(257024K)] 371759K->119885K(1043456K), 0.0096285 secs] [Times: user=0.02 sys=0.00, real=0.01 secs] 
34429.845: [GC (Allocation Failure) 
Desired survivor size 5242880 bytes, new threshold 15 (max 15)
[PSYoungGen: 256348K->4493K(257024K)] 371789K->120006K(1043456K), 0.0113061 secs] [Times: user=0.02 sys=0.00, real=0.01 secs] 
34448.347: [GC (Allocation Failure) 
Desired survivor size 5242880 bytes, new threshold 15 (max 15)
[PSYoungGen: 256397K->4456K(257024K)] 371910K->120041K(1043456K), 0.0094004 secs] [Times: user=0.01 sys=0.00, real=0.01 secs] 
34466.721: [GC (Allocation Failure) 
Desired survivor size 5242880 bytes, new threshold 15 (max 15)
[PSYoungGen: 256360K->4430K(257024K)] 371945K->120087K(1043456K), 0.0092849 secs] [Times: user=0.01 sys=0.00, real=0.01 secs] 
34485.295: [GC (Allocation Failure) 
Desired survivor size 5242880 bytes, new threshold 15 (max 15)
[PSYoungGen: 256334K->4445K(257024K)] 371991K->120182K(1043456K), 0.0102337 secs] [Times: user=0.02 sys=0.00, real=0.02 secs] 
34503.711: [GC (Allocation Failure) 
Desired survivor size 5242880 bytes, new threshold 15 (max 15)
[PSYoungGen: 256347K->4595K(257024K)] 372084K->120413K(1043456K), 0.0095083 secs] [Times: user=0.02 sys=0.00, real=0.01 secs] 
34522.170: [GC (Allocation Failure) 
Desired survivor size 5242880 bytes, new threshold 15 (max 15)
[PSYoungGen: 256499K->4758K(257024K)] 372317K->120655K(1043456K), 0.0098215 secs] [Times: user=0.02 sys=0.00, real=0.01 secs] 
34540.587: [GC (Allocation Failure) 
Desired survivor size 5242880 bytes, new threshold 15 (max 15)
[PSYoungGen: 256662K->4780K(257024K)] 372559K->120757K(1043456K), 0.0099877 secs] [Times: user=0.01 sys=0.00, real=0.01 secs] 
34558.675: [GC (Allocation Failure) 
Desired survivor size 5242880 bytes, new threshold 15 (max 15)
[PSYoungGen: 256684K->4608K(257024K)] 372661K->120715K(1043456K), 0.0126089 secs] [Times: user=0.01 sys=0.00, real=0.02 secs] 
34577.171: [GC (Allocation Failure) 
Desired survivor size 5242880 bytes, new threshold 15 (max 15)
[PSYoungGen: 256512K->4537K(257024K)] 372619K->120770K(1043456K), 0.0110153 secs] [Times: user=0.01 sys=0.00, real=0.01 secs] 
34595.681: [GC (Allocation Failure) 
Desired survivor size 5242880 bytes, new threshold 15 (max 15)
[PSYoungGen: 256441K->4618K(257024K)] 372674K->120981K(1043456K), 0.0162149 secs] [Times: user=0.02 sys=0.00, real=0.02 secs] 
34614.218: [GC (Allocation Failure) 
Desired survivor size 5242880 bytes, new threshold 15 (max 15)
[PSYoungGen: 256522K->4553K(257024K)] 372885K->120987K(1043456K), 0.0105503 secs] [Times: user=0.01 sys=0.00, real=0.01 secs] 
34632.670: [GC (Allocation Failure) 
Desired survivor size 5242880 bytes, new threshold 15 (max 15)
[PSYoungGen: 256457K->4539K(257024K)] 372891K->121046K(1043456K), 0.0107520 secs] [Times: user=0.01 sys=0.00, real=0.01 secs] 
34651.094: [GC (Allocation Failure) 
Desired survivor size 5242880 bytes, new threshold 15 (max 15)
[PSYoungGen: 256443K->4483K(257024K)] 372950K->121163K(1043456K), 0.0099083 secs] [Times: user=0.02 sys=0.00, real=0.01 secs] 
34669.595: [GC (Allocation Failure) 
Desired survivor size 5242880 bytes, new threshold 15 (max 15)
[PSYoungGen: 256387K->4580K(257024K)] 373067K->121332K(1043456K), 0.0103089 secs] [Times: user=0.02 sys=0.00, real=0.01 secs] 
34688.088: [GC (Allocation Failure) 
Desired survivor size 5242880 bytes, new threshold 15 (max 15)
[PSYoungGen: 256484K->4500K(257024K)] 373236K->121379K(1043456K), 0.0101686 secs] [Times: user=0.01 sys=0.00, real=0.01 secs] 
34706.542: [GC (Allocation Failure) 
Desired survivor size 5242880 bytes, new threshold 15 (max 15)
[PSYoungGen: 256404K->4548K(257024K)] 373283K->121546K(1043456K), 0.0108229 secs] [Times: user=0.02 sys=0.00, real=0.01 secs] 
34724.963: [GC (Allocation Failure) 
Desired survivor size 5242880 bytes, new threshold 15 (max 15)
[PSYoungGen: 256452K->4553K(257024K)] 373450K->121630K(1043456K), 0.0109051 secs] [Times: user=0.01 sys=0.00, real=0.01 secs] 
34743.423: [GC (Allocation Failure) 
Desired survivor size 5242880 bytes, new threshold 15 (max 15)
[PSYoungGen: 256457K->4482K(257024K)] 373534K->121687K(1043456K), 0.0096272 secs] [Times: user=0.02 sys=0.00, real=0.01 secs] 
34761.923: [GC (Allocation Failure) 
Desired survivor size 5242880 bytes, new threshold 15 (max 15)
[PSYoungGen: 256386K->4532K(257024K)] 373591K->121808K(1043456K), 0.0106424 secs] [Times: user=0.02 sys=0.00, real=0.01 secs] 
34780.345: [GC (Allocation Failure) 
Desired survivor size 5242880 bytes, new threshold 15 (max 15)
[PSYoungGen: 256436K->4526K(257024K)] 373712K->121929K(1043456K), 0.0098627 secs] [Times: user=0.01 sys=0.00, real=0.01 secs] 
34798.760: [GC (Allocation Failure) 
Desired survivor size 5242880 bytes, new threshold 15 (max 15)
[PSYoungGen: 256430K->4547K(257024K)] 373833K->122022K(1043456K), 0.0095755 secs] [Times: user=0.02 sys=0.00, real=0.01 secs] 
34817.214: [GC (Allocation Failure) 
Desired survivor size 5242880 bytes, new threshold 15 (max 15)
[PSYoungGen: 256451K->4719K(257024K)] 373926K->122275K(1043456K), 0.0097705 secs] [Times: user=0.01 sys=0.00, real=0.01 secs] 
34835.703: [GC (Allocation Failure) 
Desired survivor size 5242880 bytes, new threshold 15 (max 15)
[PSYoungGen: 256623K->4708K(257024K)] 374179K->122368K(1043456K), 0.0162140 secs] [Times: user=0.03 sys=0.00, real=0.02 secs] 
34854.174: [GC (Allocation Failure) 
Desired survivor size 5242880 bytes, new threshold 15 (max 15)
[PSYoungGen: 256612K->4558K(257024K)] 374272K->122344K(1043456K), 0.0116407 secs] [Times: user=0.02 sys=0.00, real=0.01 secs] 
34872.670: [GC (Allocation Failure) 
Desired survivor size 5242880 bytes, new threshold 15 (max 15)
[PSYoungGen: 256462K->4538K(257024K)] 374248K->122396K(1043456K), 0.0098609 secs] [Times: user=0.02 sys=0.00, real=0.01 secs] 
34891.089: [GC (Allocation Failure) 
Desired survivor size 5242880 bytes, new threshold 15 (max 15)
[PSYoungGen: 256442K->4575K(257024K)] 374300K->122513K(1043456K), 0.0093756 secs] [Times: user=0.01 sys=0.00, real=0.01 secs] 
34909.595: [GC (Allocation Failure) 
Desired survivor size 5242880 bytes, new threshold 15 (max 15)
[PSYoungGen: 256479K->4640K(257024K)] 374417K->122650K(1043456K), 0.0101340 secs] [Times: user=0.02 sys=0.00, real=0.01 secs] 
34928.096: [GC (Allocation Failure) 
Desired survivor size 5242880 bytes, new threshold 15 (max 15)
[PSYoungGen: 256544K->4600K(257024K)] 374554K->122691K(1043456K), 0.0097071 secs] [Times: user=0.02 sys=0.00, real=0.01 secs] 
34946.670: [GC (Allocation Failure) 
Desired survivor size 5242880 bytes, new threshold 15 (max 15)
[PSYoungGen: 256504K->4504K(257024K)] 374595K->122723K(1043456K), 0.0118559 secs] [Times: user=0.02 sys=0.00, real=0.01 secs] 
34965.214: [GC (Allocation Failure) 
Desired survivor size 5242880 bytes, new threshold 15 (max 15)
[PSYoungGen: 256408K->4435K(257024K)] 374627K->122781K(1043456K), 0.0097119 secs] [Times: user=0.02 sys=0.00, real=0.01 secs] 
34983.715: [GC (Allocation Failure) 
Desired survivor size 5242880 bytes, new threshold 15 (max 15)
[PSYoungGen: 256339K->4427K(257024K)] 374685K->122892K(1043456K), 0.0101527 secs] [Times: user=0.02 sys=0.00, real=0.01 secs] 
35002.220: [GC (Allocation Failure) 
Desired survivor size 5242880 bytes, new threshold 15 (max 15)
[PSYoungGen: 256331K->4303K(257024K)] 374796K->122887K(1043456K), 0.0098425 secs] [Times: user=0.02 sys=0.00, real=0.01 secs] 
35020.714: [GC (Allocation Failure) 
Desired survivor size 5242880 bytes, new threshold 15 (max 15)
[PSYoungGen: 256207K->4317K(257024K)] 374791K->123020K(1043456K), 0.0107631 secs] [Times: user=0.02 sys=0.00, real=0.01 secs] 
35039.050: [GC (Allocation Failure) 
Desired survivor size 5242880 bytes, new threshold 15 (max 15)
[PSYoungGen: 256221K->4357K(257024K)] 374924K->123139K(1043456K), 0.0104189 secs] [Times: user=0.01 sys=0.00, real=0.01 secs] 
35057.665: [GC (Allocation Failure) 
Desired survivor size 5242880 bytes, new threshold 15 (max 15)
[PSYoungGen: 256261K->4318K(257024K)] 375043K->123228K(1043456K), 0.0110290 secs] [Times: user=0.02 sys=0.00, real=0.01 secs] 
35076.172: [GC (Allocation Failure) 
Desired survivor size 5242880 bytes, new threshold 15 (max 15)
[PSYoungGen: 256222K->4215K(257024K)] 375132K->123252K(1043456K), 0.0109321 secs] [Times: user=0.01 sys=0.00, real=0.01 secs] 
35094.718: [GC (Allocation Failure) 
Desired survivor size 5242880 bytes, new threshold 15 (max 15)
[PSYoungGen: 256119K->4345K(257024K)] 375156K->123453K(1043456K), 0.0099289 secs] [Times: user=0.01 sys=0.00, real=0.01 secs] 
35113.218: [GC (Allocation Failure) 
Desired survivor size 5242880 bytes, new threshold 15 (max 15)
[PSYoungGen: 256249K->4215K(257024K)] 375357K->123396K(1043456K), 0.0113659 secs] [Times: user=0.01 sys=0.00, real=0.01 secs] 
35131.594: [GC (Allocation Failure) 
Desired survivor size 5242880 bytes, new threshold 15 (max 15)
[PSYoungGen: 256119K->4424K(257024K)] 375300K->123676K(1043456K), 0.0128425 secs] [Times: user=0.02 sys=0.00, real=0.01 secs] 
35149.972: [GC (Allocation Failure) 
Desired survivor size 5242880 bytes, new threshold 15 (max 15)
[PSYoungGen: 256328K->4328K(257024K)] 375580K->123707K(1043456K), 0.0108058 secs] [Times: user=0.02 sys=0.00, real=0.01 secs] 
35168.214: [GC (Allocation Failure) 
Desired survivor size 5242880 bytes, new threshold 15 (max 15)
[PSYoungGen: 256232K->4301K(257024K)] 375611K->123752K(1043456K), 0.0112102 secs] [Times: user=0.01 sys=0.00, real=0.01 secs] 
35186.671: [GC (Allocation Failure) 
Desired survivor size 5242880 bytes, new threshold 15 (max 15)
[PSYoungGen: 256205K->4290K(257024K)] 375656K->123813K(1043456K), 0.0103614 secs] [Times: user=0.01 sys=0.00, real=0.02 secs] 
35205.174: [GC (Allocation Failure) 
Desired survivor size 5242880 bytes, new threshold 15 (max 15)
[PSYoungGen: 256194K->4308K(257024K)] 375717K->123903K(1043456K), 0.0128067 secs] [Times: user=0.02 sys=0.00, real=0.02 secs] 
35223.713: [GC (Allocation Failure) 
Desired survivor size 5242880 bytes, new threshold 15 (max 15)
[PSYoungGen: 256212K->4307K(257024K)] 375807K->123974K(1043456K), 0.0099468 secs] [Times: user=0.01 sys=0.00, real=0.01 secs] 
35242.093: [GC (Allocation Failure) 
Desired survivor size 5242880 bytes, new threshold 15 (max 15)
[PSYoungGen: 256211K->4265K(257024K)] 375878K->124012K(1043456K), 0.0103185 secs] [Times: user=0.02 sys=0.01, real=0.01 secs] 
35260.673: [GC (Allocation Failure) 
Desired survivor size 5242880 bytes, new threshold 15 (max 15)
[PSYoungGen: 256169K->4376K(257024K)] 375916K->124195K(1043456K), 0.0098810 secs] [Times: user=0.01 sys=0.01, real=0.01 secs] 
35279.095: [GC (Allocation Failure) 
Desired survivor size 5242880 bytes, new threshold 15 (max 15)
[PSYoungGen: 256280K->4432K(257024K)] 376099K->124323K(1043456K), 0.0096602 secs] [Times: user=0.02 sys=0.00, real=0.01 secs] 
35297.541: [GC (Allocation Failure) 
Desired survivor size 5242880 bytes, new threshold 15 (max 15)
[PSYoungGen: 256336K->4492K(257024K)] 376227K->124463K(1043456K), 0.0102424 secs] [Times: user=0.02 sys=0.00, real=0.01 secs] 
35315.950: [GC (Allocation Failure) 
Desired survivor size 5242880 bytes, new threshold 15 (max 15)
[PSYoungGen: 256396K->4611K(257024K)] 376367K->124709K(1043456K), 0.0118334 secs] [Times: user=0.02 sys=0.00, real=0.02 secs] 
35334.343: [GC (Allocation Failure) 
Desired survivor size 5242880 bytes, new threshold 15 (max 15)
[PSYoungGen: 256515K->4569K(257024K)] 376613K->124739K(1043456K), 0.0096920 secs] [Times: user=0.01 sys=0.00, real=0.01 secs] 
35352.827: [GC (Allocation Failure) 
Desired survivor size 5242880 bytes, new threshold 15 (max 15)
[PSYoungGen: 256473K->4552K(257024K)] 376643K->124794K(1043456K), 0.0106302 secs] [Times: user=0.02 sys=0.00, real=0.02 secs] 
35371.223: [GC (Allocation Failure) 
Desired survivor size 5242880 bytes, new threshold 15 (max 15)
[PSYoungGen: 256456K->4403K(257024K)] 376698K->124774K(1043456K), 0.0105431 secs] [Times: user=0.01 sys=0.00, real=0.01 secs] 
35389.838: [GC (Allocation Failure) 
Desired survivor size 5242880 bytes, new threshold 15 (max 15)
[PSYoungGen: 256307K->4499K(257024K)] 376678K->124950K(1043456K), 0.0126500 secs] [Times: user=0.02 sys=0.00, real=0.01 secs] 
35408.298: [GC (Allocation Failure) 
Desired survivor size 5242880 bytes, new threshold 15 (max 15)
[PSYoungGen: 256403K->4537K(257024K)] 376854K->125067K(1043456K), 0.0095037 secs] [Times: user=0.02 sys=0.00, real=0.01 secs] 
35426.714: [GC (Allocation Failure) 
Desired survivor size 5242880 bytes, new threshold 15 (max 15)
[PSYoungGen: 256441K->4785K(257024K)] 376971K->125388K(1043456K), 0.0101463 secs] [Times: user=0.01 sys=0.00, real=0.01 secs] 
35445.290: [GC (Allocation Failure) 
Desired survivor size 5242880 bytes, new threshold 15 (max 15)
[PSYoungGen: 256689K->4618K(257024K)] 377292K->125380K(1043456K), 0.0098508 secs] [Times: user=0.01 sys=0.00, real=0.01 secs] 
35463.672: [GC (Allocation Failure) 
Desired survivor size 5242880 bytes, new threshold 15 (max 15)
[PSYoungGen: 256522K->4562K(257024K)] 377284K->125451K(1043456K), 0.0095114 secs] [Times: user=0.02 sys=0.00, real=0.01 secs] 
35482.170: [GC (Allocation Failure) 
Desired survivor size 5242880 bytes, new threshold 15 (max 15)
[PSYoungGen: 256466K->4538K(257024K)] 377355K->125498K(1043456K), 0.0111537 secs] [Times: user=0.02 sys=0.00, real=0.01 secs] 
35500.700: [GC (Allocation Failure) 
Desired survivor size 5242880 bytes, new threshold 15 (max 15)
[PSYoungGen: 256442K->4563K(257024K)] 377402K->125595K(1043456K), 0.0101356 secs] [Times: user=0.02 sys=0.00, real=0.01 secs] 
35519.175: [GC (Allocation Failure) 
Desired survivor size 5242880 bytes, new threshold 15 (max 15)
[PSYoungGen: 256467K->4375K(257024K)] 377499K->125487K(1043456K), 0.0103363 secs] [Times: user=0.02 sys=0.00, real=0.01 secs] 
35537.712: [GC (Allocation Failure) 
Desired survivor size 5242880 bytes, new threshold 15 (max 15)
[PSYoungGen: 256279K->4493K(257024K)] 377391K->125678K(1043456K), 0.0101384 secs] [Times: user=0.02 sys=0.00, real=0.01 secs] 
35556.176: [GC (Allocation Failure) 
Desired survivor size 5242880 bytes, new threshold 15 (max 15)
[PSYoungGen: 256397K->4412K(257024K)] 377582K->125723K(1043456K), 0.0097530 secs] [Times: user=0.02 sys=0.00, real=0.01 secs] 
35574.713: [GC (Allocation Failure) 
Desired survivor size 5242880 bytes, new threshold 15 (max 15)
[PSYoungGen: 256316K->4509K(257024K)] 377627K->125900K(1043456K), 0.0099208 secs] [Times: user=0.02 sys=0.00, real=0.01 secs] 
35593.220: [GC (Allocation Failure) 
Desired survivor size 5242880 bytes, new threshold 15 (max 15)
[PSYoungGen: 256413K->4423K(257024K)] 377804K->125941K(1043456K), 0.0096784 secs] [Times: user=0.01 sys=0.00, real=0.01 secs] 
35611.669: [GC (Allocation Failure) 
Desired survivor size 5242880 bytes, new threshold 15 (max 15)
[PSYoungGen: 256327K->4454K(257024K)] 377845K->126099K(1043456K), 0.0102440 secs] [Times: user=0.02 sys=0.00, real=0.01 secs] 
35630.217: [GC (Allocation Failure) 
Desired survivor size 5242880 bytes, new threshold 15 (max 15)
[PSYoungGen: 256358K->4437K(257024K)] 378003K->126209K(1043456K), 0.0097751 secs] [Times: user=0.01 sys=0.00, real=0.01 secs] 
35648.704: [GC (Allocation Failure) 
Desired survivor size 5242880 bytes, new threshold 15 (max 15)
[PSYoungGen: 256341K->4346K(257024K)] 378113K->126236K(1043456K), 0.0099473 secs] [Times: user=0.02 sys=0.00, real=0.01 secs] 
35667.224: [GC (Allocation Failure) 
Desired survivor size 5242880 bytes, new threshold 15 (max 15)
[PSYoungGen: 256250K->4345K(257024K)] 378140K->126315K(1043456K), 0.0104140 secs] [Times: user=0.02 sys=0.00, real=0.01 secs] 
35685.722: [GC (Allocation Failure) 
Desired survivor size 5242880 bytes, new threshold 15 (max 15)
[PSYoungGen: 256249K->4234K(257024K)] 378219K->126331K(1043456K), 0.0169932 secs] [Times: user=0.03 sys=0.00, real=0.02 secs] 
35704.220: [GC (Allocation Failure) 
Desired survivor size 5242880 bytes, new threshold 15 (max 15)
[PSYoungGen: 256138K->4307K(257024K)] 378235K->126524K(1043456K), 0.0097782 secs] [Times: user=0.01 sys=0.01, real=0.01 secs] 
35722.547: [GC (Allocation Failure) 
Desired survivor size 5242880 bytes, new threshold 15 (max 15)
[PSYoungGen: 256211K->4530K(257024K)] 378428K->126826K(1043456K), 0.0126435 secs] [Times: user=0.02 sys=0.00, real=0.01 secs] 
35741.048: [GC (Allocation Failure) 
Desired survivor size 5242880 bytes, new threshold 15 (max 15)
[PSYoungGen: 256434K->4483K(257024K)] 378730K->126859K(1043456K), 0.0092314 secs] [Times: user=0.02 sys=0.00, real=0.01 secs] 
35759.542: [GC (Allocation Failure) 
Desired survivor size 5242880 bytes, new threshold 15 (max 15)
[PSYoungGen: 256387K->4298K(257024K)] 378763K->126801K(1043456K), 0.0095346 secs] [Times: user=0.01 sys=0.00, real=0.01 secs] 
35777.801: [GC (Allocation Failure) 
Desired survivor size 5242880 bytes, new threshold 15 (max 15)
[PSYoungGen: 256202K->4363K(257024K)] 378705K->126938K(1043456K), 0.0102136 secs] [Times: user=0.02 sys=0.00, real=0.01 secs] 
35796.303: [GC (Allocation Failure) 
Desired survivor size 5242880 bytes, new threshold 15 (max 15)
[PSYoungGen: 256267K->4410K(257024K)] 378842K->127057K(1043456K), 0.0116242 secs] [Times: user=0.02 sys=0.00, real=0.02 secs] 
35814.840: [GC (Allocation Failure) 
Desired survivor size 5242880 bytes, new threshold 15 (max 15)
[PSYoungGen: 256314K->4362K(257024K)] 378961K->127089K(1043456K), 0.0101181 secs] [Times: user=0.02 sys=0.00, real=0.01 secs] 
35833.348: [GC (Allocation Failure) 
Desired survivor size 5242880 bytes, new threshold 15 (max 15)
[PSYoungGen: 256266K->4339K(257024K)] 378993K->127193K(1043456K), 0.0096641 secs] [Times: user=0.02 sys=0.00, real=0.01 secs] 
35851.846: [GC (Allocation Failure) 
Desired survivor size 5242880 bytes, new threshold 15 (max 15)
[PSYoungGen: 256243K->4243K(257024K)] 379097K->127226K(1043456K), 0.0096888 secs] [Times: user=0.02 sys=0.00, real=0.01 secs] 
35870.416: [GC (Allocation Failure) 
Desired survivor size 5242880 bytes, new threshold 15 (max 15)
[PSYoungGen: 256147K->4323K(257024K)] 379130K->127378K(1043456K), 0.0101016 secs] [Times: user=0.02 sys=0.00, real=0.01 secs] 
35888.845: [GC (Allocation Failure) 
Desired survivor size 5242880 bytes, new threshold 15 (max 15)
[PSYoungGen: 256227K->4210K(257024K)] 379282K->127392K(1043456K), 0.0096677 secs] [Times: user=0.02 sys=0.00, real=0.01 secs] 
35907.347: [GC (Allocation Failure) 
Desired survivor size 5242880 bytes, new threshold 15 (max 15)
[PSYoungGen: 256114K->4226K(257024K)] 379296K->127527K(1043456K), 0.0094405 secs] [Times: user=0.01 sys=0.00, real=0.01 secs] 
35925.921: [GC (Allocation Failure) 
Desired survivor size 4718592 bytes, new threshold 15 (max 15)
[PSYoungGen: 256130K->4291K(257536K)] 379431K->127671K(1043968K), 0.0121644 secs] [Times: user=0.02 sys=0.00, real=0.01 secs] 
35944.422: [GC (Allocation Failure) 
Desired survivor size 4718592 bytes, new threshold 15 (max 15)
[PSYoungGen: 256707K->4210K(257024K)] 380087K->127663K(1043456K), 0.0098416 secs] [Times: user=0.02 sys=0.01, real=0.01 secs] 
35962.970: [GC (Allocation Failure) 
Desired survivor size 4718592 bytes, new threshold 15 (max 15)
[PSYoungGen: 256626K->4307K(257536K)] 380079K->127886K(1043968K), 0.0107129 secs] [Times: user=0.02 sys=0.00, real=0.01 secs] 
35981.587: [GC (Allocation Failure) 
Desired survivor size 4718592 bytes, new threshold 15 (max 15)
[PSYoungGen: 257235K->4291K(257536K)] 380814K->127950K(1043968K), 0.0101020 secs] [Times: user=0.01 sys=0.00, real=0.01 secs] 
36000.047: [GC (Allocation Failure) 
Desired survivor size 4718592 bytes, new threshold 15 (max 15)
[PSYoungGen: 257219K->4189K(257536K)] 380878K->128030K(1043968K), 0.0105650 secs] [Times: user=0.02 sys=0.00, real=0.01 secs] 
36018.535: [GC (Allocation Failure) 
Desired survivor size 4718592 bytes, new threshold 15 (max 15)
[PSYoungGen: 257117K->4413K(257536K)] 380958K->128326K(1043968K), 0.0096033 secs] [Times: user=0.02 sys=0.00, real=0.01 secs] 
36033.311: [GC (System.gc()) 
Desired survivor size 4718592 bytes, new threshold 15 (max 15)
[PSYoungGen: 207486K->4229K(257536K)] 331399K->128214K(1043968K), 0.0126900 secs] [Times: user=0.01 sys=0.00, real=0.01 secs] 
36033.324: [Full GC (System.gc()) [PSYoungGen: 4229K->0K(257536K)] [ParOldGen: 123984K->106996K(786432K)] 128214K->106996K(1043968K), [Metaspace: 91741K->91741K(1132544K)], 0.3296174 secs] [Times: user=0.52 sys=0.00, real=0.33 secs] 
36051.674: [GC (Allocation Failure) 
Desired survivor size 5242880 bytes, new threshold 15 (max 15)
[PSYoungGen: 252928K->3562K(256512K)] 359924K->110558K(1042944K), 0.0103219 secs] [Times: user=0.02 sys=0.00, real=0.01 secs] 
36070.292: [GC (Allocation Failure) 
Desired survivor size 5242880 bytes, new threshold 15 (max 15)
[PSYoungGen: 256490K->3706K(257024K)] 363486K->110702K(1043456K), 0.0096212 secs] [Times: user=0.01 sys=0.00, real=0.01 secs] 
36088.711: [GC (Allocation Failure) 
Desired survivor size 5242880 bytes, new threshold 15 (max 15)
[PSYoungGen: 255610K->3738K(257024K)] 362606K->110735K(1043456K), 0.0096312 secs] [Times: user=0.01 sys=0.00, real=0.01 secs] 
36107.292: [GC (Allocation Failure) 
Desired survivor size 5242880 bytes, new threshold 15 (max 15)
[PSYoungGen: 255642K->3803K(257024K)] 362639K->110799K(1043456K), 0.0092409 secs] [Times: user=0.02 sys=0.00, real=0.00 secs] 
36125.723: [GC (Allocation Failure) 
Desired survivor size 5242880 bytes, new threshold 15 (max 15)
[PSYoungGen: 255707K->3922K(257024K)] 362703K->110918K(1043456K), 0.0155918 secs] [Times: user=0.02 sys=0.00, real=0.02 secs] 
36144.295: [GC (Allocation Failure) 
Desired survivor size 5242880 bytes, new threshold 15 (max 15)
[PSYoungGen: 255826K->3985K(257024K)] 362822K->110982K(1043456K), 0.0088019 secs] [Times: user=0.02 sys=0.00, real=0.01 secs] 
36162.719: [GC (Allocation Failure) 
Desired survivor size 4718592 bytes, new threshold 15 (max 15)
[PSYoungGen: 255889K->4058K(257024K)] 362886K->111054K(1043456K), 0.0098043 secs] [Times: user=0.01 sys=0.00, real=0.01 secs] 
36181.174: [GC (Allocation Failure) 
Desired survivor size 4718592 bytes, new threshold 15 (max 15)
[PSYoungGen: 255962K->4127K(257536K)] 362958K->111124K(1043968K), 0.0103701 secs] [Times: user=0.02 sys=0.00, real=0.01 secs] 
36199.720: [GC (Allocation Failure) 
Desired survivor size 4718592 bytes, new threshold 15 (max 15)
[PSYoungGen: 257055K->4262K(257536K)] 364052K->111266K(1043968K), 0.0088105 secs] [Times: user=0.01 sys=0.00, real=0.01 secs] 
36218.344: [GC (Allocation Failure) 
Desired survivor size 4718592 bytes, new threshold 15 (max 15)
[PSYoungGen: 257190K->4279K(257536K)] 364194K->111283K(1043968K), 0.0093897 secs] [Times: user=0.02 sys=0.00, real=0.01 secs] 
36236.963: [GC (Allocation Failure) 
Desired survivor size 5242880 bytes, new threshold 15 (max 15)
[PSYoungGen: 257207K->4373K(257536K)] 364211K->111377K(1043968K), 0.0101394 secs] [Times: user=0.02 sys=0.00, real=0.01 secs] 
36255.551: [GC (Allocation Failure) 
Desired survivor size 5242880 bytes, new threshold 15 (max 15)
[PSYoungGen: 257301K->4374K(256512K)] 364305K->111379K(1042944K), 0.0090909 secs] [Times: user=0.02 sys=0.00, real=0.01 secs] 
36274.051: [GC (Allocation Failure) 
Desired survivor size 5242880 bytes, new threshold 15 (max 15)
[PSYoungGen: 256278K->4405K(257024K)] 363283K->111409K(1043456K), 0.0093368 secs] [Times: user=0.02 sys=0.00, real=0.01 secs] 
36292.548: [GC (Allocation Failure) 
Desired survivor size 5242880 bytes, new threshold 15 (max 15)
[PSYoungGen: 256309K->4422K(257024K)] 363313K->111427K(1043456K), 0.0108131 secs] [Times: user=0.02 sys=0.00, real=0.01 secs] 
36311.095: [GC (Allocation Failure) 
Desired survivor size 5242880 bytes, new threshold 15 (max 15)
[PSYoungGen: 256326K->4535K(257024K)] 363331K->111539K(1043456K), 0.0105696 secs] [Times: user=0.01 sys=0.00, real=0.01 secs] 
36329.457: [GC (Allocation Failure) 
Desired survivor size 5242880 bytes, new threshold 15 (max 15)
[PSYoungGen: 256439K->4293K(257024K)] 363443K->111973K(1043456K), 0.0102954 secs] [Times: user=0.02 sys=0.00, real=0.01 secs] 
36347.919: [GC (Allocation Failure) 
Desired survivor size 5242880 bytes, new threshold 15 (max 15)
[PSYoungGen: 256197K->4085K(257024K)] 363877K->111820K(1043456K), 0.0092245 secs] [Times: user=0.01 sys=0.00, real=0.01 secs] 
36366.215: [GC (Allocation Failure) 
Desired survivor size 5242880 bytes, new threshold 15 (max 15)
[PSYoungGen: 255989K->4067K(257024K)] 363724K->111859K(1043456K), 0.0102256 secs] [Times: user=0.02 sys=0.00, real=0.01 secs] 
36384.710: [GC (Allocation Failure) 
Desired survivor size 5242880 bytes, new threshold 15 (max 15)
[PSYoungGen: 255971K->4131K(257024K)] 363763K->111970K(1043456K), 0.0088641 secs] [Times: user=0.01 sys=0.00, real=0.01 secs] 
36403.220: [GC (Allocation Failure) 
Desired survivor size 5242880 bytes, new threshold 15 (max 15)
[PSYoungGen: 256035K->4078K(257024K)] 363874K->112021K(1043456K), 0.0087518 secs] [Times: user=0.01 sys=0.00, real=0.01 secs] 
36421.674: [GC (Allocation Failure) 
Desired survivor size 5242880 bytes, new threshold 15 (max 15)
[PSYoungGen: 255982K->4034K(257024K)] 363925K->112032K(1043456K), 0.0103138 secs] [Times: user=0.02 sys=0.00, real=0.01 secs] 
36440.221: [GC (Allocation Failure) 
Desired survivor size 5242880 bytes, new threshold 15 (max 15)
[PSYoungGen: 255938K->4077K(257024K)] 363936K->112178K(1043456K), 0.0100055 secs] [Times: user=0.01 sys=0.00, real=0.01 secs] 
36458.747: [GC (Allocation Failure) 
Desired survivor size 4718592 bytes, new threshold 15 (max 15)
[PSYoungGen: 255981K->4006K(257024K)] 364082K->112210K(1043456K), 0.0090488 secs] [Times: user=0.01 sys=0.00, real=0.01 secs] 
36477.297: [GC (Allocation Failure) 
Desired survivor size 4718592 bytes, new threshold 15 (max 15)
[PSYoungGen: 255910K->3920K(257536K)] 364114K->112227K(1043968K), 0.0109162 secs] [Times: user=0.01 sys=0.00, real=0.01 secs] 
36495.969: [GC (Allocation Failure) 
Desired survivor size 4718592 bytes, new threshold 15 (max 15)
[PSYoungGen: 256848K->4128K(257536K)] 365155K->112483K(1043968K), 0.0107574 secs] [Times: user=0.02 sys=0.00, real=0.01 secs] 
36514.546: [GC (Allocation Failure) 
Desired survivor size 4718592 bytes, new threshold 15 (max 15)
[PSYoungGen: 257056K->4063K(257536K)] 365411K->112474K(1043968K), 0.0088975 secs] [Times: user=0.02 sys=0.00, real=0.01 secs] 
36533.045: [GC (Allocation Failure) 
Desired survivor size 4718592 bytes, new threshold 15 (max 15)
[PSYoungGen: 256991K->4205K(257536K)] 365402K->112672K(1043968K), 0.0102459 secs] [Times: user=0.01 sys=0.00, real=0.01 secs] 
36551.597: [GC (Allocation Failure) 
Desired survivor size 4718592 bytes, new threshold 15 (max 15)
[PSYoungGen: 257133K->4237K(257536K)] 365600K->112760K(1043968K), 0.0101594 secs] [Times: user=0.02 sys=0.01, real=0.01 secs] 
36570.204: [GC (Allocation Failure) 
Desired survivor size 4718592 bytes, new threshold 15 (max 15)
[PSYoungGen: 257165K->4316K(257536K)] 365688K->112895K(1043968K), 0.0092303 secs] [Times: user=0.01 sys=0.00, real=0.01 secs] 
36588.721: [GC (Allocation Failure) 
Desired survivor size 4718592 bytes, new threshold 15 (max 15)
[PSYoungGen: 257244K->4205K(257536K)] 365823K->112840K(1043968K), 0.0096334 secs] [Times: user=0.02 sys=0.00, real=0.01 secs] 
36607.416: [GC (Allocation Failure) 
Desired survivor size 4718592 bytes, new threshold 15 (max 15)
[PSYoungGen: 257133K->4277K(257536K)] 365768K->113031K(1043968K), 0.0100711 secs] [Times: user=0.02 sys=0.00, real=0.01 secs] 
36625.845: [GC (Allocation Failure) 
Desired survivor size 4718592 bytes, new threshold 15 (max 15)
[PSYoungGen: 257205K->4392K(257536K)] 365959K->113218K(1043968K), 0.0137783 secs] [Times: user=0.02 sys=0.00, real=0.01 secs] 
36644.470: [GC (Allocation Failure) 
Desired survivor size 4718592 bytes, new threshold 15 (max 15)
[PSYoungGen: 257320K->4312K(257536K)] 366146K->113250K(1043968K), 0.0099640 secs] [Times: user=0.02 sys=0.00, real=0.01 secs] 
36663.041: [GC (Allocation Failure) 
Desired survivor size 4718592 bytes, new threshold 15 (max 15)
[PSYoungGen: 257240K->4312K(257536K)] 366178K->113330K(1043968K), 0.0095534 secs] [Times: user=0.01 sys=0.00, real=0.01 secs] 
36681.598: [GC (Allocation Failure) 
Desired survivor size 4718592 bytes, new threshold 15 (max 15)
[PSYoungGen: 257240K->4297K(257536K)] 366258K->113386K(1043968K), 0.0102269 secs] [Times: user=0.02 sys=0.00, real=0.01 secs] 
36700.219: [GC (Allocation Failure) 
Desired survivor size 4718592 bytes, new threshold 15 (max 15)
[PSYoungGen: 257225K->4242K(257536K)] 366314K->113450K(1043968K), 0.0105230 secs] [Times: user=0.02 sys=0.00, real=0.01 secs] 
36724.046: [GC (Allocation Failure) 
Desired survivor size 5242880 bytes, new threshold 14 (max 15)
[PSYoungGen: 257170K->4592K(257536K)] 366378K->114944K(1043968K), 0.0100420 secs] [Times: user=0.02 sys=0.00, real=0.01 secs] 
36759.048: [GC (Allocation Failure) 
Desired survivor size 5767168 bytes, new threshold 13 (max 15)
[PSYoungGen: 257520K->4602K(255488K)] 367872K->115650K(1041920K), 0.0101220 secs] [Times: user=0.02 sys=0.00, real=0.01 secs] 
36793.919: [GC (Allocation Failure) 
Desired survivor size 5767168 bytes, new threshold 14 (max 15)
[PSYoungGen: 255482K->5101K(256512K)] 366530K->116286K(1042944K), 0.0094670 secs] [Times: user=0.02 sys=0.00, real=0.01 secs] 
36828.672: [GC (Allocation Failure) 
Desired survivor size 5767168 bytes, new threshold 15 (max 15)
[PSYoungGen: 255981K->5129K(256512K)] 367166K->116314K(1042944K), 0.0100989 secs] [Times: user=0.02 sys=0.00, real=0.01 secs] 
36863.541: [GC (Allocation Failure) 
Desired survivor size 6291456 bytes, new threshold 15 (max 15)
[PSYoungGen: 256009K->5149K(256512K)] 367194K->116335K(1042944K), 0.0103126 secs] [Times: user=0.02 sys=0.00, real=0.01 secs] 
36898.126: [GC (Allocation Failure) 
Desired survivor size 6291456 bytes, new threshold 15 (max 15)
[PSYoungGen: 256029K->5039K(255488K)] 367215K->116366K(1041920K), 0.0099261 secs] [Times: user=0.02 sys=0.00, real=0.01 secs] 
36932.639: [GC (Allocation Failure) 
Desired survivor size 6291456 bytes, new threshold 15 (max 15)
[PSYoungGen: 254895K->5195K(256000K)] 366222K->116562K(1042432K), 0.0099231 secs] [Times: user=0.02 sys=0.00, real=0.01 secs] 
36966.670: [GC (Allocation Failure) 
Desired survivor size 6291456 bytes, new threshold 15 (max 15)
[PSYoungGen: 255051K->5274K(256000K)] 366418K->116689K(1042432K), 0.0097530 secs] [Times: user=0.02 sys=0.00, real=0.01 secs] 
37001.414: [GC (Allocation Failure) 
Desired survivor size 6291456 bytes, new threshold 15 (max 15)
[PSYoungGen: 255130K->5306K(256000K)] 366545K->116762K(1042432K), 0.0124551 secs] [Times: user=0.02 sys=0.00, real=0.01 secs] 
37036.040: [GC (Allocation Failure) 
Desired survivor size 6291456 bytes, new threshold 15 (max 15)
[PSYoungGen: 255162K->5376K(256000K)] 366618K->116879K(1042432K), 0.0109290 secs] [Times: user=0.02 sys=0.00, real=0.01 secs] 
37070.663: [GC (Allocation Failure) 
Desired survivor size 6815744 bytes, new threshold 15 (max 15)
[PSYoungGen: 255232K->5463K(255488K)] 366735K->117014K(1041920K), 0.0100964 secs] [Times: user=0.01 sys=0.00, real=0.01 secs] 
37105.169: [GC (Allocation Failure) 
Desired survivor size 6815744 bytes, new threshold 15 (max 15)
[PSYoungGen: 255319K->5550K(255488K)] 366870K->117141K(1041920K), 0.0099454 secs] [Times: user=0.02 sys=0.00, real=0.01 secs] 
37139.662: [GC (Allocation Failure) 
Desired survivor size 6815744 bytes, new threshold 15 (max 15)
[PSYoungGen: 254382K->5612K(255488K)] 365973K->117243K(1041920K), 0.0099322 secs] [Times: user=0.02 sys=0.00, real=0.01 secs] 
37174.170: [GC (Allocation Failure) 
Desired survivor size 6815744 bytes, new threshold 15 (max 15)
[PSYoungGen: 254444K->5708K(255488K)] 366075K->117379K(1041920K), 0.0105050 secs] [Times: user=0.02 sys=0.00, real=0.01 secs] 
37208.674: [GC (Allocation Failure) 
Desired survivor size 6815744 bytes, new threshold 15 (max 15)
[PSYoungGen: 254540K->5746K(255488K)] 366211K->117458K(1041920K), 0.0097252 secs] [Times: user=0.02 sys=0.00, real=0.01 secs] 
37242.913: [GC (Allocation Failure) 
Desired survivor size 6815744 bytes, new threshold 15 (max 15)
[PSYoungGen: 254578K->5059K(255488K)] 366290K->117781K(1041920K), 0.0104471 secs] [Times: user=0.02 sys=0.00, real=0.01 secs] 
37277.046: [GC (Allocation Failure) 
Desired survivor size 6815744 bytes, new threshold 15 (max 15)
[PSYoungGen: 253891K->5011K(255488K)] 366613K->117829K(1041920K), 0.0102976 secs] [Times: user=0.02 sys=0.00, real=0.01 secs] 
37311.540: [GC (Allocation Failure) 
Desired survivor size 6815744 bytes, new threshold 15 (max 15)
[PSYoungGen: 253843K->5005K(255488K)] 366661K->117927K(1041920K), 0.0104031 secs] [Times: user=0.02 sys=0.00, real=0.01 secs] 
37346.170: [GC (Allocation Failure) 
Desired survivor size 6815744 bytes, new threshold 15 (max 15)
[PSYoungGen: 253837K->4956K(255488K)] 366759K->117974K(1041920K), 0.0099912 secs] [Times: user=0.02 sys=0.00, real=0.01 secs] 
37380.670: [GC (Allocation Failure) 
Desired survivor size 6291456 bytes, new threshold 15 (max 15)
[PSYoungGen: 253788K->4956K(256000K)] 366806K->118078K(1042432K), 0.0105709 secs] [Times: user=0.02 sys=0.00, real=0.01 secs] 
37415.175: [GC (Allocation Failure) 
Desired survivor size 6291456 bytes, new threshold 15 (max 15)
[PSYoungGen: 254300K->4925K(255488K)] 367422K->118143K(1041920K), 0.0093531 secs] [Times: user=0.02 sys=0.00, real=0.01 secs] 
37449.787: [GC (Allocation Failure) 
Desired survivor size 6291456 bytes, new threshold 15 (max 15)
[PSYoungGen: 254269K->4941K(256000K)] 367487K->118263K(1042432K), 0.0092474 secs] [Times: user=0.02 sys=0.00, real=0.01 secs] 
37484.422: [GC (Allocation Failure) 
Desired survivor size 6291456 bytes, new threshold 15 (max 15)
[PSYoungGen: 254797K->4908K(256000K)] 368119K->118358K(1042432K), 0.0108080 secs] [Times: user=0.02 sys=0.00, real=0.01 secs] 
37518.775: [GC (Allocation Failure) 
Desired survivor size 6291456 bytes, new threshold 15 (max 15)
[PSYoungGen: 254764K->5156K(256000K)] 368214K->118702K(1042432K), 0.0099426 secs] [Times: user=0.01 sys=0.00, real=0.01 secs] 
37553.296: [GC (Allocation Failure) 
Desired survivor size 6291456 bytes, new threshold 15 (max 15)
[PSYoungGen: 255012K->5067K(256000K)] 368558K->118717K(1042432K), 0.0114579 secs] [Times: user=0.02 sys=0.00, real=0.01 secs] 
37587.414: [GC (Allocation Failure) 
Desired survivor size 6291456 bytes, new threshold 15 (max 15)
[PSYoungGen: 254923K->5071K(256000K)] 368573K->118817K(1042432K), 0.0093947 secs] [Times: user=0.01 sys=0.00, real=0.01 secs] 
37622.045: [GC (Allocation Failure) 
Desired survivor size 6291456 bytes, new threshold 15 (max 15)
[PSYoungGen: 254927K->5050K(256000K)] 368673K->118946K(1042432K), 0.0095623 secs] [Times: user=0.02 sys=0.00, real=0.01 secs] 
37656.794: [GC (Allocation Failure) 
Desired survivor size 5767168 bytes, new threshold 15 (max 15)
[PSYoungGen: 254906K->4930K(256512K)] 368802K->118969K(1042944K), 0.0108684 secs] [Times: user=0.02 sys=0.00, real=0.01 secs] 
37691.565: [GC (Allocation Failure) 
Desired survivor size 5767168 bytes, new threshold 15 (max 15)
[PSYoungGen: 255298K->5020K(256000K)] 369337K->119164K(1042432K), 0.0098843 secs] [Times: user=0.01 sys=0.00, real=0.01 secs] 
37726.420: [GC (Allocation Failure) 
Desired survivor size 5767168 bytes, new threshold 15 (max 15)
[PSYoungGen: 255388K->4909K(256512K)] 369532K->119157K(1042944K), 0.0105315 secs] [Times: user=0.02 sys=0.00, real=0.01 secs] 
37761.172: [GC (Allocation Failure) 
Desired survivor size 5767168 bytes, new threshold 15 (max 15)
[PSYoungGen: 255789K->4829K(256512K)] 370037K->119253K(1042944K), 0.0096212 secs] [Times: user=0.02 sys=0.00, real=0.01 secs] 
37796.167: [GC (Allocation Failure) 
Desired survivor size 5767168 bytes, new threshold 15 (max 15)
[PSYoungGen: 255709K->4886K(256512K)] 370133K->119406K(1042944K), 0.0102979 secs] [Times: user=0.01 sys=0.01, real=0.01 secs] 
37830.788: [GC (Allocation Failure) 
Desired survivor size 5767168 bytes, new threshold 15 (max 15)
[PSYoungGen: 255766K->5072K(256512K)] 370286K->119695K(1042944K), 0.0113343 secs] [Times: user=0.01 sys=0.00, real=0.01 secs] 
37865.418: [GC (Allocation Failure) 
Desired survivor size 5767168 bytes, new threshold 15 (max 15)
[PSYoungGen: 255952K->5023K(256512K)] 370575K->119742K(1042944K), 0.0120571 secs] [Times: user=0.02 sys=0.00, real=0.02 secs] 
37900.288: [GC (Allocation Failure) 
Desired survivor size 5767168 bytes, new threshold 15 (max 15)
[PSYoungGen: 255903K->4927K(256512K)] 370622K->119742K(1042944K), 0.0199908 secs] [Times: user=0.04 sys=0.00, real=0.02 secs] 
37935.048: [GC (Allocation Failure) 
Desired survivor size 5767168 bytes, new threshold 15 (max 15)
[PSYoungGen: 255807K->4919K(256512K)] 370622K->119885K(1042944K), 0.0104757 secs] [Times: user=0.02 sys=0.00, real=0.01 secs] 
37969.922: [GC (Allocation Failure) 
Desired survivor size 5767168 bytes, new threshold 15 (max 15)
[PSYoungGen: 255799K->4888K(256512K)] 370765K->119950K(1042944K), 0.0099193 secs] [Times: user=0.01 sys=0.00, real=0.01 secs] 
38004.790: [GC (Allocation Failure) 
Desired survivor size 5767168 bytes, new threshold 15 (max 15)
[PSYoungGen: 255768K->4903K(256512K)] 370830K->120116K(1042944K), 0.0109873 secs] [Times: user=0.02 sys=0.00, real=0.02 secs] 
38039.418: [GC (Allocation Failure) 
Desired survivor size 5767168 bytes, new threshold 15 (max 15)
[PSYoungGen: 255783K->4768K(256512K)] 370996K->120132K(1042944K), 0.0102247 secs] [Times: user=0.01 sys=0.00, real=0.01 secs] 
38074.296: [GC (Allocation Failure) 
Desired survivor size 5767168 bytes, new threshold 15 (max 15)
[PSYoungGen: 255648K->4729K(256512K)] 371012K->120236K(1042944K), 0.0093801 secs] [Times: user=0.01 sys=0.00, real=0.01 secs] 
38109.050: [GC (Allocation Failure) 
Desired survivor size 5767168 bytes, new threshold 15 (max 15)
[PSYoungGen: 255609K->4661K(256512K)] 371116K->120343K(1042944K), 0.0125079 secs] [Times: user=0.01 sys=0.00, real=0.01 secs] 
38143.826: [GC (Allocation Failure) 
Desired survivor size 5767168 bytes, new threshold 15 (max 15)
[PSYoungGen: 255541K->4805K(256512K)] 371223K->120591K(1042944K), 0.0094024 secs] [Times: user=0.02 sys=0.00, real=0.01 secs] 
38178.127: [GC (Allocation Failure) 
Desired survivor size 5767168 bytes, new threshold 15 (max 15)
[PSYoungGen: 255685K->4771K(256512K)] 371471K->120661K(1042944K), 0.0103842 secs] [Times: user=0.02 sys=0.00, real=0.01 secs] 
38212.827: [GC (Allocation Failure) 
Desired survivor size 5767168 bytes, new threshold 15 (max 15)
[PSYoungGen: 255651K->4811K(256512K)] 371541K->120804K(1042944K), 0.0109478 secs] [Times: user=0.02 sys=0.00, real=0.01 secs] 
38247.627: [GC (Allocation Failure) 
Desired survivor size 5767168 bytes, new threshold 15 (max 15)
[PSYoungGen: 255691K->4746K(256512K)] 371684K->120843K(1042944K), 0.0098977 secs] [Times: user=0.01 sys=0.00, real=0.01 secs] 
38282.413: [GC (Allocation Failure) 
Desired survivor size 5767168 bytes, new threshold 15 (max 15)
[PSYoungGen: 255626K->4831K(256512K)] 371723K->121025K(1042944K), 0.0096319 secs] [Times: user=0.01 sys=0.00, real=0.01 secs] 
38317.166: [GC (Allocation Failure) 
Desired survivor size 5767168 bytes, new threshold 15 (max 15)
[PSYoungGen: 255711K->4848K(256512K)] 371905K->121138K(1042944K), 0.0126276 secs] [Times: user=0.01 sys=0.00, real=0.02 secs] 
38352.046: [GC (Allocation Failure) 
Desired survivor size 5767168 bytes, new threshold 15 (max 15)
[PSYoungGen: 255728K->4746K(256512K)] 372018K->121186K(1042944K), 0.0106630 secs] [Times: user=0.02 sys=0.00, real=0.01 secs] 
38386.919: [GC (Allocation Failure) 
Desired survivor size 5767168 bytes, new threshold 15 (max 15)
[PSYoungGen: 255622K->4810K(256512K)] 372063K->121347K(1042944K), 0.0102269 secs] [Times: user=0.01 sys=0.00, real=0.01 secs] 
38421.424: [GC (Allocation Failure) 
Desired survivor size 5767168 bytes, new threshold 15 (max 15)
[PSYoungGen: 255690K->4962K(256512K)] 372227K->121602K(1042944K), 0.0114138 secs] [Times: user=0.02 sys=0.00, real=0.01 secs] 
38456.210: [GC (Allocation Failure) 
Desired survivor size 5767168 bytes, new threshold 15 (max 15)
[PSYoungGen: 255842K->5061K(256512K)] 372482K->121797K(1042944K), 0.0105854 secs] [Times: user=0.02 sys=0.00, real=0.01 secs] 
38491.032: [GC (Allocation Failure) 
Desired survivor size 5767168 bytes, new threshold 15 (max 15)
[PSYoungGen: 255941K->4865K(256512K)] 372677K->121698K(1042944K), 0.0097706 secs] [Times: user=0.02 sys=0.00, real=0.01 secs] 
38525.541: [GC (Allocation Failure) 
Desired survivor size 5767168 bytes, new threshold 15 (max 15)
[PSYoungGen: 255745K->4877K(256512K)] 372578K->121852K(1042944K), 0.0097433 secs] [Times: user=0.02 sys=0.00, real=0.01 secs] 
38560.327: [GC (Allocation Failure) 
Desired survivor size 5242880 bytes, new threshold 15 (max 15)
[PSYoungGen: 255757K->4883K(257024K)] 372732K->121954K(1043456K), 0.0095149 secs] [Times: user=0.02 sys=0.00, real=0.01 secs] 
38595.233: [GC (Allocation Failure) 
Desired survivor size 5767168 bytes, new threshold 15 (max 15)
[PSYoungGen: 256275K->5065K(256512K)] 373346K->122232K(1042944K), 0.0098321 secs] [Times: user=0.02 sys=0.00, real=0.01 secs] 
38630.165: [GC (Allocation Failure) 
Desired survivor size 5767168 bytes, new threshold 15 (max 15)
[PSYoungGen: 256457K->5000K(256512K)] 373624K->122264K(1042944K), 0.0105985 secs] [Times: user=0.01 sys=0.00, real=0.02 secs] 
38664.826: [GC (Allocation Failure) 
Desired survivor size 5767168 bytes, new threshold 15 (max 15)
[PSYoungGen: 255880K->4975K(256512K)] 373144K->122335K(1042944K), 0.0104201 secs] [Times: user=0.02 sys=0.00, real=0.01 secs] 
38699.420: [GC (Allocation Failure) 
Desired survivor size 5767168 bytes, new threshold 15 (max 15)
[PSYoungGen: 255855K->4956K(256512K)] 373215K->122444K(1042944K), 0.0105457 secs] [Times: user=0.01 sys=0.00, real=0.01 secs] 
38734.172: [GC (Allocation Failure) 
Desired survivor size 5767168 bytes, new threshold 15 (max 15)
[PSYoungGen: 255836K->4987K(256512K)] 373324K->122625K(1042944K), 0.0112003 secs] [Times: user=0.02 sys=0.00, real=0.01 secs] 
38768.416: [GC (Allocation Failure) 
Desired survivor size 5767168 bytes, new threshold 15 (max 15)
[PSYoungGen: 255867K->4976K(256512K)] 373505K->122718K(1042944K), 0.0099041 secs] [Times: user=0.02 sys=0.00, real=0.01 secs] 
38803.169: [GC (Allocation Failure) 
Desired survivor size 5767168 bytes, new threshold 15 (max 15)
[PSYoungGen: 255856K->4990K(256512K)] 373598K->122828K(1042944K), 0.0103105 secs] [Times: user=0.01 sys=0.00, real=0.01 secs] 
38837.916: [GC (Allocation Failure) 
Desired survivor size 5767168 bytes, new threshold 15 (max 15)
[PSYoungGen: 255870K->4927K(256512K)] 373708K->122861K(1042944K), 0.0097826 secs] [Times: user=0.02 sys=0.00, real=0.01 secs] 
38872.670: [GC (Allocation Failure) 
Desired survivor size 5767168 bytes, new threshold 15 (max 15)
[PSYoungGen: 255807K->5012K(256512K)] 373741K->123043K(1042944K), 0.0105166 secs] [Times: user=0.02 sys=0.00, real=0.01 secs] 
38907.420: [GC (Allocation Failure) 
Desired survivor size 5767168 bytes, new threshold 15 (max 15)
[PSYoungGen: 255892K->4996K(256512K)] 373923K->123123K(1042944K), 0.0100390 secs] [Times: user=0.01 sys=0.00, real=0.01 secs] 
38942.288: [GC (Allocation Failure) 
Desired survivor size 5767168 bytes, new threshold 15 (max 15)
[PSYoungGen: 255876K->5031K(256512K)] 374003K->123253K(1042944K), 0.0108506 secs] [Times: user=0.02 sys=0.00, real=0.01 secs] 
38977.094: [GC (Allocation Failure) 
Desired survivor size 5767168 bytes, new threshold 15 (max 15)
[PSYoungGen: 255911K->5093K(256512K)] 374133K->123419K(1042944K), 0.0106701 secs] [Times: user=0.02 sys=0.00, real=0.01 secs] 
39011.919: [GC (Allocation Failure) 
Desired survivor size 5767168 bytes, new threshold 15 (max 15)
[PSYoungGen: 255973K->5040K(256512K)] 374299K->123462K(1042944K), 0.0101279 secs] [Times: user=0.02 sys=0.00, real=0.01 secs] 
39046.551: [GC (Allocation Failure) 
Desired survivor size 5767168 bytes, new threshold 15 (max 15)
[PSYoungGen: 255920K->5035K(256512K)] 374342K->123608K(1042944K), 0.0100979 secs] [Times: user=0.01 sys=0.00, real=0.01 secs] 
39081.295: [GC (Allocation Failure) 
Desired survivor size 5767168 bytes, new threshold 15 (max 15)
[PSYoungGen: 255915K->4904K(256512K)] 374488K->123628K(1042944K), 0.0096926 secs] [Times: user=0.01 sys=0.00, real=0.01 secs] 
39116.070: [GC (Allocation Failure) 
Desired survivor size 5767168 bytes, new threshold 15 (max 15)
[PSYoungGen: 255784K->4955K(256512K)] 374508K->123783K(1042944K), 0.0109892 secs] [Times: user=0.02 sys=0.00, real=0.01 secs] 
39150.920: [GC (Allocation Failure) 
Desired survivor size 5767168 bytes, new threshold 15 (max 15)
[PSYoungGen: 255835K->4917K(256512K)] 374663K->123841K(1042944K), 0.0098424 secs] [Times: user=0.02 sys=0.00, real=0.01 secs] 
39185.791: [GC (Allocation Failure) 
Desired survivor size 5767168 bytes, new threshold 15 (max 15)
[PSYoungGen: 255797K->4816K(256512K)] 374721K->123844K(1042944K), 0.0100942 secs] [Times: user=0.02 sys=0.00, real=0.01 secs] 
39220.418: [GC (Allocation Failure) 
Desired survivor size 5767168 bytes, new threshold 15 (max 15)
[PSYoungGen: 255696K->4816K(256512K)] 374724K->123994K(1042944K), 0.0099325 secs] [Times: user=0.02 sys=0.00, real=0.01 secs] 
39255.394: [GC (Allocation Failure) 
Desired survivor size 5767168 bytes, new threshold 15 (max 15)
[PSYoungGen: 255696K->4927K(256512K)] 374874K->124210K(1042944K), 0.0094794 secs] [Times: user=0.01 sys=0.00, real=0.01 secs] 
39290.166: [GC (Allocation Failure) 
Desired survivor size 5767168 bytes, new threshold 15 (max 15)
[PSYoungGen: 255807K->4799K(256512K)] 375090K->124218K(1042944K), 0.0093239 secs] [Times: user=0.01 sys=0.00, real=0.00 secs] 
39324.795: [GC (Allocation Failure) 
Desired survivor size 5767168 bytes, new threshold 15 (max 15)
[PSYoungGen: 255679K->4843K(256512K)] 375098K->124405K(1042944K), 0.0112628 secs] [Times: user=0.01 sys=0.00, real=0.01 secs] 
39359.551: [GC (Allocation Failure) 
Desired survivor size 5767168 bytes, new threshold 15 (max 15)
[PSYoungGen: 255723K->4810K(256512K)] 375285K->124476K(1042944K), 0.0129227 secs] [Times: user=0.02 sys=0.00, real=0.01 secs] 
39393.796: [GC (Allocation Failure) 
Desired survivor size 5767168 bytes, new threshold 15 (max 15)
[PSYoungGen: 255690K->4740K(256512K)] 375356K->124557K(1042944K), 0.0095728 secs] [Times: user=0.01 sys=0.00, real=0.01 secs] 
39428.546: [GC (Allocation Failure) 
Desired survivor size 5767168 bytes, new threshold 15 (max 15)
[PSYoungGen: 255620K->4697K(256512K)] 375437K->124664K(1042944K), 0.0093211 secs] [Times: user=0.01 sys=0.00, real=0.01 secs] 
39463.297: [GC (Allocation Failure) 
Desired survivor size 5767168 bytes, new threshold 15 (max 15)
[PSYoungGen: 255577K->4713K(256512K)] 375544K->124776K(1042944K), 0.0095307 secs] [Times: user=0.02 sys=0.00, real=0.01 secs] 
39498.161: [GC (Allocation Failure) 
Desired survivor size 5767168 bytes, new threshold 15 (max 15)
[PSYoungGen: 255593K->4744K(256512K)] 375656K->124911K(1042944K), 0.0101639 secs] [Times: user=0.02 sys=0.00, real=0.01 secs] 
39532.914: [GC (Allocation Failure) 
Desired survivor size 5242880 bytes, new threshold 15 (max 15)
[PSYoungGen: 255624K->4783K(257024K)] 375791K->125054K(1043456K), 0.0099727 secs] [Times: user=0.01 sys=0.00, real=0.01 secs] 
39567.672: [GC (Allocation Failure) 
Desired survivor size 5242880 bytes, new threshold 15 (max 15)
[PSYoungGen: 256175K->4783K(256512K)] 376446K->125158K(1042944K), 0.0093268 secs] [Times: user=0.02 sys=0.00, real=0.01 secs] 
39602.671: [GC (Allocation Failure) 
Desired survivor size 5242880 bytes, new threshold 15 (max 15)
[PSYoungGen: 256175K->4806K(257024K)] 376550K->125277K(1043456K), 0.0111867 secs] [Times: user=0.02 sys=0.00, real=0.01 secs] 
39633.654: [GC (System.gc()) 
Desired survivor size 5242880 bytes, new threshold 15 (max 15)
[PSYoungGen: 229770K->4838K(257024K)] 350241K->125405K(1043456K), 0.0090286 secs] [Times: user=0.02 sys=0.00, real=0.01 secs] 
39633.663: [Full GC (System.gc()) [PSYoungGen: 4838K->0K(257024K)] [ParOldGen: 120567K->107348K(786432K)] 125405K->107348K(1043456K), [Metaspace: 91825K->91810K(1132544K)], 0.3460819 secs] [Times: user=0.55 sys=0.00, real=0.35 secs] 
39668.152: [GC (Allocation Failure) 
Desired survivor size 5767168 bytes, new threshold 15 (max 15)
[PSYoungGen: 251904K->3358K(256000K)] 359252K->110707K(1042432K), 0.0102358 secs] [Times: user=0.02 sys=0.00, real=0.01 secs] 
39702.920: [GC (Allocation Failure) 
Desired survivor size 5767168 bytes, new threshold 15 (max 15)
[PSYoungGen: 254238K->3574K(256512K)] 361587K->110923K(1042944K), 0.0092900 secs] [Times: user=0.02 sys=0.00, real=0.01 secs] 
39737.792: [GC (Allocation Failure) 
Desired survivor size 5767168 bytes, new threshold 15 (max 15)
[PSYoungGen: 254454K->3671K(256512K)] 361803K->111020K(1042944K), 0.0094159 secs] [Times: user=0.01 sys=0.00, real=0.01 secs] 
39772.549: [GC (Allocation Failure) 
Desired survivor size 5767168 bytes, new threshold 15 (max 15)
[PSYoungGen: 254551K->3880K(256512K)] 361900K->111229K(1042944K), 0.0085220 secs] [Times: user=0.01 sys=0.00, real=0.00 secs] 
39807.297: [GC (Allocation Failure) 
Desired survivor size 5767168 bytes, new threshold 15 (max 15)
[PSYoungGen: 254760K->3946K(256512K)] 362109K->111294K(1042944K), 0.0093099 secs] [Times: user=0.01 sys=0.00, real=0.01 secs] 
39842.046: [GC (Allocation Failure) 
Desired survivor size 5767168 bytes, new threshold 15 (max 15)
[PSYoungGen: 254826K->4209K(256512K)] 362174K->111558K(1042944K), 0.0087728 secs] [Times: user=0.01 sys=0.00, real=0.01 secs] 
39876.917: [GC (Allocation Failure) 
Desired survivor size 5767168 bytes, new threshold 15 (max 15)
[PSYoungGen: 255089K->4338K(256512K)] 362438K->111686K(1042944K), 0.0095313 secs] [Times: user=0.02 sys=0.00, real=0.01 secs] 
39911.672: [GC (Allocation Failure) 
Desired survivor size 5767168 bytes, new threshold 15 (max 15)
[PSYoungGen: 255218K->4371K(256512K)] 362566K->111719K(1042944K), 0.0091133 secs] [Times: user=0.02 sys=0.00, real=0.01 secs] 
39946.295: [GC (Allocation Failure) 
Desired survivor size 5767168 bytes, new threshold 15 (max 15)
[PSYoungGen: 255251K->4586K(256512K)] 362599K->111934K(1042944K), 0.0096632 secs] [Times: user=0.02 sys=0.00, real=0.01 secs] 
39980.548: [GC (Allocation Failure) 
Desired survivor size 5767168 bytes, new threshold 15 (max 15)
[PSYoungGen: 255466K->4649K(256512K)] 362814K->111998K(1042944K), 0.0091134 secs] [Times: user=0.01 sys=0.00, real=0.01 secs] 
40015.173: [GC (Allocation Failure) 
Desired survivor size 5767168 bytes, new threshold 15 (max 15)
[PSYoungGen: 255529K->4828K(256512K)] 362878K->112176K(1042944K), 0.0107822 secs] [Times: user=0.02 sys=0.00, real=0.01 secs] 
40049.925: [GC (Allocation Failure) 
Desired survivor size 5767168 bytes, new threshold 15 (max 15)
[PSYoungGen: 255708K->4796K(256512K)] 363056K->112145K(1042944K), 0.0091630 secs] [Times: user=0.01 sys=0.00, real=0.01 secs] 
40084.789: [GC (Allocation Failure) 
Desired survivor size 5767168 bytes, new threshold 15 (max 15)
[PSYoungGen: 255676K->4973K(256512K)] 363025K->112322K(1042944K), 0.0094791 secs] [Times: user=0.01 sys=0.00, real=0.01 secs] 
40119.542: [GC (Allocation Failure) 
Desired survivor size 5767168 bytes, new threshold 15 (max 15)
[PSYoungGen: 255853K->5036K(256512K)] 363202K->112384K(1042944K), 0.0091962 secs] [Times: user=0.02 sys=0.00, real=0.00 secs] 
40154.300: [GC (Allocation Failure) 
Desired survivor size 5767168 bytes, new threshold 15 (max 15)
[PSYoungGen: 255915K->5101K(256512K)] 363263K->112450K(1042944K), 0.0092980 secs] [Times: user=0.01 sys=0.00, real=0.01 secs] 
40189.213: [GC (Allocation Failure) 
Desired survivor size 5767168 bytes, new threshold 15 (max 15)
[PSYoungGen: 255981K->4784K(256512K)] 363330K->112548K(1042944K), 0.0100667 secs] [Times: user=0.02 sys=0.00, real=0.01 secs] 
40223.919: [GC (Allocation Failure) 
Desired survivor size 5767168 bytes, new threshold 15 (max 15)
[PSYoungGen: 255664K->4875K(256512K)] 363428K->112766K(1042944K), 0.0088102 secs] [Times: user=0.01 sys=0.00, real=0.01 secs] 
40258.417: [GC (Allocation Failure) 
Desired survivor size 5767168 bytes, new threshold 15 (max 15)
[PSYoungGen: 255755K->4824K(256512K)] 363646K->112796K(1042944K), 0.0089620 secs] [Times: user=0.02 sys=0.00, real=0.01 secs] 
40293.292: [GC (Allocation Failure) 
Desired survivor size 5767168 bytes, new threshold 15 (max 15)
[PSYoungGen: 255704K->4776K(256512K)] 363676K->112819K(1042944K), 0.0098774 secs] [Times: user=0.02 sys=0.00, real=0.01 secs] 
40328.152: [GC (Allocation Failure) 
Desired survivor size 5767168 bytes, new threshold 15 (max 15)
[PSYoungGen: 255656K->4729K(256512K)] 363699K->112853K(1042944K), 0.0092603 secs] [Times: user=0.02 sys=0.00, real=0.01 secs] 
40363.039: [GC (Allocation Failure) 
Desired survivor size 5767168 bytes, new threshold 15 (max 15)
[PSYoungGen: 255609K->4688K(256512K)] 363733K->112996K(1042944K), 0.0092610 secs] [Times: user=0.02 sys=0.00, real=0.00 secs] 
40397.789: [GC (Allocation Failure) 
Desired survivor size 5767168 bytes, new threshold 15 (max 15)
[PSYoungGen: 255568K->4688K(256512K)] 363876K->113067K(1042944K), 0.0091021 secs] [Times: user=0.02 sys=0.00, real=0.01 secs] 
40432.298: [GC (Allocation Failure) 
Desired survivor size 5767168 bytes, new threshold 15 (max 15)
[PSYoungGen: 255568K->4771K(256512K)] 363947K->113231K(1042944K), 0.0087669 secs] [Times: user=0.02 sys=0.00, real=0.01 secs] 
40467.049: [GC (Allocation Failure) 
Desired survivor size 5767168 bytes, new threshold 15 (max 15)
[PSYoungGen: 255651K->4714K(256512K)] 364111K->113301K(1042944K), 0.0092391 secs] [Times: user=0.02 sys=0.00, real=0.01 secs] 
40501.915: [GC (Allocation Failure) 
Desired survivor size 5767168 bytes, new threshold 15 (max 15)
[PSYoungGen: 255594K->4773K(256512K)] 364181K->113471K(1042944K), 0.0094905 secs] [Times: user=0.02 sys=0.00, real=0.01 secs] 
40536.551: [GC (Allocation Failure) 
Desired survivor size 5767168 bytes, new threshold 15 (max 15)
[PSYoungGen: 255653K->4786K(256512K)] 364351K->113611K(1042944K), 0.0098726 secs] [Times: user=0.02 sys=0.00, real=0.01 secs] 
40570.915: [GC (Allocation Failure) 
Desired survivor size 5767168 bytes, new threshold 15 (max 15)
[PSYoungGen: 255666K->4839K(256512K)] 364491K->113744K(1042944K), 0.0105823 secs] [Times: user=0.02 sys=0.00, real=0.01 secs] 
40605.670: [GC (Allocation Failure) 
Desired survivor size 5767168 bytes, new threshold 15 (max 15)
[PSYoungGen: 255719K->4806K(256512K)] 364624K->113848K(1042944K), 0.0146607 secs] [Times: user=0.02 sys=0.00, real=0.01 secs] 
40640.371: [GC (Allocation Failure) 
Desired survivor size 5767168 bytes, new threshold 15 (max 15)
[PSYoungGen: 255686K->4861K(256512K)] 364728K->113983K(1042944K), 0.0092329 secs] [Times: user=0.02 sys=0.01, real=0.01 secs] 
40675.168: [GC (Allocation Failure) 
Desired survivor size 5767168 bytes, new threshold 15 (max 15)
[PSYoungGen: 255741K->4805K(256512K)] 364863K->114015K(1042944K), 0.0090125 secs] [Times: user=0.01 sys=0.00, real=0.01 secs] 
40709.917: [GC (Allocation Failure) 
Desired survivor size 5242880 bytes, new threshold 15 (max 15)
[PSYoungGen: 255685K->4767K(257024K)] 364895K->114065K(1043456K), 0.0095709 secs] [Times: user=0.01 sys=0.00, real=0.01 secs] 
40744.539: [GC (Allocation Failure) 
Desired survivor size 5242880 bytes, new threshold 15 (max 15)
[PSYoungGen: 256159K->4821K(256512K)] 365457K->114215K(1042944K), 0.0093771 secs] [Times: user=0.01 sys=0.00, real=0.01 secs] 
40779.293: [GC (Allocation Failure) 
Desired survivor size 5242880 bytes, new threshold 15 (max 15)
[PSYoungGen: 256213K->4909K(257024K)] 365607K->114407K(1043456K), 0.0095826 secs] [Times: user=0.02 sys=0.00, real=0.01 secs] 
40814.294: [GC (Allocation Failure) 
Desired survivor size 5242880 bytes, new threshold 15 (max 15)
[PSYoungGen: 256813K->4876K(257024K)] 366311K->114470K(1043456K), 0.0108480 secs] [Times: user=0.02 sys=0.00, real=0.01 secs] 
40849.040: [GC (Allocation Failure) 
Desired survivor size 5767168 bytes, new threshold 15 (max 15)
[PSYoungGen: 256780K->4985K(256000K)] 366374K->114675K(1042432K), 0.0097878 secs] [Times: user=0.02 sys=0.00, real=0.01 secs] 
40883.673: [GC (Allocation Failure) 
Desired survivor size 5767168 bytes, new threshold 15 (max 15)
[PSYoungGen: 255865K->4902K(256512K)] 365555K->114688K(1042944K), 0.0091080 secs] [Times: user=0.01 sys=0.00, real=0.01 secs] 
40918.416: [GC (Allocation Failure) 
Desired survivor size 5767168 bytes, new threshold 15 (max 15)
[PSYoungGen: 255782K->5048K(256512K)] 365568K->114930K(1042944K), 0.0090762 secs] [Times: user=0.02 sys=0.00, real=0.01 secs] 
40953.421: [GC (Allocation Failure) 
Desired survivor size 5767168 bytes, new threshold 15 (max 15)
[PSYoungGen: 255928K->4834K(256512K)] 365810K->114914K(1042944K), 0.0097586 secs] [Times: user=0.02 sys=0.01, real=0.01 secs] 
40988.290: [GC (Allocation Failure) 
Desired survivor size 5767168 bytes, new threshold 15 (max 15)
[PSYoungGen: 255714K->4787K(256512K)] 365794K->114963K(1042944K), 0.0103776 secs] [Times: user=0.02 sys=0.00, real=0.01 secs] 
41023.048: [GC (Allocation Failure) 
Desired survivor size 5767168 bytes, new threshold 15 (max 15)
[PSYoungGen: 255667K->4705K(256512K)] 365843K->114977K(1042944K), 0.0093075 secs] [Times: user=0.02 sys=0.00, real=0.01 secs] 
41057.914: [GC (Allocation Failure) 
Desired survivor size 5767168 bytes, new threshold 15 (max 15)
[PSYoungGen: 255585K->4685K(256512K)] 365857K->115053K(1042944K), 0.0099340 secs] [Times: user=0.02 sys=0.00, real=0.01 secs] 
41092.669: [GC (Allocation Failure) 
Desired survivor size 5242880 bytes, new threshold 15 (max 15)
[PSYoungGen: 255565K->4701K(256512K)] 365933K->115197K(1042944K), 0.0091683 secs] [Times: user=0.02 sys=0.00, real=0.01 secs] 
41127.297: [GC (Allocation Failure) 
Desired survivor size 5242880 bytes, new threshold 15 (max 15)
[PSYoungGen: 255581K->4799K(257024K)] 366077K->115391K(1043456K), 0.0102531 secs] [Times: user=0.01 sys=0.00, real=0.01 secs] 
41162.172: [GC (Allocation Failure) 
Desired survivor size 5242880 bytes, new threshold 15 (max 15)
[PSYoungGen: 256703K->4745K(257024K)] 367295K->115480K(1043456K), 0.0110407 secs] [Times: user=0.02 sys=0.00, real=0.01 secs] 
41196.549: [GC (Allocation Failure) 
Desired survivor size 5242880 bytes, new threshold 15 (max 15)
[PSYoungGen: 256649K->4733K(257024K)] 367384K->115564K(1043456K), 0.0104466 secs] [Times: user=0.02 sys=0.00, real=0.01 secs] 
41231.465: [GC (Allocation Failure) 
Desired survivor size 5242880 bytes, new threshold 15 (max 15)
[PSYoungGen: 256637K->4899K(257024K)] 367468K->115826K(1043456K), 0.0110441 secs] [Times: user=0.02 sys=0.00, real=0.01 secs] 
41266.477: [GC (Allocation Failure) 
Desired survivor size 5242880 bytes, new threshold 15 (max 15)
[PSYoungGen: 256803K->4690K(257024K)] 367730K->115744K(1043456K), 0.0106720 secs] [Times: user=0.02 sys=0.00, real=0.01 secs] 
41301.473: [GC (Allocation Failure) 
Desired survivor size 5242880 bytes, new threshold 15 (max 15)
[PSYoungGen: 256594K->4771K(257024K)] 367648K->115921K(1043456K), 0.0094759 secs] [Times: user=0.01 sys=0.00, real=0.01 secs] 
41336.419: [GC (Allocation Failure) 
Desired survivor size 5242880 bytes, new threshold 15 (max 15)
[PSYoungGen: 256675K->4692K(257024K)] 367825K->115947K(1043456K), 0.0121350 secs] [Times: user=0.02 sys=0.00, real=0.01 secs] 
41371.422: [GC (Allocation Failure) 
Desired survivor size 5242880 bytes, new threshold 15 (max 15)
[PSYoungGen: 256596K->4642K(257024K)] 367851K->116000K(1043456K), 0.0106975 secs] [Times: user=0.02 sys=0.00, real=0.01 secs] 
41406.421: [GC (Allocation Failure) 
Desired survivor size 5242880 bytes, new threshold 15 (max 15)
[PSYoungGen: 256546K->4737K(257024K)] 367904K->116192K(1043456K), 0.0097382 secs] [Times: user=0.02 sys=0.00, real=0.01 secs] 
41441.172: [GC (Allocation Failure) 
Desired survivor size 5242880 bytes, new threshold 15 (max 15)
[PSYoungGen: 256641K->4756K(257024K)] 368096K->116307K(1043456K), 0.0095878 secs] [Times: user=0.01 sys=0.00, real=0.01 secs] 
41476.172: [GC (Allocation Failure) 
Desired survivor size 5242880 bytes, new threshold 15 (max 15)
[PSYoungGen: 256660K->4787K(257024K)] 368211K->116442K(1043456K), 0.0111104 secs] [Times: user=0.02 sys=0.00, real=0.01 secs] 
41510.674: [GC (Allocation Failure) 
Desired survivor size 5242880 bytes, new threshold 15 (max 15)
[PSYoungGen: 256691K->4913K(257024K)] 368346K->116664K(1043456K), 0.0091992 secs] [Times: user=0.01 sys=0.00, real=0.00 secs] 
41545.679: [GC (Allocation Failure) 
Desired survivor size 5242880 bytes, new threshold 15 (max 15)
[PSYoungGen: 256817K->4895K(257024K)] 368568K->116742K(1043456K), 0.0202185 secs] [Times: user=0.04 sys=0.00, real=0.02 secs] 
41580.662: [GC (Allocation Failure) 
Desired survivor size 5242880 bytes, new threshold 15 (max 15)
[PSYoungGen: 256799K->4896K(257024K)] 368646K->116839K(1043456K), 0.0100114 secs] [Times: user=0.02 sys=0.00, real=0.01 secs] 
41615.627: [GC (Allocation Failure) 
Desired survivor size 5242880 bytes, new threshold 15 (max 15)
[PSYoungGen: 256800K->4864K(257024K)] 368743K->116911K(1043456K), 0.0201192 secs] [Times: user=0.03 sys=0.00, real=0.02 secs] 
41650.671: [GC (Allocation Failure) 
Desired survivor size 5242880 bytes, new threshold 15 (max 15)
[PSYoungGen: 256768K->4871K(257024K)] 368815K->117014K(1043456K), 0.0108019 secs] [Times: user=0.01 sys=0.00, real=0.01 secs] 
41685.674: [GC (Allocation Failure) 
Desired survivor size 5242880 bytes, new threshold 15 (max 15)
[PSYoungGen: 256775K->4904K(257024K)] 368918K->117142K(1043456K), 0.0181815 secs] [Times: user=0.03 sys=0.00, real=0.02 secs] 
41720.296: [GC (Allocation Failure) 
Desired survivor size 5767168 bytes, new threshold 15 (max 15)
[PSYoungGen: 256808K->5079K(257024K)] 369046K->117492K(1043456K), 0.0101310 secs] [Times: user=0.01 sys=0.00, real=0.01 secs] 
41755.044: [GC (Allocation Failure) 
Desired survivor size 5242880 bytes, new threshold 15 (max 15)
[PSYoungGen: 256983K->4871K(257024K)] 369396K->117435K(1043456K), 0.0094348 secs] [Times: user=0.01 sys=0.00, real=0.01 secs] 
41789.542: [GC (Allocation Failure) 
Desired survivor size 5242880 bytes, new threshold 15 (max 15)
[PSYoungGen: 256775K->4886K(257024K)] 369339K->117554K(1043456K), 0.0105635 secs] [Times: user=0.01 sys=0.00, real=0.01 secs] 
41824.296: [GC (Allocation Failure) 
Desired survivor size 5242880 bytes, new threshold 15 (max 15)
[PSYoungGen: 256790K->4979K(257024K)] 369458K->117744K(1043456K), 0.0096725 secs] [Times: user=0.01 sys=0.00, real=0.01 secs] 
41859.176: [GC (Allocation Failure) 
Desired survivor size 5767168 bytes, new threshold 15 (max 15)
[PSYoungGen: 256883K->4978K(257024K)] 369648K->117846K(1043456K), 0.0096195 secs] [Times: user=0.02 sys=0.00, real=0.01 secs] 
41894.296: [GC (Allocation Failure) 
Desired survivor size 5767168 bytes, new threshold 15 (max 15)
[PSYoungGen: 256882K->4957K(256000K)] 369750K->117921K(1042432K), 0.0092195 secs] [Times: user=0.02 sys=0.00, real=0.01 secs] 
41929.047: [GC (Allocation Failure) 
Desired survivor size 5767168 bytes, new threshold 15 (max 15)
[PSYoungGen: 255837K->4937K(256512K)] 368801K->117997K(1042944K), 0.0095371 secs] [Times: user=0.02 sys=0.00, real=0.01 secs] 
41963.944: [GC (Allocation Failure) 
Desired survivor size 5767168 bytes, new threshold 15 (max 15)
[PSYoungGen: 255817K->5001K(256512K)] 368877K->118165K(1042944K), 0.0097753 secs] [Times: user=0.01 sys=0.00, real=0.01 secs] 
41998.792: [GC (Allocation Failure) 
Desired survivor size 5767168 bytes, new threshold 15 (max 15)
[PSYoungGen: 255881K->5034K(256512K)] 369045K->118294K(1042944K), 0.0094294 secs] [Times: user=0.01 sys=0.00, real=0.01 secs] 
42033.425: [GC (Allocation Failure) 
Desired survivor size 5767168 bytes, new threshold 15 (max 15)
[PSYoungGen: 255914K->4909K(256512K)] 369174K->118424K(1042944K), 0.0095883 secs] [Times: user=0.02 sys=0.00, real=0.01 secs] 
42068.291: [GC (Allocation Failure) 
Desired survivor size 5767168 bytes, new threshold 15 (max 15)
[PSYoungGen: 255789K->4956K(256512K)] 369304K->118575K(1042944K), 0.0101401 secs] [Times: user=0.01 sys=0.00, real=0.01 secs] 
42103.089: [GC (Allocation Failure) 
Desired survivor size 5767168 bytes, new threshold 15 (max 15)
[PSYoungGen: 255836K->5005K(256512K)] 369455K->118720K(1042944K), 0.0098663 secs] [Times: user=0.01 sys=0.00, real=0.01 secs] 
42137.916: [GC (Allocation Failure) 
Desired survivor size 5767168 bytes, new threshold 15 (max 15)
[PSYoungGen: 255885K->4941K(256512K)] 369600K->118760K(1042944K), 0.0100595 secs] [Times: user=0.02 sys=0.00, real=0.01 secs] 
42172.673: [GC (Allocation Failure) 
Desired survivor size 5767168 bytes, new threshold 15 (max 15)
[PSYoungGen: 255821K->4846K(256512K)] 369640K->118761K(1042944K), 0.0098919 secs] [Times: user=0.01 sys=0.00, real=0.01 secs] 
42207.530: [GC (Allocation Failure) 
Desired survivor size 5767168 bytes, new threshold 15 (max 15)
[PSYoungGen: 255726K->4813K(256512K)] 369641K->118824K(1042944K), 0.0095806 secs] [Times: user=0.02 sys=0.00, real=0.00 secs] 
42242.289: [GC (Allocation Failure) 
Desired survivor size 5242880 bytes, new threshold 15 (max 15)
[PSYoungGen: 255693K->4861K(257024K)] 369704K->119023K(1043456K), 0.0109958 secs] [Times: user=0.02 sys=0.00, real=0.01 secs] 
42277.290: [GC (Allocation Failure) 
Desired survivor size 5242880 bytes, new threshold 15 (max 15)
[PSYoungGen: 256253K->4855K(256512K)] 370415K->119159K(1042944K), 0.0111182 secs] [Times: user=0.02 sys=0.00, real=0.01 secs] 
42312.292: [GC (Allocation Failure) 
Desired survivor size 5242880 bytes, new threshold 15 (max 15)
[PSYoungGen: 256247K->4854K(257024K)] 370551K->119287K(1043456K), 0.0095033 secs] [Times: user=0.02 sys=0.00, real=0.01 secs] 
42346.919: [GC (Allocation Failure) 
Desired survivor size 5242880 bytes, new threshold 15 (max 15)
[PSYoungGen: 256758K->4930K(257024K)] 371191K->119514K(1043456K), 0.0096971 secs] [Times: user=0.02 sys=0.00, real=0.01 secs] 
42381.326: [GC (Allocation Failure) 
Desired survivor size 5242880 bytes, new threshold 15 (max 15)
[PSYoungGen: 256834K->4903K(257024K)] 371418K->119590K(1043456K), 0.0117039 secs] [Times: user=0.02 sys=0.00, real=0.01 secs] 
42416.300: [GC (Allocation Failure) 
Desired survivor size 5242880 bytes, new threshold 15 (max 15)
[PSYoungGen: 256807K->4937K(257024K)] 371494K->119729K(1043456K), 0.0093890 secs] [Times: user=0.01 sys=0.00, real=0.01 secs] 
42451.175: [GC (Allocation Failure) 
Desired survivor size 5242880 bytes, new threshold 15 (max 15)
[PSYoungGen: 256841K->4848K(257024K)] 371633K->119790K(1043456K), 0.0093133 secs] [Times: user=0.02 sys=0.00, real=0.01 secs] 
42486.170: [GC (Allocation Failure) 
Desired survivor size 5242880 bytes, new threshold 15 (max 15)
[PSYoungGen: 256752K->4869K(257024K)] 371694K->119915K(1043456K), 0.0100675 secs] [Times: user=0.02 sys=0.00, real=0.01 secs] 
42521.170: [GC (Allocation Failure) 
Desired survivor size 5242880 bytes, new threshold 15 (max 15)
[PSYoungGen: 256773K->4870K(257024K)] 371819K->120020K(1043456K), 0.0090631 secs] [Times: user=0.02 sys=0.00, real=0.01 secs] 
42556.170: [GC (Allocation Failure) 
Desired survivor size 5242880 bytes, new threshold 15 (max 15)
[PSYoungGen: 256774K->4854K(257024K)] 371924K->120100K(1043456K), 0.0115352 secs] [Times: user=0.02 sys=0.00, real=0.01 secs] 
42591.047: [GC (Allocation Failure) 
Desired survivor size 5242880 bytes, new threshold 15 (max 15)
[PSYoungGen: 256758K->4886K(257024K)] 372004K->120236K(1043456K), 0.0096770 secs] [Times: user=0.01 sys=0.00, real=0.01 secs] 
42625.919: [GC (Allocation Failure) 
Desired survivor size 5242880 bytes, new threshold 15 (max 15)
[PSYoungGen: 256790K->5059K(257024K)] 372140K->120552K(1043456K), 0.0107027 secs] [Times: user=0.02 sys=0.00, real=0.01 secs] 
42660.670: [GC (Allocation Failure) 
Desired survivor size 5242880 bytes, new threshold 15 (max 15)
[PSYoungGen: 256963K->4931K(257024K)] 372456K->120520K(1043456K), 0.0092286 secs] [Times: user=0.02 sys=0.00, real=0.01 secs] 
42695.690: [GC (Allocation Failure) 
Desired survivor size 5242880 bytes, new threshold 15 (max 15)
[PSYoungGen: 256835K->4866K(257024K)] 372424K->120551K(1043456K), 0.0153202 secs] [Times: user=0.02 sys=0.01, real=0.02 secs] 
42730.466: [GC (Allocation Failure) 
Desired survivor size 5242880 bytes, new threshold 15 (max 15)
[PSYoungGen: 256770K->4959K(257024K)] 372455K->120740K(1043456K), 0.0094292 secs] [Times: user=0.01 sys=0.00, real=0.01 secs] 
42765.415: [GC (Allocation Failure) 
Desired survivor size 5242880 bytes, new threshold 15 (max 15)
[PSYoungGen: 256863K->5013K(257024K)] 372644K->120898K(1043456K), 0.0109365 secs] [Times: user=0.02 sys=0.00, real=0.01 secs] 
42800.292: [GC (Allocation Failure) 
Desired survivor size 5242880 bytes, new threshold 15 (max 15)
[PSYoungGen: 256917K->5028K(257024K)] 372802K->121009K(1043456K), 0.0096497 secs] [Times: user=0.02 sys=0.00, real=0.01 secs] 
42835.290: [GC (Allocation Failure) 
Desired survivor size 5242880 bytes, new threshold 15 (max 15)
[PSYoungGen: 256932K->4978K(257024K)] 372913K->121112K(1043456K), 0.0094764 secs] [Times: user=0.02 sys=0.00, real=0.01 secs] 
42870.045: [GC (Allocation Failure) 
Desired survivor size 5767168 bytes, new threshold 15 (max 15)
[PSYoungGen: 256882K->5035K(256000K)] 373016K->121273K(1042432K), 0.0100203 secs] [Times: user=0.01 sys=0.00, real=0.01 secs] 
42904.794: [GC (Allocation Failure) 
Desired survivor size 5242880 bytes, new threshold 15 (max 15)
[PSYoungGen: 255915K->4916K(256512K)] 372153K->121329K(1042944K), 0.0098585 secs] [Times: user=0.02 sys=0.00, real=0.01 secs] 
42939.541: [GC (Allocation Failure) 
Desired survivor size 5767168 bytes, new threshold 15 (max 15)
[PSYoungGen: 255796K->5076K(256000K)] 372209K->121593K(1042432K), 0.0092925 secs] [Times: user=0.01 sys=0.00, real=0.00 secs] 
42974.413: [GC (Allocation Failure) 
Desired survivor size 5767168 bytes, new threshold 15 (max 15)
[PSYoungGen: 255956K->4989K(256512K)] 372473K->121610K(1042944K), 0.0102643 secs] [Times: user=0.01 sys=0.00, real=0.01 secs] 
43008.597: [GC (Allocation Failure) 
Desired survivor size 5767168 bytes, new threshold 15 (max 15)
[PSYoungGen: 255869K->5160K(256512K)] 372490K->121885K(1042944K), 0.0101164 secs] [Times: user=0.02 sys=0.00, real=0.01 secs] 
43043.546: [GC (Allocation Failure) 
Desired survivor size 5767168 bytes, new threshold 15 (max 15)
[PSYoungGen: 256040K->4946K(256512K)] 372765K->121775K(1042944K), 0.0094115 secs] [Times: user=0.02 sys=0.00, real=0.01 secs] 
43078.293: [GC (Allocation Failure) 
Desired survivor size 5767168 bytes, new threshold 15 (max 15)
[PSYoungGen: 255826K->4865K(256512K)] 372655K->121798K(1042944K), 0.0095038 secs] [Times: user=0.02 sys=0.00, real=0.01 secs] 
43113.290: [GC (Allocation Failure) 
Desired survivor size 5767168 bytes, new threshold 15 (max 15)
[PSYoungGen: 255745K->4931K(256512K)] 372678K->121960K(1042944K), 0.0096773 secs] [Times: user=0.02 sys=0.00, real=0.01 secs] 
43148.162: [GC (Allocation Failure) 
Desired survivor size 5767168 bytes, new threshold 15 (max 15)
[PSYoungGen: 255811K->4960K(256512K)] 372840K->122093K(1042944K), 0.0094502 secs] [Times: user=0.02 sys=0.00, real=0.01 secs] 
43182.935: [GC (Allocation Failure) 
Desired survivor size 5767168 bytes, new threshold 15 (max 15)
[PSYoungGen: 255840K->4961K(256512K)] 372973K->122198K(1042944K), 0.0103162 secs] [Times: user=0.02 sys=0.00, real=0.01 secs] 
43217.524: [GC (Allocation Failure) 
Desired survivor size 5767168 bytes, new threshold 15 (max 15)
[PSYoungGen: 255841K->5173K(256512K)] 373078K->122514K(1042944K), 0.0097897 secs] [Times: user=0.02 sys=0.00, real=0.01 secs] 
43234.011: [GC (System.gc()) 
Desired survivor size 5767168 bytes, new threshold 15 (max 15)
[PSYoungGen: 125719K->4500K(256512K)] 243060K->122039K(1042944K), 0.0090076 secs] [Times: user=0.02 sys=0.00, real=0.01 secs] 
43234.020: [Full GC (System.gc()) [PSYoungGen: 4500K->0K(256512K)] [ParOldGen: 117538K->107139K(786432K)] 122039K->107139K(1042944K), [Metaspace: 91811K->91811K(1132544K)], 0.3336277 secs] [Times: user=0.52 sys=0.00, real=0.33 secs] 
43268.545: [GC (Allocation Failure) 
Desired survivor size 5767168 bytes, new threshold 15 (max 15)
[PSYoungGen: 250880K->3245K(256512K)] 358019K->110385K(1042944K), 0.0090732 secs] [Times: user=0.01 sys=0.00, real=0.01 secs] 
43303.416: [GC (Allocation Failure) 
Desired survivor size 6291456 bytes, new threshold 15 (max 15)
[PSYoungGen: 254125K->3438K(254464K)] 361265K->110578K(1040896K), 0.0094413 secs] [Times: user=0.02 sys=0.00, real=0.01 secs] 
43338.289: [GC (Allocation Failure) 
Desired survivor size 6291456 bytes, new threshold 15 (max 15)
[PSYoungGen: 254318K->3591K(256000K)] 361458K->110731K(1042432K), 0.0112819 secs] [Times: user=0.02 sys=0.00, real=0.01 secs] 
43372.796: [GC (Allocation Failure) 
Desired survivor size 6291456 bytes, new threshold 15 (max 15)
[PSYoungGen: 253447K->3742K(256000K)] 360587K->110882K(1042432K), 0.0088604 secs] [Times: user=0.01 sys=0.00, real=0.01 secs] 
43407.421: [GC (Allocation Failure) 
Desired survivor size 6291456 bytes, new threshold 15 (max 15)
[PSYoungGen: 253598K->3838K(256000K)] 360738K->110977K(1042432K), 0.0087755 secs] [Times: user=0.01 sys=0.01, real=0.01 secs] 
43442.172: [GC (Allocation Failure) 
Desired survivor size 6291456 bytes, new threshold 15 (max 15)
[PSYoungGen: 253694K->3965K(256000K)] 360833K->111105K(1042432K), 0.0093612 secs] [Times: user=0.02 sys=0.00, real=0.01 secs] 
43476.918: [GC (Allocation Failure) 
Desired survivor size 5767168 bytes, new threshold 15 (max 15)
[PSYoungGen: 253821K->4160K(256512K)] 360961K->111300K(1042944K), 0.0106190 secs] [Times: user=0.02 sys=0.00, real=0.01 secs] 
43511.669: [GC (Allocation Failure) 
Desired survivor size 5767168 bytes, new threshold 15 (max 15)
[PSYoungGen: 254528K->4240K(256000K)] 361668K->111380K(1042432K), 0.0093137 secs] [Times: user=0.01 sys=0.00, real=0.01 secs] 
43546.173: [GC (Allocation Failure) 
Desired survivor size 5767168 bytes, new threshold 15 (max 15)
[PSYoungGen: 254608K->4370K(256512K)] 361748K->111509K(1042944K), 0.0096402 secs] [Times: user=0.02 sys=0.00, real=0.01 secs] 
43580.421: [GC (Allocation Failure) 
Desired survivor size 5767168 bytes, new threshold 15 (max 15)
[PSYoungGen: 255250K->4488K(256512K)] 362389K->111628K(1042944K), 0.0100500 secs] [Times: user=0.01 sys=0.00, real=0.01 secs] 
43615.051: [GC (Allocation Failure) 
Desired survivor size 5767168 bytes, new threshold 15 (max 15)
[PSYoungGen: 255368K->4631K(256512K)] 362508K->111771K(1042944K), 0.0092177 secs] [Times: user=0.02 sys=0.00, real=0.01 secs] 
43649.798: [GC (Allocation Failure) 
Desired survivor size 5767168 bytes, new threshold 15 (max 15)
[PSYoungGen: 255511K->4647K(256512K)] 362651K->111787K(1042944K), 0.0088866 secs] [Times: user=0.01 sys=0.00, real=0.01 secs] 
43684.671: [GC (Allocation Failure) 
Desired survivor size 5767168 bytes, new threshold 15 (max 15)
[PSYoungGen: 255527K->4760K(256512K)] 362667K->111900K(1042944K), 0.0089069 secs] [Times: user=0.01 sys=0.00, real=0.01 secs] 
43719.537: [GC (Allocation Failure) 
Desired survivor size 5767168 bytes, new threshold 15 (max 15)
[PSYoungGen: 255640K->4906K(256512K)] 362780K->112046K(1042944K), 0.0103366 secs] [Times: user=0.02 sys=0.00, real=0.01 secs] 
43754.295: [GC (Allocation Failure) 
Desired survivor size 5767168 bytes, new threshold 15 (max 15)
[PSYoungGen: 255786K->4975K(256512K)] 362926K->112114K(1042944K), 0.0092539 secs] [Times: user=0.02 sys=0.00, real=0.01 secs] 
43789.041: [GC (Allocation Failure) 
Desired survivor size 5767168 bytes, new threshold 15 (max 15)
[PSYoungGen: 255855K->4631K(256512K)] 362994K->112189K(1042944K), 0.0093464 secs] [Times: user=0.01 sys=0.00, real=0.01 secs] 
43823.546: [GC (Allocation Failure) 
Desired survivor size 5767168 bytes, new threshold 15 (max 15)
[PSYoungGen: 255511K->4923K(256512K)] 363069K->112561K(1042944K), 0.0093386 secs] [Times: user=0.02 sys=0.00, real=0.01 secs] 
43858.291: [GC (Allocation Failure) 
Desired survivor size 5767168 bytes, new threshold 15 (max 15)
[PSYoungGen: 255803K->4675K(256512K)] 363441K->112439K(1042944K), 0.0089305 secs] [Times: user=0.01 sys=0.00, real=0.01 secs] 
43893.040: [GC (Allocation Failure) 
Desired survivor size 5767168 bytes, new threshold 15 (max 15)
[PSYoungGen: 255555K->4760K(256512K)] 363319K->112604K(1042944K), 0.0089675 secs] [Times: user=0.01 sys=0.00, real=0.01 secs] 
43927.675: [GC (Allocation Failure) 
Desired survivor size 5767168 bytes, new threshold 15 (max 15)
[PSYoungGen: 255640K->4751K(256512K)] 363484K->112675K(1042944K), 0.0091124 secs] [Times: user=0.02 sys=0.00, real=0.01 secs] 
43962.541: [GC (Allocation Failure) 
Desired survivor size 5767168 bytes, new threshold 15 (max 15)
[PSYoungGen: 255631K->4831K(256512K)] 363555K->112827K(1042944K), 0.0093913 secs] [Times: user=0.01 sys=0.00, real=0.01 secs] 
43997.171: [GC (Allocation Failure) 
Desired survivor size 5767168 bytes, new threshold 15 (max 15)
[PSYoungGen: 255711K->4846K(256512K)] 363707K->112922K(1042944K), 0.0091775 secs] [Times: user=0.01 sys=0.00, real=0.01 secs] 
44032.040: [GC (Allocation Failure) 
Desired survivor size 5767168 bytes, new threshold 15 (max 15)
[PSYoungGen: 255726K->4847K(256512K)] 363802K->113003K(1042944K), 0.0089740 secs] [Times: user=0.01 sys=0.00, real=0.01 secs] 
44066.794: [GC (Allocation Failure) 
Desired survivor size 5767168 bytes, new threshold 15 (max 15)
[PSYoungGen: 255727K->4873K(256512K)] 363883K->113148K(1042944K), 0.0103099 secs] [Times: user=0.02 sys=0.00, real=0.01 secs] 
44101.544: [GC (Allocation Failure) 
Desired survivor size 5767168 bytes, new threshold 15 (max 15)
[PSYoungGen: 255753K->4809K(256512K)] 364028K->113188K(1042944K), 0.0096701 secs] [Times: user=0.01 sys=0.00, real=0.01 secs] 
44136.171: [GC (Allocation Failure) 
Desired survivor size 5767168 bytes, new threshold 15 (max 15)
[PSYoungGen: 255689K->4975K(256512K)] 364068K->113434K(1042944K), 0.0099897 secs] [Times: user=0.02 sys=0.00, real=0.01 secs] 
44170.920: [GC (Allocation Failure) 
Desired survivor size 5767168 bytes, new threshold 15 (max 15)
[PSYoungGen: 255855K->4958K(256512K)] 364314K->113497K(1042944K), 0.0100577 secs] [Times: user=0.02 sys=0.00, real=0.01 secs] 
44205.294: [GC (Allocation Failure) 
Desired survivor size 5767168 bytes, new threshold 15 (max 15)
[PSYoungGen: 255838K->5023K(256512K)] 364377K->113642K(1042944K), 0.0090235 secs] [Times: user=0.01 sys=0.00, real=0.01 secs] 
44240.044: [GC (Allocation Failure) 
Desired survivor size 5767168 bytes, new threshold 15 (max 15)
[PSYoungGen: 255903K->4937K(256512K)] 364522K->113645K(1042944K), 0.0093389 secs] [Times: user=0.02 sys=0.00, real=0.01 secs] 
44274.796: [GC (Allocation Failure) 
Desired survivor size 5767168 bytes, new threshold 15 (max 15)
[PSYoungGen: 255817K->4946K(256512K)] 364525K->113741K(1042944K), 0.0095330 secs] [Times: user=0.02 sys=0.00, real=0.01 secs] 
44309.549: [GC (Allocation Failure) 
Desired survivor size 5767168 bytes, new threshold 15 (max 15)
[PSYoungGen: 255826K->4937K(256512K)] 364621K->113820K(1042944K), 0.0106079 secs] [Times: user=0.02 sys=0.00, real=0.01 secs] 
44344.295: [GC (Allocation Failure) 
Desired survivor size 5767168 bytes, new threshold 15 (max 15)
[PSYoungGen: 255817K->4894K(256512K)] 364700K->113979K(1042944K), 0.0090055 secs] [Times: user=0.01 sys=0.00, real=0.01 secs] 
44379.149: [GC (Allocation Failure) 
Desired survivor size 5767168 bytes, new threshold 15 (max 15)
[PSYoungGen: 255774K->4924K(256512K)] 364859K->114106K(1042944K), 0.0100280 secs] [Times: user=0.02 sys=0.00, real=0.01 secs] 
44413.544: [GC (Allocation Failure) 
Desired survivor size 5767168 bytes, new threshold 15 (max 15)
[PSYoungGen: 255804K->4931K(256512K)] 364986K->114255K(1042944K), 0.0095278 secs] [Times: user=0.02 sys=0.00, real=0.01 secs] 
44448.160: [GC (Allocation Failure) 
Desired survivor size 5767168 bytes, new threshold 15 (max 15)
[PSYoungGen: 255811K->5060K(256512K)] 365135K->114481K(1042944K), 0.0104490 secs] [Times: user=0.02 sys=0.00, real=0.01 secs] 
44482.975: [GC (Allocation Failure) 
Desired survivor size 5767168 bytes, new threshold 15 (max 15)
[PSYoungGen: 255940K->5044K(256512K)] 365361K->114569K(1042944K), 0.0098096 secs] [Times: user=0.02 sys=0.00, real=0.01 secs] 
44517.582: [GC (Allocation Failure) 
Desired survivor size 5767168 bytes, new threshold 15 (max 15)
[PSYoungGen: 255924K->5091K(256512K)] 365449K->114758K(1042944K), 0.0097946 secs] [Times: user=0.02 sys=0.00, real=0.01 secs] 
44552.426: [GC (Allocation Failure) 
Desired survivor size 5767168 bytes, new threshold 15 (max 15)
[PSYoungGen: 255971K->4985K(256512K)] 365638K->114747K(1042944K), 0.0096799 secs] [Times: user=0.01 sys=0.00, real=0.01 secs] 
44587.295: [GC (Allocation Failure) 
Desired survivor size 5767168 bytes, new threshold 15 (max 15)
[PSYoungGen: 255865K->4994K(256512K)] 365627K->114861K(1042944K), 0.0106780 secs] [Times: user=0.02 sys=0.00, real=0.01 secs] 
44622.045: [GC (Allocation Failure) 
Desired survivor size 5767168 bytes, new threshold 15 (max 15)
[PSYoungGen: 255874K->4957K(256512K)] 365741K->114927K(1042944K), 0.0097638 secs] [Times: user=0.01 sys=0.01, real=0.01 secs] 
44656.826: [GC (Allocation Failure) 
Desired survivor size 5767168 bytes, new threshold 15 (max 15)
[PSYoungGen: 255837K->4918K(256512K)] 365807K->115031K(1042944K), 0.0097512 secs] [Times: user=0.02 sys=0.00, real=0.01 secs] 
44691.670: [GC (Allocation Failure) 
Desired survivor size 5767168 bytes, new threshold 15 (max 15)
[PSYoungGen: 255798K->4956K(256512K)] 365911K->115166K(1042944K), 0.0094985 secs] [Times: user=0.02 sys=0.00, real=0.01 secs] 
44726.294: [GC (Allocation Failure) 
Desired survivor size 5767168 bytes, new threshold 15 (max 15)
[PSYoungGen: 255836K->5064K(256512K)] 366046K->115402K(1042944K), 0.0099868 secs] [Times: user=0.02 sys=0.00, real=0.01 secs] 
44761.046: [GC (Allocation Failure) 
Desired survivor size 5767168 bytes, new threshold 15 (max 15)
[PSYoungGen: 255944K->4937K(256512K)] 366282K->115379K(1042944K), 0.0109861 secs] [Times: user=0.02 sys=0.00, real=0.01 secs] 
44795.419: [GC (Allocation Failure) 
Desired survivor size 5767168 bytes, new threshold 15 (max 15)
[PSYoungGen: 255817K->4904K(256512K)] 366259K->115499K(1042944K), 0.0101483 secs] [Times: user=0.02 sys=0.00, real=0.01 secs] 
44830.169: [GC (Allocation Failure) 
Desired survivor size 5767168 bytes, new threshold 15 (max 15)
[PSYoungGen: 255784K->4751K(256512K)] 366379K->115497K(1042944K), 0.0094186 secs] [Times: user=0.02 sys=0.00, real=0.01 secs] 
44865.046: [GC (Allocation Failure) 
Desired survivor size 5767168 bytes, new threshold 15 (max 15)
[PSYoungGen: 255631K->4761K(256512K)] 366377K->115657K(1042944K), 0.0094670 secs] [Times: user=0.02 sys=0.00, real=0.01 secs] 
44899.797: [GC (Allocation Failure) 
Desired survivor size 5767168 bytes, new threshold 15 (max 15)
[PSYoungGen: 255641K->4943K(256512K)] 366537K->115943K(1042944K), 0.0098972 secs] [Times: user=0.01 sys=0.00, real=0.01 secs] 
44934.671: [GC (Allocation Failure) 
Desired survivor size 5767168 bytes, new threshold 15 (max 15)
[PSYoungGen: 255823K->4752K(256512K)] 366823K->115888K(1042944K), 0.0090599 secs] [Times: user=0.02 sys=0.00, real=0.01 secs] 
44969.421: [GC (Allocation Failure) 
Desired survivor size 5767168 bytes, new threshold 15 (max 15)
[PSYoungGen: 255632K->4768K(256512K)] 366768K->116000K(1042944K), 0.0107846 secs] [Times: user=0.01 sys=0.00, real=0.01 secs] 
45004.291: [GC (Allocation Failure) 
Desired survivor size 5767168 bytes, new threshold 15 (max 15)
[PSYoungGen: 255648K->4831K(256512K)] 366880K->116168K(1042944K), 0.0092856 secs] [Times: user=0.02 sys=0.00, real=0.01 secs] 
45038.796: [GC (Allocation Failure) 
Desired survivor size 5767168 bytes, new threshold 15 (max 15)
[PSYoungGen: 255711K->4925K(256512K)] 367048K->116365K(1042944K), 0.0111239 secs] [Times: user=0.02 sys=0.00, real=0.01 secs] 
45073.422: [GC (Allocation Failure) 
Desired survivor size 5767168 bytes, new threshold 15 (max 15)
[PSYoungGen: 255805K->4923K(256512K)] 367245K->116507K(1042944K), 0.0103775 secs] [Times: user=0.02 sys=0.00, real=0.01 secs] 
45108.292: [GC (Allocation Failure) 
Desired survivor size 5767168 bytes, new threshold 15 (max 15)
[PSYoungGen: 255803K->4908K(256512K)] 367387K->116587K(1042944K), 0.0097581 secs] [Times: user=0.01 sys=0.01, real=0.01 secs] 
45143.171: [GC (Allocation Failure) 
Desired survivor size 5767168 bytes, new threshold 15 (max 15)
[PSYoungGen: 255788K->4805K(256512K)] 367467K->116635K(1042944K), 0.0098288 secs] [Times: user=0.02 sys=0.00, real=0.01 secs] 
45177.921: [GC (Allocation Failure) 
Desired survivor size 5242880 bytes, new threshold 15 (max 15)
[PSYoungGen: 255685K->4812K(256512K)] 367515K->116738K(1042944K), 0.0093657 secs] [Times: user=0.01 sys=0.00, real=0.01 secs] 
45212.674: [GC (Allocation Failure) 
Desired survivor size 5242880 bytes, new threshold 15 (max 15)
[PSYoungGen: 255692K->4839K(257024K)] 367618K->116916K(1043456K), 0.0096499 secs] [Times: user=0.02 sys=0.00, real=0.01 secs] 
45247.673: [GC (Allocation Failure) 
Desired survivor size 5242880 bytes, new threshold 15 (max 15)
[PSYoungGen: 256743K->4870K(257024K)] 368820K->117051K(1043456K), 0.0093267 secs] [Times: user=0.01 sys=0.00, real=0.01 secs] 
45282.668: [GC (Allocation Failure) 
Desired survivor size 5242880 bytes, new threshold 15 (max 15)
[PSYoungGen: 256774K->4898K(257024K)] 368955K->117183K(1043456K), 0.0100396 secs] [Times: user=0.02 sys=0.00, real=0.01 secs] 
45317.318: [GC (Allocation Failure) 
Desired survivor size 5767168 bytes, new threshold 14 (max 15)
[PSYoungGen: 256802K->5098K(257024K)] 369087K->117550K(1043456K), 0.0101395 secs] [Times: user=0.02 sys=0.00, real=0.01 secs] 
45352.289: [GC (Allocation Failure) 
Desired survivor size 5767168 bytes, new threshold 15 (max 15)
[PSYoungGen: 257002K->4857K(256000K)] 369454K->117502K(1042432K), 0.0095023 secs] [Times: user=0.01 sys=0.00, real=0.01 secs] 
45386.545: [GC (Allocation Failure) 
Desired survivor size 5767168 bytes, new threshold 15 (max 15)
[PSYoungGen: 255737K->4919K(256512K)] 368382K->117564K(1042944K), 0.0098594 secs] [Times: user=0.02 sys=0.00, real=0.01 secs] 
45421.294: [GC (Allocation Failure) 
Desired survivor size 5767168 bytes, new threshold 15 (max 15)
[PSYoungGen: 255799K->5087K(256512K)] 368444K->117828K(1042944K), 0.0093687 secs] [Times: user=0.01 sys=0.00, real=0.01 secs] 
45456.105: [GC (Allocation Failure) 
Desired survivor size 5767168 bytes, new threshold 15 (max 15)
[PSYoungGen: 255967K->4975K(256512K)] 368708K->117812K(1042944K), 0.0096210 secs] [Times: user=0.02 sys=0.00, real=0.01 secs] 
45490.812: [GC (Allocation Failure) 
Desired survivor size 5767168 bytes, new threshold 15 (max 15)
[PSYoungGen: 255855K->5062K(256512K)] 368692K->117995K(1042944K), 0.0094846 secs] [Times: user=0.01 sys=0.00, real=0.01 secs] 
45525.684: [GC (Allocation Failure) 
Desired survivor size 5767168 bytes, new threshold 15 (max 15)
[PSYoungGen: 255942K->5046K(256512K)] 368875K->118083K(1042944K), 0.0191550 secs] [Times: user=0.03 sys=0.00, real=0.01 secs] 
45560.552: [GC (Allocation Failure) 
Desired survivor size 5767168 bytes, new threshold 15 (max 15)
[PSYoungGen: 255926K->4921K(256512K)] 368963K->118155K(1042944K), 0.0091899 secs] [Times: user=0.02 sys=0.00, real=0.01 secs] 
45595.420: [GC (Allocation Failure) 
Desired survivor size 5767168 bytes, new threshold 15 (max 15)
[PSYoungGen: 255801K->4879K(256512K)] 369035K->118257K(1042944K), 0.0096550 secs] [Times: user=0.01 sys=0.00, real=0.01 secs] 
45630.049: [GC (Allocation Failure) 
Desired survivor size 5767168 bytes, new threshold 15 (max 15)
[PSYoungGen: 255759K->4928K(256512K)] 369137K->118409K(1042944K), 0.0097085 secs] [Times: user=0.01 sys=0.00, real=0.01 secs] 
45664.800: [GC (Allocation Failure) 
Desired survivor size 5767168 bytes, new threshold 15 (max 15)
[PSYoungGen: 255808K->4932K(256512K)] 369289K->118509K(1042944K), 0.0089797 secs] [Times: user=0.02 sys=0.00, real=0.01 secs] 
45699.713: [GC (Allocation Failure) 
Desired survivor size 5767168 bytes, new threshold 15 (max 15)
[PSYoungGen: 255812K->4986K(256512K)] 369389K->118706K(1042944K), 0.0105467 secs] [Times: user=0.02 sys=0.00, real=0.01 secs] 
45734.544: [GC (Allocation Failure) 
Desired survivor size 5767168 bytes, new threshold 15 (max 15)
[PSYoungGen: 255866K->4826K(256512K)] 369586K->118650K(1042944K), 0.0093025 secs] [Times: user=0.01 sys=0.00, real=0.01 secs] 
45769.296: [GC (Allocation Failure) 
Desired survivor size 5767168 bytes, new threshold 15 (max 15)
[PSYoungGen: 255706K->4843K(256512K)] 369530K->118763K(1042944K), 0.0094541 secs] [Times: user=0.02 sys=0.00, real=0.01 secs] 
45804.046: [GC (Allocation Failure) 
Desired survivor size 5767168 bytes, new threshold 15 (max 15)
[PSYoungGen: 255723K->4865K(256512K)] 369643K->118889K(1042944K), 0.0100318 secs] [Times: user=0.02 sys=0.00, real=0.01 secs] 
45838.778: [GC (Allocation Failure) 
Desired survivor size 5242880 bytes, new threshold 15 (max 15)
[PSYoungGen: 255745K->4892K(257024K)] 369769K->119067K(1043456K), 0.0095426 secs] [Times: user=0.02 sys=0.00, real=0.01 secs] 
45873.671: [GC (Allocation Failure) 
Desired survivor size 5242880 bytes, new threshold 15 (max 15)
[PSYoungGen: 256284K->4829K(256512K)] 370459K->119108K(1042944K), 0.0131272 secs] [Times: user=0.02 sys=0.00, real=0.01 secs] 
45908.546: [GC (Allocation Failure) 
Desired survivor size 5242880 bytes, new threshold 15 (max 15)
[PSYoungGen: 256221K->4826K(257024K)] 370500K->119233K(1043456K), 0.0092906 secs] [Times: user=0.02 sys=0.00, real=0.01 secs] 
45943.297: [GC (Allocation Failure) 
Desired survivor size 5242880 bytes, new threshold 15 (max 15)
[PSYoungGen: 256730K->4838K(257024K)] 371137K->119387K(1043456K), 0.0096404 secs] [Times: user=0.02 sys=0.00, real=0.00 secs] 
45980.755: [GC (Allocation Failure) 
Desired survivor size 5767168 bytes, new threshold 14 (max 15)
[PSYoungGen: 256742K->5115K(256000K)] 371291K->119937K(1042432K), 0.0103137 secs] [Times: user=0.02 sys=0.00, real=0.01 secs] 
46330.808: [GC (Allocation Failure) 
Desired survivor size 5767168 bytes, new threshold 15 (max 15)
[PSYoungGen: 255995K->5039K(256512K)] 370817K->120086K(1042944K), 0.0093703 secs] [Times: user=0.02 sys=0.00, real=0.01 secs] 
46693.466: [GC (Allocation Failure) 
Desired survivor size 5767168 bytes, new threshold 15 (max 15)
[PSYoungGen: 255919K->5469K(256512K)] 370966K->120516K(1042944K), 0.0088116 secs] [Times: user=0.02 sys=0.00, real=0.01 secs] 
46834.355: [GC (System.gc()) 
Desired survivor size 5767168 bytes, new threshold 15 (max 15)
[PSYoungGen: 103198K->5580K(256512K)] 218245K->120723K(1042944K), 0.0089153 secs] [Times: user=0.02 sys=0.00, real=0.01 secs] 
46834.364: [Full GC (System.gc()) [PSYoungGen: 5580K->0K(256512K)] [ParOldGen: 115142K->105314K(786432K)] 120723K->105314K(1042944K), [Metaspace: 91818K->91818K(1132544K)], 0.3178838 secs] [Times: user=0.50 sys=0.00, real=0.31 secs] 
47194.672: [GC (Allocation Failure) 
Desired survivor size 6291456 bytes, new threshold 15 (max 15)
[PSYoungGen: 250880K->1755K(255488K)] 356194K->107070K(1041920K), 0.0069828 secs] [Times: user=0.02 sys=0.00, real=0.01 secs] 
47563.890: [GC (Allocation Failure) 
Desired survivor size 6815744 bytes, new threshold 15 (max 15)
[PSYoungGen: 251611K->2282K(252416K)] 356926K->107597K(1038848K), 0.0072325 secs] [Times: user=0.01 sys=0.00, real=0.01 secs] 
47926.725: [GC (Allocation Failure) 
Desired survivor size 6815744 bytes, new threshold 15 (max 15)
[PSYoungGen: 252138K->2890K(255488K)] 357453K->108205K(1041920K), 0.0073414 secs] [Times: user=0.01 sys=0.00, real=0.01 secs] 
48285.056: [GC (Allocation Failure) 
Desired survivor size 6815744 bytes, new threshold 15 (max 15)
[PSYoungGen: 251722K->3737K(255488K)] 357037K->109052K(1041920K), 0.0081706 secs] [Times: user=0.02 sys=0.00, real=0.01 secs] 
48644.470: [GC (Allocation Failure) 
Desired survivor size 6291456 bytes, new threshold 15 (max 15)
[PSYoungGen: 252569K->4254K(256000K)] 357884K->109569K(1042432K), 0.0088207 secs] [Times: user=0.02 sys=0.00, real=0.01 secs] 
49009.626: [GC (Allocation Failure) 
Desired survivor size 6815744 bytes, new threshold 15 (max 15)
[PSYoungGen: 253598K->4874K(255488K)] 358913K->110197K(1041920K), 0.0105167 secs] [Times: user=0.02 sys=0.00, real=0.01 secs] 
49382.131: [GC (Allocation Failure) 
Desired survivor size 6815744 bytes, new threshold 15 (max 15)
[PSYoungGen: 254218K->5532K(255488K)] 359541K->110855K(1041920K), 0.0106603 secs] [Times: user=0.02 sys=0.00, real=0.01 secs] 
49746.162: [GC (Allocation Failure) 
Desired survivor size 7340032 bytes, new threshold 15 (max 15)
[PSYoungGen: 254364K->6090K(254976K)] 359687K->111413K(1041408K), 0.0137355 secs] [Times: user=0.02 sys=0.00, real=0.02 secs] 
50113.326: [GC (Allocation Failure) 
Desired survivor size 7864320 bytes, new threshold 15 (max 15)
[PSYoungGen: 254922K->6779K(253952K)] 360245K->112102K(1040384K), 0.0136441 secs] [Times: user=0.02 sys=0.00, real=0.01 secs] 
50434.682: [GC (System.gc()) 
Desired survivor size 8388608 bytes, new threshold 15 (max 15)
[PSYoungGen: 229046K->7453K(254464K)] 334369K->112784K(1040896K), 0.0121089 secs] [Times: user=0.02 sys=0.00, real=0.01 secs] 
50434.694: [Full GC (System.gc()) [PSYoungGen: 7453K->0K(254464K)] [ParOldGen: 105330K->104910K(786432K)] 112784K->104910K(1040896K), [Metaspace: 91830K->91733K(1132544K)], 0.4210051 secs] [Times: user=0.68 sys=0.00, real=0.42 secs] 
50795.308: [GC (Allocation Failure) 
Desired survivor size 8912896 bytes, new threshold 15 (max 15)
[PSYoungGen: 246784K->1692K(252416K)] 351694K->106603K(1038848K), 0.0064965 secs] [Times: user=0.01 sys=0.00, real=0.00 secs] 
51156.296: [GC (Allocation Failure) 
Desired survivor size 8912896 bytes, new threshold 15 (max 15)
[PSYoungGen: 246428K->2524K(253440K)] 351339K->107435K(1039872K), 0.0074009 secs] [Times: user=0.02 sys=0.00, real=0.01 secs] 
51512.326: [GC (Allocation Failure) 
Desired survivor size 8912896 bytes, new threshold 15 (max 15)
[PSYoungGen: 247260K->3021K(253440K)] 352171K->107931K(1039872K), 0.0084414 secs] [Times: user=0.01 sys=0.00, real=0.01 secs] 
51867.163: [GC (Allocation Failure) 
Desired survivor size 8388608 bytes, new threshold 15 (max 15)
[PSYoungGen: 247757K->3915K(253440K)] 352667K->108826K(1039872K), 0.0084309 secs] [Times: user=0.01 sys=0.00, real=0.01 secs] 
52222.562: [GC (Allocation Failure) 
Desired survivor size 8388608 bytes, new threshold 15 (max 15)
[PSYoungGen: 248651K->4785K(253952K)] 353562K->109696K(1040384K), 0.0098281 secs] [Times: user=0.01 sys=0.00, real=0.01 secs] 
52585.999: [GC (Allocation Failure) 
Desired survivor size 8388608 bytes, new threshold 15 (max 15)
[PSYoungGen: 250545K->5247K(253952K)] 355456K->110158K(1040384K), 0.0099014 secs] [Times: user=0.02 sys=0.00, real=0.01 secs] 
52945.064: [GC (Allocation Failure) 
Desired survivor size 8388608 bytes, new threshold 15 (max 15)
[PSYoungGen: 251007K->5759K(253952K)] 355918K->110670K(1040384K), 0.0110077 secs] [Times: user=0.01 sys=0.00, real=0.01 secs] 
53301.732: [GC (Allocation Failure) 
Desired survivor size 8912896 bytes, new threshold 15 (max 15)
[PSYoungGen: 251519K->6269K(252416K)] 356430K->111180K(1038848K), 0.0103677 secs] [Times: user=0.02 sys=0.00, real=0.01 secs] 
53659.335: [GC (Allocation Failure) 
Desired survivor size 8912896 bytes, new threshold 15 (max 15)
[PSYoungGen: 252029K->7024K(253440K)] 356940K->111935K(1039872K), 0.0124955 secs] [Times: user=0.02 sys=0.00, real=0.01 secs] 
54015.686: [GC (Allocation Failure) 
Desired survivor size 9961472 bytes, new threshold 15 (max 15)
[PSYoungGen: 251760K->7629K(252416K)] 356671K->112547K(1038848K), 0.0215185 secs] [Times: user=0.04 sys=0.00, real=0.02 secs] 
54035.116: [GC (System.gc()) 
Desired survivor size 9961472 bytes, new threshold 15 (max 15)
[PSYoungGen: 23199K->7421K(252416K)] 128118K->112340K(1038848K), 0.0142048 secs] [Times: user=0.02 sys=0.00, real=0.02 secs] 
54035.130: [Full GC (System.gc()) [PSYoungGen: 7421K->0K(252416K)] [ParOldGen: 104918K->104824K(786432K)] 112340K->104824K(1038848K), [Metaspace: 91745K->91745K(1132544K)], 0.3463173 secs] [Times: user=0.55 sys=0.00, real=0.35 secs] 
54395.645: [GC (Allocation Failure) 
Desired survivor size 10485760 bytes, new threshold 15 (max 15)
[PSYoungGen: 242688K->1722K(244736K)] 347512K->106546K(1031168K), 0.0161817 secs] [Times: user=0.02 sys=0.00, real=0.01 secs] 
54749.740: [GC (Allocation Failure) 
Desired survivor size 10485760 bytes, new threshold 15 (max 15)
[PSYoungGen: 244410K->2478K(251904K)] 349234K->107302K(1038336K), 0.0069714 secs] [Times: user=0.01 sys=0.00, real=0.01 secs] 
55102.240: [GC (Allocation Failure) 
Desired survivor size 9961472 bytes, new threshold 15 (max 15)
[PSYoungGen: 244142K->3136K(251904K)] 348966K->107961K(1038336K), 0.0081619 secs] [Times: user=0.01 sys=0.00, real=0.00 secs] 
55453.282: [GC (Allocation Failure) 
Desired survivor size 9961472 bytes, new threshold 15 (max 15)
[PSYoungGen: 244800K->3690K(252416K)] 349625K->108522K(1038848K), 0.0086470 secs] [Times: user=0.01 sys=0.00, real=0.01 secs] 
55806.327: [GC (Allocation Failure) 
Desired survivor size 9437184 bytes, new threshold 15 (max 15)
[PSYoungGen: 246378K->4253K(252416K)] 351210K->109085K(1038848K), 0.0086794 secs] [Times: user=0.02 sys=0.00, real=0.00 secs] 
56166.738: [GC (Allocation Failure) 
Desired survivor size 8912896 bytes, new threshold 15 (max 15)
[PSYoungGen: 246941K->4926K(253440K)] 351773K->109758K(1039872K), 0.0105752 secs] [Times: user=0.02 sys=0.00, real=0.01 secs] 
56525.396: [GC (Allocation Failure) 
Desired survivor size 8912896 bytes, new threshold 15 (max 15)
[PSYoungGen: 249150K->5712K(252928K)] 353982K->110544K(1039360K), 0.0106470 secs] [Times: user=0.02 sys=0.00, real=0.01 secs] 
56880.044: [GC (Allocation Failure) 
Desired survivor size 9437184 bytes, new threshold 15 (max 15)
[PSYoungGen: 249936K->6351K(252416K)] 354768K->111183K(1038848K), 0.0107658 secs] [Times: user=0.02 sys=0.00, real=0.01 secs] 
57240.965: [GC (Allocation Failure) 
Desired survivor size 9437184 bytes, new threshold 15 (max 15)
[PSYoungGen: 250063K->6717K(252928K)] 354895K->111549K(1039360K), 0.0132789 secs] [Times: user=0.03 sys=0.00, real=0.01 secs] 
57596.633: [GC (Allocation Failure) 
Desired survivor size 9961472 bytes, new threshold 15 (max 15)
[PSYoungGen: 250429K->7469K(251904K)] 355261K->112301K(1038336K), 0.0142022 secs] [Times: user=0.02 sys=0.00, real=0.01 secs] 
57635.477: [GC (System.gc()) 
Desired survivor size 10485760 bytes, new threshold 15 (max 15)
[PSYoungGen: 36697K->7374K(250368K)] 141530K->112206K(1036800K), 0.0117307 secs] [Times: user=0.02 sys=0.00, real=0.01 secs] 
57635.489: [Full GC (System.gc()) [PSYoungGen: 7374K->0K(250368K)] [ParOldGen: 104832K->104884K(786432K)] 112206K->104884K(1036800K), [Metaspace: 91753K->91753K(1132544K)], 0.3834913 secs] [Times: user=0.52 sys=0.01, real=0.38 secs] 
57991.126: [GC (Allocation Failure) 
Desired survivor size 10485760 bytes, new threshold 15 (max 15)
[PSYoungGen: 242688K->1627K(251904K)] 347572K->106512K(1038336K), 0.0073963 secs] [Times: user=0.02 sys=0.00, real=0.01 secs] 
58350.548: [GC (Allocation Failure) 
Desired survivor size 10485760 bytes, new threshold 15 (max 15)
[PSYoungGen: 243291K->2380K(251904K)] 348176K->107272K(1038336K), 0.0066136 secs] [Times: user=0.01 sys=0.00, real=0.01 secs] 
58784.012: [GC (Allocation Failure) 
Desired survivor size 10485760 bytes, new threshold 15 (max 15)
[PSYoungGen: 244044K->3082K(251904K)] 348936K->107975K(1038336K), 0.0078985 secs] [Times: user=0.02 sys=0.00, real=0.01 secs] 
59213.127: [GC (Allocation Failure) 
Desired survivor size 9961472 bytes, new threshold 15 (max 15)
[PSYoungGen: 244746K->3869K(251904K)] 349639K->108762K(1038336K), 0.0084192 secs] [Times: user=0.01 sys=0.00, real=0.01 secs] 
59646.167: [GC (Allocation Failure) 
Desired survivor size 9437184 bytes, new threshold 15 (max 15)
[PSYoungGen: 245533K->4652K(252928K)] 350426K->109544K(1039360K), 0.0126245 secs] [Times: user=0.02 sys=0.00, real=0.02 secs] 
60082.912: [GC (Allocation Failure) 
Desired survivor size 9437184 bytes, new threshold 15 (max 15)
[PSYoungGen: 247852K->5486K(252416K)] 352744K->110379K(1038848K), 0.0104314 secs] [Times: user=0.02 sys=0.00, real=0.01 secs] 
60525.132: [GC (Allocation Failure) 
Desired survivor size 9437184 bytes, new threshold 15 (max 15)
[PSYoungGen: 248686K->6271K(252928K)] 353579K->111164K(1039360K), 0.0128739 secs] [Times: user=0.02 sys=0.00, real=0.02 secs] 
60958.657: [GC (Allocation Failure) 
Desired survivor size 9961472 bytes, new threshold 15 (max 15)
[PSYoungGen: 249983K->7070K(250880K)] 354876K->111963K(1037312K), 0.0121645 secs] [Times: user=0.02 sys=0.00, real=0.02 secs] 
61235.874: [GC (System.gc()) 
Desired survivor size 10485760 bytes, new threshold 15 (max 15)
[PSYoungGen: 163784K->7421K(251392K)] 268677K->112314K(1037824K), 0.0185848 secs] [Times: user=0.03 sys=0.00, real=0.02 secs] 
61235.892: [Full GC (System.gc()) [PSYoungGen: 7421K->0K(251392K)] [ParOldGen: 104892K->104955K(786432K)] 112314K->104955K(1037824K), [Metaspace: 91759K->91759K(1132544K)], 0.2716613 secs] [Times: user=0.40 sys=0.00, real=0.27 secs] 
61673.669: [GC (Allocation Failure) 
Desired survivor size 10485760 bytes, new threshold 15 (max 15)
[PSYoungGen: 241664K->1868K(251904K)] 346619K->106823K(1038336K), 0.0071692 secs] [Times: user=0.01 sys=0.00, real=0.00 secs] 
62106.341: [GC (Allocation Failure) 
Desired survivor size 10485760 bytes, new threshold 15 (max 15)
[PSYoungGen: 243532K->2798K(251904K)] 348487K->107753K(1038336K), 0.0071932 secs] [Times: user=0.02 sys=0.00, real=0.01 secs] 
62531.990: [GC (Allocation Failure) 
Desired survivor size 9961472 bytes, new threshold 15 (max 15)
[PSYoungGen: 244462K->3639K(251904K)] 349417K->108594K(1038336K), 0.0097702 secs] [Times: user=0.02 sys=0.00, real=0.01 secs] 
