Java HotSpot(TM) 64-Bit Server VM (25.92-b14) for linux-amd64 JRE (1.8.0_92-b14), built on Mar 31 2016 21:08:29 by "java_re" with gcc 4.3.0 20080428 (Red Hat 4.3.0-8)
Memory: 4k page, physical 16318736k(1686812k free), swap 16777212k(15533844k free)
CommandLine flags: -XX:InitialHeapSize=1073741824 -XX:MaxHeapSize=1073741824 -XX:NewRatio=3 -XX:ParallelGCThreads=2 -XX:+PrintGC -XX:+PrintGCDetails -XX:+PrintGCTimeStamps -XX:+PrintTenuringDistribution -XX:ThreadStackSize=256 -XX:+UseCompressedClassPointers -XX:+UseCompressedOops -XX:+UseParallelOldGC 
10.427: [GC (Allocation Failure) 
Desired survivor size 33554432 bytes, new threshold 7 (max 15)
[PSYoungGen: 196608K->32684K(229376K)] 196608K->32684K(1015808K), 0.2175876 secs] [Times: user=0.07 sys=0.29, real=0.22 secs] 
11.846: [GC (Metadata GC Threshold) 
Desired survivor size 33554432 bytes, new threshold 7 (max 15)
[PSYoungGen: 60009K->21904K(229376K)] 60009K->21904K(1015808K), 0.0257067 secs] [Times: user=0.04 sys=0.01, real=0.03 secs] 
11.872: [Full GC (Metadata GC Threshold) [PSYoungGen: 21904K->0K(229376K)] [ParOldGen: 0K->21608K(786432K)] 21904K->21608K(1015808K), [Metaspace: 20723K->20723K(1067008K)], 0.1242465 secs] [Times: user=0.15 sys=0.05, real=0.12 secs] 
14.554: [GC (Allocation Failure) 
Desired survivor size 33554432 bytes, new threshold 7 (max 15)
[PSYoungGen: 196608K->22623K(229376K)] 218216K->44240K(1015808K), 0.0300360 secs] [Times: user=0.09 sys=0.00, real=0.03 secs] 
15.681: [GC (Allocation Failure) 
Desired survivor size 33554432 bytes, new threshold 7 (max 15)
[PSYoungGen: 219231K->32740K(229376K)] 240848K->55107K(1015808K), 0.0383658 secs] [Times: user=0.09 sys=0.01, real=0.04 secs] 
15.937: [GC (Metadata GC Threshold) 
Desired survivor size 40894464 bytes, new threshold 6 (max 15)
[PSYoungGen: 92316K->32324K(229376K)] 114683K->54691K(1015808K), 0.0260431 secs] [Times: user=0.04 sys=0.00, real=0.03 secs] 
15.964: [Full GC (Metadata GC Threshold) [PSYoungGen: 32324K->0K(229376K)] [ParOldGen: 22366K->38596K(786432K)] 54691K->38596K(1015808K), [Metaspace: 34429K->34418K(1081344K)], 0.1307656 secs] [Times: user=0.23 sys=0.01, real=0.13 secs] 
17.188: [GC (Allocation Failure) 
Desired survivor size 40894464 bytes, new threshold 5 (max 15)
[PSYoungGen: 196608K->19901K(215040K)] 235204K->58505K(1001472K), 0.0171087 secs] [Times: user=0.03 sys=0.00, real=0.02 secs] 
19.183: [GC (Allocation Failure) 
Desired survivor size 39845888 bytes, new threshold 4 (max 15)
[PSYoungGen: 202173K->24407K(222208K)] 240777K->63019K(1008640K), 0.0231009 secs] [Times: user=0.04 sys=0.00, real=0.02 secs] 
20.232: [GC (Allocation Failure) 
Desired survivor size 47185920 bytes, new threshold 3 (max 15)
[PSYoungGen: 206679K->38882K(208896K)] 245291K->84724K(995328K), 0.0370961 secs] [Times: user=0.09 sys=0.00, real=0.04 secs] 
21.013: [GC (Allocation Failure) 
Desired survivor size 57147392 bytes, new threshold 2 (max 15)
[PSYoungGen: 208866K->46059K(216064K)] 254708K->104122K(1002496K), 0.0516156 secs] [Times: user=0.13 sys=0.01, real=0.05 secs] 
21.621: [GC (Allocation Failure) 
Desired survivor size 57671680 bytes, new threshold 1 (max 15)
[PSYoungGen: 216043K->39275K(195584K)] 274106K->112792K(982016K), 0.0381871 secs] [Times: user=0.09 sys=0.00, real=0.04 secs] 
22.107: [GC (Allocation Failure) 
Desired survivor size 56623104 bytes, new threshold 1 (max 15)
[PSYoungGen: 188779K->24419K(205824K)] 262296K->111451K(992256K), 0.0255044 secs] [Times: user=0.04 sys=0.00, real=0.02 secs] 
22.540: [GC (Allocation Failure) 
Desired survivor size 56098816 bytes, new threshold 1 (max 15)
[PSYoungGen: 173923K->21773K(207360K)] 260955K->112551K(993792K), 0.0241561 secs] [Times: user=0.04 sys=0.00, real=0.03 secs] 
22.968: [GC (Allocation Failure) 
Desired survivor size 55050240 bytes, new threshold 1 (max 15)
[PSYoungGen: 173837K->23265K(206848K)] 264615K->116126K(993280K), 0.0201377 secs] [Times: user=0.03 sys=0.00, real=0.02 secs] 
23.387: [GC (Allocation Failure) 
Desired survivor size 53477376 bytes, new threshold 1 (max 15)
[PSYoungGen: 175329K->25971K(209920K)] 268190K->121495K(996352K), 0.0229534 secs] [Times: user=0.03 sys=0.00, real=0.02 secs] 
23.801: [GC (Allocation Failure) 
Desired survivor size 51904512 bytes, new threshold 1 (max 15)
[PSYoungGen: 182131K->26322K(208384K)] 277655K->125616K(994816K), 0.0259988 secs] [Times: user=0.04 sys=0.00, real=0.03 secs] 
24.252: [GC (Allocation Failure) 
Desired survivor size 50855936 bytes, new threshold 1 (max 15)
[PSYoungGen: 182482K->24316K(212480K)] 281776K->127999K(998912K), 0.0243889 secs] [Times: user=0.03 sys=0.00, real=0.03 secs] 
24.715: [GC (Allocation Failure) 
Desired survivor size 49283072 bytes, new threshold 1 (max 15)
[PSYoungGen: 186108K->26234K(211456K)] 289791K->132113K(997888K), 0.0214089 secs] [Times: user=0.06 sys=0.00, real=0.02 secs] 
25.158: [GC (Allocation Failure) 
Desired survivor size 47185920 bytes, new threshold 1 (max 15)
[PSYoungGen: 188026K->26823K(216064K)] 293905K->135396K(1002496K), 0.0239666 secs] [Times: user=0.04 sys=0.00, real=0.02 secs] 
25.624: [GC (Allocation Failure) 
Desired survivor size 48758784 bytes, new threshold 1 (max 15)
[PSYoungGen: 194759K->9528K(214016K)] 303332K->124024K(1000448K), 0.0219656 secs] [Times: user=0.05 sys=0.00, real=0.02 secs] 
26.156: [GC (Allocation Failure) 
Desired survivor size 49807360 bytes, new threshold 1 (max 15)
[PSYoungGen: 177464K->9122K(212480K)] 291960K->130136K(998912K), 0.2572241 secs] [Times: user=0.03 sys=0.48, real=0.25 secs] 
26.986: [GC (Allocation Failure) 
Desired survivor size 48234496 bytes, new threshold 1 (max 15)
[PSYoungGen: 173986K->20583K(213504K)] 295000K->148182K(999936K), 0.0249400 secs] [Times: user=0.09 sys=0.01, real=0.02 secs] 
27.759: [GC (Allocation Failure) 
Desired survivor size 48234496 bytes, new threshold 1 (max 15)
[PSYoungGen: 185447K->11710K(215040K)] 313046K->157902K(1001472K), 0.0325962 secs] [Times: user=0.11 sys=0.01, real=0.03 secs] 
28.513: [GC (Allocation Failure) 
Desired survivor size 47185920 bytes, new threshold 1 (max 15)
[PSYoungGen: 179646K->14742K(215040K)] 325838K->167272K(1001472K), 0.0222848 secs] [Times: user=0.03 sys=0.01, real=0.03 secs] 
29.080: [GC (Allocation Failure) 
Desired survivor size 46661632 bytes, new threshold 1 (max 15)
[PSYoungGen: 182678K->12724K(216576K)] 335208K->172579K(1003008K), 0.0215827 secs] [Times: user=0.08 sys=0.00, real=0.02 secs] 
29.849: [GC (Allocation Failure) 
Desired survivor size 46137344 bytes, new threshold 1 (max 15)
[PSYoungGen: 183220K->10156K(216064K)] 343075K->178271K(1002496K), 0.0213681 secs] [Times: user=0.08 sys=0.00, real=0.02 secs] 
29.935: [GC (Metadata GC Threshold) 
Desired survivor size 46661632 bytes, new threshold 1 (max 15)
[PSYoungGen: 17039K->2579K(216064K)] 185155K->178483K(1002496K), 0.0131599 secs] [Times: user=0.05 sys=0.00, real=0.01 secs] 
29.948: [Full GC (Metadata GC Threshold) [PSYoungGen: 2579K->0K(216064K)] [ParOldGen: 175903K->106458K(786432K)] 178483K->106458K(1002496K), [Metaspace: 57704K->57704K(1101824K)], 0.3571371 secs] [Times: user=1.15 sys=0.01, real=0.36 secs] 
31.335: [GC (Allocation Failure) 
Desired survivor size 45613056 bytes, new threshold 1 (max 15)
[PSYoungGen: 171008K->9751K(216576K)] 277466K->116218K(1003008K), 0.0157957 secs] [Times: user=0.05 sys=0.00, real=0.02 secs] 
32.173: [GC (Allocation Failure) 
Desired survivor size 44040192 bytes, new threshold 1 (max 15)
[PSYoungGen: 180759K->10488K(219136K)] 287226K->124731K(1005568K), 0.0293661 secs] [Times: user=0.09 sys=0.00, real=0.03 secs] 
34.484: [GC (Allocation Failure) 
Desired survivor size 42991616 bytes, new threshold 1 (max 15)
[PSYoungGen: 185080K->5596K(217600K)] 299323K->127978K(1004032K), 0.0185402 secs] [Times: user=0.05 sys=0.00, real=0.02 secs] 
35.301: [GC (Allocation Failure) 
Desired survivor size 41943040 bytes, new threshold 1 (max 15)
[PSYoungGen: 180188K->6956K(221184K)] 302570K->133017K(1007616K), 0.0180303 secs] [Times: user=0.04 sys=0.00, real=0.02 secs] 
35.795: [GC (Allocation Failure) 
Desired survivor size 39845888 bytes, new threshold 1 (max 15)
[PSYoungGen: 186156K->11721K(220160K)] 312217K->143289K(1006592K), 0.0196097 secs] [Times: user=0.06 sys=0.00, real=0.01 secs] 
36.119: [GC (Allocation Failure) 
Desired survivor size 39845888 bytes, new threshold 1 (max 15)
[PSYoungGen: 190921K->1694K(223232K)] 322489K->142159K(1009664K), 0.0199035 secs] [Times: user=0.06 sys=0.00, real=0.02 secs] 
36.510: [GC (Allocation Failure) 
Desired survivor size 38797312 bytes, new threshold 1 (max 15)
[PSYoungGen: 186014K->3523K(223232K)] 326479K->145308K(1009664K), 0.0215169 secs] [Times: user=0.04 sys=0.00, real=0.02 secs] 
37.565: [GC (Allocation Failure) 
Desired survivor size 37224448 bytes, new threshold 1 (max 15)
[PSYoungGen: 187843K->8089K(225792K)] 329628K->152495K(1012224K), 0.0236947 secs] [Times: user=0.07 sys=0.00, real=0.03 secs] 
38.440: [GC (Allocation Failure) 
Desired survivor size 35651584 bytes, new threshold 1 (max 15)
[PSYoungGen: 195993K->6395K(224256K)] 340399K->157753K(1010688K), 0.0205626 secs] [Times: user=0.06 sys=0.00, real=0.02 secs] 
39.546: [GC (Allocation Failure) 
Desired survivor size 34603008 bytes, new threshold 1 (max 15)
[PSYoungGen: 194299K->4168K(228352K)] 345657K->160524K(1014784K), 0.0179534 secs] [Times: user=0.05 sys=0.00, real=0.01 secs] 
40.458: [GC (Allocation Failure) 
Desired survivor size 32505856 bytes, new threshold 1 (max 15)
[PSYoungGen: 197704K->8588K(227328K)] 354060K->168416K(1013760K), 0.0207303 secs] [Times: user=0.05 sys=0.00, real=0.02 secs] 
42.128: [GC (Allocation Failure) 
Desired survivor size 30408704 bytes, new threshold 1 (max 15)
[PSYoungGen: 202124K->9983K(232448K)] 361952K->176561K(1018880K), 0.0314616 secs] [Times: user=0.09 sys=0.00, real=0.03 secs] 
42.966: [GC (Allocation Failure) 
Desired survivor size 35127296 bytes, new threshold 1 (max 15)
[PSYoungGen: 210687K->27555K(228352K)] 377265K->202015K(1014784K), 0.0452570 secs] [Times: user=0.13 sys=0.00, real=0.05 secs] 
43.587: [GC (Allocation Failure) 
Desired survivor size 39845888 bytes, new threshold 1 (max 15)
[PSYoungGen: 228259K->31446K(218112K)] 402719K->212282K(1004544K), 0.0363622 secs] [Times: user=0.09 sys=0.00, real=0.03 secs] 
489.985: [GC (Allocation Failure) 
Desired survivor size 37748736 bytes, new threshold 1 (max 15)
[PSYoungGen: 215766K->11474K(223232K)] 396602K->195924K(1009664K), 0.0226010 secs] [Times: user=0.04 sys=0.00, real=0.02 secs] 
817.947: [GC (Allocation Failure) 
Desired survivor size 37748736 bytes, new threshold 1 (max 15)
[PSYoungGen: 195794K->1169K(225280K)] 380244K->192683K(1011712K), 0.0143074 secs] [Times: user=0.02 sys=0.00, real=0.01 secs] 
1165.997: [GC (Allocation Failure) 
Desired survivor size 37224448 bytes, new threshold 2 (max 15)
[PSYoungGen: 189585K->1107K(225280K)] 381099K->193363K(1011712K), 0.0095746 secs] [Times: user=0.02 sys=0.00, real=0.00 secs] 
1210.599: [GC (Allocation Failure) 
Desired survivor size 35127296 bytes, new threshold 3 (max 15)
[PSYoungGen: 189523K->12914K(227840K)] 381779K->205177K(1014272K), 0.0528285 secs] [Times: user=0.08 sys=0.00, real=0.05 secs] 
1211.352: [GC (Allocation Failure) 
Desired survivor size 35127296 bytes, new threshold 4 (max 15)
[PSYoungGen: 204402K->17312K(225792K)] 396665K->209576K(1012224K), 0.0218548 secs] [Times: user=0.04 sys=0.00, real=0.03 secs] 
1220.060: [GC (Allocation Failure) 
Desired survivor size 36700160 bytes, new threshold 5 (max 15)
[PSYoungGen: 208800K->21762K(224768K)] 401064K->214033K(1011200K), 0.0276836 secs] [Times: user=0.05 sys=0.00, real=0.03 secs] 
1246.456: [GC (Allocation Failure) 
Desired survivor size 37224448 bytes, new threshold 6 (max 15)
[PSYoungGen: 212226K->20778K(211456K)] 404497K->213057K(997888K), 0.0234346 secs] [Times: user=0.04 sys=0.00, real=0.03 secs] 
1273.940: [GC (Allocation Failure) 
Desired survivor size 37748736 bytes, new threshold 7 (max 15)
[PSYoungGen: 211242K->20891K(224768K)] 403521K->213178K(1011200K), 0.0251982 secs] [Times: user=0.05 sys=0.00, real=0.03 secs] 
1301.190: [GC (Allocation Failure) 
Desired survivor size 37748736 bytes, new threshold 8 (max 15)
[PSYoungGen: 209307K->20936K(225280K)] 401594K->213232K(1011712K), 0.0238789 secs] [Times: user=0.04 sys=0.00, real=0.02 secs] 
1328.439: [GC (Allocation Failure) 
Desired survivor size 36175872 bytes, new threshold 9 (max 15)
[PSYoungGen: 209352K->11626K(226816K)] 401648K->203929K(1013248K), 0.0171803 secs] [Times: user=0.03 sys=0.00, real=0.02 secs] 
1356.065: [GC (Allocation Failure) 
Desired survivor size 34603008 bytes, new threshold 10 (max 15)
[PSYoungGen: 201578K->11692K(225280K)] 393881K->204003K(1011712K), 0.0184906 secs] [Times: user=0.03 sys=0.00, real=0.02 secs] 
1383.635: [GC (Allocation Failure) 
Desired survivor size 33030144 bytes, new threshold 11 (max 15)
[PSYoungGen: 201644K->11791K(229888K)] 393955K->204110K(1016320K), 0.0172344 secs] [Times: user=0.03 sys=0.00, real=0.02 secs] 
1412.315: [GC (Allocation Failure) 
Desired survivor size 31981568 bytes, new threshold 12 (max 15)
[PSYoungGen: 207887K->11923K(228352K)] 400206K->204250K(1014784K), 0.1369865 secs] [Times: user=0.04 sys=0.00, real=0.13 secs] 
1440.698: [GC (Allocation Failure) 
Desired survivor size 30408704 bytes, new threshold 13 (max 15)
[PSYoungGen: 208019K->11953K(232448K)] 400346K->204281K(1018880K), 0.0276484 secs] [Times: user=0.04 sys=0.00, real=0.03 secs] 
1470.191: [GC (Allocation Failure) 
Desired survivor size 29360128 bytes, new threshold 14 (max 15)
[PSYoungGen: 213169K->11880K(230912K)] 405497K->204215K(1017344K), 0.0177969 secs] [Times: user=0.03 sys=0.00, real=0.02 secs] 
1499.565: [GC (Allocation Failure) 
Desired survivor size 27787264 bytes, new threshold 15 (max 15)
[PSYoungGen: 213096K->11872K(235008K)] 405431K->204207K(1021440K), 0.0181345 secs] [Times: user=0.03 sys=0.00, real=0.02 secs] 
1529.570: [GC (Allocation Failure) 
Desired survivor size 26738688 bytes, new threshold 15 (max 15)
[PSYoungGen: 218208K->12151K(233472K)] 410543K->204494K(1019904K), 0.0177342 secs] [Times: user=0.03 sys=0.00, real=0.02 secs] 
1559.472: [GC (Allocation Failure) 
Desired survivor size 25690112 bytes, new threshold 15 (max 15)
[PSYoungGen: 218487K->11362K(237056K)] 410830K->204329K(1023488K), 0.0196559 secs] [Times: user=0.03 sys=0.00, real=0.02 secs] 
1590.567: [GC (Allocation Failure) 
Desired survivor size 25165824 bytes, new threshold 15 (max 15)
[PSYoungGen: 222306K->8796K(236032K)] 415273K->204261K(1022464K), 0.0282497 secs] [Times: user=0.05 sys=0.00, real=0.03 secs] 
1621.443: [GC (Allocation Failure) 
Desired survivor size 25165824 bytes, new threshold 15 (max 15)
[PSYoungGen: 219740K->6679K(237568K)] 415205K->204327K(1024000K), 0.1354729 secs] [Times: user=0.10 sys=0.16, real=0.14 secs] 
1652.717: [GC (Allocation Failure) 
Desired survivor size 25165824 bytes, new threshold 15 (max 15)
[PSYoungGen: 219671K->3590K(237568K)] 417319K->204413K(1024000K), 0.0490026 secs] [Times: user=0.04 sys=0.00, real=0.05 secs] 
1683.946: [GC (Allocation Failure) 
Desired survivor size 25165824 bytes, new threshold 15 (max 15)
[PSYoungGen: 216582K->3491K(237568K)] 417405K->204482K(1024000K), 0.0219841 secs] [Times: user=0.02 sys=0.00, real=0.02 secs] 
1715.520: [GC (Allocation Failure) 
Desired survivor size 25165824 bytes, new threshold 15 (max 15)
[PSYoungGen: 216483K->3474K(237568K)] 417474K->204616K(1024000K), 0.0105267 secs] [Times: user=0.02 sys=0.00, real=0.02 secs] 
1746.963: [GC (Allocation Failure) 
Desired survivor size 24641536 bytes, new threshold 15 (max 15)
[PSYoungGen: 216466K->3492K(238080K)] 417608K->204731K(1024512K), 0.0101299 secs] [Times: user=0.02 sys=0.00, real=0.01 secs] 
1778.446: [GC (Allocation Failure) 
Desired survivor size 24117248 bytes, new threshold 15 (max 15)
[PSYoungGen: 216996K->3374K(237568K)] 418235K->204801K(1024000K), 0.0106017 secs] [Times: user=0.01 sys=0.00, real=0.01 secs] 
1810.067: [GC (Allocation Failure) 
Desired survivor size 23592960 bytes, new threshold 15 (max 15)
[PSYoungGen: 216878K->3375K(239104K)] 418305K->204923K(1025536K), 0.0112348 secs] [Times: user=0.02 sys=0.00, real=0.01 secs] 
1841.756: [GC (Allocation Failure) 
Desired survivor size 23068672 bytes, new threshold 15 (max 15)
[PSYoungGen: 218927K->3472K(238592K)] 420475K->205124K(1025024K), 0.0097766 secs] [Times: user=0.02 sys=0.00, real=0.01 secs] 
1873.181: [GC (Allocation Failure) 
Desired survivor size 22020096 bytes, new threshold 15 (max 15)
[PSYoungGen: 219024K->3385K(240640K)] 420676K->205180K(1027072K), 0.0108385 secs] [Times: user=0.02 sys=0.00, real=0.01 secs] 
1905.068: [GC (Allocation Failure) 
Desired survivor size 21495808 bytes, new threshold 15 (max 15)
[PSYoungGen: 221497K->3604K(239616K)] 423292K->205533K(1026048K), 0.0113832 secs] [Times: user=0.02 sys=0.00, real=0.01 secs] 
1937.568: [GC (Allocation Failure) 
Desired survivor size 20447232 bytes, new threshold 15 (max 15)
[PSYoungGen: 221716K->3617K(242176K)] 423645K->205643K(1028608K), 0.0091440 secs] [Times: user=0.02 sys=0.00, real=0.01 secs] 
1970.437: [GC (Allocation Failure) 
Desired survivor size 19398656 bytes, new threshold 15 (max 15)
[PSYoungGen: 224801K->3604K(241152K)] 426827K->205764K(1027584K), 0.0111991 secs] [Times: user=0.01 sys=0.00, real=0.01 secs] 
2003.317: [GC (Allocation Failure) 
Desired survivor size 18874368 bytes, new threshold 15 (max 15)
[PSYoungGen: 224788K->3606K(243712K)] 426948K->205862K(1030144K), 0.0104492 secs] [Times: user=0.02 sys=0.00, real=0.01 secs] 
2036.812: [GC (Allocation Failure) 
Desired survivor size 17825792 bytes, new threshold 15 (max 15)
[PSYoungGen: 228374K->3691K(243200K)] 430630K->206043K(1029632K), 0.0102660 secs] [Times: user=0.02 sys=0.00, real=0.01 secs] 
2070.185: [GC (Allocation Failure) 
Desired survivor size 17301504 bytes, new threshold 15 (max 15)
[PSYoungGen: 228459K->3674K(245248K)] 430811K->206115K(1031680K), 0.0097491 secs] [Times: user=0.01 sys=0.00, real=0.01 secs] 
2104.033: [GC (Allocation Failure) 
Desired survivor size 16252928 bytes, new threshold 15 (max 15)
[PSYoungGen: 231514K->3706K(244736K)] 433955K->206235K(1031168K), 0.0155269 secs] [Times: user=0.02 sys=0.00, real=0.01 secs] 
2137.818: [GC (Allocation Failure) 
Desired survivor size 15728640 bytes, new threshold 15 (max 15)
[PSYoungGen: 231546K->3685K(246784K)] 434075K->206301K(1033216K), 0.0124724 secs] [Times: user=0.02 sys=0.00, real=0.01 secs] 
2172.065: [GC (Allocation Failure) 
Desired survivor size 14680064 bytes, new threshold 15 (max 15)
[PSYoungGen: 234597K->3787K(246272K)] 437213K->206500K(1032704K), 0.0112790 secs] [Times: user=0.02 sys=0.00, real=0.01 secs] 
2206.311: [GC (Allocation Failure) 
Desired survivor size 14155776 bytes, new threshold 15 (max 15)
[PSYoungGen: 234699K->3723K(248320K)] 437412K->206588K(1034752K), 0.0117285 secs] [Times: user=0.02 sys=0.00, real=0.01 secs] 
2240.950: [GC (Allocation Failure) 
Desired survivor size 13631488 bytes, new threshold 15 (max 15)
[PSYoungGen: 237707K->3681K(247808K)] 440572K->206634K(1034240K), 0.0126697 secs] [Times: user=0.02 sys=0.00, real=0.02 secs] 
2275.684: [GC (Allocation Failure) 
Desired survivor size 12582912 bytes, new threshold 15 (max 15)
[PSYoungGen: 237665K->3713K(249856K)] 440618K->206762K(1036288K), 0.0119724 secs] [Times: user=0.02 sys=0.00, real=0.02 secs] 
2310.956: [GC (Allocation Failure) 
Desired survivor size 12058624 bytes, new threshold 15 (max 15)
[PSYoungGen: 240257K->3691K(248832K)] 443306K->206836K(1035264K), 0.0109416 secs] [Times: user=0.02 sys=0.00, real=0.01 secs] 
2346.187: [GC (Allocation Failure) 
Desired survivor size 11534336 bytes, new threshold 15 (max 15)
[PSYoungGen: 240235K->3621K(250880K)] 443380K->206917K(1037312K), 0.0136823 secs] [Times: user=0.01 sys=0.00, real=0.01 secs] 
2381.946: [GC (Allocation Failure) 
Desired survivor size 11010048 bytes, new threshold 15 (max 15)
[PSYoungGen: 242725K->3509K(250368K)] 446021K->206925K(1036800K), 0.0113407 secs] [Times: user=0.01 sys=0.00, real=0.01 secs] 
2417.064: [GC (Allocation Failure) 
Desired survivor size 10485760 bytes, new threshold 15 (max 15)
[PSYoungGen: 242613K->3446K(251904K)] 446029K->207206K(1038336K), 0.0098252 secs] [Times: user=0.02 sys=0.00, real=0.01 secs] 
2451.814: [GC (Allocation Failure) 
Desired survivor size 9961472 bytes, new threshold 15 (max 15)
[PSYoungGen: 244598K->3644K(251392K)] 448358K->207500K(1037824K), 0.0119928 secs] [Times: user=0.01 sys=0.00, real=0.01 secs] 
2486.689: [GC (Allocation Failure) 
Desired survivor size 9437184 bytes, new threshold 15 (max 15)
[PSYoungGen: 244796K->3644K(252928K)] 448652K->207596K(1039360K), 0.0124558 secs] [Times: user=0.02 sys=0.00, real=0.01 secs] 
2522.315: [GC (Allocation Failure) 
Desired survivor size 9437184 bytes, new threshold 15 (max 15)
[PSYoungGen: 246844K->3574K(252416K)] 450796K->207622K(1038848K), 0.0162116 secs] [Times: user=0.01 sys=0.00, real=0.01 secs] 
2557.945: [GC (Allocation Failure) 
Desired survivor size 8912896 bytes, new threshold 15 (max 15)
[PSYoungGen: 246774K->3547K(253440K)] 450822K->207691K(1039872K), 0.0144215 secs] [Times: user=0.02 sys=0.00, real=0.02 secs] 
2593.737: [GC (Allocation Failure) 
Desired survivor size 8388608 bytes, new threshold 15 (max 15)
[PSYoungGen: 247771K->3611K(252928K)] 451915K->207852K(1039360K), 0.0108574 secs] [Times: user=0.01 sys=0.00, real=0.01 secs] 
2629.320: [GC (Allocation Failure) 
Desired survivor size 8388608 bytes, new threshold 15 (max 15)
[PSYoungGen: 247835K->3595K(253952K)] 452076K->207978K(1040384K), 0.0097336 secs] [Times: user=0.01 sys=0.00, real=0.00 secs] 
2665.440: [GC (Allocation Failure) 
Desired survivor size 7864320 bytes, new threshold 15 (max 15)
[PSYoungGen: 249355K->3681K(253952K)] 453738K->208168K(1040384K), 0.0095380 secs] [Times: user=0.02 sys=0.00, real=0.01 secs] 
2701.233: [GC (Allocation Failure) 
Desired survivor size 7340032 bytes, new threshold 15 (max 15)
[PSYoungGen: 249441K->3593K(254976K)] 453928K->208183K(1041408K), 0.0098776 secs] [Times: user=0.02 sys=0.00, real=0.01 secs] 
2737.313: [GC (Allocation Failure) 
Desired survivor size 7340032 bytes, new threshold 15 (max 15)
[PSYoungGen: 250889K->3689K(254464K)] 455479K->208375K(1040896K), 0.0104554 secs] [Times: user=0.02 sys=0.00, real=0.01 secs] 
2773.447: [GC (Allocation Failure) 
Desired survivor size 6815744 bytes, new threshold 15 (max 15)
[PSYoungGen: 250985K->3570K(255488K)] 455671K->208361K(1041920K), 0.0125334 secs] [Times: user=0.02 sys=0.00, real=0.01 secs] 
2809.438: [GC (Allocation Failure) 
Desired survivor size 6815744 bytes, new threshold 15 (max 15)
[PSYoungGen: 251890K->3662K(254976K)] 456681K->208549K(1041408K), 0.0113447 secs] [Times: user=0.01 sys=0.00, real=0.01 secs] 
2845.693: [GC (Allocation Failure) 
Desired survivor size 6291456 bytes, new threshold 15 (max 15)
[PSYoungGen: 251982K->3784K(256000K)] 456869K->208826K(1042432K), 0.0138783 secs] [Times: user=0.02 sys=0.00, real=0.01 secs] 
2882.262: [GC (Allocation Failure) 
Desired survivor size 6291456 bytes, new threshold 15 (max 15)
[PSYoungGen: 253128K->3779K(255488K)] 458170K->208925K(1041920K), 0.0159098 secs] [Times: user=0.02 sys=0.00, real=0.02 secs] 
2918.945: [GC (Allocation Failure) 
Desired survivor size 6291456 bytes, new threshold 15 (max 15)
[PSYoungGen: 253123K->3666K(256000K)] 458269K->208917K(1042432K), 0.0103891 secs] [Times: user=0.02 sys=0.00, real=0.01 secs] 
2949.979: [GC (Allocation Failure) 
Desired survivor size 5767168 bytes, new threshold 15 (max 15)
[PSYoungGen: 253522K->4035K(256000K)] 458773K->209447K(1042432K), 0.0088936 secs] [Times: user=0.02 sys=0.00, real=0.01 secs] 
2967.851: [GC (Allocation Failure) 
Desired survivor size 7340032 bytes, new threshold 14 (max 15)
[PSYoungGen: 253891K->5617K(253440K)] 459303K->212893K(1039872K), 0.0124869 secs] [Times: user=0.02 sys=0.01, real=0.01 secs] 
2986.740: [GC (Allocation Failure) 
Desired survivor size 8388608 bytes, new threshold 13 (max 15)
[PSYoungGen: 253425K->7145K(254976K)] 460701K->214660K(1041408K), 0.0126401 secs] [Times: user=0.02 sys=0.00, real=0.01 secs] 
3005.694: [GC (Allocation Failure) 
Desired survivor size 8912896 bytes, new threshold 12 (max 15)
[PSYoungGen: 254953K->7150K(251904K)] 462468K->214913K(1038336K), 0.0127374 secs] [Times: user=0.02 sys=0.00, real=0.02 secs] 
3024.228: [GC (Allocation Failure) 
Desired survivor size 9437184 bytes, new threshold 13 (max 15)
[PSYoungGen: 251886K->7679K(252416K)] 459649K->215498K(1038848K), 0.0128894 secs] [Times: user=0.02 sys=0.00, real=0.02 secs] 
3042.736: [GC (Allocation Failure) 
Desired survivor size 9961472 bytes, new threshold 14 (max 15)
[PSYoungGen: 252415K->7627K(251904K)] 460234K->215447K(1038336K), 0.0139752 secs] [Times: user=0.02 sys=0.00, real=0.01 secs] 
3061.283: [GC (Allocation Failure) 
Desired survivor size 10485760 bytes, new threshold 15 (max 15)
[PSYoungGen: 250315K->7684K(250880K)] 458135K->215512K(1037312K), 0.0118779 secs] [Times: user=0.02 sys=0.00, real=0.02 secs] 
3079.819: [GC (Allocation Failure) 
Desired survivor size 11010048 bytes, new threshold 15 (max 15)
[PSYoungGen: 250372K->7631K(250880K)] 458200K->215459K(1037312K), 0.0129970 secs] [Times: user=0.02 sys=0.00, real=0.01 secs] 
3097.945: [GC (Allocation Failure) 
Desired survivor size 11010048 bytes, new threshold 15 (max 15)
[PSYoungGen: 248271K->7733K(251392K)] 456099K->215593K(1037824K), 0.0119882 secs] [Times: user=0.02 sys=0.00, real=0.01 secs] 
3116.318: [GC (Allocation Failure) 
Desired survivor size 11534336 bytes, new threshold 15 (max 15)
[PSYoungGen: 248373K->7725K(250368K)] 456233K->215625K(1036800K), 0.0127910 secs] [Times: user=0.03 sys=0.00, real=0.01 secs] 
3134.698: [GC (Allocation Failure) 
Desired survivor size 11534336 bytes, new threshold 15 (max 15)
[PSYoungGen: 247341K->7726K(250880K)] 455241K->215665K(1037312K), 0.0116371 secs] [Times: user=0.02 sys=0.00, real=0.01 secs] 
3153.061: [GC (Allocation Failure) 
Desired survivor size 11534336 bytes, new threshold 15 (max 15)
[PSYoungGen: 247342K->7718K(250880K)] 455281K->215698K(1037312K), 0.0203214 secs] [Times: user=0.02 sys=0.00, real=0.02 secs] 
3171.322: [GC (Allocation Failure) 
Desired survivor size 11534336 bytes, new threshold 15 (max 15)
[PSYoungGen: 247334K->7762K(250880K)] 455314K->215781K(1037312K), 0.0127983 secs] [Times: user=0.03 sys=0.00, real=0.01 secs] 
3189.693: [GC (Allocation Failure) 
Desired survivor size 11534336 bytes, new threshold 15 (max 15)
[PSYoungGen: 247378K->7810K(250880K)] 455397K->215870K(1037312K), 0.0123817 secs] [Times: user=0.02 sys=0.00, real=0.02 secs] 
3207.989: [GC (Allocation Failure) 
Desired survivor size 11534336 bytes, new threshold 15 (max 15)
[PSYoungGen: 247426K->7820K(250880K)] 455486K->215920K(1037312K), 0.0128494 secs] [Times: user=0.02 sys=0.00, real=0.01 secs] 
3226.229: [GC (Allocation Failure) 
Desired survivor size 11010048 bytes, new threshold 15 (max 15)
[PSYoungGen: 247436K->7083K(251392K)] 455536K->215988K(1037824K), 0.0133229 secs] [Times: user=0.02 sys=0.00, real=0.02 secs] 
3244.569: [GC (Allocation Failure) 
Desired survivor size 11534336 bytes, new threshold 15 (max 15)
[PSYoungGen: 247211K->4297K(250880K)] 456116K->216006K(1037312K), 0.0124079 secs] [Times: user=0.02 sys=0.00, real=0.01 secs] 
3262.943: [GC (Allocation Failure) 
Desired survivor size 11534336 bytes, new threshold 15 (max 15)
[PSYoungGen: 244425K->3961K(250880K)] 456134K->216031K(1037312K), 0.0106491 secs] [Times: user=0.02 sys=0.00, real=0.01 secs] 
3281.330: [GC (Allocation Failure) 
Desired survivor size 11010048 bytes, new threshold 15 (max 15)
[PSYoungGen: 243577K->4179K(250880K)] 455647K->216392K(1037312K), 0.0137707 secs] [Times: user=0.02 sys=0.00, real=0.01 secs] 
3299.434: [GC (Allocation Failure) 
Desired survivor size 11010048 bytes, new threshold 15 (max 15)
[PSYoungGen: 243795K->3998K(251392K)] 456008K->216306K(1037824K), 0.0110933 secs] [Times: user=0.02 sys=0.00, real=0.01 secs] 
3317.734: [GC (Allocation Failure) 
Desired survivor size 11010048 bytes, new threshold 15 (max 15)
[PSYoungGen: 244638K->4034K(251392K)] 456946K->216516K(1037824K), 0.0097562 secs] [Times: user=0.01 sys=0.00, real=0.01 secs] 
3336.047: [GC (Allocation Failure) 
Desired survivor size 11010048 bytes, new threshold 15 (max 15)
[PSYoungGen: 244674K->3925K(251392K)] 457156K->216534K(1037824K), 0.0169221 secs] [Times: user=0.02 sys=0.00, real=0.01 secs] 
3354.337: [GC (Allocation Failure) 
Desired survivor size 10485760 bytes, new threshold 15 (max 15)
[PSYoungGen: 244565K->3915K(251392K)] 457174K->216596K(1037824K), 0.0104250 secs] [Times: user=0.02 sys=0.00, real=0.01 secs] 
3372.733: [GC (Allocation Failure) 
Desired survivor size 10485760 bytes, new threshold 15 (max 15)
[PSYoungGen: 244555K->3750K(251904K)] 457236K->216636K(1038336K), 0.0126499 secs] [Times: user=0.01 sys=0.00, real=0.01 secs] 
3391.134: [GC (Allocation Failure) 
Desired survivor size 9961472 bytes, new threshold 15 (max 15)
[PSYoungGen: 245414K->3775K(251904K)] 458300K->216789K(1038336K), 0.0108168 secs] [Times: user=0.01 sys=0.00, real=0.01 secs] 
3409.568: [GC (Allocation Failure) 
Desired survivor size 9961472 bytes, new threshold 15 (max 15)
[PSYoungGen: 245439K->3722K(252416K)] 458453K->216854K(1038848K), 0.0101304 secs] [Times: user=0.01 sys=0.00, real=0.01 secs] 
3428.113: [GC (Allocation Failure) 
Desired survivor size 9437184 bytes, new threshold 15 (max 15)
[PSYoungGen: 246410K->3775K(252416K)] 459542K->216979K(1038848K), 0.0132705 secs] [Times: user=0.02 sys=0.00, real=0.01 secs] 
3446.692: [GC (Allocation Failure) 
Desired survivor size 9437184 bytes, new threshold 15 (max 15)
[PSYoungGen: 246463K->3814K(252928K)] 459667K->217090K(1039360K), 0.0115894 secs] [Times: user=0.01 sys=0.00, real=0.02 secs] 
3465.317: [GC (Allocation Failure) 
Desired survivor size 8912896 bytes, new threshold 15 (max 15)
[PSYoungGen: 247526K->3835K(252928K)] 460802K->217183K(1039360K), 0.0117462 secs] [Times: user=0.02 sys=0.00, real=0.01 secs] 
3483.984: [GC (Allocation Failure) 
Desired survivor size 8912896 bytes, new threshold 15 (max 15)
[PSYoungGen: 247547K->3829K(253440K)] 460895K->217257K(1039872K), 0.0099055 secs] [Times: user=0.02 sys=0.00, real=0.01 secs] 
3502.694: [GC (Allocation Failure) 
Desired survivor size 8388608 bytes, new threshold 15 (max 15)
[PSYoungGen: 248565K->3703K(253440K)] 461993K->217258K(1039872K), 0.0115185 secs] [Times: user=0.02 sys=0.00, real=0.01 secs] 
3521.570: [GC (Allocation Failure) 
Desired survivor size 8388608 bytes, new threshold 15 (max 15)
[PSYoungGen: 248439K->3753K(253952K)] 461994K->217388K(1040384K), 0.0104100 secs] [Times: user=0.01 sys=0.00, real=0.01 secs] 
3540.362: [GC (Allocation Failure) 
Desired survivor size 7864320 bytes, new threshold 15 (max 15)
[PSYoungGen: 249513K->3751K(253952K)] 463148K->217458K(1040384K), 0.0102619 secs] [Times: user=0.01 sys=0.00, real=0.01 secs] 
3559.235: [GC (Allocation Failure) 
Desired survivor size 7864320 bytes, new threshold 15 (max 15)
[PSYoungGen: 249511K->3641K(254464K)] 463218K->217444K(1040896K), 0.0109914 secs] [Times: user=0.02 sys=0.00, real=0.01 secs] 
3578.117: [GC (Allocation Failure) 
Desired survivor size 7864320 bytes, new threshold 15 (max 15)
[PSYoungGen: 250425K->3735K(254464K)] 464228K->217641K(1040896K), 0.0113327 secs] [Times: user=0.01 sys=0.00, real=0.01 secs] 
3596.985: [GC (Allocation Failure) 
Desired survivor size 7340032 bytes, new threshold 15 (max 15)
[PSYoungGen: 250519K->3658K(254976K)] 464425K->217643K(1041408K), 0.0104321 secs] [Times: user=0.01 sys=0.00, real=0.01 secs] 
3615.945: [GC (Allocation Failure) 
Desired survivor size 7340032 bytes, new threshold 15 (max 15)
[PSYoungGen: 250954K->3783K(254464K)] 464939K->217841K(1040896K), 0.0113755 secs] [Times: user=0.02 sys=0.00, real=0.01 secs] 
3630.306: [GC (System.gc()) 
Desired survivor size 6815744 bytes, new threshold 15 (max 15)
[PSYoungGen: 192937K->3786K(255488K)] 406994K->217915K(1041920K), 0.0135975 secs] [Times: user=0.02 sys=0.00, real=0.01 secs] 
3630.320: [Full GC (System.gc()) [PSYoungGen: 3786K->0K(255488K)] [ParOldGen: 214129K->96311K(786432K)] 217915K->96311K(1041920K), [Metaspace: 90651K->90183K(1130496K)], 0.5513544 secs] [Times: user=0.86 sys=0.01, real=0.55 secs] 
3648.477: [GC (Allocation Failure) 
Desired survivor size 6815744 bytes, new threshold 15 (max 15)
[PSYoungGen: 248320K->4807K(254976K)] 344631K->101126K(1041408K), 0.0116160 secs] [Times: user=0.02 sys=0.00, real=0.01 secs] 
3667.436: [GC (Allocation Failure) 
Desired survivor size 6815744 bytes, new threshold 15 (max 15)
[PSYoungGen: 253127K->4957K(255488K)] 349446K->101276K(1041920K), 0.0093172 secs] [Times: user=0.01 sys=0.00, real=0.01 secs] 
3686.488: [GC (Allocation Failure) 
Desired survivor size 7340032 bytes, new threshold 15 (max 15)
[PSYoungGen: 253789K->4976K(253952K)] 350108K->101295K(1040384K), 0.0093191 secs] [Times: user=0.02 sys=0.00, real=0.01 secs] 
3705.196: [GC (Allocation Failure) 
Desired survivor size 7340032 bytes, new threshold 15 (max 15)
[PSYoungGen: 253808K->4998K(254976K)] 350127K->101317K(1041408K), 0.0103018 secs] [Times: user=0.01 sys=0.00, real=0.01 secs] 
3724.195: [GC (Allocation Failure) 
Desired survivor size 7340032 bytes, new threshold 15 (max 15)
[PSYoungGen: 252806K->5040K(254976K)] 349125K->101359K(1041408K), 0.0094751 secs] [Times: user=0.02 sys=0.00, real=0.01 secs] 
3743.062: [GC (Allocation Failure) 
Desired survivor size 7340032 bytes, new threshold 15 (max 15)
[PSYoungGen: 252848K->5152K(254976K)] 349167K->101472K(1041408K), 0.0097727 secs] [Times: user=0.02 sys=0.00, real=0.01 secs] 
3762.115: [GC (Allocation Failure) 
Desired survivor size 7340032 bytes, new threshold 15 (max 15)
[PSYoungGen: 252960K->5160K(254976K)] 349280K->101479K(1041408K), 0.0100834 secs] [Times: user=0.02 sys=0.00, real=0.01 secs] 
3781.067: [GC (Allocation Failure) 
Desired survivor size 7340032 bytes, new threshold 15 (max 15)
[PSYoungGen: 252968K->5288K(254976K)] 349287K->101607K(1041408K), 0.0120112 secs] [Times: user=0.02 sys=0.00, real=0.01 secs] 
3800.077: [GC (Allocation Failure) 
Desired survivor size 7340032 bytes, new threshold 15 (max 15)
[PSYoungGen: 253096K->5337K(254976K)] 349415K->101656K(1041408K), 0.0111947 secs] [Times: user=0.02 sys=0.00, real=0.02 secs] 
3819.067: [GC (Allocation Failure) 
Desired survivor size 7340032 bytes, new threshold 15 (max 15)
[PSYoungGen: 253145K->5421K(254976K)] 349464K->101740K(1041408K), 0.0093853 secs] [Times: user=0.02 sys=0.00, real=0.01 secs] 
3837.980: [GC (Allocation Failure) 
Desired survivor size 7340032 bytes, new threshold 15 (max 15)
[PSYoungGen: 253229K->5501K(254976K)] 349548K->101821K(1041408K), 0.0107167 secs] [Times: user=0.02 sys=0.00, real=0.01 secs] 
3856.987: [GC (Allocation Failure) 
Desired survivor size 7340032 bytes, new threshold 15 (max 15)
[PSYoungGen: 253309K->5456K(254976K)] 349629K->101775K(1041408K), 0.0096597 secs] [Times: user=0.02 sys=0.00, real=0.01 secs] 
3875.986: [GC (Allocation Failure) 
Desired survivor size 7340032 bytes, new threshold 15 (max 15)
[PSYoungGen: 253264K->5566K(254976K)] 349583K->101885K(1041408K), 0.0093173 secs] [Times: user=0.02 sys=0.00, real=0.01 secs] 
3894.941: [GC (Allocation Failure) 
Desired survivor size 7340032 bytes, new threshold 15 (max 15)
[PSYoungGen: 253374K->5598K(254976K)] 349693K->101918K(1041408K), 0.0115473 secs] [Times: user=0.02 sys=0.00, real=0.02 secs] 
3913.981: [GC (Allocation Failure) 
Desired survivor size 7340032 bytes, new threshold 15 (max 15)
[PSYoungGen: 253406K->5663K(254976K)] 349726K->101983K(1041408K), 0.0095961 secs] [Times: user=0.01 sys=0.01, real=0.01 secs] 
3932.863: [GC (Allocation Failure) 
Desired survivor size 7340032 bytes, new threshold 15 (max 15)
[PSYoungGen: 253471K->3908K(254976K)] 349791K->101958K(1041408K), 0.0540368 secs] [Times: user=0.02 sys=0.00, real=0.05 secs] 
3951.613: [GC (Allocation Failure) 
Desired survivor size 7340032 bytes, new threshold 15 (max 15)
[PSYoungGen: 251716K->3872K(254976K)] 349766K->102025K(1041408K), 0.0095849 secs] [Times: user=0.01 sys=0.00, real=0.01 secs] 
3970.712: [GC (Allocation Failure) 
Desired survivor size 7340032 bytes, new threshold 15 (max 15)
[PSYoungGen: 251680K->3981K(254976K)] 349833K->102190K(1041408K), 0.0210807 secs] [Times: user=0.02 sys=0.00, real=0.02 secs] 
3989.606: [GC (Allocation Failure) 
Desired survivor size 7340032 bytes, new threshold 15 (max 15)
[PSYoungGen: 251789K->3941K(254976K)] 349998K->102277K(1041408K), 0.0097081 secs] [Times: user=0.01 sys=0.00, real=0.00 secs] 
4008.450: [GC (Allocation Failure) 
Desired survivor size 7340032 bytes, new threshold 15 (max 15)
[PSYoungGen: 251749K->3971K(254976K)] 350085K->102355K(1041408K), 0.0106179 secs] [Times: user=0.02 sys=0.00, real=0.01 secs] 
4027.450: [GC (Allocation Failure) 
Desired survivor size 7340032 bytes, new threshold 15 (max 15)
[PSYoungGen: 251779K->3916K(254976K)] 350163K->102403K(1041408K), 0.0119906 secs] [Times: user=0.02 sys=0.00, real=0.02 secs] 
4046.440: [GC (Allocation Failure) 
Desired survivor size 6815744 bytes, new threshold 15 (max 15)
[PSYoungGen: 251724K->4019K(255488K)] 350211K->102562K(1041920K), 0.0114585 secs] [Times: user=0.02 sys=0.00, real=0.01 secs] 
4065.363: [GC (Allocation Failure) 
Desired survivor size 6815744 bytes, new threshold 15 (max 15)
[PSYoungGen: 252339K->3986K(254976K)] 350882K->102585K(1041408K), 0.0098732 secs] [Times: user=0.02 sys=0.00, real=0.01 secs] 
4084.368: [GC (Allocation Failure) 
Desired survivor size 6815744 bytes, new threshold 15 (max 15)
[PSYoungGen: 252306K->4090K(255488K)] 350905K->102745K(1041920K), 0.0092663 secs] [Times: user=0.01 sys=0.00, real=0.01 secs] 
4103.360: [GC (Allocation Failure) 
Desired survivor size 6815744 bytes, new threshold 15 (max 15)
[PSYoungGen: 252922K->4105K(255488K)] 351577K->102909K(1041920K), 0.0094287 secs] [Times: user=0.02 sys=0.00, real=0.01 secs] 
4122.448: [GC (Allocation Failure) 
Desired survivor size 6291456 bytes, new threshold 15 (max 15)
[PSYoungGen: 252937K->4106K(256000K)] 351741K->102966K(1042432K), 0.0099384 secs] [Times: user=0.01 sys=0.00, real=0.01 secs] 
4141.461: [GC (Allocation Failure) 
Desired survivor size 6291456 bytes, new threshold 15 (max 15)
[PSYoungGen: 253450K->4282K(255488K)] 352310K->103199K(1041920K), 0.0107479 secs] [Times: user=0.02 sys=0.00, real=0.01 secs] 
4160.648: [GC (Allocation Failure) 
Desired survivor size 6291456 bytes, new threshold 15 (max 15)
[PSYoungGen: 253626K->4098K(256000K)] 352543K->103071K(1042432K), 0.0232972 secs] [Times: user=0.04 sys=0.00, real=0.02 secs] 
4179.607: [GC (Allocation Failure) 
Desired survivor size 6291456 bytes, new threshold 15 (max 15)
[PSYoungGen: 253954K->4170K(256000K)] 352927K->103206K(1042432K), 0.0097506 secs] [Times: user=0.01 sys=0.00, real=0.01 secs] 
4198.575: [GC (Allocation Failure) 
Desired survivor size 5767168 bytes, new threshold 15 (max 15)
[PSYoungGen: 254026K->4228K(256512K)] 353062K->103321K(1042944K), 0.0105620 secs] [Times: user=0.02 sys=0.00, real=0.01 secs] 
4217.736: [GC (Allocation Failure) 
Desired survivor size 5767168 bytes, new threshold 15 (max 15)
[PSYoungGen: 254596K->4455K(256000K)] 353689K->103620K(1042432K), 0.0103036 secs] [Times: user=0.01 sys=0.00, real=0.01 secs] 
4236.864: [GC (Allocation Failure) 
Desired survivor size 5767168 bytes, new threshold 15 (max 15)
[PSYoungGen: 254823K->4345K(256512K)] 353988K->103581K(1042944K), 0.0289055 secs] [Times: user=0.02 sys=0.00, real=0.02 secs] 
4255.985: [GC (Allocation Failure) 
Desired survivor size 5767168 bytes, new threshold 15 (max 15)
[PSYoungGen: 255225K->4296K(256512K)] 354461K->103605K(1042944K), 0.0105541 secs] [Times: user=0.01 sys=0.00, real=0.01 secs] 
4275.237: [GC (Allocation Failure) 
Desired survivor size 5767168 bytes, new threshold 15 (max 15)
[PSYoungGen: 255176K->4452K(256512K)] 354485K->103840K(1042944K), 0.0104985 secs] [Times: user=0.02 sys=0.00, real=0.01 secs] 
4294.439: [GC (Allocation Failure) 
Desired survivor size 5767168 bytes, new threshold 15 (max 15)
[PSYoungGen: 255332K->4380K(256512K)] 354720K->103895K(1042944K), 0.0102843 secs] [Times: user=0.01 sys=0.00, real=0.01 secs] 
4313.490: [GC (Allocation Failure) 
Desired survivor size 5767168 bytes, new threshold 15 (max 15)
[PSYoungGen: 255260K->4494K(256512K)] 354775K->104090K(1042944K), 0.0137938 secs] [Times: user=0.02 sys=0.00, real=0.01 secs] 
4332.692: [GC (Allocation Failure) 
Desired survivor size 5242880 bytes, new threshold 15 (max 15)
[PSYoungGen: 255374K->4387K(256512K)] 354970K->104062K(1042944K), 0.0094221 secs] [Times: user=0.02 sys=0.00, real=0.01 secs] 
4351.940: [GC (Allocation Failure) 
Desired survivor size 5242880 bytes, new threshold 15 (max 15)
[PSYoungGen: 255267K->4368K(257024K)] 354942K->104116K(1043456K), 0.0125766 secs] [Times: user=0.02 sys=0.00, real=0.02 secs] 
4371.113: [GC (Allocation Failure) 
Desired survivor size 5242880 bytes, new threshold 15 (max 15)
[PSYoungGen: 256272K->4289K(257024K)] 356020K->104109K(1043456K), 0.0101841 secs] [Times: user=0.02 sys=0.00, real=0.01 secs] 
4390.445: [GC (Allocation Failure) 
Desired survivor size 5242880 bytes, new threshold 15 (max 15)
[PSYoungGen: 256193K->4304K(257024K)] 356013K->104250K(1043456K), 0.0094078 secs] [Times: user=0.01 sys=0.00, real=0.01 secs] 
4409.695: [GC (Allocation Failure) 
Desired survivor size 5242880 bytes, new threshold 15 (max 15)
[PSYoungGen: 256208K->4331K(257024K)] 356154K->104396K(1043456K), 0.0096967 secs] [Times: user=0.01 sys=0.00, real=0.01 secs] 
4428.942: [GC (Allocation Failure) 
Desired survivor size 5242880 bytes, new threshold 15 (max 15)
[PSYoungGen: 256235K->4319K(257024K)] 356300K->104456K(1043456K), 0.0094470 secs] [Times: user=0.02 sys=0.00, real=0.01 secs] 
4448.241: [GC (Allocation Failure) 
Desired survivor size 5242880 bytes, new threshold 15 (max 15)
[PSYoungGen: 256223K->4234K(257024K)] 356360K->104443K(1043456K), 0.0115374 secs] [Times: user=0.01 sys=0.00, real=0.01 secs] 
4467.565: [GC (Allocation Failure) 
Desired survivor size 5242880 bytes, new threshold 15 (max 15)
[PSYoungGen: 256138K->4167K(257024K)] 356347K->104605K(1043456K), 0.0102541 secs] [Times: user=0.02 sys=0.00, real=0.01 secs] 
4486.856: [GC (Allocation Failure) 
Desired survivor size 5242880 bytes, new threshold 15 (max 15)
[PSYoungGen: 256071K->4133K(257024K)] 356509K->104651K(1043456K), 0.0104101 secs] [Times: user=0.02 sys=0.00, real=0.01 secs] 
4506.235: [GC (Allocation Failure) 
Desired survivor size 5242880 bytes, new threshold 15 (max 15)
[PSYoungGen: 256037K->4197K(257024K)] 356555K->104803K(1043456K), 0.0112381 secs] [Times: user=0.02 sys=0.00, real=0.01 secs] 
4525.448: [GC (Allocation Failure) 
Desired survivor size 5242880 bytes, new threshold 15 (max 15)
[PSYoungGen: 256101K->4360K(257024K)] 356707K->105046K(1043456K), 0.0097547 secs] [Times: user=0.02 sys=0.00, real=0.01 secs] 
4544.694: [GC (Allocation Failure) 
Desired survivor size 5242880 bytes, new threshold 15 (max 15)
[PSYoungGen: 256264K->4162K(257024K)] 356950K->104974K(1043456K), 0.0100047 secs] [Times: user=0.02 sys=0.00, real=0.01 secs] 
4563.946: [GC (Allocation Failure) 
Desired survivor size 5242880 bytes, new threshold 15 (max 15)
[PSYoungGen: 256066K->4179K(257024K)] 356878K->105165K(1043456K), 0.0096571 secs] [Times: user=0.02 sys=0.00, real=0.01 secs] 
4583.236: [GC (Allocation Failure) 
Desired survivor size 5242880 bytes, new threshold 15 (max 15)
[PSYoungGen: 256083K->4138K(257024K)] 357069K->105242K(1043456K), 0.0099975 secs] [Times: user=0.02 sys=0.00, real=0.01 secs] 
4602.606: [GC (Allocation Failure) 
Desired survivor size 5242880 bytes, new threshold 15 (max 15)
[PSYoungGen: 256042K->4174K(257024K)] 357146K->105350K(1043456K), 0.0095412 secs] [Times: user=0.01 sys=0.00, real=0.01 secs] 
4621.741: [GC (Allocation Failure) 
Desired survivor size 5242880 bytes, new threshold 15 (max 15)
[PSYoungGen: 256078K->4032K(257024K)] 357254K->105313K(1043456K), 0.0110644 secs] [Times: user=0.02 sys=0.00, real=0.01 secs] 
4641.071: [GC (Allocation Failure) 
Desired survivor size 5242880 bytes, new threshold 15 (max 15)
[PSYoungGen: 255936K->4031K(257024K)] 357217K->105392K(1043456K), 0.0101242 secs] [Times: user=0.02 sys=0.00, real=0.01 secs] 
4660.317: [GC (Allocation Failure) 
Desired survivor size 4718592 bytes, new threshold 15 (max 15)
[PSYoungGen: 255935K->4092K(257536K)] 357296K->105579K(1043968K), 0.0101452 secs] [Times: user=0.02 sys=0.00, real=0.01 secs] 
4679.568: [GC (Allocation Failure) 
Desired survivor size 4718592 bytes, new threshold 15 (max 15)
[PSYoungGen: 256508K->4064K(257024K)] 357995K->105679K(1043456K), 0.0101282 secs] [Times: user=0.01 sys=0.00, real=0.01 secs] 
4698.862: [GC (Allocation Failure) 
Desired survivor size 4718592 bytes, new threshold 15 (max 15)
[PSYoungGen: 256480K->4093K(257536K)] 358095K->105834K(1043968K), 0.0102416 secs] [Times: user=0.02 sys=0.00, real=0.01 secs] 
4718.317: [GC (Allocation Failure) 
Desired survivor size 4718592 bytes, new threshold 15 (max 15)
[PSYoungGen: 257021K->4054K(257536K)] 358762K->105867K(1043968K), 0.0097842 secs] [Times: user=0.01 sys=0.00, real=0.01 secs] 
4737.555: [GC (Allocation Failure) 
Desired survivor size 4718592 bytes, new threshold 15 (max 15)
[PSYoungGen: 256982K->4238K(257536K)] 358795K->106123K(1043968K), 0.0108837 secs] [Times: user=0.01 sys=0.01, real=0.01 secs] 
4756.985: [GC (Allocation Failure) 
Desired survivor size 4718592 bytes, new threshold 15 (max 15)
[PSYoungGen: 257166K->4157K(257536K)] 359051K->106114K(1043968K), 0.0095034 secs] [Times: user=0.01 sys=0.00, real=0.01 secs] 
4776.320: [GC (Allocation Failure) 
Desired survivor size 4718592 bytes, new threshold 15 (max 15)
[PSYoungGen: 257085K->4211K(257536K)] 359042K->106240K(1043968K), 0.0096280 secs] [Times: user=0.01 sys=0.00, real=0.01 secs] 
4795.635: [GC (Allocation Failure) 
Desired survivor size 4718592 bytes, new threshold 15 (max 15)
[PSYoungGen: 257139K->4226K(257536K)] 359168K->106335K(1043968K), 0.0112095 secs] [Times: user=0.02 sys=0.00, real=0.01 secs] 
4815.068: [GC (Allocation Failure) 
Desired survivor size 4718592 bytes, new threshold 15 (max 15)
[PSYoungGen: 257154K->4227K(257536K)] 359263K->106416K(1043968K), 0.0097071 secs] [Times: user=0.02 sys=0.00, real=0.01 secs] 
4834.276: [GC (Allocation Failure) 
Desired survivor size 4718592 bytes, new threshold 15 (max 15)
[PSYoungGen: 257155K->4324K(257536K)] 359344K->106594K(1043968K), 0.1060399 secs] [Times: user=0.02 sys=0.00, real=0.10 secs] 
4853.445: [GC (Allocation Failure) 
Desired survivor size 4718592 bytes, new threshold 15 (max 15)
[PSYoungGen: 257252K->4118K(257536K)] 359522K->106553K(1043968K), 0.0110050 secs] [Times: user=0.01 sys=0.00, real=0.01 secs] 
4872.822: [GC (Allocation Failure) 
Desired survivor size 4718592 bytes, new threshold 15 (max 15)
[PSYoungGen: 257046K->4172K(257536K)] 359481K->106679K(1043968K), 0.0100704 secs] [Times: user=0.02 sys=0.00, real=0.01 secs] 
4892.195: [GC (Allocation Failure) 
Desired survivor size 4718592 bytes, new threshold 15 (max 15)
[PSYoungGen: 257100K->4174K(257536K)] 359607K->106760K(1043968K), 0.0120215 secs] [Times: user=0.02 sys=0.00, real=0.01 secs] 
4911.442: [GC (Allocation Failure) 
Desired survivor size 4718592 bytes, new threshold 15 (max 15)
[PSYoungGen: 257102K->4307K(257536K)] 359688K->106966K(1043968K), 0.0114300 secs] [Times: user=0.02 sys=0.00, real=0.01 secs] 
4930.737: [GC (Allocation Failure) 
Desired survivor size 4718592 bytes, new threshold 15 (max 15)
[PSYoungGen: 257235K->4267K(257536K)] 359894K->106997K(1043968K), 0.0236982 secs] [Times: user=0.02 sys=0.00, real=0.03 secs] 
4949.731: [GC (Allocation Failure) 
Desired survivor size 4718592 bytes, new threshold 15 (max 15)
[PSYoungGen: 257195K->4292K(257536K)] 359925K->107197K(1043968K), 0.0094171 secs] [Times: user=0.02 sys=0.00, real=0.01 secs] 
4969.105: [GC (Allocation Failure) 
Desired survivor size 4718592 bytes, new threshold 15 (max 15)
[PSYoungGen: 257220K->4268K(257536K)] 360125K->107253K(1043968K), 0.0152015 secs] [Times: user=0.01 sys=0.00, real=0.01 secs] 
4988.488: [GC (Allocation Failure) 
Desired survivor size 4718592 bytes, new threshold 15 (max 15)
[PSYoungGen: 257196K->4207K(257536K)] 360181K->107263K(1043968K), 0.0103980 secs] [Times: user=0.02 sys=0.00, real=0.01 secs] 
5007.820: [GC (Allocation Failure) 
Desired survivor size 4718592 bytes, new threshold 15 (max 15)
[PSYoungGen: 257135K->4166K(257536K)] 360191K->107349K(1043968K), 0.0105177 secs] [Times: user=0.02 sys=0.00, real=0.02 secs] 
5027.110: [GC (Allocation Failure) 
Desired survivor size 4718592 bytes, new threshold 15 (max 15)
[PSYoungGen: 257094K->4269K(257536K)] 360277K->107524K(1043968K), 0.0123569 secs] [Times: user=0.02 sys=0.00, real=0.01 secs] 
5046.484: [GC (Allocation Failure) 
Desired survivor size 4718592 bytes, new threshold 15 (max 15)
[PSYoungGen: 257197K->4247K(257536K)] 360452K->107582K(1043968K), 0.0101548 secs] [Times: user=0.02 sys=0.00, real=0.01 secs] 
5065.746: [GC (Allocation Failure) 
Desired survivor size 4718592 bytes, new threshold 15 (max 15)
[PSYoungGen: 257175K->4334K(257536K)] 360510K->107741K(1043968K), 0.0102082 secs] [Times: user=0.01 sys=0.00, real=0.01 secs] 
5085.072: [GC (Allocation Failure) 
Desired survivor size 4718592 bytes, new threshold 15 (max 15)
[PSYoungGen: 257262K->4324K(257536K)] 360669K->107811K(1043968K), 0.0119009 secs] [Times: user=0.02 sys=0.00, real=0.02 secs] 
5104.441: [GC (Allocation Failure) 
Desired survivor size 4718592 bytes, new threshold 15 (max 15)
[PSYoungGen: 257252K->4324K(257536K)] 360739K->107899K(1043968K), 0.0115474 secs] [Times: user=0.02 sys=0.00, real=0.01 secs] 
5123.665: [GC (Allocation Failure) 
Desired survivor size 4718592 bytes, new threshold 15 (max 15)
[PSYoungGen: 257252K->4594K(257536K)] 360827K->108242K(1043968K), 0.0102622 secs] [Times: user=0.02 sys=0.00, real=0.01 secs] 
5143.024: [GC (Allocation Failure) 
Desired survivor size 4718592 bytes, new threshold 15 (max 15)
[PSYoungGen: 257522K->4394K(257536K)] 361170K->108168K(1043968K), 0.0099653 secs] [Times: user=0.02 sys=0.00, real=0.01 secs] 
5162.364: [GC (Allocation Failure) 
Desired survivor size 4718592 bytes, new threshold 15 (max 15)
[PSYoungGen: 257322K->4257K(257536K)] 361096K->108158K(1043968K), 0.0107875 secs] [Times: user=0.02 sys=0.00, real=0.02 secs] 
5181.733: [GC (Allocation Failure) 
Desired survivor size 4718592 bytes, new threshold 15 (max 15)
[PSYoungGen: 257185K->4253K(257536K)] 361086K->108234K(1043968K), 0.0096676 secs] [Times: user=0.02 sys=0.01, real=0.01 secs] 
5201.116: [GC (Allocation Failure) 
Desired survivor size 4718592 bytes, new threshold 15 (max 15)
[PSYoungGen: 257181K->4165K(257536K)] 361162K->108306K(1043968K), 0.0097364 secs] [Times: user=0.02 sys=0.00, real=0.01 secs] 
5220.451: [GC (Allocation Failure) 
Desired survivor size 4718592 bytes, new threshold 15 (max 15)
[PSYoungGen: 257093K->4098K(257536K)] 361234K->108319K(1043968K), 0.0112404 secs] [Times: user=0.02 sys=0.00, real=0.01 secs] 
5239.824: [GC (Allocation Failure) 
Desired survivor size 4718592 bytes, new threshold 15 (max 15)
[PSYoungGen: 257026K->3961K(257536K)] 361247K->108387K(1043968K), 0.0097254 secs] [Times: user=0.02 sys=0.00, real=0.01 secs] 
5259.198: [GC (Allocation Failure) 
Desired survivor size 4718592 bytes, new threshold 15 (max 15)
[PSYoungGen: 256888K->3934K(257536K)] 361315K->108432K(1043968K), 0.0109027 secs] [Times: user=0.02 sys=0.00, real=0.02 secs] 
5278.566: [GC (Allocation Failure) 
Desired survivor size 4718592 bytes, new threshold 15 (max 15)
[PSYoungGen: 256862K->4014K(257536K)] 361360K->108584K(1043968K), 0.0101190 secs] [Times: user=0.01 sys=0.00, real=0.01 secs] 
5297.948: [GC (Allocation Failure) 
Desired survivor size 4718592 bytes, new threshold 15 (max 15)
[PSYoungGen: 256942K->3981K(257536K)] 361512K->108631K(1043968K), 0.0109033 secs] [Times: user=0.01 sys=0.00, real=0.01 secs] 
5317.356: [GC (Allocation Failure) 
Desired survivor size 4718592 bytes, new threshold 15 (max 15)
[PSYoungGen: 256909K->3992K(257536K)] 361559K->108714K(1043968K), 0.0125232 secs] [Times: user=0.02 sys=0.00, real=0.02 secs] 
5336.612: [GC (Allocation Failure) 
Desired survivor size 4718592 bytes, new threshold 15 (max 15)
[PSYoungGen: 256920K->4054K(257536K)] 361642K->108848K(1043968K), 0.0133675 secs] [Times: user=0.02 sys=0.00, real=0.01 secs] 
5356.071: [GC (Allocation Failure) 
Desired survivor size 4718592 bytes, new threshold 15 (max 15)
[PSYoungGen: 256982K->3958K(257536K)] 361776K->108880K(1043968K), 0.0120988 secs] [Times: user=0.02 sys=0.00, real=0.01 secs] 
5375.453: [GC (Allocation Failure) 
Desired survivor size 4718592 bytes, new threshold 15 (max 15)
[PSYoungGen: 256886K->4103K(257536K)] 361808K->109104K(1043968K), 0.0100023 secs] [Times: user=0.02 sys=0.00, real=0.01 secs] 
5394.738: [GC (Allocation Failure) 
Desired survivor size 4718592 bytes, new threshold 15 (max 15)
[PSYoungGen: 257031K->4073K(257536K)] 362032K->109146K(1043968K), 0.0099870 secs] [Times: user=0.02 sys=0.00, real=0.01 secs] 
5414.233: [GC (Allocation Failure) 
Desired survivor size 4718592 bytes, new threshold 15 (max 15)
[PSYoungGen: 257001K->4070K(257536K)] 362074K->109265K(1043968K), 0.0112483 secs] [Times: user=0.01 sys=0.00, real=0.01 secs] 
5433.534: [GC (Allocation Failure) 
Desired survivor size 4718592 bytes, new threshold 15 (max 15)
[PSYoungGen: 256998K->4055K(257536K)] 362193K->109321K(1043968K), 0.0157325 secs] [Times: user=0.02 sys=0.00, real=0.02 secs] 
5452.735: [GC (Allocation Failure) 
Desired survivor size 4718592 bytes, new threshold 15 (max 15)
[PSYoungGen: 256983K->4022K(257536K)] 362249K->109369K(1043968K), 0.0102937 secs] [Times: user=0.02 sys=0.00, real=0.01 secs] 
5472.112: [GC (Allocation Failure) 
Desired survivor size 4718592 bytes, new threshold 15 (max 15)
[PSYoungGen: 256950K->4201K(257536K)] 362297K->109627K(1043968K), 0.0095205 secs] [Times: user=0.01 sys=0.00, real=0.01 secs] 
5491.491: [GC (Allocation Failure) 
Desired survivor size 4718592 bytes, new threshold 15 (max 15)
[PSYoungGen: 257129K->4067K(257536K)] 362555K->109612K(1043968K), 0.0097098 secs] [Times: user=0.02 sys=0.00, real=0.01 secs] 
5510.740: [GC (Allocation Failure) 
Desired survivor size 4718592 bytes, new threshold 15 (max 15)
[PSYoungGen: 256995K->4090K(257536K)] 362540K->109707K(1043968K), 0.0146294 secs] [Times: user=0.02 sys=0.00, real=0.01 secs] 
5530.072: [GC (Allocation Failure) 
Desired survivor size 4718592 bytes, new threshold 15 (max 15)
[PSYoungGen: 257018K->4190K(257536K)] 362635K->109887K(1043968K), 0.0117381 secs] [Times: user=0.02 sys=0.00, real=0.01 secs] 
5549.360: [GC (Allocation Failure) 
Desired survivor size 4718592 bytes, new threshold 15 (max 15)
[PSYoungGen: 257118K->4213K(257536K)] 362815K->110029K(1043968K), 0.0096199 secs] [Times: user=0.02 sys=0.00, real=0.01 secs] 
5568.321: [GC (Allocation Failure) 
Desired survivor size 4718592 bytes, new threshold 15 (max 15)
[PSYoungGen: 257141K->4327K(257536K)] 362957K->110223K(1043968K), 0.0102886 secs] [Times: user=0.01 sys=0.00, real=0.01 secs] 
5587.572: [GC (Allocation Failure) 
Desired survivor size 4718592 bytes, new threshold 15 (max 15)
[PSYoungGen: 257255K->4392K(257536K)] 363151K->110368K(1043968K), 0.0136697 secs] [Times: user=0.01 sys=0.00, real=0.01 secs] 
5606.943: [GC (Allocation Failure) 
Desired survivor size 4718592 bytes, new threshold 15 (max 15)
[PSYoungGen: 257320K->4459K(257536K)] 363296K->110507K(1043968K), 0.0114449 secs] [Times: user=0.02 sys=0.00, real=0.01 secs] 
5626.317: [GC (Allocation Failure) 
Desired survivor size 4718592 bytes, new threshold 15 (max 15)
[PSYoungGen: 257387K->4292K(257536K)] 363435K->110467K(1043968K), 0.0104041 secs] [Times: user=0.01 sys=0.00, real=0.01 secs] 
5645.614: [GC (Allocation Failure) 
Desired survivor size 4718592 bytes, new threshold 15 (max 15)
[PSYoungGen: 257220K->4330K(257536K)] 363395K->110585K(1043968K), 0.0108010 secs] [Times: user=0.02 sys=0.00, real=0.01 secs] 
5665.071: [GC (Allocation Failure) 
Desired survivor size 4718592 bytes, new threshold 15 (max 15)
[PSYoungGen: 257258K->4300K(257536K)] 363513K->110684K(1043968K), 0.0102827 secs] [Times: user=0.02 sys=0.00, real=0.01 secs] 
5684.442: [GC (Allocation Failure) 
Desired survivor size 4718592 bytes, new threshold 15 (max 15)
[PSYoungGen: 257228K->4222K(257536K)] 363612K->110686K(1043968K), 0.0099979 secs] [Times: user=0.02 sys=0.00, real=0.01 secs] 
5703.809: [GC (Allocation Failure) 
Desired survivor size 4718592 bytes, new threshold 15 (max 15)
[PSYoungGen: 257150K->4215K(257536K)] 363614K->110751K(1043968K), 0.0102784 secs] [Times: user=0.02 sys=0.00, real=0.01 secs] 
5723.069: [GC (Allocation Failure) 
Desired survivor size 4718592 bytes, new threshold 15 (max 15)
[PSYoungGen: 257143K->4429K(257536K)] 363679K->111045K(1043968K), 0.0108704 secs] [Times: user=0.02 sys=0.00, real=0.01 secs] 
5742.368: [GC (Allocation Failure) 
Desired survivor size 4718592 bytes, new threshold 15 (max 15)
[PSYoungGen: 257357K->4356K(257536K)] 363973K->111044K(1043968K), 0.0107749 secs] [Times: user=0.02 sys=0.00, real=0.01 secs] 
5761.614: [GC (Allocation Failure) 
Desired survivor size 4718592 bytes, new threshold 15 (max 15)
[PSYoungGen: 257284K->4226K(257536K)] 363972K->110994K(1043968K), 0.0108893 secs] [Times: user=0.02 sys=0.00, real=0.01 secs] 
5780.988: [GC (Allocation Failure) 
Desired survivor size 4718592 bytes, new threshold 15 (max 15)
[PSYoungGen: 257154K->4340K(257536K)] 363922K->111180K(1043968K), 0.0135091 secs] [Times: user=0.02 sys=0.00, real=0.02 secs] 
5800.358: [GC (Allocation Failure) 
Desired survivor size 4718592 bytes, new threshold 15 (max 15)
[PSYoungGen: 257268K->4361K(257536K)] 364108K->111281K(1043968K), 0.0096804 secs] [Times: user=0.01 sys=0.00, real=0.01 secs] 
5819.691: [GC (Allocation Failure) 
Desired survivor size 4718592 bytes, new threshold 15 (max 15)
[PSYoungGen: 257289K->4187K(257536K)] 364209K->111250K(1043968K), 0.0099132 secs] [Times: user=0.02 sys=0.00, real=0.01 secs] 
5838.989: [GC (Allocation Failure) 
Desired survivor size 4718592 bytes, new threshold 15 (max 15)
[PSYoungGen: 257115K->4160K(257536K)] 364178K->111396K(1043968K), 0.0092987 secs] [Times: user=0.02 sys=0.00, real=0.01 secs] 
5858.318: [GC (Allocation Failure) 
Desired survivor size 4718592 bytes, new threshold 15 (max 15)
[PSYoungGen: 257088K->4214K(257536K)] 364324K->111554K(1043968K), 0.0107778 secs] [Times: user=0.02 sys=0.00, real=0.01 secs] 
5877.571: [GC (Allocation Failure) 
Desired survivor size 4718592 bytes, new threshold 15 (max 15)
[PSYoungGen: 257142K->4009K(257536K)] 364482K->111522K(1043968K), 0.0106059 secs] [Times: user=0.01 sys=0.00, real=0.01 secs] 
5896.988: [GC (Allocation Failure) 
Desired survivor size 4718592 bytes, new threshold 15 (max 15)
[PSYoungGen: 256937K->4074K(257536K)] 364450K->111660K(1043968K), 0.0113999 secs] [Times: user=0.02 sys=0.00, real=0.01 secs] 
5916.245: [GC (Allocation Failure) 
Desired survivor size 4718592 bytes, new threshold 15 (max 15)
[PSYoungGen: 257002K->4120K(257536K)] 364588K->111786K(1043968K), 0.0099835 secs] [Times: user=0.02 sys=0.00, real=0.01 secs] 
5935.570: [GC (Allocation Failure) 
Desired survivor size 4718592 bytes, new threshold 15 (max 15)
[PSYoungGen: 257048K->4042K(257536K)] 364714K->111826K(1043968K), 0.0098486 secs] [Times: user=0.01 sys=0.00, real=0.01 secs] 
5954.943: [GC (Allocation Failure) 
Desired survivor size 4718592 bytes, new threshold 15 (max 15)
[PSYoungGen: 256970K->4064K(257536K)] 364754K->111921K(1043968K), 0.0104435 secs] [Times: user=0.02 sys=0.00, real=0.01 secs] 
5973.983: [GC (Allocation Failure) 
Desired survivor size 4718592 bytes, new threshold 15 (max 15)
[PSYoungGen: 256992K->4336K(257536K)] 364849K->112265K(1043968K), 0.0168581 secs] [Times: user=0.01 sys=0.00, real=0.02 secs] 
5993.316: [GC (Allocation Failure) 
Desired survivor size 4718592 bytes, new threshold 15 (max 15)
[PSYoungGen: 257264K->4304K(257536K)] 365193K->112313K(1043968K), 0.0111041 secs] [Times: user=0.02 sys=0.00, real=0.01 secs] 
6012.616: [GC (Allocation Failure) 
Desired survivor size 4718592 bytes, new threshold 15 (max 15)
[PSYoungGen: 257232K->4326K(257536K)] 365241K->112423K(1043968K), 0.0102705 secs] [Times: user=0.02 sys=0.00, real=0.01 secs] 
6031.941: [GC (Allocation Failure) 
Desired survivor size 4718592 bytes, new threshold 15 (max 15)
[PSYoungGen: 257254K->4459K(257536K)] 365351K->112636K(1043968K), 0.0134380 secs] [Times: user=0.02 sys=0.00, real=0.01 secs] 
6050.990: [GC (Allocation Failure) 
Desired survivor size 5242880 bytes, new threshold 15 (max 15)
[PSYoungGen: 257387K->4368K(256512K)] 365564K->112617K(1042944K), 0.0112199 secs] [Times: user=0.02 sys=0.00, real=0.01 secs] 
6070.315: [GC (Allocation Failure) 
Desired survivor size 5242880 bytes, new threshold 15 (max 15)
[PSYoungGen: 256272K->4367K(257024K)] 364521K->112696K(1043456K), 0.0103233 secs] [Times: user=0.02 sys=0.00, real=0.01 secs] 
6089.607: [GC (Allocation Failure) 
Desired survivor size 5242880 bytes, new threshold 15 (max 15)
[PSYoungGen: 256271K->4417K(257024K)] 364600K->112826K(1043456K), 0.0102478 secs] [Times: user=0.01 sys=0.00, real=0.01 secs] 
6108.814: [GC (Allocation Failure) 
Desired survivor size 5242880 bytes, new threshold 15 (max 15)
[PSYoungGen: 256321K->4419K(257024K)] 364730K->112900K(1043456K), 0.0101249 secs] [Times: user=0.02 sys=0.00, real=0.01 secs] 
6128.113: [GC (Allocation Failure) 
Desired survivor size 5242880 bytes, new threshold 15 (max 15)
[PSYoungGen: 256323K->4368K(257024K)] 364804K->112978K(1043456K), 0.0141729 secs] [Times: user=0.02 sys=0.00, real=0.01 secs] 
6147.363: [GC (Allocation Failure) 
Desired survivor size 5242880 bytes, new threshold 15 (max 15)
[PSYoungGen: 256272K->4315K(257024K)] 364882K->113004K(1043456K), 0.0101705 secs] [Times: user=0.02 sys=0.00, real=0.01 secs] 
6179.275: [GC (Allocation Failure) 
Desired survivor size 5242880 bytes, new threshold 15 (max 15)
[PSYoungGen: 256219K->4538K(257024K)] 364908K->113307K(1043456K), 0.0105516 secs] [Times: user=0.01 sys=0.01, real=0.01 secs] 
6198.578: [GC (Allocation Failure) 
Desired survivor size 5242880 bytes, new threshold 15 (max 15)
[PSYoungGen: 256442K->4428K(257024K)] 365211K->113278K(1043456K), 0.0117855 secs] [Times: user=0.02 sys=0.00, real=0.01 secs] 
6217.830: [GC (Allocation Failure) 
Desired survivor size 5242880 bytes, new threshold 15 (max 15)
[PSYoungGen: 256332K->4412K(257024K)] 365182K->113388K(1043456K), 0.0097847 secs] [Times: user=0.02 sys=0.00, real=0.01 secs] 
6237.076: [GC (Allocation Failure) 
Desired survivor size 5242880 bytes, new threshold 15 (max 15)
[PSYoungGen: 256316K->4426K(257024K)] 365292K->113475K(1043456K), 0.0100167 secs] [Times: user=0.02 sys=0.00, real=0.01 secs] 
6256.454: [GC (Allocation Failure) 
Desired survivor size 5242880 bytes, new threshold 15 (max 15)
[PSYoungGen: 256330K->4477K(257024K)] 365379K->113598K(1043456K), 0.0101030 secs] [Times: user=0.01 sys=0.00, real=0.01 secs] 
6275.762: [GC (Allocation Failure) 
Desired survivor size 5242880 bytes, new threshold 15 (max 15)
[PSYoungGen: 256381K->4270K(257024K)] 365502K->113564K(1043456K), 0.0105145 secs] [Times: user=0.02 sys=0.00, real=0.01 secs] 
6295.006: [GC (Allocation Failure) 
Desired survivor size 5242880 bytes, new threshold 15 (max 15)
[PSYoungGen: 256174K->4304K(257024K)] 365468K->113725K(1043456K), 0.0108136 secs] [Times: user=0.01 sys=0.00, real=0.02 secs] 
6314.320: [GC (Allocation Failure) 
Desired survivor size 5242880 bytes, new threshold 15 (max 15)
[PSYoungGen: 256208K->4366K(257024K)] 365629K->113867K(1043456K), 0.0109724 secs] [Times: user=0.01 sys=0.00, real=0.01 secs] 
6333.519: [GC (Allocation Failure) 
Desired survivor size 4718592 bytes, new threshold 15 (max 15)
[PSYoungGen: 256270K->4336K(257536K)] 365771K->113917K(1043968K), 0.1016465 secs] [Times: user=0.01 sys=0.00, real=0.10 secs] 
6352.696: [GC (Allocation Failure) 
Desired survivor size 4718592 bytes, new threshold 15 (max 15)
[PSYoungGen: 256752K->4372K(257024K)] 366333K->114072K(1043456K), 0.0130722 secs] [Times: user=0.01 sys=0.00, real=0.01 secs] 
6372.013: [GC (Allocation Failure) 
Desired survivor size 4718592 bytes, new threshold 15 (max 15)
[PSYoungGen: 256788K->4348K(257536K)] 366488K->114120K(1043968K), 0.0098911 secs] [Times: user=0.02 sys=0.00, real=0.01 secs] 
6391.383: [GC (Allocation Failure) 
Desired survivor size 4718592 bytes, new threshold 15 (max 15)
[PSYoungGen: 257276K->4391K(257536K)] 367048K->114234K(1043968K), 0.0110748 secs] [Times: user=0.02 sys=0.00, real=0.01 secs] 
6410.757: [GC (Allocation Failure) 
Desired survivor size 4718592 bytes, new threshold 15 (max 15)
[PSYoungGen: 257319K->4398K(257536K)] 367162K->114369K(1043968K), 0.0130523 secs] [Times: user=0.02 sys=0.00, real=0.01 secs] 
6430.135: [GC (Allocation Failure) 
Desired survivor size 4718592 bytes, new threshold 15 (max 15)
[PSYoungGen: 257326K->4089K(257536K)] 367297K->114189K(1043968K), 0.0105887 secs] [Times: user=0.01 sys=0.00, real=0.01 secs] 
6449.451: [GC (Allocation Failure) 
Desired survivor size 4718592 bytes, new threshold 15 (max 15)
[PSYoungGen: 257017K->4183K(257536K)] 367117K->114363K(1043968K), 0.0104516 secs] [Times: user=0.02 sys=0.00, real=0.01 secs] 
6468.825: [GC (Allocation Failure) 
Desired survivor size 4718592 bytes, new threshold 15 (max 15)
[PSYoungGen: 257111K->4165K(257536K)] 367291K->114505K(1043968K), 0.0106560 secs] [Times: user=0.02 sys=0.00, real=0.01 secs] 
6488.199: [GC (Allocation Failure) 
Desired survivor size 4718592 bytes, new threshold 15 (max 15)
[PSYoungGen: 257093K->4165K(257536K)] 367433K->114586K(1043968K), 0.0095557 secs] [Times: user=0.01 sys=0.00, real=0.01 secs] 
6507.501: [GC (Allocation Failure) 
Desired survivor size 4718592 bytes, new threshold 15 (max 15)
[PSYoungGen: 257093K->4119K(257536K)] 367514K->114666K(1043968K), 0.0103152 secs] [Times: user=0.01 sys=0.00, real=0.01 secs] 
6526.946: [GC (Allocation Failure) 
Desired survivor size 4718592 bytes, new threshold 15 (max 15)
[PSYoungGen: 257047K->4117K(257536K)] 367594K->114745K(1043968K), 0.0100084 secs] [Times: user=0.02 sys=0.00, real=0.01 secs] 
6546.321: [GC (Allocation Failure) 
Desired survivor size 4718592 bytes, new threshold 15 (max 15)
[PSYoungGen: 257045K->4236K(257536K)] 367673K->114944K(1043968K), 0.0119263 secs] [Times: user=0.02 sys=0.00, real=0.01 secs] 
6565.615: [GC (Allocation Failure) 
Desired survivor size 4718592 bytes, new threshold 15 (max 15)
[PSYoungGen: 257164K->4164K(257536K)] 367872K->114944K(1043968K), 0.0110572 secs] [Times: user=0.02 sys=0.00, real=0.01 secs] 
6584.918: [GC (Allocation Failure) 
Desired survivor size 4718592 bytes, new threshold 15 (max 15)
[PSYoungGen: 257092K->4193K(257536K)] 367872K->115100K(1043968K), 0.0125121 secs] [Times: user=0.02 sys=0.00, real=0.01 secs] 
6604.264: [GC (Allocation Failure) 
Desired survivor size 4718592 bytes, new threshold 15 (max 15)
[PSYoungGen: 257121K->4199K(257536K)] 368028K->115186K(1043968K), 0.0100581 secs] [Times: user=0.01 sys=0.00, real=0.01 secs] 
6623.506: [GC (Allocation Failure) 
Desired survivor size 4718592 bytes, new threshold 15 (max 15)
[PSYoungGen: 257127K->4451K(257536K)] 368114K->115517K(1043968K), 0.0096956 secs] [Times: user=0.02 sys=0.00, real=0.01 secs] 
6642.827: [GC (Allocation Failure) 
Desired survivor size 4718592 bytes, new threshold 15 (max 15)
[PSYoungGen: 257379K->4189K(257536K)] 368445K->115429K(1043968K), 0.0119496 secs] [Times: user=0.02 sys=0.00, real=0.01 secs] 
6662.011: [GC (Allocation Failure) 
Desired survivor size 4718592 bytes, new threshold 15 (max 15)
[PSYoungGen: 257117K->4141K(257536K)] 368357K->115508K(1043968K), 0.0100371 secs] [Times: user=0.02 sys=0.00, real=0.01 secs] 
6681.439: [GC (Allocation Failure) 
Desired survivor size 4718592 bytes, new threshold 15 (max 15)
[PSYoungGen: 257069K->4205K(257536K)] 368436K->115644K(1043968K), 0.0120366 secs] [Times: user=0.02 sys=0.00, real=0.01 secs] 
6700.822: [GC (Allocation Failure) 
Desired survivor size 4718592 bytes, new threshold 15 (max 15)
[PSYoungGen: 257133K->4261K(257536K)] 368572K->115772K(1043968K), 0.0183106 secs] [Times: user=0.02 sys=0.00, real=0.02 secs] 
6720.128: [GC (Allocation Failure) 
Desired survivor size 4718592 bytes, new threshold 15 (max 15)
[PSYoungGen: 257189K->4119K(257536K)] 368700K->115749K(1043968K), 0.0100640 secs] [Times: user=0.02 sys=0.00, real=0.01 secs] 
6739.453: [GC (Allocation Failure) 
Desired survivor size 4718592 bytes, new threshold 15 (max 15)
[PSYoungGen: 257047K->4109K(257536K)] 368677K->115818K(1043968K), 0.0121635 secs] [Times: user=0.02 sys=0.00, real=0.02 secs] 
6758.945: [GC (Allocation Failure) 
Desired survivor size 4718592 bytes, new threshold 15 (max 15)
[PSYoungGen: 257037K->4207K(257536K)] 368746K->115988K(1043968K), 0.0125551 secs] [Times: user=0.01 sys=0.00, real=0.02 secs] 
6778.135: [GC (Allocation Failure) 
Desired survivor size 4718592 bytes, new threshold 15 (max 15)
[PSYoungGen: 257135K->4156K(257536K)] 368916K->116010K(1043968K), 0.0102533 secs] [Times: user=0.02 sys=0.00, real=0.01 secs] 
6797.382: [GC (Allocation Failure) 
Desired survivor size 4718592 bytes, new threshold 15 (max 15)
[PSYoungGen: 257084K->4086K(257536K)] 368938K->116012K(1043968K), 0.0101963 secs] [Times: user=0.02 sys=0.00, real=0.02 secs] 
6816.634: [GC (Allocation Failure) 
Desired survivor size 4718592 bytes, new threshold 15 (max 15)
[PSYoungGen: 257014K->4195K(257536K)] 368940K->116192K(1043968K), 0.0117679 secs] [Times: user=0.01 sys=0.00, real=0.02 secs] 
6835.959: [GC (Allocation Failure) 
Desired survivor size 4718592 bytes, new threshold 15 (max 15)
[PSYoungGen: 257123K->4157K(257536K)] 369120K->116274K(1043968K), 0.0096746 secs] [Times: user=0.02 sys=0.00, real=0.00 secs] 
6855.449: [GC (Allocation Failure) 
Desired survivor size 4718592 bytes, new threshold 15 (max 15)
[PSYoungGen: 257085K->4173K(257536K)] 369202K->116369K(1043968K), 0.0104605 secs] [Times: user=0.01 sys=0.00, real=0.01 secs] 
6874.696: [GC (Allocation Failure) 
Desired survivor size 4718592 bytes, new threshold 15 (max 15)
[PSYoungGen: 257101K->4226K(257536K)] 369297K->116550K(1043968K), 0.0101220 secs] [Times: user=0.02 sys=0.00, real=0.01 secs] 
6893.999: [GC (Allocation Failure) 
Desired survivor size 4718592 bytes, new threshold 15 (max 15)
[PSYoungGen: 257154K->4275K(257536K)] 369478K->116678K(1043968K), 0.0128505 secs] [Times: user=0.02 sys=0.00, real=0.01 secs] 
6913.373: [GC (Allocation Failure) 
Desired survivor size 4718592 bytes, new threshold 15 (max 15)
[PSYoungGen: 257203K->4234K(257536K)] 369606K->116726K(1043968K), 0.0102870 secs] [Times: user=0.01 sys=0.00, real=0.01 secs] 
6932.688: [GC (Allocation Failure) 
Desired survivor size 4718592 bytes, new threshold 15 (max 15)
[PSYoungGen: 257162K->4284K(257536K)] 369654K->116949K(1043968K), 0.1679287 secs] [Times: user=0.03 sys=0.00, real=0.17 secs] 
6951.754: [GC (Allocation Failure) 
Desired survivor size 4718592 bytes, new threshold 15 (max 15)
[PSYoungGen: 257212K->4284K(257536K)] 369877K->117029K(1043968K), 0.0114318 secs] [Times: user=0.02 sys=0.00, real=0.01 secs] 
6971.198: [GC (Allocation Failure) 
Desired survivor size 4718592 bytes, new threshold 15 (max 15)
[PSYoungGen: 257212K->4311K(257536K)] 369957K->117136K(1043968K), 0.0112097 secs] [Times: user=0.01 sys=0.00, real=0.01 secs] 
6990.493: [GC (Allocation Failure) 
Desired survivor size 4718592 bytes, new threshold 15 (max 15)
[PSYoungGen: 257239K->4436K(257536K)] 370064K->117341K(1043968K), 0.0104299 secs] [Times: user=0.02 sys=0.00, real=0.01 secs] 
7009.817: [GC (Allocation Failure) 
Desired survivor size 4718592 bytes, new threshold 15 (max 15)
[PSYoungGen: 257364K->4260K(257536K)] 370269K->117245K(1043968K), 0.0106679 secs] [Times: user=0.01 sys=0.00, real=0.01 secs] 
7029.260: [GC (Allocation Failure) 
Desired survivor size 4718592 bytes, new threshold 15 (max 15)
[PSYoungGen: 257182K->4275K(257536K)] 370168K->117340K(1043968K), 0.0107529 secs] [Times: user=0.02 sys=0.00, real=0.01 secs] 
7048.633: [GC (Allocation Failure) 
Desired survivor size 4718592 bytes, new threshold 15 (max 15)
[PSYoungGen: 257203K->4242K(257536K)] 370268K->117379K(1043968K), 0.0098163 secs] [Times: user=0.02 sys=0.00, real=0.01 secs] 
7068.012: [GC (Allocation Failure) 
Desired survivor size 4718592 bytes, new threshold 15 (max 15)
[PSYoungGen: 257170K->4226K(257536K)] 370307K->117435K(1043968K), 0.0117623 secs] [Times: user=0.02 sys=0.00, real=0.02 secs] 
7087.454: [GC (Allocation Failure) 
Desired survivor size 4718592 bytes, new threshold 15 (max 15)
[PSYoungGen: 257154K->4149K(257536K)] 370363K->117462K(1043968K), 0.0102854 secs] [Times: user=0.01 sys=0.00, real=0.01 secs] 
7106.873: [GC (Allocation Failure) 
Desired survivor size 4718592 bytes, new threshold 15 (max 15)
[PSYoungGen: 257077K->4229K(257536K)] 370390K->117614K(1043968K), 0.0101504 secs] [Times: user=0.01 sys=0.00, real=0.01 secs] 
7126.079: [GC (Allocation Failure) 
Desired survivor size 4718592 bytes, new threshold 15 (max 15)
[PSYoungGen: 257157K->4259K(257536K)] 370542K->117724K(1043968K), 0.0109903 secs] [Times: user=0.02 sys=0.00, real=0.01 secs] 
7145.456: [GC (Allocation Failure) 
Desired survivor size 4718592 bytes, new threshold 15 (max 15)
[PSYoungGen: 257187K->4203K(257536K)] 370652K->117740K(1043968K), 0.0103089 secs] [Times: user=0.01 sys=0.00, real=0.01 secs] 
7164.706: [GC (Allocation Failure) 
Desired survivor size 4718592 bytes, new threshold 15 (max 15)
[PSYoungGen: 257131K->4178K(257536K)] 370668K->117936K(1043968K), 0.0111114 secs] [Times: user=0.02 sys=0.00, real=0.01 secs] 
7184.081: [GC (Allocation Failure) 
Desired survivor size 4718592 bytes, new threshold 15 (max 15)
[PSYoungGen: 257106K->4115K(257536K)] 370864K->117945K(1043968K), 0.0101454 secs] [Times: user=0.02 sys=0.00, real=0.02 secs] 
7203.508: [GC (Allocation Failure) 
Desired survivor size 4718592 bytes, new threshold 15 (max 15)
[PSYoungGen: 257043K->4133K(257536K)] 370873K->118089K(1043968K), 0.0145261 secs] [Times: user=0.02 sys=0.00, real=0.01 secs] 
7222.699: [GC (Allocation Failure) 
Desired survivor size 4718592 bytes, new threshold 15 (max 15)
[PSYoungGen: 257061K->4330K(257536K)] 371017K->118366K(1043968K), 0.0107930 secs] [Times: user=0.02 sys=0.00, real=0.01 secs] 
7230.876: [GC (System.gc()) 
Desired survivor size 4718592 bytes, new threshold 15 (max 15)
[PSYoungGen: 112424K->3765K(257536K)] 226460K->118022K(1043968K), 0.0132680 secs] [Times: user=0.02 sys=0.00, real=0.02 secs] 
7230.889: [Full GC (System.gc()) [PSYoungGen: 3765K->0K(257536K)] [ParOldGen: 114256K->98191K(786432K)] 118022K->98191K(1043968K), [Metaspace: 90493K->90470K(1130496K)], 0.5243019 secs] [Times: user=0.85 sys=0.01, real=0.52 secs] 
7249.823: [GC (Allocation Failure) 
Desired survivor size 4718592 bytes, new threshold 15 (max 15)
[PSYoungGen: 252928K->3310K(257536K)] 351119K->101502K(1043968K), 0.0094890 secs] [Times: user=0.02 sys=0.00, real=0.01 secs] 
7269.208: [GC (Allocation Failure) 
Desired survivor size 5242880 bytes, new threshold 15 (max 15)
[PSYoungGen: 256238K->3437K(256512K)] 354430K->101629K(1042944K), 0.0262785 secs] [Times: user=0.01 sys=0.00, real=0.03 secs] 
7288.453: [GC (Allocation Failure) 
Desired survivor size 5242880 bytes, new threshold 15 (max 15)
[PSYoungGen: 256365K->3503K(257024K)] 354557K->101695K(1043456K), 0.0091575 secs] [Times: user=0.01 sys=0.00, real=0.01 secs] 
7307.634: [GC (Allocation Failure) 
Desired survivor size 5242880 bytes, new threshold 15 (max 15)
[PSYoungGen: 255407K->3589K(257024K)] 353599K->101781K(1043456K), 0.0092239 secs] [Times: user=0.01 sys=0.00, real=0.01 secs] 
7326.949: [GC (Allocation Failure) 
Desired survivor size 5242880 bytes, new threshold 15 (max 15)
[PSYoungGen: 255493K->3687K(257024K)] 353685K->101879K(1043456K), 0.0100336 secs] [Times: user=0.01 sys=0.00, real=0.01 secs] 
7346.131: [GC (Allocation Failure) 
Desired survivor size 4718592 bytes, new threshold 15 (max 15)
[PSYoungGen: 255591K->3763K(257024K)] 353783K->101955K(1043456K), 0.0100526 secs] [Times: user=0.01 sys=0.00, real=0.01 secs] 
7365.385: [GC (Allocation Failure) 
Desired survivor size 4718592 bytes, new threshold 15 (max 15)
[PSYoungGen: 255667K->3913K(257536K)] 353859K->102105K(1043968K), 0.0109026 secs] [Times: user=0.02 sys=0.00, real=0.01 secs] 
7384.759: [GC (Allocation Failure) 
Desired survivor size 4718592 bytes, new threshold 15 (max 15)
[PSYoungGen: 256841K->4003K(257536K)] 355033K->102195K(1043968K), 0.0104510 secs] [Times: user=0.02 sys=0.00, real=0.01 secs] 
7403.874: [GC (Allocation Failure) 
Desired survivor size 4718592 bytes, new threshold 15 (max 15)
[PSYoungGen: 256931K->4040K(257536K)] 355123K->102232K(1043968K), 0.0092965 secs] [Times: user=0.02 sys=0.00, real=0.01 secs] 
7423.250: [GC (Allocation Failure) 
Desired survivor size 4718592 bytes, new threshold 15 (max 15)
[PSYoungGen: 256968K->4122K(257536K)] 355160K->102313K(1043968K), 0.0095455 secs] [Times: user=0.02 sys=0.00, real=0.01 secs] 
7442.632: [GC (Allocation Failure) 
Desired survivor size 4718592 bytes, new threshold 15 (max 15)
[PSYoungGen: 257050K->4115K(257536K)] 355241K->102307K(1043968K), 0.0143552 secs] [Times: user=0.02 sys=0.00, real=0.01 secs] 
7462.006: [GC (Allocation Failure) 
Desired survivor size 4718592 bytes, new threshold 15 (max 15)
[PSYoungGen: 257043K->4178K(257536K)] 355235K->102370K(1043968K), 0.0108940 secs] [Times: user=0.01 sys=0.00, real=0.01 secs] 
7481.452: [GC (Allocation Failure) 
Desired survivor size 4718592 bytes, new threshold 15 (max 15)
[PSYoungGen: 257106K->4249K(257536K)] 355298K->102441K(1043968K), 0.0106081 secs] [Times: user=0.01 sys=0.00, real=0.01 secs] 
7500.658: [GC (Allocation Failure) 
Desired survivor size 5242880 bytes, new threshold 15 (max 15)
[PSYoungGen: 257177K->4248K(257536K)] 355369K->102440K(1043968K), 0.0213618 secs] [Times: user=0.03 sys=0.00, real=0.03 secs] 
7520.004: [GC (Allocation Failure) 
Desired survivor size 5242880 bytes, new threshold 15 (max 15)
[PSYoungGen: 257176K->4571K(256512K)] 355368K->102763K(1042944K), 0.0106524 secs] [Times: user=0.01 sys=0.00, real=0.01 secs] 
7539.259: [GC (Allocation Failure) 
Desired survivor size 5242880 bytes, new threshold 15 (max 15)
[PSYoungGen: 256475K->4090K(257024K)] 354667K->102725K(1043456K), 0.0099122 secs] [Times: user=0.02 sys=0.00, real=0.01 secs] 
7558.496: [GC (Allocation Failure) 
Desired survivor size 5242880 bytes, new threshold 15 (max 15)
[PSYoungGen: 255994K->3987K(257024K)] 354629K->102678K(1043456K), 0.0087418 secs] [Times: user=0.02 sys=0.00, real=0.01 secs] 
7577.759: [GC (Allocation Failure) 
Desired survivor size 5242880 bytes, new threshold 15 (max 15)
[PSYoungGen: 255891K->3950K(257024K)] 354582K->102743K(1043456K), 0.0112953 secs] [Times: user=0.01 sys=0.00, real=0.01 secs] 
7597.076: [GC (Allocation Failure) 
Desired survivor size 4718592 bytes, new threshold 15 (max 15)
[PSYoungGen: 255854K->3896K(257536K)] 354647K->102793K(1043968K), 0.0095200 secs] [Times: user=0.01 sys=0.00, real=0.01 secs] 
7616.327: [GC (Allocation Failure) 
Desired survivor size 4718592 bytes, new threshold 15 (max 15)
[PSYoungGen: 256312K->3888K(257024K)] 355209K->102887K(1043456K), 0.0087281 secs] [Times: user=0.01 sys=0.00, real=0.01 secs] 
7635.697: [GC (Allocation Failure) 
Desired survivor size 4718592 bytes, new threshold 15 (max 15)
[PSYoungGen: 256304K->3919K(257536K)] 355303K->103013K(1043968K), 0.0091518 secs] [Times: user=0.02 sys=0.00, real=0.01 secs] 
7654.937: [GC (Allocation Failure) 
Desired survivor size 4718592 bytes, new threshold 15 (max 15)
[PSYoungGen: 256847K->3862K(257536K)] 355941K->103059K(1043968K), 0.0112330 secs] [Times: user=0.01 sys=0.00, real=0.01 secs] 
7674.256: [GC (Allocation Failure) 
Desired survivor size 4718592 bytes, new threshold 15 (max 15)
[PSYoungGen: 256790K->4002K(257536K)] 355987K->103254K(1043968K), 0.0113483 secs] [Times: user=0.02 sys=0.00, real=0.02 secs] 
7693.633: [GC (Allocation Failure) 
Desired survivor size 4718592 bytes, new threshold 15 (max 15)
[PSYoungGen: 256930K->3974K(257536K)] 356182K->103307K(1043968K), 0.0099624 secs] [Times: user=0.01 sys=0.00, real=0.01 secs] 
7713.010: [GC (Allocation Failure) 
Desired survivor size 4718592 bytes, new threshold 15 (max 15)
[PSYoungGen: 256902K->4006K(257536K)] 356235K->103395K(1043968K), 0.0162208 secs] [Times: user=0.02 sys=0.00, real=0.02 secs] 
7732.135: [GC (Allocation Failure) 
Desired survivor size 4718592 bytes, new threshold 15 (max 15)
[PSYoungGen: 256934K->4094K(257536K)] 356323K->103539K(1043968K), 0.0092091 secs] [Times: user=0.01 sys=0.00, real=0.00 secs] 
7751.580: [GC (Allocation Failure) 
Desired survivor size 4718592 bytes, new threshold 15 (max 15)
[PSYoungGen: 257022K->4164K(257536K)] 356467K->103665K(1043968K), 0.0091961 secs] [Times: user=0.01 sys=0.00, real=0.01 secs] 
7770.884: [GC (Allocation Failure) 
Desired survivor size 4718592 bytes, new threshold 15 (max 15)
[PSYoungGen: 257092K->4093K(257536K)] 356593K->103705K(1043968K), 0.0122773 secs] [Times: user=0.02 sys=0.00, real=0.01 secs] 
7790.252: [GC (Allocation Failure) 
Desired survivor size 4718592 bytes, new threshold 15 (max 15)
[PSYoungGen: 257021K->4082K(257536K)] 356633K->103749K(1043968K), 0.0099090 secs] [Times: user=0.01 sys=0.00, real=0.01 secs] 
7809.633: [GC (Allocation Failure) 
Desired survivor size 4718592 bytes, new threshold 15 (max 15)
[PSYoungGen: 257010K->4071K(257536K)] 356677K->103802K(1043968K), 0.0089622 secs] [Times: user=0.01 sys=0.00, real=0.01 secs] 
7828.887: [GC (Allocation Failure) 
Desired survivor size 4718592 bytes, new threshold 15 (max 15)
[PSYoungGen: 256998K->4340K(257536K)] 356730K->104135K(1043968K), 0.0096361 secs] [Times: user=0.01 sys=0.00, real=0.01 secs] 
7848.003: [GC (Allocation Failure) 
Desired survivor size 4718592 bytes, new threshold 15 (max 15)
[PSYoungGen: 257268K->4378K(257536K)] 357063K->104238K(1043968K), 0.0094875 secs] [Times: user=0.02 sys=0.00, real=0.01 secs] 
7867.327: [GC (Allocation Failure) 
Desired survivor size 4718592 bytes, new threshold 15 (max 15)
[PSYoungGen: 257306K->4337K(257536K)] 357166K->104269K(1043968K), 0.0092602 secs] [Times: user=0.02 sys=0.00, real=0.01 secs] 
7886.636: [GC (Allocation Failure) 
Desired survivor size 4718592 bytes, new threshold 15 (max 15)
[PSYoungGen: 257265K->4298K(257536K)] 357197K->104302K(1043968K), 0.0105190 secs] [Times: user=0.02 sys=0.00, real=0.01 secs] 
7905.947: [GC (Allocation Failure) 
Desired survivor size 5242880 bytes, new threshold 15 (max 15)
[PSYoungGen: 257226K->4363K(256512K)] 357230K->104439K(1042944K), 0.0096889 secs] [Times: user=0.02 sys=0.00, real=0.01 secs] 
7925.246: [GC (Allocation Failure) 
Desired survivor size 4718592 bytes, new threshold 15 (max 15)
[PSYoungGen: 256267K->4275K(257024K)] 356343K->104422K(1043456K), 0.0170108 secs] [Times: user=0.02 sys=0.00, real=0.01 secs] 
7944.577: [GC (Allocation Failure) 
Desired survivor size 4718592 bytes, new threshold 15 (max 15)
[PSYoungGen: 256179K->4236K(257536K)] 356326K->104511K(1043968K), 0.0102652 secs] [Times: user=0.02 sys=0.00, real=0.01 secs] 
7963.956: [GC (Allocation Failure) 
Desired survivor size 4718592 bytes, new threshold 15 (max 15)
[PSYoungGen: 257164K->4127K(257536K)] 357439K->104530K(1043968K), 0.0093069 secs] [Times: user=0.01 sys=0.00, real=0.01 secs] 
7983.327: [GC (Allocation Failure) 
Desired survivor size 4718592 bytes, new threshold 15 (max 15)
[PSYoungGen: 257055K->4174K(257536K)] 357458K->104649K(1043968K), 0.0185274 secs] [Times: user=0.02 sys=0.00, real=0.02 secs] 
8002.635: [GC (Allocation Failure) 
Desired survivor size 4718592 bytes, new threshold 15 (max 15)
[PSYoungGen: 257102K->4207K(257536K)] 357577K->104755K(1043968K), 0.0101289 secs] [Times: user=0.02 sys=0.00, real=0.01 secs] 
8021.762: [GC (Allocation Failure) 
Desired survivor size 4718592 bytes, new threshold 15 (max 15)
[PSYoungGen: 257135K->4103K(257536K)] 357683K->104824K(1043968K), 0.0105471 secs] [Times: user=0.02 sys=0.00, real=0.01 secs] 
8041.136: [GC (Allocation Failure) 
Desired survivor size 4718592 bytes, new threshold 15 (max 15)
[PSYoungGen: 257031K->4143K(257536K)] 357752K->104983K(1043968K), 0.0108629 secs] [Times: user=0.02 sys=0.00, real=0.01 secs] 
8060.385: [GC (Allocation Failure) 
Desired survivor size 4718592 bytes, new threshold 15 (max 15)
[PSYoungGen: 257071K->4221K(257536K)] 357911K->105133K(1043968K), 0.0101230 secs] [Times: user=0.01 sys=0.00, real=0.01 secs] 
8079.706: [GC (Allocation Failure) 
Desired survivor size 4718592 bytes, new threshold 15 (max 15)
[PSYoungGen: 257149K->4265K(257536K)] 358061K->105249K(1043968K), 0.0097864 secs] [Times: user=0.02 sys=0.00, real=0.01 secs] 
8099.012: [GC (Allocation Failure) 
Desired survivor size 4718592 bytes, new threshold 15 (max 15)
[PSYoungGen: 257193K->4217K(257536K)] 358177K->105273K(1043968K), 0.0097621 secs] [Times: user=0.02 sys=0.00, real=0.01 secs] 
8118.380: [GC (Allocation Failure) 
Desired survivor size 4718592 bytes, new threshold 15 (max 15)
[PSYoungGen: 257145K->4426K(257536K)] 358201K->105562K(1043968K), 0.0108166 secs] [Times: user=0.02 sys=0.00, real=0.01 secs] 
8137.577: [GC (Allocation Failure) 
Desired survivor size 4718592 bytes, new threshold 15 (max 15)
[PSYoungGen: 257354K->4330K(257536K)] 358490K->105592K(1043968K), 0.0099934 secs] [Times: user=0.01 sys=0.00, real=0.01 secs] 
8156.830: [GC (Allocation Failure) 
Desired survivor size 4718592 bytes, new threshold 15 (max 15)
[PSYoungGen: 257258K->4253K(257536K)] 358520K->105635K(1043968K), 0.0097104 secs] [Times: user=0.02 sys=0.00, real=0.00 secs] 
8176.135: [GC (Allocation Failure) 
Desired survivor size 4718592 bytes, new threshold 15 (max 15)
[PSYoungGen: 257181K->4362K(257536K)] 358563K->105816K(1043968K), 0.0109156 secs] [Times: user=0.02 sys=0.00, real=0.01 secs] 
8195.449: [GC (Allocation Failure) 
Desired survivor size 4718592 bytes, new threshold 15 (max 15)
[PSYoungGen: 257290K->4316K(257536K)] 358744K->105849K(1043968K), 0.0094092 secs] [Times: user=0.01 sys=0.00, real=0.01 secs] 
8214.759: [GC (Allocation Failure) 
Desired survivor size 4718592 bytes, new threshold 15 (max 15)
[PSYoungGen: 257244K->4309K(257536K)] 358777K->105923K(1043968K), 0.0090794 secs] [Times: user=0.01 sys=0.00, real=0.00 secs] 
8234.198: [GC (Allocation Failure) 
Desired survivor size 4718592 bytes, new threshold 15 (max 15)
[PSYoungGen: 257237K->4340K(257536K)] 358851K->106034K(1043968K), 0.0120462 secs] [Times: user=0.01 sys=0.00, real=0.01 secs] 
8253.453: [GC (Allocation Failure) 
Desired survivor size 4718592 bytes, new threshold 15 (max 15)
[PSYoungGen: 257268K->4378K(257536K)] 358962K->106152K(1043968K), 0.0125192 secs] [Times: user=0.03 sys=0.00, real=0.02 secs] 
8272.755: [GC (Allocation Failure) 
Desired survivor size 4718592 bytes, new threshold 15 (max 15)
[PSYoungGen: 257306K->4346K(257536K)] 359080K->106192K(1043968K), 0.0119725 secs] [Times: user=0.02 sys=0.00, real=0.01 secs] 
8292.075: [GC (Allocation Failure) 
Desired survivor size 4718592 bytes, new threshold 15 (max 15)
[PSYoungGen: 257274K->4392K(257536K)] 359120K->106318K(1043968K), 0.0092406 secs] [Times: user=0.01 sys=0.00, real=0.01 secs] 
8311.455: [GC (Allocation Failure) 
Desired survivor size 4718592 bytes, new threshold 15 (max 15)
[PSYoungGen: 257320K->4289K(257536K)] 359246K->106365K(1043968K), 0.0099194 secs] [Times: user=0.02 sys=0.00, real=0.01 secs] 
8330.764: [GC (Allocation Failure) 
Desired survivor size 4718592 bytes, new threshold 15 (max 15)
[PSYoungGen: 257217K->4268K(257536K)] 359293K->106416K(1043968K), 0.0134403 secs] [Times: user=0.03 sys=0.00, real=0.02 secs] 
8350.134: [GC (Allocation Failure) 
Desired survivor size 4718592 bytes, new threshold 15 (max 15)
[PSYoungGen: 257196K->4315K(257536K)] 359344K->106544K(1043968K), 0.0153802 secs] [Times: user=0.02 sys=0.00, real=0.02 secs] 
8369.457: [GC (Allocation Failure) 
Desired survivor size 4718592 bytes, new threshold 15 (max 15)
[PSYoungGen: 257243K->4316K(257536K)] 359472K->106671K(1043968K), 0.0097153 secs] [Times: user=0.01 sys=0.00, real=0.01 secs] 
8388.705: [GC (Allocation Failure) 
Desired survivor size 4718592 bytes, new threshold 15 (max 15)
[PSYoungGen: 257244K->4412K(257536K)] 359599K->106840K(1043968K), 0.0099346 secs] [Times: user=0.02 sys=0.00, real=0.01 secs] 
8408.009: [GC (Allocation Failure) 
Desired survivor size 4718592 bytes, new threshold 15 (max 15)
[PSYoungGen: 257340K->4479K(257536K)] 359768K->106994K(1043968K), 0.0095633 secs] [Times: user=0.02 sys=0.00, real=0.01 secs] 
8427.204: [GC (Allocation Failure) 
Desired survivor size 5242880 bytes, new threshold 15 (max 15)
[PSYoungGen: 257407K->4592K(257536K)] 359922K->107179K(1043968K), 0.0123533 secs] [Times: user=0.02 sys=0.00, real=0.01 secs] 
8446.390: [GC (Allocation Failure) 
Desired survivor size 5242880 bytes, new threshold 15 (max 15)
[PSYoungGen: 257520K->4524K(256512K)] 360107K->107191K(1042944K), 0.0109578 secs] [Times: user=0.02 sys=0.00, real=0.01 secs] 
8465.638: [GC (Allocation Failure) 
Desired survivor size 5242880 bytes, new threshold 15 (max 15)
[PSYoungGen: 256428K->4351K(257024K)] 359095K->107191K(1043456K), 0.0111359 secs] [Times: user=0.01 sys=0.00, real=0.01 secs] 
8484.880: [GC (Allocation Failure) 
Desired survivor size 5242880 bytes, new threshold 15 (max 15)
[PSYoungGen: 256255K->4495K(257024K)] 359095K->107415K(1043456K), 0.0115781 secs] [Times: user=0.02 sys=0.00, real=0.01 secs] 
8504.082: [GC (Allocation Failure) 
Desired survivor size 5242880 bytes, new threshold 15 (max 15)
[PSYoungGen: 256399K->4496K(257024K)] 359319K->107489K(1043456K), 0.0103169 secs] [Times: user=0.02 sys=0.00, real=0.01 secs] 
8523.326: [GC (Allocation Failure) 
Desired survivor size 5242880 bytes, new threshold 15 (max 15)
[PSYoungGen: 256400K->4392K(257024K)] 359393K->107512K(1043456K), 0.0148645 secs] [Times: user=0.02 sys=0.00, real=0.01 secs] 
8542.635: [GC (Allocation Failure) 
Desired survivor size 5242880 bytes, new threshold 15 (max 15)
[PSYoungGen: 256296K->4372K(257024K)] 359416K->107610K(1043456K), 0.0111880 secs] [Times: user=0.02 sys=0.00, real=0.01 secs] 
8562.007: [GC (Allocation Failure) 
Desired survivor size 5242880 bytes, new threshold 15 (max 15)
[PSYoungGen: 256276K->4420K(257024K)] 359514K->107738K(1043456K), 0.0095539 secs] [Times: user=0.01 sys=0.00, real=0.01 secs] 
8581.201: [GC (Allocation Failure) 
Desired survivor size 5242880 bytes, new threshold 15 (max 15)
[PSYoungGen: 256324K->4248K(257024K)] 359642K->107733K(1043456K), 0.0096370 secs] [Times: user=0.02 sys=0.00, real=0.01 secs] 
8600.509: [GC (Allocation Failure) 
Desired survivor size 4718592 bytes, new threshold 15 (max 15)
[PSYoungGen: 256152K->4280K(257536K)] 359637K->107837K(1043968K), 0.0105059 secs] [Times: user=0.02 sys=0.00, real=0.01 secs] 
8619.811: [GC (Allocation Failure) 
Desired survivor size 4718592 bytes, new threshold 15 (max 15)
[PSYoungGen: 256696K->4381K(257024K)] 360253K->108009K(1043456K), 0.0113722 secs] [Times: user=0.01 sys=0.00, real=0.01 secs] 
8638.817: [GC (Allocation Failure) 
Desired survivor size 4718592 bytes, new threshold 15 (max 15)
[PSYoungGen: 256797K->4319K(257536K)] 360425K->108019K(1043968K), 0.0115112 secs] [Times: user=0.01 sys=0.00, real=0.01 secs] 
8658.203: [GC (Allocation Failure) 
Desired survivor size 4718592 bytes, new threshold 15 (max 15)
[PSYoungGen: 257247K->4351K(257536K)] 360947K->108123K(1043968K), 0.0095602 secs] [Times: user=0.02 sys=0.00, real=0.01 secs] 
8677.579: [GC (Allocation Failure) 
Desired survivor size 4718592 bytes, new threshold 15 (max 15)
[PSYoungGen: 257279K->4352K(257536K)] 361051K->108204K(1043968K), 0.0113680 secs] [Times: user=0.01 sys=0.00, real=0.01 secs] 
8696.888: [GC (Allocation Failure) 
Desired survivor size 4718592 bytes, new threshold 15 (max 15)
[PSYoungGen: 257280K->4304K(257536K)] 361132K->108228K(1043968K), 0.0106918 secs] [Times: user=0.02 sys=0.00, real=0.01 secs] 
8716.259: [GC (Allocation Failure) 
Desired survivor size 4718592 bytes, new threshold 15 (max 15)
[PSYoungGen: 257232K->4320K(257536K)] 361156K->108371K(1043968K), 0.0101331 secs] [Times: user=0.02 sys=0.00, real=0.01 secs] 
8735.339: [GC (Allocation Failure) 
Desired survivor size 4718592 bytes, new threshold 15 (max 15)
[PSYoungGen: 257248K->4407K(257536K)] 361299K->108584K(1043968K), 0.0162236 secs] [Times: user=0.03 sys=0.00, real=0.01 secs] 
8754.761: [GC (Allocation Failure) 
Desired survivor size 4718592 bytes, new threshold 15 (max 15)
[PSYoungGen: 257335K->4383K(257536K)] 361512K->108680K(1043968K), 0.0108430 secs] [Times: user=0.02 sys=0.00, real=0.01 secs] 
8774.141: [GC (Allocation Failure) 
Desired survivor size 4718592 bytes, new threshold 15 (max 15)
[PSYoungGen: 257311K->4341K(257536K)] 361608K->108718K(1043968K), 0.0106496 secs] [Times: user=0.02 sys=0.00, real=0.01 secs] 
8793.453: [GC (Allocation Failure) 
Desired survivor size 4718592 bytes, new threshold 15 (max 15)
[PSYoungGen: 257269K->4239K(257536K)] 361646K->108799K(1043968K), 0.0151803 secs] [Times: user=0.01 sys=0.00, real=0.02 secs] 
8812.753: [GC (Allocation Failure) 
Desired survivor size 4718592 bytes, new threshold 15 (max 15)
[PSYoungGen: 257167K->4206K(257536K)] 361727K->108893K(1043968K), 0.0124751 secs] [Times: user=0.02 sys=0.00, real=0.01 secs] 
8832.134: [GC (Allocation Failure) 
Desired survivor size 4718592 bytes, new threshold 15 (max 15)
[PSYoungGen: 257134K->4113K(257536K)] 361821K->108872K(1043968K), 0.0110078 secs] [Times: user=0.02 sys=0.00, real=0.01 secs] 
8851.501: [GC (Allocation Failure) 
Desired survivor size 4718592 bytes, new threshold 15 (max 15)
[PSYoungGen: 257041K->4112K(257536K)] 361800K->109000K(1043968K), 0.0109943 secs] [Times: user=0.02 sys=0.00, real=0.01 secs] 
8870.823: [GC (Allocation Failure) 
Desired survivor size 4718592 bytes, new threshold 15 (max 15)
[PSYoungGen: 257040K->4166K(257536K)] 361928K->109127K(1043968K), 0.0152978 secs] [Times: user=0.02 sys=0.00, real=0.02 secs] 
8890.081: [GC (Allocation Failure) 
Desired survivor size 4718592 bytes, new threshold 15 (max 15)
[PSYoungGen: 257094K->4174K(257536K)] 362055K->109207K(1043968K), 0.0109456 secs] [Times: user=0.02 sys=0.00, real=0.01 secs] 
8909.454: [GC (Allocation Failure) 
Desired survivor size 4718592 bytes, new threshold 15 (max 15)
[PSYoungGen: 257102K->4162K(257536K)] 362135K->109275K(1043968K), 0.0096665 secs] [Times: user=0.01 sys=0.00, real=0.00 secs] 
8928.759: [GC (Allocation Failure) 
Desired survivor size 4718592 bytes, new threshold 15 (max 15)
[PSYoungGen: 257090K->4251K(257536K)] 362203K->109467K(1043968K), 0.0116492 secs] [Times: user=0.01 sys=0.00, real=0.01 secs] 
8948.079: [GC (Allocation Failure) 
Desired survivor size 4718592 bytes, new threshold 15 (max 15)
[PSYoungGen: 257179K->4281K(257536K)] 362395K->109570K(1043968K), 0.0105414 secs] [Times: user=0.02 sys=0.00, real=0.02 secs] 
8967.379: [GC (Allocation Failure) 
Desired survivor size 4718592 bytes, new threshold 15 (max 15)
[PSYoungGen: 257209K->4215K(257536K)] 362498K->109576K(1043968K), 0.0115589 secs] [Times: user=0.01 sys=0.00, real=0.01 secs] 
8986.635: [GC (Allocation Failure) 
Desired survivor size 4718592 bytes, new threshold 15 (max 15)
[PSYoungGen: 257143K->4292K(257536K)] 362504K->109733K(1043968K), 0.0105961 secs] [Times: user=0.02 sys=0.00, real=0.01 secs] 
9005.954: [GC (Allocation Failure) 
Desired survivor size 4718592 bytes, new threshold 15 (max 15)
[PSYoungGen: 257220K->4320K(257536K)] 362661K->109848K(1043968K), 0.0123325 secs] [Times: user=0.02 sys=0.00, real=0.01 secs] 
9025.260: [GC (Allocation Failure) 
Desired survivor size 4718592 bytes, new threshold 15 (max 15)
[PSYoungGen: 257248K->4445K(257536K)] 362776K->110100K(1043968K), 0.0103721 secs] [Times: user=0.02 sys=0.00, real=0.01 secs] 
9044.637: [GC (Allocation Failure) 
Desired survivor size 4718592 bytes, new threshold 15 (max 15)
[PSYoungGen: 257373K->4353K(257536K)] 363028K->110088K(1043968K), 0.0117371 secs] [Times: user=0.02 sys=0.00, real=0.01 secs] 
9063.954: [GC (Allocation Failure) 
Desired survivor size 4718592 bytes, new threshold 15 (max 15)
[PSYoungGen: 257281K->4307K(257536K)] 363016K->110123K(1043968K), 0.0146927 secs] [Times: user=0.02 sys=0.00, real=0.02 secs] 
9083.326: [GC (Allocation Failure) 
Desired survivor size 4718592 bytes, new threshold 15 (max 15)
[PSYoungGen: 257235K->4304K(257536K)] 363051K->110200K(1043968K), 0.0109889 secs] [Times: user=0.02 sys=0.00, real=0.01 secs] 
9102.821: [GC (Allocation Failure) 
Desired survivor size 4718592 bytes, new threshold 15 (max 15)
[PSYoungGen: 257232K->4337K(257536K)] 363128K->110313K(1043968K), 0.0094082 secs] [Times: user=0.01 sys=0.00, real=0.01 secs] 
9122.009: [GC (Allocation Failure) 
Desired survivor size 4718592 bytes, new threshold 15 (max 15)
[PSYoungGen: 257265K->4195K(257536K)] 363241K->110243K(1043968K), 0.0105160 secs] [Times: user=0.02 sys=0.00, real=0.01 secs] 
9141.388: [GC (Allocation Failure) 
Desired survivor size 4718592 bytes, new threshold 15 (max 15)
[PSYoungGen: 257123K->4243K(257536K)] 363171K->110371K(1043968K), 0.0097899 secs] [Times: user=0.02 sys=0.00, real=0.01 secs] 
9160.759: [GC (Allocation Failure) 
Desired survivor size 4718592 bytes, new threshold 15 (max 15)
[PSYoungGen: 257171K->4320K(257536K)] 363299K->110528K(1043968K), 0.0140269 secs] [Times: user=0.02 sys=0.00, real=0.02 secs] 
9180.073: [GC (Allocation Failure) 
Desired survivor size 4718592 bytes, new threshold 15 (max 15)
[PSYoungGen: 257248K->4258K(257536K)] 363456K->110639K(1043968K), 0.0112389 secs] [Times: user=0.02 sys=0.00, real=0.02 secs] 
9199.508: [GC (Allocation Failure) 
Desired survivor size 4718592 bytes, new threshold 15 (max 15)
[PSYoungGen: 257186K->4195K(257536K)] 363567K->110656K(1043968K), 0.0098546 secs] [Times: user=0.01 sys=0.00, real=0.01 secs] 
9218.949: [GC (Allocation Failure) 
Desired survivor size 4718592 bytes, new threshold 15 (max 15)
[PSYoungGen: 257123K->4189K(257536K)] 363584K->110768K(1043968K), 0.0099196 secs] [Times: user=0.01 sys=0.00, real=0.01 secs] 
9238.205: [GC (Allocation Failure) 
Desired survivor size 4718592 bytes, new threshold 15 (max 15)
[PSYoungGen: 257117K->4135K(257536K)] 363696K->110841K(1043968K), 0.0106081 secs] [Times: user=0.01 sys=0.00, real=0.01 secs] 
9257.380: [GC (Allocation Failure) 
Desired survivor size 4718592 bytes, new threshold 15 (max 15)
[PSYoungGen: 257063K->4112K(257536K)] 363769K->110992K(1043968K), 0.0102701 secs] [Times: user=0.01 sys=0.00, real=0.01 secs] 
9276.759: [GC (Allocation Failure) 
Desired survivor size 4718592 bytes, new threshold 15 (max 15)
[PSYoungGen: 257040K->4034K(257536K)] 363920K->111088K(1043968K), 0.0124655 secs] [Times: user=0.01 sys=0.00, real=0.02 secs] 
9296.009: [GC (Allocation Failure) 
Desired survivor size 4718592 bytes, new threshold 15 (max 15)
[PSYoungGen: 256962K->4025K(257536K)] 364016K->111158K(1043968K), 0.0149109 secs] [Times: user=0.03 sys=0.00, real=0.02 secs] 
9315.473: [GC (Allocation Failure) 
Desired survivor size 4718592 bytes, new threshold 15 (max 15)
[PSYoungGen: 256953K->4040K(257536K)] 364086K->111253K(1043968K), 0.0104442 secs] [Times: user=0.01 sys=0.00, real=0.01 secs] 
9334.709: [GC (Allocation Failure) 
Desired survivor size 4718592 bytes, new threshold 15 (max 15)
[PSYoungGen: 256968K->4127K(257536K)] 364181K->111421K(1043968K), 0.0102772 secs] [Times: user=0.02 sys=0.00, real=0.01 secs] 
9353.964: [GC (Allocation Failure) 
Desired survivor size 4718592 bytes, new threshold 15 (max 15)
[PSYoungGen: 257055K->4128K(257536K)] 364349K->111502K(1043968K), 0.0096259 secs] [Times: user=0.01 sys=0.00, real=0.01 secs] 
9373.385: [GC (Allocation Failure) 
Desired survivor size 4718592 bytes, new threshold 15 (max 15)
[PSYoungGen: 257056K->4114K(257536K)] 364430K->111559K(1043968K), 0.0109338 secs] [Times: user=0.02 sys=0.00, real=0.02 secs] 
9392.802: [GC (Allocation Failure) 
Desired survivor size 4718592 bytes, new threshold 15 (max 15)
[PSYoungGen: 257042K->4259K(257536K)] 364487K->111777K(1043968K), 0.1107071 secs] [Times: user=0.02 sys=0.00, real=0.11 secs] 
9411.949: [GC (Allocation Failure) 
Desired survivor size 4718592 bytes, new threshold 15 (max 15)
[PSYoungGen: 257187K->4181K(257536K)] 364705K->111825K(1043968K), 0.0094999 secs] [Times: user=0.01 sys=0.00, real=0.01 secs] 
9431.384: [GC (Allocation Failure) 
Desired survivor size 4718592 bytes, new threshold 15 (max 15)
[PSYoungGen: 257109K->4198K(257536K)] 364753K->111923K(1043968K), 0.0098080 secs] [Times: user=0.02 sys=0.00, real=0.01 secs] 
9450.714: [GC (Allocation Failure) 
Desired survivor size 4718592 bytes, new threshold 15 (max 15)
[PSYoungGen: 257126K->4106K(257536K)] 364851K->112004K(1043968K), 0.0184140 secs] [Times: user=0.02 sys=0.00, real=0.02 secs] 
9470.075: [GC (Allocation Failure) 
Desired survivor size 4718592 bytes, new threshold 15 (max 15)
[PSYoungGen: 257034K->4106K(257536K)] 364932K->112085K(1043968K), 0.0092428 secs] [Times: user=0.02 sys=0.00, real=0.01 secs] 
9489.491: [GC (Allocation Failure) 
Desired survivor size 4718592 bytes, new threshold 15 (max 15)
[PSYoungGen: 257034K->4207K(257536K)] 365013K->112265K(1043968K), 0.0113588 secs] [Times: user=0.02 sys=0.00, real=0.02 secs] 
9508.886: [GC (Allocation Failure) 
Desired survivor size 4718592 bytes, new threshold 15 (max 15)
[PSYoungGen: 257135K->4194K(257536K)] 365193K->112332K(1043968K), 0.0100460 secs] [Times: user=0.01 sys=0.00, real=0.01 secs] 
9528.263: [GC (Allocation Failure) 
Desired survivor size 4718592 bytes, new threshold 15 (max 15)
[PSYoungGen: 257122K->4074K(257536K)] 365260K->112331K(1043968K), 0.0104849 secs] [Times: user=0.02 sys=0.00, real=0.01 secs] 
9547.629: [GC (Allocation Failure) 
Desired survivor size 4718592 bytes, new threshold 15 (max 15)
[PSYoungGen: 257002K->4155K(257536K)] 365259K->112563K(1043968K), 0.0099365 secs] [Times: user=0.02 sys=0.00, real=0.01 secs] 
9566.957: [GC (Allocation Failure) 
Desired survivor size 4718592 bytes, new threshold 15 (max 15)
[PSYoungGen: 257083K->4144K(257536K)] 365491K->112632K(1043968K), 0.0100803 secs] [Times: user=0.01 sys=0.00, real=0.01 secs] 
9586.256: [GC (Allocation Failure) 
Desired survivor size 4718592 bytes, new threshold 15 (max 15)
[PSYoungGen: 257072K->4101K(257536K)] 365560K->112669K(1043968K), 0.0135710 secs] [Times: user=0.02 sys=0.00, real=0.02 secs] 
9605.580: [GC (Allocation Failure) 
Desired survivor size 4718592 bytes, new threshold 15 (max 15)
[PSYoungGen: 257029K->4150K(257536K)] 365597K->112806K(1043968K), 0.0109418 secs] [Times: user=0.02 sys=0.00, real=0.01 secs] 
9624.950: [GC (Allocation Failure) 
Desired survivor size 4718592 bytes, new threshold 15 (max 15)
[PSYoungGen: 257078K->4321K(257536K)] 365734K->113104K(1043968K), 0.0093007 secs] [Times: user=0.02 sys=0.00, real=0.01 secs] 
9644.204: [GC (Allocation Failure) 
Desired survivor size 4718592 bytes, new threshold 15 (max 15)
[PSYoungGen: 257249K->4297K(257536K)] 366032K->113160K(1043968K), 0.0132156 secs] [Times: user=0.02 sys=0.00, real=0.02 secs] 
9663.578: [GC (Allocation Failure) 
Desired survivor size 4718592 bytes, new threshold 15 (max 15)
[PSYoungGen: 257225K->4264K(257536K)] 366088K->113199K(1043968K), 0.0149274 secs] [Times: user=0.01 sys=0.00, real=0.02 secs] 
9682.954: [GC (Allocation Failure) 
Desired survivor size 4718592 bytes, new threshold 15 (max 15)
[PSYoungGen: 257192K->4200K(257536K)] 366127K->113264K(1043968K), 0.0096901 secs] [Times: user=0.02 sys=0.00, real=0.01 secs] 
9702.455: [GC (Allocation Failure) 
Desired survivor size 4718592 bytes, new threshold 15 (max 15)
[PSYoungGen: 257128K->4089K(257536K)] 366192K->113335K(1043968K), 0.0107681 secs] [Times: user=0.02 sys=0.00, real=0.02 secs] 
9721.633: [GC (Allocation Failure) 
Desired survivor size 4718592 bytes, new threshold 15 (max 15)
[PSYoungGen: 257017K->4130K(257536K)] 366263K->113455K(1043968K), 0.0101210 secs] [Times: user=0.02 sys=0.00, real=0.01 secs] 
9741.010: [GC (Allocation Failure) 
Desired survivor size 4718592 bytes, new threshold 15 (max 15)
[PSYoungGen: 257058K->4096K(257536K)] 366383K->113494K(1043968K), 0.0108140 secs] [Times: user=0.02 sys=0.00, real=0.02 secs] 
9760.390: [GC (Allocation Failure) 
Desired survivor size 4718592 bytes, new threshold 15 (max 15)
[PSYoungGen: 257024K->4119K(257536K)] 366422K->113596K(1043968K), 0.0101556 secs] [Times: user=0.02 sys=0.00, real=0.01 secs] 
9779.706: [GC (Allocation Failure) 
Desired survivor size 4718592 bytes, new threshold 15 (max 15)
[PSYoungGen: 257047K->4118K(257536K)] 366524K->113714K(1043968K), 0.0120697 secs] [Times: user=0.01 sys=0.00, real=0.02 secs] 
9799.134: [GC (Allocation Failure) 
Desired survivor size 4718592 bytes, new threshold 15 (max 15)
[PSYoungGen: 257046K->4119K(257536K)] 366642K->113787K(1043968K), 0.0111409 secs] [Times: user=0.02 sys=0.00, real=0.01 secs] 
9818.514: [GC (Allocation Failure) 
Desired survivor size 4718592 bytes, new threshold 15 (max 15)
[PSYoungGen: 257047K->4136K(257536K)] 366715K->113877K(1043968K), 0.0101456 secs] [Times: user=0.01 sys=0.00, real=0.01 secs] 
9837.835: [GC (Allocation Failure) 
Desired survivor size 4718592 bytes, new threshold 15 (max 15)
[PSYoungGen: 257064K->4173K(257536K)] 366805K->113993K(1043968K), 0.0103066 secs] [Times: user=0.01 sys=0.00, real=0.01 secs] 
9857.047: [GC (Allocation Failure) 
Desired survivor size 4718592 bytes, new threshold 15 (max 15)
[PSYoungGen: 257101K->4239K(257536K)] 366921K->114233K(1043968K), 0.0099356 secs] [Times: user=0.02 sys=0.00, real=0.01 secs] 
9876.403: [GC (Allocation Failure) 
Desired survivor size 4718592 bytes, new threshold 15 (max 15)
[PSYoungGen: 257167K->4041K(257536K)] 367161K->114161K(1043968K), 0.0102419 secs] [Times: user=0.02 sys=0.00, real=0.01 secs] 
9895.701: [GC (Allocation Failure) 
Desired survivor size 4718592 bytes, new threshold 15 (max 15)
[PSYoungGen: 256969K->4111K(257536K)] 367089K->114312K(1043968K), 0.0098200 secs] [Times: user=0.01 sys=0.00, real=0.01 secs] 
9915.200: [GC (Allocation Failure) 
Desired survivor size 4718592 bytes, new threshold 15 (max 15)
[PSYoungGen: 257039K->4113K(257536K)] 367240K->114401K(1043968K), 0.0109821 secs] [Times: user=0.02 sys=0.00, real=0.01 secs] 
9934.383: [GC (Allocation Failure) 
Desired survivor size 4718592 bytes, new threshold 15 (max 15)
[PSYoungGen: 257041K->4200K(257536K)] 367329K->114569K(1043968K), 0.0102953 secs] [Times: user=0.01 sys=0.00, real=0.01 secs] 
9953.634: [GC (Allocation Failure) 
Desired survivor size 4718592 bytes, new threshold 15 (max 15)
[PSYoungGen: 257128K->4172K(257536K)] 367497K->114613K(1043968K), 0.0109230 secs] [Times: user=0.01 sys=0.00, real=0.01 secs] 
9972.903: [GC (Allocation Failure) 
Desired survivor size 4718592 bytes, new threshold 15 (max 15)
[PSYoungGen: 257100K->4351K(257536K)] 367541K->114872K(1043968K), 0.0093997 secs] [Times: user=0.02 sys=0.00, real=0.01 secs] 
9992.255: [GC (Allocation Failure) 
Desired survivor size 4718592 bytes, new threshold 15 (max 15)
[PSYoungGen: 257279K->4346K(257536K)] 367800K->114939K(1043968K), 0.0231963 secs] [Times: user=0.02 sys=0.00, real=0.02 secs] 
10011.574: [GC (Allocation Failure) 
Desired survivor size 4718592 bytes, new threshold 15 (max 15)
[PSYoungGen: 257274K->4276K(257536K)] 367867K->115042K(1043968K), 0.0099672 secs] [Times: user=0.02 sys=0.00, real=0.01 secs] 
10031.070: [GC (Allocation Failure) 
Desired survivor size 4718592 bytes, new threshold 15 (max 15)
[PSYoungGen: 257204K->4323K(257536K)] 367970K->115162K(1043968K), 0.0105806 secs] [Times: user=0.02 sys=0.00, real=0.01 secs] 
10050.384: [GC (Allocation Failure) 
Desired survivor size 4718592 bytes, new threshold 15 (max 15)
[PSYoungGen: 257251K->4173K(257536K)] 368090K->115130K(1043968K), 0.0100370 secs] [Times: user=0.02 sys=0.00, real=0.01 secs] 
10069.760: [GC (Allocation Failure) 
Desired survivor size 4718592 bytes, new threshold 15 (max 15)
[PSYoungGen: 257101K->4171K(257536K)] 368058K->115209K(1043968K), 0.0097084 secs] [Times: user=0.01 sys=0.00, real=0.01 secs] 
10089.137: [GC (Allocation Failure) 
Desired survivor size 4718592 bytes, new threshold 15 (max 15)
[PSYoungGen: 257099K->4182K(257536K)] 368137K->115291K(1043968K), 0.0095757 secs] [Times: user=0.02 sys=0.00, real=0.01 secs] 
10108.579: [GC (Allocation Failure) 
Desired survivor size 4718592 bytes, new threshold 15 (max 15)
[PSYoungGen: 257110K->4136K(257536K)] 368219K->115318K(1043968K), 0.0095198 secs] [Times: user=0.02 sys=0.00, real=0.01 secs] 
10128.006: [GC (Allocation Failure) 
Desired survivor size 4718592 bytes, new threshold 15 (max 15)
[PSYoungGen: 257064K->4183K(257536K)] 368246K->115444K(1043968K), 0.0097316 secs] [Times: user=0.02 sys=0.00, real=0.01 secs] 
10147.379: [GC (Allocation Failure) 
Desired survivor size 4718592 bytes, new threshold 15 (max 15)
[PSYoungGen: 257111K->4151K(257536K)] 368372K->115516K(1043968K), 0.0097132 secs] [Times: user=0.02 sys=0.00, real=0.01 secs] 
10166.754: [GC (Allocation Failure) 
Desired survivor size 4718592 bytes, new threshold 15 (max 15)
[PSYoungGen: 257079K->4181K(257536K)] 368444K->115626K(1043968K), 0.0109817 secs] [Times: user=0.01 sys=0.00, real=0.02 secs] 
10186.119: [GC (Allocation Failure) 
Desired survivor size 4718592 bytes, new threshold 15 (max 15)
[PSYoungGen: 257109K->4241K(257536K)] 368554K->115813K(1043968K), 0.0105238 secs] [Times: user=0.02 sys=0.00, real=0.01 secs] 
10205.501: [GC (Allocation Failure) 
Desired survivor size 4718592 bytes, new threshold 15 (max 15)
[PSYoungGen: 257169K->4112K(257536K)] 368741K->115764K(1043968K), 0.0105999 secs] [Times: user=0.01 sys=0.00, real=0.01 secs] 
10224.582: [GC (Allocation Failure) 
Desired survivor size 4718592 bytes, new threshold 15 (max 15)
[PSYoungGen: 257040K->4271K(257536K)] 368692K->116050K(1043968K), 0.0100738 secs] [Times: user=0.02 sys=0.00, real=0.01 secs] 
10243.886: [GC (Allocation Failure) 
Desired survivor size 4718592 bytes, new threshold 15 (max 15)
[PSYoungGen: 257199K->4228K(257536K)] 368978K->116125K(1043968K), 0.0111659 secs] [Times: user=0.02 sys=0.00, real=0.02 secs] 
10263.255: [GC (Allocation Failure) 
Desired survivor size 4718592 bytes, new threshold 15 (max 15)
[PSYoungGen: 257156K->4174K(257536K)] 369053K->116198K(1043968K), 0.0153618 secs] [Times: user=0.02 sys=0.00, real=0.02 secs] 
10282.574: [GC (Allocation Failure) 
Desired survivor size 4718592 bytes, new threshold 15 (max 15)
[PSYoungGen: 257102K->4189K(257536K)] 369126K->116340K(1043968K), 0.0095951 secs] [Times: user=0.02 sys=0.00, real=0.01 secs] 
10302.011: [GC (Allocation Failure) 
Desired survivor size 4718592 bytes, new threshold 15 (max 15)
[PSYoungGen: 257117K->4206K(257536K)] 369268K->116429K(1043968K), 0.0106955 secs] [Times: user=0.02 sys=0.00, real=0.01 secs] 
10321.330: [GC (Allocation Failure) 
Desired survivor size 4718592 bytes, new threshold 15 (max 15)
[PSYoungGen: 257134K->4189K(257536K)] 369357K->116492K(1043968K), 0.0096152 secs] [Times: user=0.02 sys=0.00, real=0.01 secs] 
10340.755: [GC (Allocation Failure) 
Desired survivor size 4718592 bytes, new threshold 15 (max 15)
[PSYoungGen: 257117K->4144K(257536K)] 369420K->116574K(1043968K), 0.0138363 secs] [Times: user=0.02 sys=0.00, real=0.01 secs] 
10360.077: [GC (Allocation Failure) 
Desired survivor size 4718592 bytes, new threshold 15 (max 15)
[PSYoungGen: 257072K->4163K(257536K)] 369502K->116665K(1043968K), 0.0134077 secs] [Times: user=0.02 sys=0.00, real=0.01 secs] 
10379.383: [GC (Allocation Failure) 
Desired survivor size 4718592 bytes, new threshold 15 (max 15)
[PSYoungGen: 257091K->4173K(257536K)] 369593K->116747K(1043968K), 0.0098630 secs] [Times: user=0.01 sys=0.00, real=0.01 secs] 
10398.824: [GC (Allocation Failure) 
Desired survivor size 4718592 bytes, new threshold 15 (max 15)
[PSYoungGen: 257101K->4234K(257536K)] 369675K->116888K(1043968K), 0.0095872 secs] [Times: user=0.02 sys=0.00, real=0.01 secs] 
10418.131: [GC (Allocation Failure) 
Desired survivor size 4718592 bytes, new threshold 15 (max 15)
[PSYoungGen: 257162K->4265K(257536K)] 369816K->116991K(1043968K), 0.0101874 secs] [Times: user=0.01 sys=0.00, real=0.01 secs] 
10437.448: [GC (Allocation Failure) 
Desired survivor size 4718592 bytes, new threshold 15 (max 15)
[PSYoungGen: 257193K->4233K(257536K)] 369919K->117039K(1043968K), 0.0097258 secs] [Times: user=0.01 sys=0.00, real=0.01 secs] 
10456.949: [GC (Allocation Failure) 
Desired survivor size 4718592 bytes, new threshold 15 (max 15)
[PSYoungGen: 257161K->4260K(257536K)] 369967K->117193K(1043968K), 0.0110712 secs] [Times: user=0.02 sys=0.00, real=0.02 secs] 
10476.084: [GC (Allocation Failure) 
Desired survivor size 4718592 bytes, new threshold 15 (max 15)
[PSYoungGen: 257188K->4210K(257536K)] 370121K->117214K(1043968K), 0.0104463 secs] [Times: user=0.01 sys=0.00, real=0.01 secs] 
10495.449: [GC (Allocation Failure) 
Desired survivor size 4718592 bytes, new threshold 15 (max 15)
[PSYoungGen: 257138K->4242K(257536K)] 370142K->117319K(1043968K), 0.0096695 secs] [Times: user=0.02 sys=0.00, real=0.01 secs] 
10514.889: [GC (Allocation Failure) 
Desired survivor size 4718592 bytes, new threshold 15 (max 15)
[PSYoungGen: 257170K->4133K(257536K)] 370247K->117395K(1043968K), 0.0105120 secs] [Times: user=0.02 sys=0.00, real=0.01 secs] 
10534.216: [GC (Allocation Failure) 
Desired survivor size 4718592 bytes, new threshold 15 (max 15)
[PSYoungGen: 257061K->4266K(257536K)] 370323K->117655K(1043968K), 0.0520422 secs] [Times: user=0.03 sys=0.00, real=0.05 secs] 
10553.381: [GC (Allocation Failure) 
Desired survivor size 4718592 bytes, new threshold 15 (max 15)
[PSYoungGen: 257194K->4275K(257536K)] 370583K->117745K(1043968K), 0.0101381 secs] [Times: user=0.02 sys=0.00, real=0.01 secs] 
10572.826: [GC (Allocation Failure) 
Desired survivor size 4718592 bytes, new threshold 15 (max 15)
[PSYoungGen: 257203K->4206K(257536K)] 370673K->117802K(1043968K), 0.0097208 secs] [Times: user=0.02 sys=0.00, real=0.01 secs] 
10592.180: [GC (Allocation Failure) 
Desired survivor size 4718592 bytes, new threshold 15 (max 15)
[PSYoungGen: 257134K->4380K(257536K)] 370730K->118057K(1043968K), 0.0157248 secs] [Times: user=0.03 sys=0.00, real=0.01 secs] 
10611.509: [GC (Allocation Failure) 
Desired survivor size 4718592 bytes, new threshold 15 (max 15)
[PSYoungGen: 257308K->4239K(257536K)] 370985K->117987K(1043968K), 0.0095853 secs] [Times: user=0.01 sys=0.00, real=0.01 secs] 
10630.956: [GC (Allocation Failure) 
Desired survivor size 4718592 bytes, new threshold 15 (max 15)
[PSYoungGen: 257167K->4220K(257536K)] 370915K->118048K(1043968K), 0.0106119 secs] [Times: user=0.02 sys=0.00, real=0.01 secs] 
10650.262: [GC (Allocation Failure) 
Desired survivor size 4718592 bytes, new threshold 15 (max 15)
[PSYoungGen: 257148K->4133K(257536K)] 370976K->118080K(1043968K), 0.0114375 secs] [Times: user=0.02 sys=0.00, real=0.01 secs] 
10669.580: [GC (Allocation Failure) 
Desired survivor size 4718592 bytes, new threshold 15 (max 15)
[PSYoungGen: 257061K->4081K(257536K)] 371008K->118154K(1043968K), 0.0116155 secs] [Times: user=0.02 sys=0.00, real=0.02 secs] 
10688.957: [GC (Allocation Failure) 
Desired survivor size 4718592 bytes, new threshold 15 (max 15)
[PSYoungGen: 257009K->4045K(257536K)] 371082K->118246K(1043968K), 0.0113963 secs] [Times: user=0.02 sys=0.00, real=0.01 secs] 
10708.379: [GC (Allocation Failure) 
Desired survivor size 4718592 bytes, new threshold 15 (max 15)
[PSYoungGen: 256973K->4001K(257536K)] 371174K->118375K(1043968K), 0.0108184 secs] [Times: user=0.01 sys=0.00, real=0.01 secs] 
10727.705: [GC (Allocation Failure) 
Desired survivor size 4718592 bytes, new threshold 15 (max 15)
[PSYoungGen: 256929K->3890K(257536K)] 371303K->118344K(1043968K), 0.0101119 secs] [Times: user=0.02 sys=0.00, real=0.01 secs] 
10746.957: [GC (Allocation Failure) 
Desired survivor size 4718592 bytes, new threshold 15 (max 15)
[PSYoungGen: 256818K->3975K(257536K)] 371272K->118502K(1043968K), 0.0105389 secs] [Times: user=0.02 sys=0.00, real=0.01 secs] 
10766.364: [GC (Allocation Failure) 
Desired survivor size 4718592 bytes, new threshold 15 (max 15)
[PSYoungGen: 256903K->4057K(257536K)] 371430K->118679K(1043968K), 0.0117244 secs] [Times: user=0.01 sys=0.00, real=0.01 secs] 
10785.754: [GC (Allocation Failure) 
Desired survivor size 4718592 bytes, new threshold 15 (max 15)
[PSYoungGen: 256985K->4025K(257536K)] 371607K->118719K(1043968K), 0.0110155 secs] [Times: user=0.02 sys=0.00, real=0.01 secs] 
10805.007: [GC (Allocation Failure) 
Desired survivor size 4718592 bytes, new threshold 15 (max 15)
[PSYoungGen: 256953K->4021K(257536K)] 371647K->118787K(1043968K), 0.0160285 secs] [Times: user=0.02 sys=0.00, real=0.02 secs] 
10824.260: [GC (Allocation Failure) 
Desired survivor size 4718592 bytes, new threshold 15 (max 15)
[PSYoungGen: 256949K->4259K(257536K)] 371715K->119105K(1043968K), 0.0099650 secs] [Times: user=0.02 sys=0.00, real=0.01 secs] 
10831.414: [GC (System.gc()) 
Desired survivor size 4718592 bytes, new threshold 15 (max 15)
[PSYoungGen: 98979K->3723K(257536K)] 213826K->118688K(1043968K), 0.0096986 secs] [Times: user=0.02 sys=0.00, real=0.01 secs] 
10831.424: [Full GC (System.gc()) [PSYoungGen: 3723K->0K(257536K)] [ParOldGen: 114964K->99570K(786432K)] 118688K->99570K(1043968K), [Metaspace: 90735K->90735K(1132544K)], 0.7171887 secs] [Times: user=0.61 sys=0.00, real=0.72 secs] 
10849.385: [GC (Allocation Failure) 
Desired survivor size 5767168 bytes, new threshold 14 (max 15)
[PSYoungGen: 252928K->4577K(257536K)] 352498K->105928K(1043968K), 0.0100169 secs] [Times: user=0.02 sys=0.00, real=0.01 secs] 
10868.706: [GC (Allocation Failure) 
Desired survivor size 6291456 bytes, new threshold 13 (max 15)
[PSYoungGen: 257505K->4583K(254464K)] 358856K->107787K(1040896K), 0.0104114 secs] [Times: user=0.02 sys=0.00, real=0.01 secs] 
10887.704: [GC (Allocation Failure) 
Desired survivor size 6815744 bytes, new threshold 12 (max 15)
[PSYoungGen: 254439K->6126K(256000K)] 357643K->109921K(1042432K), 0.0109523 secs] [Times: user=0.01 sys=0.00, real=0.02 secs] 
10906.639: [GC (Allocation Failure) 
Desired survivor size 7864320 bytes, new threshold 11 (max 15)
[PSYoungGen: 255982K->6118K(252928K)] 359777K->110785K(1039360K), 0.0117193 secs] [Times: user=0.02 sys=0.00, real=0.01 secs] 
10925.500: [GC (Allocation Failure) 
Desired survivor size 8388608 bytes, new threshold 10 (max 15)
[PSYoungGen: 252902K->7648K(254464K)] 357569K->112452K(1040896K), 0.0182542 secs] [Times: user=0.01 sys=0.00, real=0.02 secs] 
10944.267: [GC (Allocation Failure) 
Desired survivor size 9437184 bytes, new threshold 9 (max 15)
[PSYoungGen: 254432K->7649K(251392K)] 359236K->112756K(1037824K), 0.0151197 secs] [Times: user=0.02 sys=0.00, real=0.01 secs] 
10962.953: [GC (Allocation Failure) 
Desired survivor size 9961472 bytes, new threshold 10 (max 15)
[PSYoungGen: 251361K->8049K(251904K)] 356468K->113156K(1038336K), 0.0119362 secs] [Times: user=0.02 sys=0.00, real=0.01 secs] 
10981.454: [GC (Allocation Failure) 
Desired survivor size 10485760 bytes, new threshold 11 (max 15)
[PSYoungGen: 251761K->8121K(251392K)] 356868K->113229K(1037824K), 0.0110895 secs] [Times: user=0.02 sys=0.00, real=0.01 secs] 
10999.959: [GC (Allocation Failure) 
Desired survivor size 11010048 bytes, new threshold 12 (max 15)
[PSYoungGen: 249782K->8205K(250368K)] 354890K->113313K(1036800K), 0.0121975 secs] [Times: user=0.02 sys=0.00, real=0.01 secs] 
11018.387: [GC (Allocation Failure) 
Desired survivor size 11010048 bytes, new threshold 13 (max 15)
[PSYoungGen: 249869K->8323K(251392K)] 354977K->113431K(1037824K), 0.0154450 secs] [Times: user=0.02 sys=0.00, real=0.01 secs] 
11036.756: [GC (Allocation Failure) 
Desired survivor size 11534336 bytes, new threshold 14 (max 15)
[PSYoungGen: 248963K->8452K(249344K)] 354071K->113560K(1035776K), 0.0119722 secs] [Times: user=0.02 sys=0.00, real=0.02 secs] 
11055.206: [GC (Allocation Failure) 
Desired survivor size 12058624 bytes, new threshold 15 (max 15)
[PSYoungGen: 249092K->8569K(249856K)] 354200K->113676K(1036288K), 0.0114817 secs] [Times: user=0.02 sys=0.00, real=0.01 secs] 
11073.397: [GC (Allocation Failure) 
Desired survivor size 12058624 bytes, new threshold 15 (max 15)
[PSYoungGen: 247161K->8600K(250368K)] 352268K->113708K(1036800K), 0.0414962 secs] [Times: user=0.03 sys=0.00, real=0.04 secs] 
11091.300: [GC (Allocation Failure) 
Desired survivor size 12058624 bytes, new threshold 15 (max 15)
[PSYoungGen: 247192K->8794K(250368K)] 352300K->113902K(1036800K), 0.0136742 secs] [Times: user=0.02 sys=0.00, real=0.01 secs] 
11109.574: [GC (Allocation Failure) 
Desired survivor size 12582912 bytes, new threshold 15 (max 15)
[PSYoungGen: 247386K->8810K(247808K)] 352494K->113918K(1034240K), 0.0122932 secs] [Times: user=0.02 sys=0.00, real=0.01 secs] 
11127.706: [GC (Allocation Failure) 
Desired survivor size 12058624 bytes, new threshold 15 (max 15)
[PSYoungGen: 247402K->6607K(250368K)] 352510K->114070K(1036800K), 0.0155726 secs] [Times: user=0.03 sys=0.00, real=0.02 secs] 
11145.826: [GC (Allocation Failure) 
Desired survivor size 12058624 bytes, new threshold 15 (max 15)
[PSYoungGen: 244687K->6009K(249856K)] 352150K->114080K(1036288K), 0.0115600 secs] [Times: user=0.02 sys=0.00, real=0.01 secs] 
11163.947: [GC (Allocation Failure) 
Desired survivor size 11534336 bytes, new threshold 15 (max 15)
[PSYoungGen: 244089K->5702K(250880K)] 352160K->114112K(1037312K), 0.0119509 secs] [Times: user=0.02 sys=0.00, real=0.01 secs] 
11182.074: [GC (Allocation Failure) 
Desired survivor size 11534336 bytes, new threshold 15 (max 15)
[PSYoungGen: 244806K->5219K(250368K)] 353216K->114301K(1036800K), 0.0105353 secs] [Times: user=0.02 sys=0.00, real=0.01 secs] 
11200.331: [GC (Allocation Failure) 
Desired survivor size 11534336 bytes, new threshold 15 (max 15)
[PSYoungGen: 244323K->4883K(250880K)] 353405K->114333K(1037312K), 0.0110745 secs] [Times: user=0.02 sys=0.00, real=0.02 secs] 
11218.506: [GC (Allocation Failure) 
Desired survivor size 11534336 bytes, new threshold 15 (max 15)
[PSYoungGen: 244499K->4862K(250880K)] 353949K->114449K(1037312K), 0.0098988 secs] [Times: user=0.02 sys=0.00, real=0.01 secs] 
11236.829: [GC (Allocation Failure) 
Desired survivor size 11010048 bytes, new threshold 15 (max 15)
[PSYoungGen: 244478K->4806K(251392K)] 354065K->114465K(1037824K), 0.0122970 secs] [Times: user=0.01 sys=0.00, real=0.01 secs] 
11255.128: [GC (Allocation Failure) 
Desired survivor size 11010048 bytes, new threshold 15 (max 15)
[PSYoungGen: 244934K->4979K(250880K)] 354593K->114710K(1037312K), 0.0095696 secs] [Times: user=0.02 sys=0.00, real=0.01 secs] 
11273.330: [GC (Allocation Failure) 
Desired survivor size 10485760 bytes, new threshold 15 (max 15)
[PSYoungGen: 245107K->4942K(251904K)] 354838K->114737K(1038336K), 0.0100885 secs] [Times: user=0.02 sys=0.00, real=0.01 secs] 
11291.851: [GC (Allocation Failure) 
Desired survivor size 10485760 bytes, new threshold 15 (max 15)
[PSYoungGen: 246094K->4947K(251392K)] 355889K->114860K(1037824K), 0.0131341 secs] [Times: user=0.02 sys=0.00, real=0.01 secs] 
11310.287: [GC (Allocation Failure) 
Desired survivor size 9961472 bytes, new threshold 15 (max 15)
[PSYoungGen: 246099K->5106K(252416K)] 356012K->115091K(1038848K), 0.0097799 secs] [Times: user=0.01 sys=0.00, real=0.01 secs] 
11328.705: [GC (Allocation Failure) 
Desired survivor size 9961472 bytes, new threshold 15 (max 15)
[PSYoungGen: 247282K->4991K(251904K)] 357267K->115103K(1038336K), 0.0099689 secs] [Times: user=0.02 sys=0.00, real=0.01 secs] 
11347.260: [GC (Allocation Failure) 
Desired survivor size 9961472 bytes, new threshold 15 (max 15)
[PSYoungGen: 247167K->5058K(252416K)] 357279K->115242K(1038848K), 0.0123284 secs] [Times: user=0.01 sys=0.00, real=0.01 secs] 
11365.826: [GC (Allocation Failure) 
Desired survivor size 9437184 bytes, new threshold 15 (max 15)
[PSYoungGen: 247746K->5004K(252416K)] 357930K->115284K(1038848K), 0.0104478 secs] [Times: user=0.02 sys=0.00, real=0.01 secs] 
11384.300: [GC (Allocation Failure) 
Desired survivor size 9437184 bytes, new threshold 15 (max 15)
[PSYoungGen: 247692K->5139K(252928K)] 357972K->115491K(1039360K), 0.0115755 secs] [Times: user=0.02 sys=0.00, real=0.01 secs] 
11402.831: [GC (Allocation Failure) 
Desired survivor size 8912896 bytes, new threshold 15 (max 15)
[PSYoungGen: 248851K->4994K(252928K)] 359203K->115435K(1039360K), 0.0167452 secs] [Times: user=0.01 sys=0.00, real=0.02 secs] 
11421.386: [GC (Allocation Failure) 
Desired survivor size 8912896 bytes, new threshold 15 (max 15)
[PSYoungGen: 248706K->5235K(253440K)] 359147K->115747K(1039872K), 0.0114060 secs] [Times: user=0.02 sys=0.01, real=0.01 secs] 
11439.954: [GC (Allocation Failure) 
Desired survivor size 8388608 bytes, new threshold 15 (max 15)
[PSYoungGen: 249971K->5105K(253440K)] 360483K->115736K(1039872K), 0.0112572 secs] [Times: user=0.02 sys=0.00, real=0.01 secs] 
11458.575: [GC (Allocation Failure) 
Desired survivor size 8388608 bytes, new threshold 15 (max 15)
[PSYoungGen: 249841K->5007K(253952K)] 360472K->115858K(1040384K), 0.0104129 secs] [Times: user=0.02 sys=0.00, real=0.01 secs] 
11477.323: [GC (Allocation Failure) 
Desired survivor size 8388608 bytes, new threshold 15 (max 15)
[PSYoungGen: 250767K->5043K(253952K)] 361618K->115974K(1040384K), 0.0110864 secs] [Times: user=0.02 sys=0.00, real=0.01 secs] 
11496.012: [GC (Allocation Failure) 
Desired survivor size 7864320 bytes, new threshold 15 (max 15)
[PSYoungGen: 250803K->5064K(254464K)] 361734K->116076K(1040896K), 0.0125814 secs] [Times: user=0.01 sys=0.00, real=0.01 secs] 
11514.754: [GC (Allocation Failure) 
Desired survivor size 7864320 bytes, new threshold 15 (max 15)
[PSYoungGen: 251336K->4992K(253952K)] 362348K->116131K(1040384K), 0.0102863 secs] [Times: user=0.02 sys=0.00, real=0.01 secs] 
11533.573: [GC (Allocation Failure) 
Desired survivor size 7864320 bytes, new threshold 15 (max 15)
[PSYoungGen: 251264K->5019K(254464K)] 362403K->116323K(1040896K), 0.0122788 secs] [Times: user=0.01 sys=0.00, real=0.01 secs] 
11552.428: [GC (Allocation Failure) 
Desired survivor size 7340032 bytes, new threshold 15 (max 15)
[PSYoungGen: 251803K->5067K(254464K)] 363107K->116443K(1040896K), 0.1270389 secs] [Times: user=0.02 sys=0.00, real=0.13 secs] 
11571.017: [GC (Allocation Failure) 
Desired survivor size 7340032 bytes, new threshold 15 (max 15)
[PSYoungGen: 251851K->5106K(254976K)] 363227K->116554K(1041408K), 0.0110629 secs] [Times: user=0.02 sys=0.00, real=0.01 secs] 
11590.013: [GC (Allocation Failure) 
Desired survivor size 7340032 bytes, new threshold 15 (max 15)
[PSYoungGen: 252914K->5010K(254976K)] 364362K->116530K(1041408K), 0.0102722 secs] [Times: user=0.01 sys=0.00, real=0.01 secs] 
11608.951: [GC (Allocation Failure) 
Desired survivor size 6815744 bytes, new threshold 15 (max 15)
[PSYoungGen: 252818K->5053K(255488K)] 364338K->116692K(1041920K), 0.0105666 secs] [Times: user=0.02 sys=0.00, real=0.01 secs] 
11627.884: [GC (Allocation Failure) 
Desired survivor size 6815744 bytes, new threshold 15 (max 15)
[PSYoungGen: 253373K->5068K(254976K)] 365012K->116787K(1041408K), 0.0109926 secs] [Times: user=0.01 sys=0.00, real=0.01 secs] 
11646.761: [GC (Allocation Failure) 
Desired survivor size 6815744 bytes, new threshold 15 (max 15)
[PSYoungGen: 253388K->4934K(255488K)] 365107K->116725K(1041920K), 0.0100712 secs] [Times: user=0.02 sys=0.00, real=0.01 secs] 
11665.710: [GC (Allocation Failure) 
Desired survivor size 6815744 bytes, new threshold 15 (max 15)
[PSYoungGen: 253766K->5015K(255488K)] 365557K->116924K(1041920K), 0.0110558 secs] [Times: user=0.02 sys=0.00, real=0.01 secs] 
11684.704: [GC (Allocation Failure) 
Desired survivor size 6815744 bytes, new threshold 15 (max 15)
[PSYoungGen: 253847K->4982K(255488K)] 365756K->116963K(1041920K), 0.0103244 secs] [Times: user=0.02 sys=0.00, real=0.01 secs] 
11703.449: [GC (Allocation Failure) 
Desired survivor size 6291456 bytes, new threshold 15 (max 15)
[PSYoungGen: 253814K->4991K(255488K)] 365795K->117107K(1041920K), 0.0107115 secs] [Times: user=0.02 sys=0.00, real=0.01 secs] 
11722.333: [GC (Allocation Failure) 
Desired survivor size 6291456 bytes, new threshold 15 (max 15)
[PSYoungGen: 253823K->5114K(256000K)] 365939K->117350K(1042432K), 0.0098851 secs] [Times: user=0.02 sys=0.00, real=0.01 secs] 
11741.381: [GC (Allocation Failure) 
Desired survivor size 6291456 bytes, new threshold 15 (max 15)
[PSYoungGen: 254970K->5088K(256000K)] 367206K->117395K(1042432K), 0.0114380 secs] [Times: user=0.01 sys=0.00, real=0.01 secs] 
11760.375: [GC (Allocation Failure) 
Desired survivor size 6291456 bytes, new threshold 15 (max 15)
[PSYoungGen: 254944K->4978K(256000K)] 367251K->117404K(1042432K), 0.0099612 secs] [Times: user=0.02 sys=0.00, real=0.01 secs] 
11779.450: [GC (Allocation Failure) 
Desired survivor size 6291456 bytes, new threshold 15 (max 15)
[PSYoungGen: 254834K->4941K(256000K)] 367260K->117439K(1042432K), 0.0113182 secs] [Times: user=0.02 sys=0.00, real=0.02 secs] 
11798.512: [GC (Allocation Failure) 
Desired survivor size 6291456 bytes, new threshold 15 (max 15)
[PSYoungGen: 254797K->4910K(256000K)] 367295K->117480K(1042432K), 0.0112879 secs] [Times: user=0.01 sys=0.00, real=0.02 secs] 
11817.513: [GC (Allocation Failure) 
Desired survivor size 6291456 bytes, new threshold 15 (max 15)
[PSYoungGen: 254766K->4806K(256000K)] 367336K->117552K(1042432K), 0.0127059 secs] [Times: user=0.02 sys=0.00, real=0.02 secs] 
11836.630: [GC (Allocation Failure) 
Desired survivor size 6291456 bytes, new threshold 15 (max 15)
[PSYoungGen: 254662K->4830K(256000K)] 367408K->117648K(1042432K), 0.0113341 secs] [Times: user=0.02 sys=0.00, real=0.01 secs] 
11855.544: [GC (Allocation Failure) 
Desired survivor size 6291456 bytes, new threshold 15 (max 15)
[PSYoungGen: 254686K->4858K(256000K)] 367504K->117850K(1042432K), 0.0110565 secs] [Times: user=0.02 sys=0.00, real=0.01 secs] 
11874.574: [GC (Allocation Failure) 
Desired survivor size 6291456 bytes, new threshold 15 (max 15)
[PSYoungGen: 254714K->4883K(256000K)] 367706K->117947K(1042432K), 0.0130019 secs] [Times: user=0.02 sys=0.00, real=0.02 secs] 
11893.707: [GC (Allocation Failure) 
Desired survivor size 5767168 bytes, new threshold 15 (max 15)
[PSYoungGen: 254739K->4842K(256000K)] 367803K->118033K(1042432K), 0.0097241 secs] [Times: user=0.02 sys=0.00, real=0.01 secs] 
11912.796: [GC (Allocation Failure) 
Desired survivor size 5767168 bytes, new threshold 15 (max 15)
[PSYoungGen: 254698K->4731K(256512K)] 367889K->117994K(1042944K), 0.0822747 secs] [Times: user=0.02 sys=0.00, real=0.08 secs] 
11931.763: [GC (Allocation Failure) 
Desired survivor size 5767168 bytes, new threshold 15 (max 15)
[PSYoungGen: 255611K->4870K(256512K)] 368874K->118205K(1042944K), 0.0101398 secs] [Times: user=0.02 sys=0.00, real=0.01 secs] 
11950.961: [GC (Allocation Failure) 
Desired survivor size 5767168 bytes, new threshold 15 (max 15)
[PSYoungGen: 255750K->4887K(256512K)] 369085K->118348K(1042944K), 0.0116274 secs] [Times: user=0.02 sys=0.00, real=0.01 secs] 
11970.137: [GC (Allocation Failure) 
Desired survivor size 5767168 bytes, new threshold 15 (max 15)
[PSYoungGen: 255767K->4903K(256512K)] 369228K->118437K(1042944K), 0.0096739 secs] [Times: user=0.02 sys=0.00, real=0.01 secs] 
11989.248: [GC (Allocation Failure) 
Desired survivor size 5767168 bytes, new threshold 15 (max 15)
[PSYoungGen: 255783K->4904K(256512K)] 369317K->118541K(1042944K), 0.0105480 secs] [Times: user=0.02 sys=0.00, real=0.01 secs] 
12008.390: [GC (Allocation Failure) 
Desired survivor size 5767168 bytes, new threshold 15 (max 15)
[PSYoungGen: 255784K->4856K(256512K)] 369421K->118582K(1042944K), 0.0097934 secs] [Times: user=0.02 sys=0.00, real=0.01 secs] 
12027.380: [GC (Allocation Failure) 
Desired survivor size 5767168 bytes, new threshold 15 (max 15)
[PSYoungGen: 255736K->5131K(256512K)] 369462K->118936K(1042944K), 0.0106758 secs] [Times: user=0.02 sys=0.00, real=0.01 secs] 
12046.379: [GC (Allocation Failure) 
Desired survivor size 5767168 bytes, new threshold 15 (max 15)
[PSYoungGen: 256011K->5028K(256512K)] 369816K->118906K(1042944K), 0.0106567 secs] [Times: user=0.02 sys=0.00, real=0.01 secs] 
12065.458: [GC (Allocation Failure) 
Desired survivor size 5767168 bytes, new threshold 15 (max 15)
[PSYoungGen: 255908K->4944K(256512K)] 369786K->118901K(1042944K), 0.0155767 secs] [Times: user=0.01 sys=0.00, real=0.02 secs] 
12084.575: [GC (Allocation Failure) 
Desired survivor size 5767168 bytes, new threshold 15 (max 15)
[PSYoungGen: 255824K->5084K(256512K)] 369781K->119122K(1042944K), 0.0106937 secs] [Times: user=0.02 sys=0.00, real=0.01 secs] 
12103.581: [GC (Allocation Failure) 
Desired survivor size 5767168 bytes, new threshold 15 (max 15)
[PSYoungGen: 255964K->5058K(256512K)] 370002K->119168K(1042944K), 0.0133294 secs] [Times: user=0.02 sys=0.00, real=0.01 secs] 
12122.762: [GC (Allocation Failure) 
Desired survivor size 5767168 bytes, new threshold 15 (max 15)
[PSYoungGen: 255938K->5074K(256512K)] 370048K->119256K(1042944K), 0.0158913 secs] [Times: user=0.02 sys=0.00, real=0.02 secs] 
12141.887: [GC (Allocation Failure) 
Desired survivor size 5767168 bytes, new threshold 15 (max 15)
[PSYoungGen: 255954K->5046K(256512K)] 370136K->119401K(1042944K), 0.0106028 secs] [Times: user=0.02 sys=0.00, real=0.01 secs] 
12161.078: [GC (Allocation Failure) 
Desired survivor size 5767168 bytes, new threshold 15 (max 15)
[PSYoungGen: 255926K->5083K(256512K)] 370281K->119510K(1042944K), 0.0101810 secs] [Times: user=0.02 sys=0.00, real=0.01 secs] 
12180.083: [GC (Allocation Failure) 
Desired survivor size 5767168 bytes, new threshold 15 (max 15)
[PSYoungGen: 255963K->5020K(256512K)] 370390K->119519K(1042944K), 0.0107109 secs] [Times: user=0.01 sys=0.00, real=0.01 secs] 
12199.323: [GC (Allocation Failure) 
Desired survivor size 5767168 bytes, new threshold 15 (max 15)
[PSYoungGen: 255900K->5015K(256512K)] 370399K->119594K(1042944K), 0.0121909 secs] [Times: user=0.02 sys=0.00, real=0.02 secs] 
12218.387: [GC (Allocation Failure) 
Desired survivor size 5767168 bytes, new threshold 15 (max 15)
[PSYoungGen: 255895K->5063K(256512K)] 370474K->119769K(1042944K), 0.0111058 secs] [Times: user=0.02 sys=0.00, real=0.02 secs] 
12237.455: [GC (Allocation Failure) 
Desired survivor size 5767168 bytes, new threshold 15 (max 15)
[PSYoungGen: 255943K->4996K(256512K)] 370649K->119782K(1042944K), 0.0102546 secs] [Times: user=0.02 sys=0.00, real=0.01 secs] 
12256.583: [GC (Allocation Failure) 
Desired survivor size 5767168 bytes, new threshold 15 (max 15)
[PSYoungGen: 255876K->5019K(256512K)] 370662K->119877K(1042944K), 0.0106401 secs] [Times: user=0.02 sys=0.01, real=0.01 secs] 
12275.762: [GC (Allocation Failure) 
Desired survivor size 5767168 bytes, new threshold 15 (max 15)
[PSYoungGen: 255899K->5068K(256512K)] 370757K->119998K(1042944K), 0.0104529 secs] [Times: user=0.02 sys=0.00, real=0.01 secs] 
12294.882: [GC (Allocation Failure) 
Desired survivor size 5767168 bytes, new threshold 15 (max 15)
[PSYoungGen: 255948K->5110K(256512K)] 370878K->120120K(1042944K), 0.0112897 secs] [Times: user=0.02 sys=0.00, real=0.01 secs] 
12314.081: [GC (Allocation Failure) 
Desired survivor size 5767168 bytes, new threshold 15 (max 15)
[PSYoungGen: 255990K->4986K(256512K)] 371000K->120177K(1042944K), 0.0099623 secs] [Times: user=0.02 sys=0.00, real=0.01 secs] 
12332.889: [GC (Allocation Failure) 
Desired survivor size 5767168 bytes, new threshold 15 (max 15)
[PSYoungGen: 255864K->5012K(256512K)] 371055K->120322K(1042944K), 0.0145392 secs] [Times: user=0.02 sys=0.00, real=0.01 secs] 
12351.886: [GC (Allocation Failure) 
Desired survivor size 5767168 bytes, new threshold 15 (max 15)
[PSYoungGen: 255892K->5071K(256512K)] 371202K->120461K(1042944K), 0.0115329 secs] [Times: user=0.02 sys=0.00, real=0.02 secs] 
12371.081: [GC (Allocation Failure) 
Desired survivor size 5767168 bytes, new threshold 15 (max 15)
[PSYoungGen: 255951K->4994K(256512K)] 371341K->120558K(1042944K), 0.0122730 secs] [Times: user=0.02 sys=0.00, real=0.01 secs] 
12390.199: [GC (Allocation Failure) 
Desired survivor size 5767168 bytes, new threshold 15 (max 15)
[PSYoungGen: 255874K->5058K(256512K)] 371438K->120740K(1042944K), 0.0100283 secs] [Times: user=0.01 sys=0.00, real=0.01 secs] 
12409.202: [GC (Allocation Failure) 
Desired survivor size 5767168 bytes, new threshold 15 (max 15)
[PSYoungGen: 255938K->5073K(256512K)] 371620K->120828K(1042944K), 0.0102142 secs] [Times: user=0.02 sys=0.00, real=0.01 secs] 
12428.324: [GC (Allocation Failure) 
Desired survivor size 5767168 bytes, new threshold 15 (max 15)
[PSYoungGen: 255953K->5076K(256512K)] 371708K->120960K(1042944K), 0.0106731 secs] [Times: user=0.02 sys=0.00, real=0.01 secs] 
12447.388: [GC (Allocation Failure) 
Desired survivor size 5767168 bytes, new threshold 15 (max 15)
[PSYoungGen: 255956K->4979K(256512K)] 371840K->120982K(1042944K), 0.0101028 secs] [Times: user=0.01 sys=0.00, real=0.01 secs] 
12466.511: [GC (Allocation Failure) 
Desired survivor size 5767168 bytes, new threshold 15 (max 15)
[PSYoungGen: 255859K->4967K(256512K)] 371862K->121041K(1042944K), 0.0100388 secs] [Times: user=0.02 sys=0.00, real=0.01 secs] 
12485.635: [GC (Allocation Failure) 
Desired survivor size 5767168 bytes, new threshold 15 (max 15)
[PSYoungGen: 255847K->5035K(256512K)] 371921K->121190K(1042944K), 0.0106613 secs] [Times: user=0.01 sys=0.00, real=0.01 secs] 
12504.765: [GC (Allocation Failure) 
Desired survivor size 5767168 bytes, new threshold 15 (max 15)
[PSYoungGen: 255915K->4943K(256512K)] 372070K->121271K(1042944K), 0.0102818 secs] [Times: user=0.02 sys=0.00, real=0.01 secs] 
12523.884: [GC (Allocation Failure) 
Desired survivor size 5767168 bytes, new threshold 15 (max 15)
[PSYoungGen: 255823K->5037K(256512K)] 372151K->121438K(1042944K), 0.0160886 secs] [Times: user=0.01 sys=0.00, real=0.01 secs] 
12543.008: [GC (Allocation Failure) 
Desired survivor size 5767168 bytes, new threshold 15 (max 15)
[PSYoungGen: 255917K->4931K(256512K)] 372318K->121451K(1042944K), 0.0159331 secs] [Times: user=0.02 sys=0.00, real=0.01 secs] 
12562.206: [GC (Allocation Failure) 
Desired survivor size 5767168 bytes, new threshold 15 (max 15)
[PSYoungGen: 255811K->4999K(256512K)] 372331K->121590K(1042944K), 0.0105682 secs] [Times: user=0.02 sys=0.00, real=0.01 secs] 
12581.389: [GC (Allocation Failure) 
Desired survivor size 5767168 bytes, new threshold 15 (max 15)
[PSYoungGen: 255879K->5014K(256512K)] 372470K->121685K(1042944K), 0.0117403 secs] [Times: user=0.02 sys=0.00, real=0.01 secs] 
12600.491: [GC (Allocation Failure) 
Desired survivor size 5767168 bytes, new threshold 15 (max 15)
[PSYoungGen: 255894K->5190K(256512K)] 372565K->121933K(1042944K), 0.0117750 secs] [Times: user=0.02 sys=0.00, real=0.01 secs] 
12619.505: [GC (Allocation Failure) 
Desired survivor size 5767168 bytes, new threshold 15 (max 15)
[PSYoungGen: 256070K->5224K(256512K)] 372813K->122079K(1042944K), 0.0103355 secs] [Times: user=0.02 sys=0.00, real=0.01 secs] 
12638.513: [GC (Allocation Failure) 
Desired survivor size 5767168 bytes, new threshold 15 (max 15)
[PSYoungGen: 256104K->5156K(256512K)] 372959K->122138K(1042944K), 0.0104155 secs] [Times: user=0.01 sys=0.00, real=0.01 secs] 
12657.574: [GC (Allocation Failure) 
Desired survivor size 5767168 bytes, new threshold 15 (max 15)
[PSYoungGen: 256036K->5128K(256512K)] 373018K->122182K(1042944K), 0.0103400 secs] [Times: user=0.02 sys=0.00, real=0.01 secs] 
12676.708: [GC (Allocation Failure) 
Desired survivor size 5767168 bytes, new threshold 15 (max 15)
[PSYoungGen: 256008K->5107K(256512K)] 373062K->122288K(1042944K), 0.0102368 secs] [Times: user=0.01 sys=0.00, real=0.01 secs] 
12695.862: [GC (Allocation Failure) 
Desired survivor size 5767168 bytes, new threshold 15 (max 15)
[PSYoungGen: 255987K->4976K(256512K)] 373168K->122331K(1042944K), 0.0159315 secs] [Times: user=0.02 sys=0.00, real=0.01 secs] 
12715.009: [GC (Allocation Failure) 
Desired survivor size 5767168 bytes, new threshold 15 (max 15)
[PSYoungGen: 255856K->4871K(256512K)] 373211K->122345K(1042944K), 0.0121419 secs] [Times: user=0.01 sys=0.00, real=0.01 secs] 
12734.196: [GC (Allocation Failure) 
Desired survivor size 5767168 bytes, new threshold 15 (max 15)
[PSYoungGen: 255751K->4912K(256512K)] 373225K->122457K(1042944K), 0.0097482 secs] [Times: user=0.01 sys=0.00, real=0.01 secs] 
12753.331: [GC (Allocation Failure) 
Desired survivor size 5767168 bytes, new threshold 15 (max 15)
[PSYoungGen: 255792K->4943K(256512K)] 373337K->122560K(1042944K), 0.0100259 secs] [Times: user=0.01 sys=0.00, real=0.01 secs] 
12772.455: [GC (Allocation Failure) 
Desired survivor size 5767168 bytes, new threshold 15 (max 15)
[PSYoungGen: 255823K->4890K(256512K)] 373440K->122634K(1042944K), 0.0108931 secs] [Times: user=0.01 sys=0.00, real=0.01 secs] 
12791.628: [GC (Allocation Failure) 
Desired survivor size 5767168 bytes, new threshold 15 (max 15)
[PSYoungGen: 255770K->4920K(256512K)] 373514K->122744K(1042944K), 0.0103292 secs] [Times: user=0.01 sys=0.00, real=0.01 secs] 
12810.828: [GC (Allocation Failure) 
Desired survivor size 5767168 bytes, new threshold 15 (max 15)
[PSYoungGen: 255800K->4829K(256512K)] 373624K->122826K(1042944K), 0.0157771 secs] [Times: user=0.02 sys=0.00, real=0.01 secs] 
12829.885: [GC (Allocation Failure) 
Desired survivor size 5767168 bytes, new threshold 15 (max 15)
[PSYoungGen: 255709K->4778K(256512K)] 373706K->122856K(1042944K), 0.0107868 secs] [Times: user=0.01 sys=0.00, real=0.01 secs] 
12849.077: [GC (Allocation Failure) 
Desired survivor size 5767168 bytes, new threshold 15 (max 15)
[PSYoungGen: 255658K->4860K(256512K)] 373736K->123018K(1042944K), 0.0105730 secs] [Times: user=0.02 sys=0.00, real=0.01 secs] 
12868.262: [GC (Allocation Failure) 
Desired survivor size 5767168 bytes, new threshold 15 (max 15)
[PSYoungGen: 255740K->4750K(256512K)] 373898K->122979K(1042944K), 0.0099318 secs] [Times: user=0.02 sys=0.00, real=0.01 secs] 
12887.389: [GC (Allocation Failure) 
Desired survivor size 5767168 bytes, new threshold 15 (max 15)
[PSYoungGen: 255630K->4818K(256512K)] 373859K->123128K(1042944K), 0.0102654 secs] [Times: user=0.02 sys=0.00, real=0.01 secs] 
12906.537: [GC (Allocation Failure) 
Desired survivor size 5767168 bytes, new threshold 15 (max 15)
[PSYoungGen: 255698K->4920K(256512K)] 374008K->123365K(1042944K), 0.0130747 secs] [Times: user=0.02 sys=0.00, real=0.01 secs] 
12925.576: [GC (Allocation Failure) 
Desired survivor size 5767168 bytes, new threshold 15 (max 15)
[PSYoungGen: 255800K->4948K(256512K)] 374245K->123519K(1042944K), 0.0110654 secs] [Times: user=0.02 sys=0.00, real=0.01 secs] 
12944.335: [GC (Allocation Failure) 
Desired survivor size 5767168 bytes, new threshold 15 (max 15)
[PSYoungGen: 255828K->4860K(256512K)] 374399K->123559K(1042944K), 0.0245162 secs] [Times: user=0.01 sys=0.00, real=0.03 secs] 
12963.462: [GC (Allocation Failure) 
Desired survivor size 5767168 bytes, new threshold 15 (max 15)
[PSYoungGen: 255740K->4876K(256512K)] 374439K->123654K(1042944K), 0.0159288 secs] [Times: user=0.02 sys=0.00, real=0.01 secs] 
12982.579: [GC (Allocation Failure) 
Desired survivor size 5767168 bytes, new threshold 15 (max 15)
[PSYoungGen: 255756K->4956K(256512K)] 374534K->123814K(1042944K), 0.0115613 secs] [Times: user=0.01 sys=0.00, real=0.01 secs] 
13001.705: [GC (Allocation Failure) 
Desired survivor size 5767168 bytes, new threshold 15 (max 15)
[PSYoungGen: 255836K->4934K(256512K)] 374694K->123864K(1042944K), 0.0178050 secs] [Times: user=0.01 sys=0.00, real=0.02 secs] 
13020.706: [GC (Allocation Failure) 
Desired survivor size 5242880 bytes, new threshold 15 (max 15)
[PSYoungGen: 255814K->4856K(257024K)] 374744K->123913K(1043456K), 0.0142189 secs] [Times: user=0.02 sys=0.00, real=0.02 secs] 
13039.887: [GC (Allocation Failure) 
Desired survivor size 5242880 bytes, new threshold 15 (max 15)
[PSYoungGen: 256248K->4893K(256512K)] 375305K->124030K(1042944K), 0.0106414 secs] [Times: user=0.01 sys=0.00, real=0.01 secs] 
13059.081: [GC (Allocation Failure) 
Desired survivor size 5242880 bytes, new threshold 15 (max 15)
[PSYoungGen: 256285K->4960K(257024K)] 375422K->124169K(1043456K), 0.0111164 secs] [Times: user=0.02 sys=0.00, real=0.01 secs] 
13078.255: [GC (Allocation Failure) 
Desired survivor size 5242880 bytes, new threshold 15 (max 15)
[PSYoungGen: 256864K->4913K(257024K)] 376073K->124202K(1043456K), 0.0107664 secs] [Times: user=0.02 sys=0.00, real=0.01 secs] 
13097.511: [GC (Allocation Failure) 
Desired survivor size 5242880 bytes, new threshold 15 (max 15)
[PSYoungGen: 256817K->4915K(257024K)] 376106K->124276K(1043456K), 0.0101293 secs] [Times: user=0.02 sys=0.00, real=0.01 secs] 
13116.705: [GC (Allocation Failure) 
Desired survivor size 5242880 bytes, new threshold 15 (max 15)
[PSYoungGen: 256819K->5011K(257024K)] 376180K->124452K(1043456K), 0.0122841 secs] [Times: user=0.01 sys=0.00, real=0.01 secs] 
13135.826: [GC (Allocation Failure) 
Desired survivor size 5242880 bytes, new threshold 15 (max 15)
[PSYoungGen: 256915K->4991K(257024K)] 376356K->124504K(1043456K), 0.0104421 secs] [Times: user=0.01 sys=0.00, real=0.01 secs] 
13155.125: [GC (Allocation Failure) 
Desired survivor size 5242880 bytes, new threshold 15 (max 15)
[PSYoungGen: 256895K->5007K(257024K)] 376408K->124592K(1043456K), 0.0115533 secs] [Times: user=0.02 sys=0.00, real=0.01 secs] 
13174.324: [GC (Allocation Failure) 
Desired survivor size 5242880 bytes, new threshold 15 (max 15)
[PSYoungGen: 256911K->5006K(257024K)] 376496K->124663K(1043456K), 0.0104417 secs] [Times: user=0.02 sys=0.00, real=0.01 secs] 
13193.397: [GC (Allocation Failure) 
Desired survivor size 5767168 bytes, new threshold 14 (max 15)
[PSYoungGen: 256910K->5094K(257024K)] 376567K->124887K(1043456K), 0.0117664 secs] [Times: user=0.01 sys=0.00, real=0.01 secs] 
13212.635: [GC (Allocation Failure) 
Desired survivor size 5767168 bytes, new threshold 15 (max 15)
[PSYoungGen: 256998K->5014K(256000K)] 376791K->125089K(1042432K), 0.0099656 secs] [Times: user=0.02 sys=0.00, real=0.01 secs] 
13231.635: [GC (Allocation Failure) 
Desired survivor size 5767168 bytes, new threshold 15 (max 15)
[PSYoungGen: 255894K->5208K(256512K)] 375969K->125290K(1042944K), 0.0145282 secs] [Times: user=0.02 sys=0.00, real=0.01 secs] 
13250.709: [GC (Allocation Failure) 
Desired survivor size 5767168 bytes, new threshold 15 (max 15)
[PSYoungGen: 256088K->5176K(256512K)] 376170K->125331K(1042944K), 0.0193767 secs] [Times: user=0.03 sys=0.00, real=0.02 secs] 
13269.833: [GC (Allocation Failure) 
Desired survivor size 5767168 bytes, new threshold 15 (max 15)
[PSYoungGen: 256056K->4997K(256512K)] 376211K->125289K(1042944K), 0.0106785 secs] [Times: user=0.02 sys=0.00, real=0.01 secs] 
13288.948: [GC (Allocation Failure) 
Desired survivor size 5767168 bytes, new threshold 15 (max 15)
[PSYoungGen: 255877K->5046K(256512K)] 376169K->125464K(1042944K), 0.0101748 secs] [Times: user=0.01 sys=0.00, real=0.01 secs] 
13308.014: [GC (Allocation Failure) 
Desired survivor size 5767168 bytes, new threshold 15 (max 15)
[PSYoungGen: 255926K->5028K(256512K)] 376344K->125527K(1042944K), 0.0108114 secs] [Times: user=0.02 sys=0.00, real=0.01 secs] 
13327.134: [GC (Allocation Failure) 
Desired survivor size 5767168 bytes, new threshold 15 (max 15)
[PSYoungGen: 255908K->4981K(256512K)] 376407K->125598K(1042944K), 0.0107737 secs] [Times: user=0.01 sys=0.00, real=0.01 secs] 
13346.329: [GC (Allocation Failure) 
Desired survivor size 5767168 bytes, new threshold 15 (max 15)
[PSYoungGen: 255861K->4926K(256512K)] 376478K->125670K(1042944K), 0.0099816 secs] [Times: user=0.02 sys=0.00, real=0.01 secs] 
13365.456: [GC (Allocation Failure) 
Desired survivor size 5767168 bytes, new threshold 15 (max 15)
[PSYoungGen: 255806K->4925K(256512K)] 376550K->125749K(1042944K), 0.0103073 secs] [Times: user=0.02 sys=0.00, real=0.01 secs] 
13384.582: [GC (Allocation Failure) 
Desired survivor size 5767168 bytes, new threshold 15 (max 15)
[PSYoungGen: 255805K->4980K(256512K)] 376629K->125884K(1042944K), 0.0119931 secs] [Times: user=0.02 sys=0.00, real=0.01 secs] 
13403.635: [GC (Allocation Failure) 
Desired survivor size 5767168 bytes, new threshold 15 (max 15)
[PSYoungGen: 255860K->5044K(256512K)] 376764K->126075K(1042944K), 0.0104333 secs] [Times: user=0.02 sys=0.00, real=0.01 secs] 
13422.758: [GC (Allocation Failure) 
Desired survivor size 5767168 bytes, new threshold 15 (max 15)
[PSYoungGen: 255924K->5117K(256512K)] 376955K->126275K(1042944K), 0.0105545 secs] [Times: user=0.02 sys=0.00, real=0.01 secs] 
13441.834: [GC (Allocation Failure) 
Desired survivor size 5767168 bytes, new threshold 15 (max 15)
[PSYoungGen: 255997K->5115K(256512K)] 377155K->126352K(1042944K), 0.0171683 secs] [Times: user=0.02 sys=0.00, real=0.01 secs] 
13461.009: [GC (Allocation Failure) 
Desired survivor size 5767168 bytes, new threshold 15 (max 15)
[PSYoungGen: 255995K->5101K(256512K)] 377232K->126419K(1042944K), 0.0119566 secs] [Times: user=0.02 sys=0.00, real=0.01 secs] 
13480.206: [GC (Allocation Failure) 
Desired survivor size 5767168 bytes, new threshold 15 (max 15)
[PSYoungGen: 255981K->4993K(256512K)] 377299K->126492K(1042944K), 0.0107601 secs] [Times: user=0.01 sys=0.00, real=0.01 secs] 
13499.330: [GC (Allocation Failure) 
Desired survivor size 5767168 bytes, new threshold 15 (max 15)
[PSYoungGen: 255873K->4968K(256512K)] 377372K->126595K(1042944K), 0.0122132 secs] [Times: user=0.02 sys=0.00, real=0.02 secs] 
13518.384: [GC (Allocation Failure) 
Desired survivor size 5767168 bytes, new threshold 15 (max 15)
[PSYoungGen: 255848K->5130K(256512K)] 377475K->126883K(1042944K), 0.0105238 secs] [Times: user=0.02 sys=0.00, real=0.02 secs] 
13537.456: [GC (Allocation Failure) 
Desired survivor size 5767168 bytes, new threshold 15 (max 15)
[PSYoungGen: 256010K->5109K(256512K)] 377763K->126934K(1042944K), 0.0133920 secs] [Times: user=0.02 sys=0.00, real=0.02 secs] 
13556.261: [GC (Allocation Failure) 
Desired survivor size 5767168 bytes, new threshold 15 (max 15)
[PSYoungGen: 255989K->5089K(256512K)] 377814K->126994K(1042944K), 0.0136171 secs] [Times: user=0.02 sys=0.00, real=0.01 secs] 
13575.386: [GC (Allocation Failure) 
Desired survivor size 5767168 bytes, new threshold 15 (max 15)
[PSYoungGen: 255969K->5049K(256512K)] 377874K->127128K(1042944K), 0.0108301 secs] [Times: user=0.02 sys=0.00, real=0.01 secs] 
13594.504: [GC (Allocation Failure) 
Desired survivor size 5767168 bytes, new threshold 15 (max 15)
[PSYoungGen: 255929K->4986K(256512K)] 378008K->127136K(1042944K), 0.0102012 secs] [Times: user=0.02 sys=0.00, real=0.01 secs] 
13613.571: [GC (Allocation Failure) 
Desired survivor size 5767168 bytes, new threshold 15 (max 15)
[PSYoungGen: 255866K->5058K(256512K)] 378016K->127289K(1042944K), 0.0103610 secs] [Times: user=0.02 sys=0.00, real=0.01 secs] 
13632.756: [GC (Allocation Failure) 
Desired survivor size 5767168 bytes, new threshold 15 (max 15)
[PSYoungGen: 255938K->5144K(256512K)] 378169K->127447K(1042944K), 0.0105816 secs] [Times: user=0.02 sys=0.00, real=0.01 secs] 
13651.886: [GC (Allocation Failure) 
Desired survivor size 5767168 bytes, new threshold 15 (max 15)
[PSYoungGen: 256024K->5110K(256512K)] 378327K->127485K(1042944K), 0.0133655 secs] [Times: user=0.02 sys=0.00, real=0.01 secs] 
13670.955: [GC (Allocation Failure) 
Desired survivor size 5767168 bytes, new threshold 15 (max 15)
[PSYoungGen: 255990K->5039K(256512K)] 378365K->127533K(1042944K), 0.0119018 secs] [Times: user=0.02 sys=0.00, real=0.01 secs] 
13690.202: [GC (Allocation Failure) 
Desired survivor size 5767168 bytes, new threshold 15 (max 15)
[PSYoungGen: 255919K->5017K(256512K)] 378413K->127637K(1042944K), 0.0119080 secs] [Times: user=0.01 sys=0.00, real=0.01 secs] 
13709.263: [GC (Allocation Failure) 
Desired survivor size 5767168 bytes, new threshold 15 (max 15)
[PSYoungGen: 255897K->4865K(256512K)] 378517K->127658K(1042944K), 0.0121167 secs] [Times: user=0.02 sys=0.00, real=0.02 secs] 
13728.381: [GC (Allocation Failure) 
Desired survivor size 5767168 bytes, new threshold 15 (max 15)
[PSYoungGen: 255745K->4961K(256512K)] 378538K->127834K(1042944K), 0.0109989 secs] [Times: user=0.02 sys=0.00, real=0.01 secs] 
13747.553: [GC (Allocation Failure) 
Desired survivor size 5767168 bytes, new threshold 15 (max 15)
[PSYoungGen: 255841K->5026K(256512K)] 378714K->127972K(1042944K), 0.0103995 secs] [Times: user=0.01 sys=0.00, real=0.01 secs] 
13766.699: [GC (Allocation Failure) 
Desired survivor size 5767168 bytes, new threshold 15 (max 15)
[PSYoungGen: 255906K->4951K(256512K)] 378852K->127977K(1042944K), 0.0101386 secs] [Times: user=0.01 sys=0.00, real=0.01 secs] 
13785.761: [GC (Allocation Failure) 
Desired survivor size 5767168 bytes, new threshold 15 (max 15)
[PSYoungGen: 255831K->5022K(256512K)] 378857K->128120K(1042944K), 0.0107424 secs] [Times: user=0.01 sys=0.00, real=0.01 secs] 
13804.953: [GC (Allocation Failure) 
Desired survivor size 5767168 bytes, new threshold 15 (max 15)
[PSYoungGen: 255902K->4936K(256512K)] 379000K->128169K(1042944K), 0.0123243 secs] [Times: user=0.02 sys=0.00, real=0.01 secs] 
13823.888: [GC (Allocation Failure) 
Desired survivor size 5767168 bytes, new threshold 15 (max 15)
[PSYoungGen: 255816K->5202K(256512K)] 379049K->128561K(1042944K), 0.0112215 secs] [Times: user=0.02 sys=0.00, real=0.01 secs] 
13842.887: [GC (Allocation Failure) 
Desired survivor size 5767168 bytes, new threshold 15 (max 15)
[PSYoungGen: 256082K->5190K(256512K)] 379441K->128653K(1042944K), 0.0115071 secs] [Times: user=0.02 sys=0.00, real=0.01 secs] 
13861.955: [GC (Allocation Failure) 
Desired survivor size 5767168 bytes, new threshold 15 (max 15)
[PSYoungGen: 256070K->5060K(256512K)] 379533K->128707K(1042944K), 0.0114371 secs] [Times: user=0.01 sys=0.00, real=0.02 secs] 
13881.076: [GC (Allocation Failure) 
Desired survivor size 5767168 bytes, new threshold 15 (max 15)
[PSYoungGen: 255940K->5145K(256512K)] 379587K->128865K(1042944K), 0.0120433 secs] [Times: user=0.02 sys=0.00, real=0.01 secs] 
13900.079: [GC (Allocation Failure) 
Desired survivor size 5767168 bytes, new threshold 15 (max 15)
[PSYoungGen: 256025K->5174K(256512K)] 379745K->129012K(1042944K), 0.0120517 secs] [Times: user=0.02 sys=0.00, real=0.01 secs] 
13919.140: [GC (Allocation Failure) 
Desired survivor size 5767168 bytes, new threshold 15 (max 15)
[PSYoungGen: 256054K->5070K(256512K)] 379892K->129035K(1042944K), 0.0107983 secs] [Times: user=0.02 sys=0.00, real=0.01 secs] 
13938.257: [GC (Allocation Failure) 
Desired survivor size 5767168 bytes, new threshold 15 (max 15)
[PSYoungGen: 255950K->5131K(256512K)] 379915K->129176K(1042944K), 0.0128860 secs] [Times: user=0.02 sys=0.00, real=0.02 secs] 
13957.263: [GC (Allocation Failure) 
Desired survivor size 5767168 bytes, new threshold 15 (max 15)
[PSYoungGen: 256011K->5184K(256512K)] 380056K->129309K(1042944K), 0.0103527 secs] [Times: user=0.01 sys=0.00, real=0.01 secs] 
13976.332: [GC (Allocation Failure) 
Desired survivor size 5767168 bytes, new threshold 15 (max 15)
[PSYoungGen: 256064K->5250K(256512K)] 380189K->129447K(1042944K), 0.0125197 secs] [Times: user=0.02 sys=0.00, real=0.02 secs] 
13995.383: [GC (Allocation Failure) 
Desired survivor size 5767168 bytes, new threshold 15 (max 15)
[PSYoungGen: 256130K->5295K(256512K)] 380327K->129619K(1042944K), 0.0103271 secs] [Times: user=0.02 sys=0.01, real=0.01 secs] 
14014.442: [GC (Allocation Failure) 
Desired survivor size 5767168 bytes, new threshold 15 (max 15)
[PSYoungGen: 256175K->5365K(256512K)] 380499K->129769K(1042944K), 0.0121801 secs] [Times: user=0.02 sys=0.00, real=0.01 secs] 
14033.502: [GC (Allocation Failure) 
Desired survivor size 5767168 bytes, new threshold 15 (max 15)
[PSYoungGen: 256245K->5311K(256512K)] 380649K->129794K(1042944K), 0.0112823 secs] [Times: user=0.01 sys=0.00, real=0.02 secs] 
14052.754: [GC (Allocation Failure) 
Desired survivor size 5767168 bytes, new threshold 15 (max 15)
[PSYoungGen: 256191K->5273K(256512K)] 380674K->129884K(1042944K), 0.0112411 secs] [Times: user=0.02 sys=0.00, real=0.01 secs] 
14071.831: [GC (Allocation Failure) 
Desired survivor size 5767168 bytes, new threshold 15 (max 15)
[PSYoungGen: 256153K->5359K(256512K)] 380764K->130050K(1042944K), 0.0121512 secs] [Times: user=0.02 sys=0.00, real=0.01 secs] 
14090.885: [GC (Allocation Failure) 
Desired survivor size 5767168 bytes, new threshold 15 (max 15)
[PSYoungGen: 256239K->5304K(256512K)] 380930K->130067K(1042944K), 0.0129290 secs] [Times: user=0.02 sys=0.00, real=0.01 secs] 
14110.006: [GC (Allocation Failure) 
Desired survivor size 5767168 bytes, new threshold 15 (max 15)
[PSYoungGen: 256184K->5312K(256512K)] 380947K->130163K(1042944K), 0.0121403 secs] [Times: user=0.02 sys=0.00, real=0.01 secs] 
14128.959: [GC (Allocation Failure) 
Desired survivor size 5767168 bytes, new threshold 15 (max 15)
[PSYoungGen: 256189K->5496K(256512K)] 381040K->130473K(1042944K), 0.0128915 secs] [Times: user=0.02 sys=0.00, real=0.01 secs] 
14147.949: [GC (Allocation Failure) 
Desired survivor size 6291456 bytes, new threshold 15 (max 15)
[PSYoungGen: 256376K->5424K(256512K)] 381353K->130520K(1042944K), 0.0112762 secs] [Times: user=0.01 sys=0.00, real=0.02 secs] 
14166.831: [GC (Allocation Failure) 
Desired survivor size 6291456 bytes, new threshold 15 (max 15)
[PSYoungGen: 256304K->5422K(255488K)] 381400K->130591K(1041920K), 0.0113802 secs] [Times: user=0.02 sys=0.00, real=0.01 secs] 
14185.887: [GC (Allocation Failure) 
Desired survivor size 6291456 bytes, new threshold 15 (max 15)
[PSYoungGen: 255278K->5328K(256000K)] 380447K->130670K(1042432K), 0.0136923 secs] [Times: user=0.02 sys=0.00, real=0.01 secs] 
14204.886: [GC (Allocation Failure) 
Desired survivor size 6291456 bytes, new threshold 15 (max 15)
[PSYoungGen: 255184K->5417K(256000K)] 380526K->130831K(1042432K), 0.0125521 secs] [Times: user=0.02 sys=0.00, real=0.02 secs] 
14223.887: [GC (Allocation Failure) 
Desired survivor size 6291456 bytes, new threshold 15 (max 15)
[PSYoungGen: 255273K->5212K(256000K)] 380687K->130800K(1042432K), 0.0127009 secs] [Times: user=0.02 sys=0.00, real=0.01 secs] 
14242.881: [GC (Allocation Failure) 
Desired survivor size 5767168 bytes, new threshold 15 (max 15)
[PSYoungGen: 255068K->5302K(256512K)] 380656K->131017K(1042944K), 0.0108708 secs] [Times: user=0.02 sys=0.00, real=0.01 secs] 
14262.137: [GC (Allocation Failure) 
Desired survivor size 5767168 bytes, new threshold 15 (max 15)
[PSYoungGen: 255670K->5086K(256000K)] 381385K->130919K(1042432K), 0.0111467 secs] [Times: user=0.02 sys=0.00, real=0.02 secs] 
14281.204: [GC (Allocation Failure) 
Desired survivor size 5767168 bytes, new threshold 15 (max 15)
[PSYoungGen: 255454K->5042K(256512K)] 381287K->131048K(1042944K), 0.0111646 secs] [Times: user=0.02 sys=0.00, real=0.01 secs] 
14300.265: [GC (Allocation Failure) 
Desired survivor size 5767168 bytes, new threshold 15 (max 15)
[PSYoungGen: 255922K->5004K(256512K)] 381928K->131137K(1042944K), 0.0109913 secs] [Times: user=0.02 sys=0.00, real=0.01 secs] 
14319.454: [GC (Allocation Failure) 
Desired survivor size 5767168 bytes, new threshold 15 (max 15)
[PSYoungGen: 255884K->5036K(256512K)] 382017K->131250K(1042944K), 0.0106608 secs] [Times: user=0.01 sys=0.00, real=0.01 secs] 
14338.510: [GC (Allocation Failure) 
Desired survivor size 5767168 bytes, new threshold 15 (max 15)
[PSYoungGen: 255916K->5045K(256512K)] 382130K->131331K(1042944K), 0.0111007 secs] [Times: user=0.02 sys=0.00, real=0.01 secs] 
14357.756: [GC (Allocation Failure) 
Desired survivor size 5767168 bytes, new threshold 15 (max 15)
[PSYoungGen: 255925K->5041K(256512K)] 382211K->131453K(1042944K), 0.0106926 secs] [Times: user=0.02 sys=0.00, real=0.01 secs] 
14376.787: [GC (Allocation Failure) 
Desired survivor size 5767168 bytes, new threshold 15 (max 15)
[PSYoungGen: 255921K->5034K(256512K)] 382333K->131526K(1042944K), 0.0106055 secs] [Times: user=0.02 sys=0.00, real=0.01 secs] 
14395.830: [GC (Allocation Failure) 
Desired survivor size 5767168 bytes, new threshold 15 (max 15)
[PSYoungGen: 255914K->5062K(256512K)] 382406K->131673K(1042944K), 0.0129593 secs] [Times: user=0.02 sys=0.00, real=0.01 secs] 
14415.074: [GC (Allocation Failure) 
Desired survivor size 5767168 bytes, new threshold 15 (max 15)
[PSYoungGen: 255942K->4943K(256512K)] 382553K->131689K(1042944K), 0.0115130 secs] [Times: user=0.02 sys=0.00, real=0.01 secs] 
14432.147: [GC (System.gc()) 
Desired survivor size 5767168 bytes, new threshold 15 (max 15)
[PSYoungGen: 231065K->4949K(256512K)] 357811K->131915K(1042944K), 0.0257175 secs] [Times: user=0.02 sys=0.01, real=0.02 secs] 
14432.173: [Full GC (System.gc()) [PSYoungGen: 4949K->0K(256512K)] [ParOldGen: 126966K->104926K(786432K)] 131915K->104926K(1042944K), [Metaspace: 90873K->90858K(1132544K)], 1.2905188 secs] [Times: user=0.58 sys=0.00, real=1.29 secs] 
14449.381: [GC (Allocation Failure) 
Desired survivor size 7340032 bytes, new threshold 14 (max 15)
[PSYoungGen: 250880K->5600K(256512K)] 355806K->114527K(1042944K), 0.0112888 secs] [Times: user=0.02 sys=0.00, real=0.01 secs] 
14468.385: [GC (Allocation Failure) 
Desired survivor size 8388608 bytes, new threshold 13 (max 15)
[PSYoungGen: 256480K->5629K(251392K)] 365407K->117419K(1037824K), 0.0115338 secs] [Times: user=0.02 sys=0.00, real=0.01 secs] 
14486.958: [GC (Allocation Failure) 
Desired survivor size 8912896 bytes, new threshold 14 (max 15)
[PSYoungGen: 251389K->7970K(253952K)] 363179K->119759K(1040384K), 0.0113093 secs] [Times: user=0.02 sys=0.00, real=0.01 secs] 
14505.455: [GC (Allocation Failure) 
Desired survivor size 9437184 bytes, new threshold 13 (max 15)
[PSYoungGen: 253730K->8179K(251904K)] 365519K->119977K(1038336K), 0.0107140 secs] [Times: user=0.02 sys=0.00, real=0.01 secs] 
14523.878: [GC (Allocation Failure) 
Desired survivor size 9961472 bytes, new threshold 14 (max 15)
[PSYoungGen: 251891K->8473K(252416K)] 363689K->120271K(1038848K), 0.0119308 secs] [Times: user=0.02 sys=0.00, real=0.01 secs] 
14542.332: [GC (Allocation Failure) 
Desired survivor size 10485760 bytes, new threshold 15 (max 15)
[PSYoungGen: 252185K->8323K(251392K)] 363983K->120120K(1037824K), 0.0109773 secs] [Times: user=0.02 sys=0.00, real=0.01 secs] 
14560.702: [GC (Allocation Failure) 
Desired survivor size 11010048 bytes, new threshold 15 (max 15)
[PSYoungGen: 249987K->8354K(250368K)] 361784K->120151K(1036800K), 0.0222146 secs] [Times: user=0.03 sys=0.00, real=0.03 secs] 
14578.955: [GC (Allocation Failure) 
Desired survivor size 11010048 bytes, new threshold 15 (max 15)
[PSYoungGen: 250018K->8531K(251392K)] 361815K->120328K(1037824K), 0.0119757 secs] [Times: user=0.02 sys=0.00, real=0.02 secs] 
14597.139: [GC (Allocation Failure) 
Desired survivor size 11534336 bytes, new threshold 15 (max 15)
[PSYoungGen: 249171K->8587K(249344K)] 360968K->120384K(1035776K), 0.0130762 secs] [Times: user=0.03 sys=0.00, real=0.01 secs] 
14615.409: [GC (Allocation Failure) 
Desired survivor size 11534336 bytes, new threshold 15 (max 15)
[PSYoungGen: 249227K->8715K(250880K)] 361024K->120512K(1037312K), 0.0114915 secs] [Times: user=0.02 sys=0.00, real=0.01 secs] 
14633.573: [GC (Allocation Failure) 
Desired survivor size 11534336 bytes, new threshold 15 (max 15)
[PSYoungGen: 248331K->8892K(250880K)] 360128K->120689K(1037312K), 0.0112782 secs] [Times: user=0.02 sys=0.00, real=0.02 secs] 
14651.831: [GC (Allocation Failure) 
Desired survivor size 12058624 bytes, new threshold 15 (max 15)
[PSYoungGen: 248508K->8956K(249856K)] 360305K->120753K(1036288K), 0.0120353 secs] [Times: user=0.02 sys=0.01, real=0.01 secs] 
14669.887: [GC (Allocation Failure) 
Desired survivor size 12058624 bytes, new threshold 15 (max 15)
[PSYoungGen: 247548K->9019K(250368K)] 359345K->120816K(1036800K), 0.0123807 secs] [Times: user=0.02 sys=0.00, real=0.01 secs] 
14687.901: [GC (Allocation Failure) 
Desired survivor size 12058624 bytes, new threshold 15 (max 15)
[PSYoungGen: 247611K->9293K(250368K)] 359408K->121090K(1036800K), 0.0115158 secs] [Times: user=0.02 sys=0.00, real=0.02 secs] 
14705.950: [GC (Allocation Failure) 
Desired survivor size 12582912 bytes, new threshold 15 (max 15)
[PSYoungGen: 247885K->9243K(248320K)] 359682K->121040K(1034752K), 0.0120481 secs] [Times: user=0.01 sys=0.01, real=0.01 secs] 
14723.955: [GC (Allocation Failure) 
Desired survivor size 12058624 bytes, new threshold 15 (max 15)
[PSYoungGen: 247835K->6577K(250368K)] 359632K->121149K(1036800K), 0.0114569 secs] [Times: user=0.02 sys=0.00, real=0.01 secs] 
14741.960: [GC (Allocation Failure) 
Desired survivor size 12058624 bytes, new threshold 15 (max 15)
[PSYoungGen: 244657K->6200K(249856K)] 359229K->121228K(1036288K), 0.0123826 secs] [Times: user=0.02 sys=0.00, real=0.02 secs] 
14759.947: [GC (Allocation Failure) 
Desired survivor size 12058624 bytes, new threshold 15 (max 15)
[PSYoungGen: 244280K->5904K(250368K)] 359308K->121264K(1036800K), 0.0123641 secs] [Times: user=0.02 sys=0.00, real=0.01 secs] 
14777.880: [GC (Allocation Failure) 
Desired survivor size 12058624 bytes, new threshold 15 (max 15)
[PSYoungGen: 244496K->5874K(250368K)] 359856K->121400K(1036800K), 0.0105231 secs] [Times: user=0.02 sys=0.00, real=0.01 secs] 
14795.940: [GC (Allocation Failure) 
Desired survivor size 12058624 bytes, new threshold 15 (max 15)
[PSYoungGen: 244466K->5787K(250368K)] 359992K->121456K(1036800K), 0.0131746 secs] [Times: user=0.02 sys=0.00, real=0.01 secs] 
14813.948: [GC (Allocation Failure) 
Desired survivor size 11534336 bytes, new threshold 15 (max 15)
[PSYoungGen: 244379K->5714K(250368K)] 360048K->121551K(1036800K), 0.0129760 secs] [Times: user=0.02 sys=0.00, real=0.01 secs] 
14832.077: [GC (Allocation Failure) 
Desired survivor size 11534336 bytes, new threshold 15 (max 15)
[PSYoungGen: 244306K->5732K(250880K)] 360143K->121688K(1037312K), 0.0134597 secs] [Times: user=0.02 sys=0.00, real=0.01 secs] 
14850.135: [GC (Allocation Failure) 
Desired survivor size 11534336 bytes, new threshold 15 (max 15)
[PSYoungGen: 245348K->5807K(250880K)] 361304K->121859K(1037312K), 0.0112078 secs] [Times: user=0.02 sys=0.00, real=0.01 secs] 
14868.138: [GC (Allocation Failure) 
Desired survivor size 11010048 bytes, new threshold 15 (max 15)
[PSYoungGen: 245414K->5776K(251392K)] 361467K->121947K(1037824K), 0.0107171 secs] [Times: user=0.01 sys=0.00, real=0.01 secs] 
14886.369: [GC (Allocation Failure) 
Desired survivor size 11010048 bytes, new threshold 15 (max 15)
[PSYoungGen: 245904K->5808K(250880K)] 362075K->122076K(1037312K), 0.0143850 secs] [Times: user=0.02 sys=0.00, real=0.02 secs] 
14904.573: [GC (Allocation Failure) 
Desired survivor size 10485760 bytes, new threshold 15 (max 15)
[PSYoungGen: 245936K->5861K(251904K)] 362204K->122200K(1038336K), 0.0130219 secs] [Times: user=0.02 sys=0.00, real=0.02 secs] 
14922.890: [GC (Allocation Failure) 
Desired survivor size 10485760 bytes, new threshold 15 (max 15)
[PSYoungGen: 247013K->5864K(251392K)] 363352K->122276K(1037824K), 0.0110482 secs] [Times: user=0.02 sys=0.00, real=0.01 secs] 
14941.081: [GC (Allocation Failure) 
Desired survivor size 9961472 bytes, new threshold 15 (max 15)
[PSYoungGen: 247016K->5831K(252416K)] 363428K->122315K(1038848K), 0.0116468 secs] [Times: user=0.02 sys=0.00, real=0.01 secs] 
14959.512: [GC (Allocation Failure) 
Desired survivor size 9961472 bytes, new threshold 15 (max 15)
[PSYoungGen: 248007K->5742K(251904K)] 364491K->122353K(1038336K), 0.0113236 secs] [Times: user=0.02 sys=0.00, real=0.01 secs] 
14977.825: [GC (Allocation Failure) 
Desired survivor size 9437184 bytes, new threshold 15 (max 15)
[PSYoungGen: 247918K->5916K(252928K)] 364529K->122646K(1039360K), 0.0182580 secs] [Times: user=0.02 sys=0.00, real=0.02 secs] 
14996.130: [GC (Allocation Failure) 
Desired survivor size 9437184 bytes, new threshold 15 (max 15)
[PSYoungGen: 249116K->5995K(252416K)] 365846K->122813K(1038848K), 0.0104494 secs] [Times: user=0.02 sys=0.00, real=0.01 secs] 
15014.642: [GC (Allocation Failure) 
Desired survivor size 9437184 bytes, new threshold 15 (max 15)
[PSYoungGen: 249195K->5935K(252928K)] 366013K->122918K(1039360K), 0.0116167 secs] [Times: user=0.02 sys=0.00, real=0.01 secs] 
15033.014: [GC (Allocation Failure) 
Desired survivor size 8912896 bytes, new threshold 15 (max 15)
[PSYoungGen: 249647K->6000K(252928K)] 366630K->123063K(1039360K), 0.0215575 secs] [Times: user=0.03 sys=0.00, real=0.03 secs] 
15051.386: [GC (Allocation Failure) 
Desired survivor size 8912896 bytes, new threshold 15 (max 15)
[PSYoungGen: 249712K->5971K(253440K)] 366775K->123130K(1039872K), 0.0120299 secs] [Times: user=0.02 sys=0.00, real=0.02 secs] 
15070.011: [GC (Allocation Failure) 
Desired survivor size 8388608 bytes, new threshold 15 (max 15)
[PSYoungGen: 250707K->5971K(253440K)] 367866K->123202K(1039872K), 0.0110809 secs] [Times: user=0.02 sys=0.00, real=0.01 secs] 
15088.589: [GC (Allocation Failure) 
Desired survivor size 8388608 bytes, new threshold 15 (max 15)
[PSYoungGen: 250707K->5950K(253952K)] 367938K->123253K(1040384K), 0.0119753 secs] [Times: user=0.02 sys=0.00, real=0.01 secs] 
15107.135: [GC (Allocation Failure) 
Desired survivor size 8388608 bytes, new threshold 15 (max 15)
[PSYoungGen: 251710K->6024K(253952K)] 369013K->123407K(1040384K), 0.0107186 secs] [Times: user=0.02 sys=0.00, real=0.02 secs] 
15125.760: [GC (Allocation Failure) 
Desired survivor size 8388608 bytes, new threshold 15 (max 15)
[PSYoungGen: 251784K->5955K(253952K)] 369167K->123512K(1040384K), 0.0143199 secs] [Times: user=0.02 sys=0.00, real=0.01 secs] 
15144.380: [GC (Allocation Failure) 
Desired survivor size 7864320 bytes, new threshold 15 (max 15)
[PSYoungGen: 251715K->5963K(253952K)] 369272K->123694K(1040384K), 0.0108120 secs] [Times: user=0.02 sys=0.00, real=0.01 secs] 
15163.072: [GC (Allocation Failure) 
Desired survivor size 7864320 bytes, new threshold 15 (max 15)
[PSYoungGen: 251723K->6021K(254464K)] 369454K->123824K(1040896K), 0.0107557 secs] [Times: user=0.02 sys=0.00, real=0.01 secs] 
15181.760: [GC (Allocation Failure) 
Desired survivor size 7864320 bytes, new threshold 15 (max 15)
[PSYoungGen: 252805K->5917K(254464K)] 370608K->123838K(1040896K), 0.0119884 secs] [Times: user=0.02 sys=0.00, real=0.01 secs] 
15200.511: [GC (Allocation Failure) 
Desired survivor size 7864320 bytes, new threshold 15 (max 15)
[PSYoungGen: 252701K->5946K(254464K)] 370622K->123939K(1040896K), 0.0130504 secs] [Times: user=0.02 sys=0.00, real=0.02 secs] 
15219.128: [GC (Allocation Failure) 
Desired survivor size 7340032 bytes, new threshold 15 (max 15)
[PSYoungGen: 252730K->6062K(254464K)] 370723K->124135K(1040896K), 0.0121238 secs] [Times: user=0.02 sys=0.00, real=0.01 secs] 
15237.764: [GC (Allocation Failure) 
Desired survivor size 7340032 bytes, new threshold 15 (max 15)
[PSYoungGen: 252846K->6012K(254976K)] 370919K->124165K(1041408K), 0.0124109 secs] [Times: user=0.01 sys=0.00, real=0.02 secs] 
15256.570: [GC (Allocation Failure) 
Desired survivor size 7340032 bytes, new threshold 15 (max 15)
[PSYoungGen: 253820K->5969K(254976K)] 371973K->124342K(1041408K), 0.0127276 secs] [Times: user=0.02 sys=0.00, real=0.01 secs] 
15275.238: [GC (Allocation Failure) 
Desired survivor size 7340032 bytes, new threshold 15 (max 15)
[PSYoungGen: 253777K->5938K(254976K)] 372150K->124439K(1041408K), 0.0104792 secs] [Times: user=0.02 sys=0.00, real=0.01 secs] 
15293.955: [GC (Allocation Failure) 
Desired survivor size 7340032 bytes, new threshold 15 (max 15)
[PSYoungGen: 253746K->5967K(254976K)] 372247K->124540K(1041408K), 0.0115344 secs] [Times: user=0.02 sys=0.00, real=0.01 secs] 
15312.829: [GC (Allocation Failure) 
Desired survivor size 7340032 bytes, new threshold 15 (max 15)
[PSYoungGen: 253775K->5967K(254976K)] 372348K->124628K(1041408K), 0.0152653 secs] [Times: user=0.02 sys=0.00, real=0.01 secs] 
15331.515: [GC (Allocation Failure) 
Desired survivor size 7340032 bytes, new threshold 15 (max 15)
[PSYoungGen: 253775K->6093K(254976K)] 372436K->124872K(1041408K), 0.0119713 secs] [Times: user=0.02 sys=0.00, real=0.01 secs] 
15350.138: [GC (Allocation Failure) 
Desired survivor size 6815744 bytes, new threshold 15 (max 15)
[PSYoungGen: 253894K->6092K(255488K)] 372673K->124943K(1041920K), 0.0109035 secs] [Times: user=0.02 sys=0.00, real=0.01 secs] 
15369.010: [GC (Allocation Failure) 
Desired survivor size 7340032 bytes, new threshold 15 (max 15)
[PSYoungGen: 254412K->6297K(254976K)] 373263K->125228K(1041408K), 0.0135963 secs] [Times: user=0.02 sys=0.00, real=0.01 secs] 
15387.762: [GC (Allocation Failure) 
Desired survivor size 6815744 bytes, new threshold 15 (max 15)
[PSYoungGen: 254617K->6053K(255488K)] 373548K->125150K(1041920K), 0.0132050 secs] [Times: user=0.02 sys=0.00, real=0.01 secs] 
15406.258: [GC (Allocation Failure) 
Desired survivor size 6815744 bytes, new threshold 15 (max 15)
[PSYoungGen: 254373K->6150K(254976K)] 373470K->125366K(1041408K), 0.0147271 secs] [Times: user=0.02 sys=0.00, real=0.02 secs] 
15425.017: [GC (Allocation Failure) 
Desired survivor size 6815744 bytes, new threshold 15 (max 15)
[PSYoungGen: 254470K->6212K(255488K)] 373686K->125547K(1041920K), 0.0139149 secs] [Times: user=0.02 sys=0.00, real=0.01 secs] 
15443.882: [GC (Allocation Failure) 
Desired survivor size 6815744 bytes, new threshold 15 (max 15)
[PSYoungGen: 255044K->6101K(255488K)] 374379K->125562K(1041920K), 0.0142453 secs] [Times: user=0.03 sys=0.00, real=0.01 secs] 
15462.826: [GC (Allocation Failure) 
Desired survivor size 6815744 bytes, new threshold 15 (max 15)
[PSYoungGen: 254933K->6188K(255488K)] 374394K->125721K(1041920K), 0.0135628 secs] [Times: user=0.02 sys=0.00, real=0.02 secs] 
15481.635: [GC (Allocation Failure) 
Desired survivor size 6815744 bytes, new threshold 15 (max 15)
[PSYoungGen: 255020K->6235K(255488K)] 374553K->125848K(1041920K), 0.0151948 secs] [Times: user=0.03 sys=0.00, real=0.01 secs] 
15500.503: [GC (Allocation Failure) 
Desired survivor size 6815744 bytes, new threshold 15 (max 15)
[PSYoungGen: 255067K->6141K(255488K)] 374680K->125983K(1041920K), 0.0145192 secs] [Times: user=0.03 sys=0.00, real=0.02 secs] 
15519.449: [GC (Allocation Failure) 
Desired survivor size 6815744 bytes, new threshold 15 (max 15)
[PSYoungGen: 254973K->6155K(255488K)] 374815K->126068K(1041920K), 0.0160659 secs] [Times: user=0.03 sys=0.00, real=0.01 secs] 
15538.202: [GC (Allocation Failure) 
Desired survivor size 6815744 bytes, new threshold 15 (max 15)
[PSYoungGen: 254987K->6101K(255488K)] 374900K->126188K(1041920K), 0.0136119 secs] [Times: user=0.02 sys=0.00, real=0.01 secs] 
15557.137: [GC (Allocation Failure) 
Desired survivor size 6815744 bytes, new threshold 15 (max 15)
[PSYoungGen: 254933K->6022K(255488K)] 375020K->126189K(1041920K), 0.0140651 secs] [Times: user=0.02 sys=0.00, real=0.01 secs] 
15575.957: [GC (Allocation Failure) 
Desired survivor size 6815744 bytes, new threshold 15 (max 15)
[PSYoungGen: 254854K->6071K(255488K)] 375021K->126365K(1041920K), 0.0147953 secs] [Times: user=0.02 sys=0.00, real=0.02 secs] 
15594.828: [GC (Allocation Failure) 
Desired survivor size 6815744 bytes, new threshold 15 (max 15)
[PSYoungGen: 254903K->6134K(255488K)] 375197K->126508K(1041920K), 0.0153824 secs] [Times: user=0.03 sys=0.00, real=0.02 secs] 
15613.712: [GC (Allocation Failure) 
Desired survivor size 6815744 bytes, new threshold 15 (max 15)
[PSYoungGen: 254966K->6072K(255488K)] 375340K->126534K(1041920K), 0.0140758 secs] [Times: user=0.02 sys=0.00, real=0.02 secs] 
15632.602: [GC (Allocation Failure) 
Desired survivor size 6815744 bytes, new threshold 15 (max 15)
[PSYoungGen: 254904K->6122K(255488K)] 375366K->126711K(1041920K), 0.0656456 secs] [Times: user=0.03 sys=0.01, real=0.07 secs] 
15651.207: [GC (Allocation Failure) 
Desired survivor size 6815744 bytes, new threshold 15 (max 15)
[PSYoungGen: 254954K->6238K(255488K)] 375543K->126899K(1041920K), 0.0149078 secs] [Times: user=0.02 sys=0.00, real=0.02 secs] 
15670.135: [GC (Allocation Failure) 
Desired survivor size 6815744 bytes, new threshold 15 (max 15)
[PSYoungGen: 255070K->6129K(255488K)] 375731K->126955K(1041920K), 0.0248420 secs] [Times: user=0.03 sys=0.01, real=0.02 secs] 
15689.074: [GC (Allocation Failure) 
Desired survivor size 6815744 bytes, new threshold 15 (max 15)
[PSYoungGen: 254961K->6051K(255488K)] 375787K->127083K(1041920K), 0.0182324 secs] [Times: user=0.03 sys=0.00, real=0.02 secs] 
15707.879: [GC (Allocation Failure) 
Desired survivor size 6815744 bytes, new threshold 15 (max 15)
[PSYoungGen: 254883K->6100K(255488K)] 375915K->127306K(1041920K), 0.0144826 secs] [Times: user=0.03 sys=0.00, real=0.01 secs] 
15726.635: [GC (Allocation Failure) 
Desired survivor size 6815744 bytes, new threshold 15 (max 15)
[PSYoungGen: 254932K->6077K(255488K)] 376138K->127401K(1041920K), 0.0158369 secs] [Times: user=0.02 sys=0.00, real=0.02 secs] 
15745.510: [GC (Allocation Failure) 
Desired survivor size 6815744 bytes, new threshold 15 (max 15)
[PSYoungGen: 254909K->6067K(255488K)] 376233K->127472K(1041920K), 0.0143299 secs] [Times: user=0.02 sys=0.00, real=0.02 secs] 
15764.198: [GC (Allocation Failure) 
Desired survivor size 6815744 bytes, new threshold 15 (max 15)
[PSYoungGen: 254899K->6169K(255488K)] 376304K->127653K(1041920K), 0.0156908 secs] [Times: user=0.03 sys=0.00, real=0.01 secs] 
15783.093: [GC (Allocation Failure) 
Desired survivor size 6815744 bytes, new threshold 15 (max 15)
[PSYoungGen: 255001K->6099K(255488K)] 376485K->127710K(1041920K), 0.0235541 secs] [Times: user=0.02 sys=0.00, real=0.02 secs] 
15801.954: [GC (Allocation Failure) 
Desired survivor size 6815744 bytes, new threshold 15 (max 15)
[PSYoungGen: 254931K->6182K(255488K)] 376542K->127873K(1041920K), 0.0160945 secs] [Times: user=0.02 sys=0.00, real=0.01 secs] 
15820.762: [GC (Allocation Failure) 
Desired survivor size 6815744 bytes, new threshold 15 (max 15)
[PSYoungGen: 255014K->6209K(255488K)] 376705K->128027K(1041920K), 0.0195436 secs] [Times: user=0.04 sys=0.00, real=0.02 secs] 
15839.574: [GC (Allocation Failure) 
Desired survivor size 6815744 bytes, new threshold 15 (max 15)
[PSYoungGen: 255041K->6295K(255488K)] 376859K->128193K(1041920K), 0.0144040 secs] [Times: user=0.03 sys=0.00, real=0.02 secs] 
15858.454: [GC (Allocation Failure) 
Desired survivor size 6815744 bytes, new threshold 15 (max 15)
[PSYoungGen: 255127K->6156K(255488K)] 377025K->128181K(1041920K), 0.0136049 secs] [Times: user=0.02 sys=0.00, real=0.01 secs] 
15877.328: [GC (Allocation Failure) 
Desired survivor size 6815744 bytes, new threshold 15 (max 15)
[PSYoungGen: 254988K->6256K(255488K)] 377013K->128361K(1041920K), 0.0150676 secs] [Times: user=0.02 sys=0.00, real=0.02 secs] 
15896.136: [GC (Allocation Failure) 
Desired survivor size 6815744 bytes, new threshold 15 (max 15)
[PSYoungGen: 255088K->6160K(255488K)] 377193K->128337K(1041920K), 0.0149455 secs] [Times: user=0.02 sys=0.00, real=0.01 secs] 
15915.135: [GC (Allocation Failure) 
Desired survivor size 6815744 bytes, new threshold 15 (max 15)
[PSYoungGen: 254992K->6193K(255488K)] 377169K->128474K(1041920K), 0.0151691 secs] [Times: user=0.03 sys=0.00, real=0.02 secs] 
15933.940: [GC (Allocation Failure) 
Desired survivor size 6815744 bytes, new threshold 15 (max 15)
[PSYoungGen: 255025K->6301K(255488K)] 377306K->128739K(1041920K), 0.2721951 secs] [Times: user=0.03 sys=0.00, real=0.28 secs] 
15952.328: [GC (Allocation Failure) 
Desired survivor size 6815744 bytes, new threshold 15 (max 15)
[PSYoungGen: 255133K->6457K(255488K)] 377571K->128967K(1041920K), 0.0151772 secs] [Times: user=0.03 sys=0.00, real=0.01 secs] 
15971.260: [GC (Allocation Failure) 
Desired survivor size 6815744 bytes, new threshold 15 (max 15)
[PSYoungGen: 255289K->6473K(255488K)] 377799K->129056K(1041920K), 0.0170734 secs] [Times: user=0.03 sys=0.00, real=0.01 secs] 
15990.130: [GC (Allocation Failure) 
Desired survivor size 6815744 bytes, new threshold 15 (max 15)
[PSYoungGen: 255305K->6425K(255488K)] 377888K->129080K(1041920K), 0.0153063 secs] [Times: user=0.02 sys=0.00, real=0.02 secs] 
16008.760: [GC (Allocation Failure) 
Desired survivor size 6815744 bytes, new threshold 15 (max 15)
[PSYoungGen: 255257K->6284K(255488K)] 377912K->129112K(1041920K), 0.0154423 secs] [Times: user=0.02 sys=0.00, real=0.02 secs] 
16027.578: [GC (Allocation Failure) 
Desired survivor size 6815744 bytes, new threshold 15 (max 15)
[PSYoungGen: 255116K->6371K(255488K)] 377944K->129326K(1041920K), 0.0143104 secs] [Times: user=0.02 sys=0.00, real=0.01 secs] 
16046.457: [GC (Allocation Failure) 
Desired survivor size 6815744 bytes, new threshold 15 (max 15)
[PSYoungGen: 255203K->6257K(255488K)] 378158K->129339K(1041920K), 0.0143836 secs] [Times: user=0.02 sys=0.00, real=0.02 secs] 
16065.327: [GC (Allocation Failure) 
Desired survivor size 6815744 bytes, new threshold 15 (max 15)
[PSYoungGen: 255089K->6293K(255488K)] 378171K->129455K(1041920K), 0.0135979 secs] [Times: user=0.02 sys=0.00, real=0.01 secs] 
16084.119: [GC (Allocation Failure) 
Desired survivor size 6815744 bytes, new threshold 15 (max 15)
[PSYoungGen: 255125K->6349K(255488K)] 378287K->129637K(1041920K), 0.0141596 secs] [Times: user=0.03 sys=0.00, real=0.01 secs] 
16103.066: [GC (Allocation Failure) 
Desired survivor size 6815744 bytes, new threshold 15 (max 15)
[PSYoungGen: 255181K->6191K(255488K)] 378469K->129653K(1041920K), 0.0163095 secs] [Times: user=0.02 sys=0.00, real=0.02 secs] 
16122.008: [GC (Allocation Failure) 
Desired survivor size 6815744 bytes, new threshold 15 (max 15)
[PSYoungGen: 255023K->6248K(255488K)] 378485K->129837K(1041920K), 0.0141241 secs] [Times: user=0.02 sys=0.00, real=0.02 secs] 
16140.760: [GC (Allocation Failure) 
Desired survivor size 6815744 bytes, new threshold 15 (max 15)
[PSYoungGen: 255080K->6084K(255488K)] 378669K->129800K(1041920K), 0.0195751 secs] [Times: user=0.03 sys=0.00, real=0.02 secs] 
16159.628: [GC (Allocation Failure) 
Desired survivor size 6815744 bytes, new threshold 15 (max 15)
[PSYoungGen: 254916K->6220K(255488K)] 378632K->130049K(1041920K), 0.0137801 secs] [Times: user=0.03 sys=0.00, real=0.01 secs] 
16178.453: [GC (Allocation Failure) 
Desired survivor size 6815744 bytes, new threshold 15 (max 15)
[PSYoungGen: 255052K->6140K(255488K)] 378881K->130049K(1041920K), 0.0130531 secs] [Times: user=0.02 sys=0.00, real=0.01 secs] 
16197.257: [GC (Allocation Failure) 
Desired survivor size 6815744 bytes, new threshold 15 (max 15)
[PSYoungGen: 254972K->6141K(255488K)] 378881K->130130K(1041920K), 0.0115597 secs] [Times: user=0.02 sys=0.00, real=0.01 secs] 
16216.138: [GC (Allocation Failure) 
Desired survivor size 6815744 bytes, new threshold 15 (max 15)
[PSYoungGen: 254973K->6086K(255488K)] 378962K->130253K(1041920K), 0.0140918 secs] [Times: user=0.03 sys=0.00, real=0.01 secs] 
16234.928: [GC (Allocation Failure) 
Desired survivor size 6815744 bytes, new threshold 15 (max 15)
[PSYoungGen: 254918K->5992K(255488K)] 379085K->130475K(1041920K), 0.0109648 secs] [Times: user=0.02 sys=0.00, real=0.01 secs] 
16253.738: [GC (Allocation Failure) 
Desired survivor size 6815744 bytes, new threshold 15 (max 15)
[PSYoungGen: 254824K->5925K(255488K)] 379307K->130487K(1041920K), 0.0121215 secs] [Times: user=0.02 sys=0.00, real=0.01 secs] 
16272.703: [GC (Allocation Failure) 
Desired survivor size 6815744 bytes, new threshold 15 (max 15)
[PSYoungGen: 254757K->5895K(255488K)] 379319K->130579K(1041920K), 0.0108921 secs] [Times: user=0.02 sys=0.00, real=0.01 secs] 
16291.515: [GC (Allocation Failure) 
Desired survivor size 6815744 bytes, new threshold 15 (max 15)
[PSYoungGen: 254727K->5934K(255488K)] 379411K->130722K(1041920K), 0.0127985 secs] [Times: user=0.02 sys=0.00, real=0.02 secs] 
16310.380: [GC (Allocation Failure) 
Desired survivor size 6815744 bytes, new threshold 15 (max 15)
[PSYoungGen: 254766K->5887K(255488K)] 379554K->130873K(1041920K), 0.0123659 secs] [Times: user=0.02 sys=0.00, real=0.01 secs] 
16329.323: [GC (Allocation Failure) 
Desired survivor size 6815744 bytes, new threshold 15 (max 15)
[PSYoungGen: 254719K->5790K(255488K)] 379705K->130889K(1041920K), 0.0105778 secs] [Times: user=0.02 sys=0.00, real=0.01 secs] 
16348.203: [GC (Allocation Failure) 
Desired survivor size 6815744 bytes, new threshold 15 (max 15)
[PSYoungGen: 254622K->5831K(255488K)] 379721K->131050K(1041920K), 0.0110973 secs] [Times: user=0.02 sys=0.00, real=0.01 secs] 
16367.071: [GC (Allocation Failure) 
Desired survivor size 6815744 bytes, new threshold 15 (max 15)
[PSYoungGen: 254662K->5729K(255488K)] 379880K->131161K(1041920K), 0.0119880 secs] [Times: user=0.02 sys=0.00, real=0.01 secs] 
16385.949: [GC (Allocation Failure) 
Desired survivor size 6815744 bytes, new threshold 15 (max 15)
[PSYoungGen: 254561K->5730K(255488K)] 379993K->131276K(1041920K), 0.0117033 secs] [Times: user=0.02 sys=0.00, real=0.02 secs] 
16404.826: [GC (Allocation Failure) 
Desired survivor size 6815744 bytes, new threshold 15 (max 15)
[PSYoungGen: 254562K->5761K(255488K)] 380108K->131387K(1041920K), 0.0114486 secs] [Times: user=0.02 sys=0.00, real=0.01 secs] 
16423.760: [GC (Allocation Failure) 
Desired survivor size 6815744 bytes, new threshold 15 (max 15)
[PSYoungGen: 254593K->5650K(255488K)] 380219K->131397K(1041920K), 0.0109742 secs] [Times: user=0.02 sys=0.00, real=0.01 secs] 
16442.505: [GC (Allocation Failure) 
Desired survivor size 6815744 bytes, new threshold 15 (max 15)
[PSYoungGen: 254482K->5832K(255488K)] 380229K->131676K(1041920K), 0.0106550 secs] [Times: user=0.02 sys=0.00, real=0.01 secs] 
16461.332: [GC (Allocation Failure) 
Desired survivor size 6815744 bytes, new threshold 15 (max 15)
[PSYoungGen: 254664K->5768K(255488K)] 380508K->131812K(1041920K), 0.0122767 secs] [Times: user=0.02 sys=0.00, real=0.01 secs] 
16480.205: [GC (Allocation Failure) 
Desired survivor size 6815744 bytes, new threshold 15 (max 15)
[PSYoungGen: 254600K->5875K(255488K)] 380644K->132040K(1041920K), 0.0115517 secs] [Times: user=0.02 sys=0.00, real=0.01 secs] 
16499.080: [GC (Allocation Failure) 
Desired survivor size 6815744 bytes, new threshold 15 (max 15)
[PSYoungGen: 254707K->5871K(255488K)] 380872K->132163K(1041920K), 0.0148406 secs] [Times: user=0.02 sys=0.00, real=0.01 secs] 
16517.948: [GC (Allocation Failure) 
Desired survivor size 6815744 bytes, new threshold 15 (max 15)
[PSYoungGen: 254703K->6001K(255488K)] 380995K->132414K(1041920K), 0.0110896 secs] [Times: user=0.02 sys=0.00, real=0.01 secs] 
16536.759: [GC (Allocation Failure) 
Desired survivor size 6815744 bytes, new threshold 15 (max 15)
[PSYoungGen: 254833K->5968K(255488K)] 381246K->132503K(1041920K), 0.0117497 secs] [Times: user=0.02 sys=0.00, real=0.01 secs] 
16555.577: [GC (Allocation Failure) 
Desired survivor size 6815744 bytes, new threshold 15 (max 15)
[PSYoungGen: 254800K->5903K(255488K)] 381335K->132510K(1041920K), 0.0108915 secs] [Times: user=0.02 sys=0.00, real=0.01 secs] 
16574.454: [GC (Allocation Failure) 
Desired survivor size 6815744 bytes, new threshold 15 (max 15)
[PSYoungGen: 254735K->5769K(255488K)] 381342K->132543K(1041920K), 0.0107078 secs] [Times: user=0.02 sys=0.00, real=0.01 secs] 
16593.309: [GC (Allocation Failure) 
Desired survivor size 6815744 bytes, new threshold 15 (max 15)
[PSYoungGen: 254601K->6067K(255488K)] 381375K->132929K(1041920K), 0.1142547 secs] [Times: user=0.02 sys=0.00, real=0.13 secs] 
16612.009: [GC (Allocation Failure) 
Desired survivor size 6815744 bytes, new threshold 15 (max 15)
[PSYoungGen: 254899K->5944K(255488K)] 381761K->132904K(1041920K), 0.0118320 secs] [Times: user=0.02 sys=0.00, real=0.01 secs] 
16630.651: [GC (Allocation Failure) 
Desired survivor size 6815744 bytes, new threshold 15 (max 15)
[PSYoungGen: 254776K->5899K(255488K)] 381736K->132971K(1041920K), 0.0291071 secs] [Times: user=0.04 sys=0.00, real=0.03 secs] 
16649.456: [GC (Allocation Failure) 
Desired survivor size 6815744 bytes, new threshold 15 (max 15)
[PSYoungGen: 254731K->5979K(255488K)] 381803K->133170K(1041920K), 0.0115466 secs] [Times: user=0.02 sys=0.00, real=0.01 secs] 
16668.264: [GC (Allocation Failure) 
Desired survivor size 6815744 bytes, new threshold 15 (max 15)
[PSYoungGen: 254811K->6075K(255488K)] 382002K->133346K(1041920K), 0.0112562 secs] [Times: user=0.01 sys=0.00, real=0.01 secs] 
16687.136: [GC (Allocation Failure) 
Desired survivor size 6815744 bytes, new threshold 15 (max 15)
[PSYoungGen: 254907K->6030K(255488K)] 382178K->133373K(1041920K), 0.0115620 secs] [Times: user=0.02 sys=0.00, real=0.01 secs] 
16705.954: [GC (Allocation Failure) 
Desired survivor size 6815744 bytes, new threshold 15 (max 15)
[PSYoungGen: 254862K->6102K(255488K)] 382205K->133517K(1041920K), 0.0109440 secs] [Times: user=0.02 sys=0.00, real=0.01 secs] 
16724.636: [GC (Allocation Failure) 
Desired survivor size 6815744 bytes, new threshold 15 (max 15)
[PSYoungGen: 254934K->6172K(255488K)] 382349K->133714K(1041920K), 0.0129427 secs] [Times: user=0.02 sys=0.00, real=0.01 secs] 
16743.508: [GC (Allocation Failure) 
Desired survivor size 6815744 bytes, new threshold 15 (max 15)
[PSYoungGen: 255004K->6125K(255488K)] 382546K->133780K(1041920K), 0.0168241 secs] [Times: user=0.02 sys=0.00, real=0.02 secs] 
16762.381: [GC (Allocation Failure) 
Desired survivor size 6815744 bytes, new threshold 15 (max 15)
[PSYoungGen: 254957K->6031K(255488K)] 382612K->133852K(1041920K), 0.0113232 secs] [Times: user=0.02 sys=0.00, real=0.01 secs] 
16781.334: [GC (Allocation Failure) 
Desired survivor size 6815744 bytes, new threshold 15 (max 15)
[PSYoungGen: 254863K->5999K(255488K)] 382684K->133892K(1041920K), 0.0111277 secs] [Times: user=0.02 sys=0.00, real=0.01 secs] 
16800.227: [GC (Allocation Failure) 
Desired survivor size 6815744 bytes, new threshold 15 (max 15)
[PSYoungGen: 254831K->6048K(255488K)] 382724K->134028K(1041920K), 0.0109830 secs] [Times: user=0.02 sys=0.00, real=0.01 secs] 
16819.003: [GC (Allocation Failure) 
Desired survivor size 6815744 bytes, new threshold 15 (max 15)
[PSYoungGen: 254880K->6251K(255488K)] 382860K->134304K(1041920K), 0.0123802 secs] [Times: user=0.02 sys=0.00, real=0.01 secs] 
16837.742: [GC (Allocation Failure) 
Desired survivor size 6815744 bytes, new threshold 15 (max 15)
[PSYoungGen: 255083K->6297K(255488K)] 383136K->134429K(1041920K), 0.0122701 secs] [Times: user=0.02 sys=0.00, real=0.01 secs] 
16856.508: [GC (Allocation Failure) 
Desired survivor size 6815744 bytes, new threshold 15 (max 15)
[PSYoungGen: 255129K->6218K(255488K)] 383261K->134423K(1041920K), 0.0115401 secs] [Times: user=0.02 sys=0.00, real=0.01 secs] 
16875.385: [GC (Allocation Failure) 
Desired survivor size 6815744 bytes, new threshold 15 (max 15)
[PSYoungGen: 255050K->6184K(255488K)] 383255K->134516K(1041920K), 0.0117574 secs] [Times: user=0.02 sys=0.00, real=0.01 secs] 
16894.175: [GC (Allocation Failure) 
Desired survivor size 6815744 bytes, new threshold 15 (max 15)
[PSYoungGen: 255016K->6217K(255488K)] 383348K->134620K(1041920K), 0.0115654 secs] [Times: user=0.02 sys=0.01, real=0.01 secs] 
16912.948: [GC (Allocation Failure) 
Desired survivor size 6815744 bytes, new threshold 15 (max 15)
[PSYoungGen: 255049K->6231K(255488K)] 383452K->134746K(1041920K), 0.0109748 secs] [Times: user=0.02 sys=0.00, real=0.01 secs] 
16931.907: [GC (Allocation Failure) 
Desired survivor size 6815744 bytes, new threshold 15 (max 15)
[PSYoungGen: 255063K->6211K(255488K)] 383578K->134845K(1041920K), 0.0120801 secs] [Times: user=0.02 sys=0.00, real=0.01 secs] 
16950.713: [GC (Allocation Failure) 
Desired survivor size 6815744 bytes, new threshold 15 (max 15)
[PSYoungGen: 255043K->6159K(255488K)] 383677K->134920K(1041920K), 0.0186283 secs] [Times: user=0.03 sys=0.00, real=0.02 secs] 
16969.452: [GC (Allocation Failure) 
Desired survivor size 6815744 bytes, new threshold 15 (max 15)
[PSYoungGen: 254991K->6200K(255488K)] 383752K->135080K(1041920K), 0.0114697 secs] [Times: user=0.02 sys=0.00, real=0.01 secs] 
16988.379: [GC (Allocation Failure) 
Desired survivor size 6815744 bytes, new threshold 15 (max 15)
[PSYoungGen: 255032K->6148K(255488K)] 383912K->135155K(1041920K), 0.0124149 secs] [Times: user=0.02 sys=0.00, real=0.01 secs] 
17007.260: [GC (Allocation Failure) 
Desired survivor size 6815744 bytes, new threshold 15 (max 15)
[PSYoungGen: 254980K->6135K(255488K)] 383987K->135362K(1041920K), 0.0117092 secs] [Times: user=0.02 sys=0.00, real=0.01 secs] 
17026.012: [GC (Allocation Failure) 
Desired survivor size 6815744 bytes, new threshold 15 (max 15)
[PSYoungGen: 254967K->6081K(255488K)] 384194K->135381K(1041920K), 0.0141617 secs] [Times: user=0.03 sys=0.00, real=0.01 secs] 
17044.826: [GC (Allocation Failure) 
Desired survivor size 6815744 bytes, new threshold 15 (max 15)
[PSYoungGen: 254913K->6168K(255488K)] 384213K->135539K(1041920K), 0.0114048 secs] [Times: user=0.02 sys=0.00, real=0.01 secs] 
17063.669: [GC (Allocation Failure) 
Desired survivor size 6815744 bytes, new threshold 15 (max 15)
[PSYoungGen: 255000K->6167K(255488K)] 384371K->135618K(1041920K), 0.0112027 secs] [Times: user=0.02 sys=0.00, real=0.01 secs] 
17082.504: [GC (Allocation Failure) 
Desired survivor size 6815744 bytes, new threshold 15 (max 15)
[PSYoungGen: 254999K->6261K(255488K)] 384450K->135784K(1041920K), 0.0114106 secs] [Times: user=0.02 sys=0.00, real=0.01 secs] 
17101.334: [GC (Allocation Failure) 
Desired survivor size 6815744 bytes, new threshold 15 (max 15)
[PSYoungGen: 255093K->6233K(255488K)] 384616K->135942K(1041920K), 0.0107471 secs] [Times: user=0.02 sys=0.00, real=0.01 secs] 
17120.203: [GC (Allocation Failure) 
Desired survivor size 6815744 bytes, new threshold 15 (max 15)
[PSYoungGen: 255065K->6276K(255488K)] 384774K->136112K(1041920K), 0.0112725 secs] [Times: user=0.02 sys=0.00, real=0.01 secs] 
17139.072: [GC (Allocation Failure) 
Desired survivor size 6815744 bytes, new threshold 15 (max 15)
[PSYoungGen: 255108K->6193K(255488K)] 384944K->136156K(1041920K), 0.0113246 secs] [Times: user=0.02 sys=0.00, real=0.01 secs] 
17157.829: [GC (Allocation Failure) 
Desired survivor size 6815744 bytes, new threshold 15 (max 15)
[PSYoungGen: 255025K->6067K(255488K)] 384988K->136149K(1041920K), 0.0115451 secs] [Times: user=0.02 sys=0.00, real=0.01 secs] 
17176.631: [GC (Allocation Failure) 
Desired survivor size 6815744 bytes, new threshold 15 (max 15)
[PSYoungGen: 254899K->6131K(255488K)] 384981K->136331K(1041920K), 0.0121558 secs] [Times: user=0.02 sys=0.00, real=0.01 secs] 
17195.440: [GC (Allocation Failure) 
Desired survivor size 6815744 bytes, new threshold 15 (max 15)
[PSYoungGen: 254963K->6186K(255488K)] 385163K->136466K(1041920K), 0.0116380 secs] [Times: user=0.02 sys=0.00, real=0.01 secs] 
17214.332: [GC (Allocation Failure) 
Desired survivor size 6815744 bytes, new threshold 15 (max 15)
[PSYoungGen: 255018K->6196K(255488K)] 385298K->136556K(1041920K), 0.0125134 secs] [Times: user=0.02 sys=0.00, real=0.01 secs] 
17233.291: [GC (Allocation Failure) 
Desired survivor size 6815744 bytes, new threshold 15 (max 15)
[PSYoungGen: 255028K->6165K(255488K)] 385388K->136597K(1041920K), 0.0131528 secs] [Times: user=0.02 sys=0.00, real=0.01 secs] 
17251.823: [GC (Allocation Failure) 
Desired survivor size 6815744 bytes, new threshold 15 (max 15)
[PSYoungGen: 254997K->6101K(255488K)] 385429K->136707K(1041920K), 0.0125886 secs] [Times: user=0.02 sys=0.00, real=0.01 secs] 
17270.671: [GC (Allocation Failure) 
Desired survivor size 6815744 bytes, new threshold 15 (max 15)
[PSYoungGen: 254933K->6052K(255488K)] 385539K->136730K(1041920K), 0.0301231 secs] [Times: user=0.05 sys=0.00, real=0.03 secs] 
17289.513: [GC (Allocation Failure) 
Desired survivor size 6815744 bytes, new threshold 15 (max 15)
[PSYoungGen: 254884K->5995K(255488K)] 385562K->136799K(1041920K), 0.0110673 secs] [Times: user=0.01 sys=0.00, real=0.01 secs] 
17308.399: [GC (Allocation Failure) 
Desired survivor size 6815744 bytes, new threshold 15 (max 15)
[PSYoungGen: 254827K->6084K(255488K)] 385631K->137016K(1041920K), 0.0119010 secs] [Times: user=0.02 sys=0.00, real=0.02 secs] 
17327.328: [GC (Allocation Failure) 
Desired survivor size 6815744 bytes, new threshold 15 (max 15)
[PSYoungGen: 254916K->5913K(255488K)] 385848K->136987K(1041920K), 0.0114714 secs] [Times: user=0.02 sys=0.00, real=0.01 secs] 
17346.258: [GC (Allocation Failure) 
Desired survivor size 6815744 bytes, new threshold 15 (max 15)
[PSYoungGen: 254745K->5844K(255488K)] 385819K->137086K(1041920K), 0.0112524 secs] [Times: user=0.02 sys=0.00, real=0.01 secs] 
17365.128: [GC (Allocation Failure) 
Desired survivor size 6815744 bytes, new threshold 15 (max 15)
[PSYoungGen: 254676K->5935K(255488K)] 385918K->137359K(1041920K), 0.0113929 secs] [Times: user=0.02 sys=0.00, real=0.02 secs] 
17383.887: [GC (Allocation Failure) 
Desired survivor size 6815744 bytes, new threshold 15 (max 15)
[PSYoungGen: 254767K->5954K(255488K)] 386191K->137475K(1041920K), 0.0128508 secs] [Times: user=0.02 sys=0.00, real=0.01 secs] 
17402.702: [GC (Allocation Failure) 
Desired survivor size 6815744 bytes, new threshold 15 (max 15)
[PSYoungGen: 254786K->6017K(255488K)] 386307K->137618K(1041920K), 0.0174507 secs] [Times: user=0.02 sys=0.00, real=0.02 secs] 
17421.455: [GC (Allocation Failure) 
Desired survivor size 6815744 bytes, new threshold 15 (max 15)
[PSYoungGen: 254849K->6083K(255488K)] 386450K->137802K(1041920K), 0.0144979 secs] [Times: user=0.02 sys=0.00, real=0.02 secs] 
17440.378: [GC (Allocation Failure) 
Desired survivor size 6815744 bytes, new threshold 15 (max 15)
[PSYoungGen: 254915K->6088K(255488K)] 386634K->137880K(1041920K), 0.0120520 secs] [Times: user=0.02 sys=0.00, real=0.01 secs] 
17459.137: [GC (Allocation Failure) 
Desired survivor size 6815744 bytes, new threshold 15 (max 15)
[PSYoungGen: 254920K->6048K(255488K)] 386712K->137966K(1041920K), 0.0110984 secs] [Times: user=0.01 sys=0.00, real=0.01 secs] 
17478.076: [GC (Allocation Failure) 
Desired survivor size 6815744 bytes, new threshold 15 (max 15)
[PSYoungGen: 254880K->5865K(255488K)] 386798K->137934K(1041920K), 0.0109444 secs] [Times: user=0.02 sys=0.00, real=0.02 secs] 
17496.956: [GC (Allocation Failure) 
Desired survivor size 6815744 bytes, new threshold 15 (max 15)
[PSYoungGen: 254697K->5883K(255488K)] 386766K->138066K(1041920K), 0.0110190 secs] [Times: user=0.02 sys=0.00, real=0.01 secs] 
17515.793: [GC (Allocation Failure) 
Desired survivor size 6815744 bytes, new threshold 15 (max 15)
[PSYoungGen: 254715K->5901K(255488K)] 386898K->138156K(1041920K), 0.0119974 secs] [Times: user=0.02 sys=0.00, real=0.01 secs] 
17534.701: [GC (Allocation Failure) 
Desired survivor size 6815744 bytes, new threshold 15 (max 15)
[PSYoungGen: 254733K->5839K(255488K)] 386988K->138341K(1041920K), 0.0115706 secs] [Times: user=0.02 sys=0.00, real=0.01 secs] 
17553.634: [GC (Allocation Failure) 
Desired survivor size 6815744 bytes, new threshold 15 (max 15)
[PSYoungGen: 254671K->5886K(255488K)] 387173K->138484K(1041920K), 0.0143461 secs] [Times: user=0.02 sys=0.00, real=0.02 secs] 
17572.388: [GC (Allocation Failure) 
Desired survivor size 6815744 bytes, new threshold 15 (max 15)
[PSYoungGen: 254718K->5774K(255488K)] 387316K->138468K(1041920K), 0.0107351 secs] [Times: user=0.02 sys=0.00, real=0.01 secs] 
17591.387: [GC (Allocation Failure) 
Desired survivor size 6815744 bytes, new threshold 15 (max 15)
[PSYoungGen: 254606K->5839K(255488K)] 387300K->138646K(1041920K), 0.0156694 secs] [Times: user=0.02 sys=0.00, real=0.01 secs] 
17610.324: [GC (Allocation Failure) 
Desired survivor size 6815744 bytes, new threshold 15 (max 15)
[PSYoungGen: 254671K->5807K(255488K)] 387478K->138686K(1041920K), 0.0127273 secs] [Times: user=0.02 sys=0.00, real=0.02 secs] 
17629.203: [GC (Allocation Failure) 
Desired survivor size 6815744 bytes, new threshold 15 (max 15)
[PSYoungGen: 254639K->5742K(255488K)] 387518K->138734K(1041920K), 0.0128119 secs] [Times: user=0.02 sys=0.00, real=0.01 secs] 
17648.073: [GC (Allocation Failure) 
Desired survivor size 6815744 bytes, new threshold 15 (max 15)
[PSYoungGen: 254574K->5885K(255488K)] 387566K->139046K(1041920K), 0.0124140 secs] [Times: user=0.02 sys=0.00, real=0.02 secs] 
17666.887: [GC (Allocation Failure) 
Desired survivor size 6815744 bytes, new threshold 15 (max 15)
[PSYoungGen: 254717K->5721K(255488K)] 387878K->139102K(1041920K), 0.0107890 secs] [Times: user=0.02 sys=0.00, real=0.01 secs] 
17685.581: [GC (Allocation Failure) 
Desired survivor size 6815744 bytes, new threshold 15 (max 15)
[PSYoungGen: 254553K->5790K(255488K)] 387934K->139284K(1041920K), 0.0117465 secs] [Times: user=0.02 sys=0.00, real=0.01 secs] 
17704.451: [GC (Allocation Failure) 
Desired survivor size 6815744 bytes, new threshold 15 (max 15)
[PSYoungGen: 254622K->5839K(255488K)] 388116K->139513K(1041920K), 0.0115596 secs] [Times: user=0.02 sys=0.00, real=0.01 secs] 
17723.202: [GC (Allocation Failure) 
Desired survivor size 6815744 bytes, new threshold 15 (max 15)
[PSYoungGen: 254671K->6049K(255488K)] 388345K->139850K(1041920K), 0.0111751 secs] [Times: user=0.02 sys=0.00, real=0.01 secs] 
17742.010: [GC (Allocation Failure) 
Desired survivor size 6815744 bytes, new threshold 15 (max 15)
[PSYoungGen: 254881K->5948K(255488K)] 388682K->139862K(1041920K), 0.0117840 secs] [Times: user=0.02 sys=0.00, real=0.01 secs] 
17760.826: [GC (Allocation Failure) 
Desired survivor size 6815744 bytes, new threshold 15 (max 15)
[PSYoungGen: 254780K->5966K(255488K)] 388694K->139952K(1041920K), 0.0133223 secs] [Times: user=0.02 sys=0.00, real=0.01 secs] 
17779.696: [GC (Allocation Failure) 
Desired survivor size 6815744 bytes, new threshold 15 (max 15)
[PSYoungGen: 254798K->6046K(255488K)] 388784K->140129K(1041920K), 0.0122255 secs] [Times: user=0.02 sys=0.00, real=0.01 secs] 
17798.572: [GC (Allocation Failure) 
Desired survivor size 6815744 bytes, new threshold 15 (max 15)
[PSYoungGen: 254878K->5981K(255488K)] 388961K->140185K(1041920K), 0.0160379 secs] [Times: user=0.03 sys=0.00, real=0.02 secs] 
17817.371: [GC (Allocation Failure) 
Desired survivor size 6815744 bytes, new threshold 15 (max 15)
[PSYoungGen: 254813K->6001K(255488K)] 389017K->140277K(1041920K), 0.0117470 secs] [Times: user=0.02 sys=0.00, real=0.01 secs] 
17836.198: [GC (Allocation Failure) 
Desired survivor size 6815744 bytes, new threshold 15 (max 15)
[PSYoungGen: 254833K->6137K(255488K)] 389109K->140493K(1041920K), 0.0136734 secs] [Times: user=0.02 sys=0.00, real=0.02 secs] 
17854.752: [GC (Allocation Failure) 
Desired survivor size 6815744 bytes, new threshold 15 (max 15)
[PSYoungGen: 254969K->6015K(255488K)] 389325K->140450K(1041920K), 0.0143700 secs] [Times: user=0.02 sys=0.00, real=0.02 secs] 
17873.461: [GC (Allocation Failure) 
Desired survivor size 6815744 bytes, new threshold 15 (max 15)
[PSYoungGen: 254847K->6229K(255488K)] 389282K->140786K(1041920K), 0.0120149 secs] [Times: user=0.02 sys=0.00, real=0.01 secs] 
17892.501: [GC (Allocation Failure) 
Desired survivor size 6815744 bytes, new threshold 15 (max 15)
[PSYoungGen: 255061K->6180K(255488K)] 389618K->140809K(1041920K), 0.0112493 secs] [Times: user=0.02 sys=0.00, real=0.01 secs] 
17911.395: [GC (Allocation Failure) 
Desired survivor size 6815744 bytes, new threshold 15 (max 15)
[PSYoungGen: 255012K->6166K(255488K)] 389641K->140875K(1041920K), 0.0127706 secs] [Times: user=0.03 sys=0.00, real=0.01 secs] 
17930.138: [GC (Allocation Failure) 
Desired survivor size 6815744 bytes, new threshold 15 (max 15)
[PSYoungGen: 254998K->6140K(255488K)] 389707K->140976K(1041920K), 0.0141420 secs] [Times: user=0.02 sys=0.00, real=0.01 secs] 
17949.078: [GC (Allocation Failure) 
Desired survivor size 6815744 bytes, new threshold 15 (max 15)
[PSYoungGen: 254972K->6140K(255488K)] 389808K->141047K(1041920K), 0.0112383 secs] [Times: user=0.02 sys=0.00, real=0.01 secs] 
17967.955: [GC (Allocation Failure) 
Desired survivor size 6815744 bytes, new threshold 15 (max 15)
[PSYoungGen: 254972K->6016K(255488K)] 389879K->141090K(1041920K), 0.0109983 secs] [Times: user=0.02 sys=0.00, real=0.01 secs] 
17986.827: [GC (Allocation Failure) 
Desired survivor size 6815744 bytes, new threshold 15 (max 15)
[PSYoungGen: 254848K->6041K(255488K)] 389922K->141233K(1041920K), 0.0111478 secs] [Times: user=0.02 sys=0.01, real=0.01 secs] 
18005.753: [GC (Allocation Failure) 
Desired survivor size 6815744 bytes, new threshold 15 (max 15)
[PSYoungGen: 254873K->6002K(255488K)] 390065K->141349K(1041920K), 0.0122257 secs] [Times: user=0.02 sys=0.00, real=0.01 secs] 
18024.495: [GC (Allocation Failure) 
Desired survivor size 6815744 bytes, new threshold 15 (max 15)
[PSYoungGen: 254834K->6121K(255488K)] 390181K->141642K(1041920K), 0.0112986 secs] [Times: user=0.02 sys=0.00, real=0.01 secs] 
18033.464: [GC (System.gc()) 
Desired survivor size 6815744 bytes, new threshold 15 (max 15)
[PSYoungGen: 125669K->5628K(255488K)] 261190K->141270K(1041920K), 0.0176028 secs] [Times: user=0.02 sys=0.00, real=0.02 secs] 
18033.482: [Full GC (System.gc()) [PSYoungGen: 5628K->0K(255488K)] [ParOldGen: 135642K->111545K(786432K)] 141270K->111545K(1041920K), [Metaspace: 90974K->90959K(1132544K)], 0.3941079 secs] [Times: user=0.44 sys=0.00, real=0.39 secs] 
18052.072: [GC (Allocation Failure) 
Desired survivor size 6815744 bytes, new threshold 15 (max 15)
[PSYoungGen: 248832K->4765K(255488K)] 360377K->116310K(1041920K), 0.0103221 secs] [Times: user=0.01 sys=0.00, real=0.01 secs] 
18070.955: [GC (Allocation Failure) 
Desired survivor size 7340032 bytes, new threshold 15 (max 15)
[PSYoungGen: 253597K->4747K(253952K)] 365142K->116292K(1040384K), 0.0112390 secs] [Times: user=0.01 sys=0.00, real=0.01 secs] 
18089.823: [GC (Allocation Failure) 
Desired survivor size 7340032 bytes, new threshold 15 (max 15)
[PSYoungGen: 253579K->4946K(254976K)] 365124K->116492K(1041408K), 0.0107520 secs] [Times: user=0.02 sys=0.00, real=0.01 secs] 
18108.579: [GC (Allocation Failure) 
Desired survivor size 7340032 bytes, new threshold 15 (max 15)
[PSYoungGen: 252754K->4930K(254976K)] 364300K->116475K(1041408K), 0.0109874 secs] [Times: user=0.02 sys=0.00, real=0.01 secs] 
18127.450: [GC (Allocation Failure) 
Desired survivor size 7340032 bytes, new threshold 15 (max 15)
[PSYoungGen: 252738K->5060K(254976K)] 364283K->116605K(1041408K), 0.0113596 secs] [Times: user=0.02 sys=0.00, real=0.01 secs] 
18146.201: [GC (Allocation Failure) 
Desired survivor size 7340032 bytes, new threshold 15 (max 15)
[PSYoungGen: 252868K->5176K(254976K)] 364413K->116721K(1041408K), 0.0097783 secs] [Times: user=0.01 sys=0.00, real=0.01 secs] 
18164.954: [GC (Allocation Failure) 
Desired survivor size 6815744 bytes, new threshold 15 (max 15)
[PSYoungGen: 252984K->5282K(255488K)] 364529K->116827K(1041920K), 0.0114774 secs] [Times: user=0.02 sys=0.00, real=0.01 secs] 
18183.793: [GC (Allocation Failure) 
Desired survivor size 6815744 bytes, new threshold 15 (max 15)
[PSYoungGen: 253602K->5345K(254976K)] 365147K->116890K(1041408K), 0.0108059 secs] [Times: user=0.02 sys=0.00, real=0.01 secs] 
18202.575: [GC (Allocation Failure) 
Desired survivor size 6815744 bytes, new threshold 15 (max 15)
[PSYoungGen: 253665K->5599K(255488K)] 365210K->117144K(1041920K), 0.0122433 secs] [Times: user=0.02 sys=0.00, real=0.02 secs] 
18221.515: [GC (Allocation Failure) 
Desired survivor size 6815744 bytes, new threshold 15 (max 15)
[PSYoungGen: 254431K->5743K(255488K)] 365976K->117288K(1041920K), 0.0105030 secs] [Times: user=0.02 sys=0.00, real=0.01 secs] 
18240.440: [GC (Allocation Failure) 
Desired survivor size 6815744 bytes, new threshold 15 (max 15)
[PSYoungGen: 254575K->5665K(255488K)] 366120K->117210K(1041920K), 0.0107219 secs] [Times: user=0.02 sys=0.00, real=0.01 secs] 
18259.381: [GC (Allocation Failure) 
Desired survivor size 6815744 bytes, new threshold 15 (max 15)
[PSYoungGen: 254497K->5778K(255488K)] 366042K->117323K(1041920K), 0.0103053 secs] [Times: user=0.01 sys=0.00, real=0.01 secs] 
18278.253: [GC (Allocation Failure) 
Desired survivor size 6815744 bytes, new threshold 15 (max 15)
[PSYoungGen: 254610K->5871K(255488K)] 366155K->117416K(1041920K), 0.0112763 secs] [Times: user=0.02 sys=0.00, real=0.01 secs] 
18297.010: [GC (Allocation Failure) 
Desired survivor size 6815744 bytes, new threshold 15 (max 15)
[PSYoungGen: 254703K->5879K(255488K)] 366248K->117424K(1041920K), 0.0110034 secs] [Times: user=0.02 sys=0.00, real=0.02 secs] 
18315.884: [GC (Allocation Failure) 
Desired survivor size 6815744 bytes, new threshold 15 (max 15)
[PSYoungGen: 254711K->5983K(255488K)] 366256K->117528K(1041920K), 0.0107378 secs] [Times: user=0.02 sys=0.00, real=0.01 secs] 
18334.531: [GC (Allocation Failure) 
Desired survivor size 6815744 bytes, new threshold 15 (max 15)
[PSYoungGen: 254815K->5925K(255488K)] 366360K->118017K(1041920K), 0.0137453 secs] [Times: user=0.02 sys=0.00, real=0.01 secs] 
18353.326: [GC (Allocation Failure) 
Desired survivor size 6815744 bytes, new threshold 15 (max 15)
[PSYoungGen: 254757K->5808K(255488K)] 366849K->117956K(1041920K), 0.0101123 secs] [Times: user=0.02 sys=0.00, real=0.01 secs] 
18372.203: [GC (Allocation Failure) 
Desired survivor size 6815744 bytes, new threshold 15 (max 15)
[PSYoungGen: 254640K->5762K(255488K)] 366788K->118013K(1041920K), 0.0102602 secs] [Times: user=0.01 sys=0.00, real=0.01 secs] 
18391.016: [GC (Allocation Failure) 
Desired survivor size 6815744 bytes, new threshold 15 (max 15)
[PSYoungGen: 254594K->5919K(255488K)] 366845K->118218K(1041920K), 0.0156247 secs] [Times: user=0.02 sys=0.00, real=0.01 secs] 
18409.758: [GC (Allocation Failure) 
Desired survivor size 6815744 bytes, new threshold 15 (max 15)
[PSYoungGen: 254751K->5944K(255488K)] 367050K->118291K(1041920K), 0.0102070 secs] [Times: user=0.01 sys=0.00, real=0.01 secs] 
18428.632: [GC (Allocation Failure) 
Desired survivor size 6815744 bytes, new threshold 15 (max 15)
[PSYoungGen: 254776K->5945K(255488K)] 367123K->118395K(1041920K), 0.0103131 secs] [Times: user=0.02 sys=0.00, real=0.01 secs] 
18447.508: [GC (Allocation Failure) 
Desired survivor size 6815744 bytes, new threshold 15 (max 15)
[PSYoungGen: 254777K->5944K(255488K)] 367227K->118496K(1041920K), 0.0112807 secs] [Times: user=0.01 sys=0.00, real=0.01 secs] 
18466.386: [GC (Allocation Failure) 
Desired survivor size 6815744 bytes, new threshold 15 (max 15)
[PSYoungGen: 254776K->6015K(255488K)] 367328K->118623K(1041920K), 0.0133547 secs] [Times: user=0.02 sys=0.00, real=0.02 secs] 
18484.952: [GC (Allocation Failure) 
Desired survivor size 6815744 bytes, new threshold 15 (max 15)
[PSYoungGen: 254847K->6089K(255488K)] 367455K->118754K(1041920K), 0.0170038 secs] [Times: user=0.02 sys=0.00, real=0.01 secs] 
18503.871: [GC (Allocation Failure) 
Desired survivor size 6815744 bytes, new threshold 15 (max 15)
[PSYoungGen: 254921K->6156K(255488K)] 367586K->118876K(1041920K), 0.0109784 secs] [Times: user=0.02 sys=0.00, real=0.01 secs] 
18522.701: [GC (Allocation Failure) 
Desired survivor size 6815744 bytes, new threshold 15 (max 15)
[PSYoungGen: 254988K->6229K(255488K)] 367708K->119006K(1041920K), 0.0109465 secs] [Times: user=0.02 sys=0.00, real=0.01 secs] 
18541.504: [GC (Allocation Failure) 
Desired survivor size 7340032 bytes, new threshold 15 (max 15)
[PSYoungGen: 255061K->6335K(254464K)] 367838K->119167K(1040896K), 0.0103529 secs] [Times: user=0.02 sys=0.00, real=0.01 secs] 
18560.326: [GC (Allocation Failure) 
Desired survivor size 7340032 bytes, new threshold 15 (max 15)
[PSYoungGen: 254143K->6242K(254976K)] 366975K->119232K(1041408K), 0.0104274 secs] [Times: user=0.02 sys=0.00, real=0.01 secs] 
18579.002: [GC (Allocation Failure) 
Desired survivor size 7340032 bytes, new threshold 15 (max 15)
[PSYoungGen: 254050K->6349K(254976K)] 367040K->119449K(1041408K), 0.0104350 secs] [Times: user=0.02 sys=0.00, real=0.01 secs] 
18597.635: [GC (Allocation Failure) 
Desired survivor size 7340032 bytes, new threshold 15 (max 15)
[PSYoungGen: 254157K->6375K(254976K)] 367257K->119587K(1041408K), 0.0106483 secs] [Times: user=0.02 sys=0.00, real=0.01 secs] 
18616.451: [GC (Allocation Failure) 
Desired survivor size 7340032 bytes, new threshold 15 (max 15)
[PSYoungGen: 254183K->6360K(254976K)] 367395K->119694K(1041408K), 0.0137765 secs] [Times: user=0.02 sys=0.00, real=0.01 secs] 
18634.859: [GC (Allocation Failure) 
Desired survivor size 7340032 bytes, new threshold 15 (max 15)
[PSYoungGen: 254168K->6509K(254976K)] 367502K->120009K(1041408K), 0.0245095 secs] [Times: user=0.02 sys=0.00, real=0.03 secs] 
18653.580: [GC (Allocation Failure) 
Desired survivor size 7340032 bytes, new threshold 15 (max 15)
[PSYoungGen: 254317K->6419K(254976K)] 367817K->119999K(1041408K), 0.0111769 secs] [Times: user=0.01 sys=0.00, real=0.01 secs] 
18672.452: [GC (Allocation Failure) 
Desired survivor size 7340032 bytes, new threshold 15 (max 15)
[PSYoungGen: 254227K->6431K(254976K)] 367807K->120138K(1041408K), 0.0103624 secs] [Times: user=0.01 sys=0.00, real=0.01 secs] 
18691.269: [GC (Allocation Failure) 
Desired survivor size 7340032 bytes, new threshold 15 (max 15)
[PSYoungGen: 254239K->6423K(254976K)] 367946K->120257K(1041408K), 0.0121137 secs] [Times: user=0.02 sys=0.00, real=0.02 secs] 
18710.007: [GC (Allocation Failure) 
Desired survivor size 7340032 bytes, new threshold 15 (max 15)
[PSYoungGen: 254231K->6431K(254976K)] 368065K->120337K(1041408K), 0.0108819 secs] [Times: user=0.02 sys=0.00, real=0.01 secs] 
18728.882: [GC (Allocation Failure) 
Desired survivor size 7340032 bytes, new threshold 15 (max 15)
[PSYoungGen: 254239K->6394K(254976K)] 368145K->120426K(1041408K), 0.0137527 secs] [Times: user=0.02 sys=0.00, real=0.01 secs] 
18747.635: [GC (Allocation Failure) 
Desired survivor size 7340032 bytes, new threshold 15 (max 15)
[PSYoungGen: 254202K->6369K(254976K)] 368234K->120528K(1041408K), 0.0106392 secs] [Times: user=0.02 sys=0.00, real=0.01 secs] 
18766.382: [GC (Allocation Failure) 
Desired survivor size 7340032 bytes, new threshold 15 (max 15)
[PSYoungGen: 254177K->6247K(254976K)] 368336K->120614K(1041408K), 0.0111281 secs] [Times: user=0.02 sys=0.00, real=0.02 secs] 
18785.100: [GC (Allocation Failure) 
Desired survivor size 7340032 bytes, new threshold 15 (max 15)
[PSYoungGen: 254055K->6340K(254976K)] 368422K->120779K(1041408K), 0.0113493 secs] [Times: user=0.02 sys=0.00, real=0.01 secs] 
18803.872: [GC (Allocation Failure) 
Desired survivor size 7340032 bytes, new threshold 15 (max 15)
[PSYoungGen: 254148K->6267K(254976K)] 368587K->120879K(1041408K), 0.0109817 secs] [Times: user=0.02 sys=0.00, real=0.01 secs] 
18822.575: [GC (Allocation Failure) 
Desired survivor size 7340032 bytes, new threshold 15 (max 15)
[PSYoungGen: 254075K->6251K(254976K)] 368687K->120983K(1041408K), 0.0120029 secs] [Times: user=0.02 sys=0.00, real=0.01 secs] 
18841.288: [GC (Allocation Failure) 
Desired survivor size 7340032 bytes, new threshold 15 (max 15)
[PSYoungGen: 254059K->6332K(254976K)] 368791K->121144K(1041408K), 0.0145756 secs] [Times: user=0.02 sys=0.00, real=0.01 secs] 
18859.883: [GC (Allocation Failure) 
Desired survivor size 7340032 bytes, new threshold 15 (max 15)
[PSYoungGen: 254140K->6293K(254976K)] 368952K->121231K(1041408K), 0.0107863 secs] [Times: user=0.02 sys=0.00, real=0.01 secs] 
18878.611: [GC (Allocation Failure) 
Desired survivor size 7340032 bytes, new threshold 15 (max 15)
[PSYoungGen: 254101K->6539K(254976K)] 369039K->121604K(1041408K), 0.0125484 secs] [Times: user=0.02 sys=0.00, real=0.01 secs] 
18897.259: [GC (Allocation Failure) 
Desired survivor size 7340032 bytes, new threshold 15 (max 15)
[PSYoungGen: 254347K->6441K(254976K)] 369412K->121586K(1041408K), 0.0109333 secs] [Times: user=0.02 sys=0.00, real=0.01 secs] 
18916.006: [GC (Allocation Failure) 
Desired survivor size 7340032 bytes, new threshold 15 (max 15)
[PSYoungGen: 254249K->6447K(254976K)] 369394K->121727K(1041408K), 0.0108688 secs] [Times: user=0.02 sys=0.00, real=0.01 secs] 
18934.624: [GC (Allocation Failure) 
Desired survivor size 7340032 bytes, new threshold 15 (max 15)
[PSYoungGen: 254255K->6777K(254976K)] 369535K->122129K(1041408K), 0.0136437 secs] [Times: user=0.02 sys=0.00, real=0.01 secs] 
18953.321: [GC (Allocation Failure) 
Desired survivor size 7340032 bytes, new threshold 15 (max 15)
[PSYoungGen: 254585K->6590K(254976K)] 369937K->122014K(1041408K), 0.0115850 secs] [Times: user=0.02 sys=0.00, real=0.01 secs] 
18972.132: [GC (Allocation Failure) 
Desired survivor size 7340032 bytes, new threshold 15 (max 15)
[PSYoungGen: 254398K->6545K(254976K)] 369822K->122065K(1041408K), 0.0118645 secs] [Times: user=0.02 sys=0.00, real=0.02 secs] 
18990.947: [GC (Allocation Failure) 
Desired survivor size 7340032 bytes, new threshold 15 (max 15)
[PSYoungGen: 254353K->6514K(254976K)] 369873K->122145K(1041408K), 0.0137953 secs] [Times: user=0.02 sys=0.00, real=0.01 secs] 
19009.641: [GC (Allocation Failure) 
Desired survivor size 7340032 bytes, new threshold 15 (max 15)
[PSYoungGen: 254321K->6461K(254976K)] 369951K->122163K(1041408K), 0.0121940 secs] [Times: user=0.02 sys=0.00, real=0.01 secs] 
19028.570: [GC (Allocation Failure) 
Desired survivor size 7340032 bytes, new threshold 15 (max 15)
[PSYoungGen: 254269K->6574K(254976K)] 369971K->122348K(1041408K), 0.0116057 secs] [Times: user=0.02 sys=0.00, real=0.01 secs] 
19047.259: [GC (Allocation Failure) 
Desired survivor size 7340032 bytes, new threshold 15 (max 15)
[PSYoungGen: 254382K->6329K(254976K)] 370156K->122324K(1041408K), 0.0108124 secs] [Times: user=0.02 sys=0.00, real=0.01 secs] 
19066.078: [GC (Allocation Failure) 
Desired survivor size 7340032 bytes, new threshold 15 (max 15)
[PSYoungGen: 254137K->6319K(254976K)] 370132K->122441K(1041408K), 0.0155595 secs] [Times: user=0.02 sys=0.00, real=0.01 secs] 
19084.576: [GC (Allocation Failure) 
Desired survivor size 7340032 bytes, new threshold 15 (max 15)
[PSYoungGen: 254127K->6250K(254976K)] 370249K->122499K(1041408K), 0.0109383 secs] [Times: user=0.02 sys=0.00, real=0.01 secs] 
19103.327: [GC (Allocation Failure) 
Desired survivor size 7340032 bytes, new threshold 15 (max 15)
[PSYoungGen: 254058K->6276K(254976K)] 370307K->122597K(1041408K), 0.0108267 secs] [Times: user=0.02 sys=0.00, real=0.01 secs] 
19122.203: [GC (Allocation Failure) 
Desired survivor size 7340032 bytes, new threshold 15 (max 15)
[PSYoungGen: 254084K->6207K(254976K)] 370405K->122655K(1041408K), 0.0141229 secs] [Times: user=0.03 sys=0.00, real=0.02 secs] 
19140.832: [GC (Allocation Failure) 
Desired survivor size 7340032 bytes, new threshold 15 (max 15)
[PSYoungGen: 254015K->6180K(254976K)] 370463K->122801K(1041408K), 0.0164898 secs] [Times: user=0.02 sys=0.00, real=0.01 secs] 
19159.627: [GC (Allocation Failure) 
Desired survivor size 7340032 bytes, new threshold 15 (max 15)
[PSYoungGen: 253988K->6117K(254976K)] 370609K->122959K(1041408K), 0.0109433 secs] [Times: user=0.02 sys=0.00, real=0.01 secs] 
19178.332: [GC (Allocation Failure) 
Desired survivor size 7340032 bytes, new threshold 15 (max 15)
[PSYoungGen: 253925K->6162K(254976K)] 370767K->123084K(1041408K), 0.0124195 secs] [Times: user=0.02 sys=0.00, real=0.01 secs] 
19197.003: [GC (Allocation Failure) 
Desired survivor size 7340032 bytes, new threshold 15 (max 15)
[PSYoungGen: 253970K->6211K(254976K)] 370892K->123259K(1041408K), 0.0123447 secs] [Times: user=0.02 sys=0.00, real=0.01 secs] 
19215.828: [GC (Allocation Failure) 
Desired survivor size 7340032 bytes, new threshold 15 (max 15)
[PSYoungGen: 254019K->6092K(254976K)] 371067K->123275K(1041408K), 0.0120885 secs] [Times: user=0.02 sys=0.00, real=0.02 secs] 
19234.451: [GC (Allocation Failure) 
Desired survivor size 7340032 bytes, new threshold 15 (max 15)
[PSYoungGen: 253900K->6221K(254976K)] 371083K->123532K(1041408K), 0.0108597 secs] [Times: user=0.02 sys=0.00, real=0.01 secs] 
19253.086: [GC (Allocation Failure) 
Desired survivor size 7340032 bytes, new threshold 15 (max 15)
[PSYoungGen: 254029K->6211K(254976K)] 371340K->123601K(1041408K), 0.0113819 secs] [Times: user=0.02 sys=0.00, real=0.02 secs] 
19271.946: [GC (Allocation Failure) 
Desired survivor size 6815744 bytes, new threshold 15 (max 15)
[PSYoungGen: 254019K->6212K(254976K)] 371409K->123674K(1041408K), 0.0107005 secs] [Times: user=0.02 sys=0.00, real=0.01 secs] 
19290.704: [GC (Allocation Failure) 
Desired survivor size 6815744 bytes, new threshold 15 (max 15)
[PSYoungGen: 254020K->6408K(255488K)] 371482K->123950K(1041920K), 0.0197850 secs] [Times: user=0.03 sys=0.00, real=0.02 secs] 
19309.453: [GC (Allocation Failure) 
Desired survivor size 6815744 bytes, new threshold 15 (max 15)
[PSYoungGen: 255240K->6222K(255488K)] 372782K->123836K(1041920K), 0.0108031 secs] [Times: user=0.02 sys=0.00, real=0.01 secs] 
19328.327: [GC (Allocation Failure) 
Desired survivor size 6815744 bytes, new threshold 15 (max 15)
[PSYoungGen: 255054K->6241K(255488K)] 372668K->123982K(1041920K), 0.0109650 secs] [Times: user=0.02 sys=0.00, real=0.01 secs] 
19347.252: [GC (Allocation Failure) 
Desired survivor size 6815744 bytes, new threshold 15 (max 15)
[PSYoungGen: 255073K->6236K(255488K)] 372814K->124049K(1041920K), 0.0112274 secs] [Times: user=0.02 sys=0.00, real=0.01 secs] 
19366.078: [GC (Allocation Failure) 
Desired survivor size 6815744 bytes, new threshold 15 (max 15)
[PSYoungGen: 255068K->6140K(255488K)] 372881K->124150K(1041920K), 0.0113894 secs] [Times: user=0.02 sys=0.00, real=0.01 secs] 
19384.887: [GC (Allocation Failure) 
Desired survivor size 6815744 bytes, new threshold 15 (max 15)
[PSYoungGen: 254972K->6091K(255488K)] 372982K->124229K(1041920K), 0.0104128 secs] [Times: user=0.02 sys=0.00, real=0.01 secs] 
19403.756: [GC (Allocation Failure) 
Desired survivor size 6815744 bytes, new threshold 15 (max 15)
[PSYoungGen: 254923K->6125K(255488K)] 373061K->124342K(1041920K), 0.0126456 secs] [Times: user=0.02 sys=0.00, real=0.01 secs] 
19422.632: [GC (Allocation Failure) 
Desired survivor size 6815744 bytes, new threshold 15 (max 15)
[PSYoungGen: 254957K->6248K(255488K)] 373174K->124584K(1041920K), 0.0119376 secs] [Times: user=0.02 sys=0.00, real=0.01 secs] 
19441.339: [GC (Allocation Failure) 
Desired survivor size 6815744 bytes, new threshold 15 (max 15)
[PSYoungGen: 255080K->6280K(255488K)] 373416K->124743K(1041920K), 0.0124532 secs] [Times: user=0.02 sys=0.00, real=0.01 secs] 
19460.203: [GC (Allocation Failure) 
Desired survivor size 6815744 bytes, new threshold 15 (max 15)
[PSYoungGen: 255112K->6104K(255488K)] 373575K->124740K(1041920K), 0.0108008 secs] [Times: user=0.02 sys=0.00, real=0.01 secs] 
19479.007: [GC (Allocation Failure) 
Desired survivor size 6815744 bytes, new threshold 15 (max 15)
[PSYoungGen: 254936K->6042K(255488K)] 373572K->124852K(1041920K), 0.0109919 secs] [Times: user=0.02 sys=0.00, real=0.01 secs] 
19497.703: [GC (Allocation Failure) 
Desired survivor size 6815744 bytes, new threshold 15 (max 15)
[PSYoungGen: 254874K->6267K(255488K)] 373684K->125157K(1041920K), 0.0109368 secs] [Times: user=0.02 sys=0.00, real=0.02 secs] 
19516.509: [GC (Allocation Failure) 
Desired survivor size 6815744 bytes, new threshold 15 (max 15)
[PSYoungGen: 255099K->6260K(255488K)] 373989K->125332K(1041920K), 0.0114210 secs] [Times: user=0.02 sys=0.00, real=0.01 secs] 
19535.086: [GC (Allocation Failure) 
Desired survivor size 6815744 bytes, new threshold 15 (max 15)
[PSYoungGen: 255092K->6462K(255488K)] 374164K->125606K(1041920K), 0.0140036 secs] [Times: user=0.02 sys=0.00, real=0.02 secs] 
19553.756: [GC (Allocation Failure) 
Desired survivor size 6815744 bytes, new threshold 15 (max 15)
[PSYoungGen: 255294K->6419K(255488K)] 374438K->125635K(1041920K), 0.0124832 secs] [Times: user=0.02 sys=0.00, real=0.01 secs] 
19572.505: [GC (Allocation Failure) 
Desired survivor size 7340032 bytes, new threshold 15 (max 15)
[PSYoungGen: 255251K->6568K(255488K)] 374467K->125856K(1041920K), 0.0108808 secs] [Times: user=0.01 sys=0.00, real=0.01 secs] 
19591.270: [GC (Allocation Failure) 
Desired survivor size 7340032 bytes, new threshold 15 (max 15)
[PSYoungGen: 255400K->6595K(254464K)] 374688K->126010K(1040896K), 0.0120442 secs] [Times: user=0.02 sys=0.00, real=0.01 secs] 
19609.968: [GC (Allocation Failure) 
Desired survivor size 7340032 bytes, new threshold 15 (max 15)
[PSYoungGen: 254403K->6718K(254976K)] 373818K->126213K(1041408K), 0.0141171 secs] [Times: user=0.02 sys=0.00, real=0.02 secs] 
19628.695: [GC (Allocation Failure) 
Desired survivor size 7340032 bytes, new threshold 15 (max 15)
[PSYoungGen: 254526K->6614K(254976K)] 374021K->126180K(1041408K), 0.0119882 secs] [Times: user=0.02 sys=0.00, real=0.01 secs] 
19647.383: [GC (Allocation Failure) 
Desired survivor size 7340032 bytes, new threshold 15 (max 15)
[PSYoungGen: 254422K->6625K(254976K)] 373988K->126264K(1041408K), 0.0113384 secs] [Times: user=0.02 sys=0.00, real=0.01 secs] 
19666.194: [GC (Allocation Failure) 
Desired survivor size 7340032 bytes, new threshold 15 (max 15)
[PSYoungGen: 254433K->6602K(254976K)] 374072K->126321K(1041408K), 0.0136468 secs] [Times: user=0.02 sys=0.00, real=0.01 secs] 
19684.955: [GC (Allocation Failure) 
Desired survivor size 7340032 bytes, new threshold 15 (max 15)
[PSYoungGen: 254410K->6566K(254976K)] 374129K->126357K(1041408K), 0.0118410 secs] [Times: user=0.02 sys=0.00, real=0.01 secs] 
19703.454: [GC (Allocation Failure) 
Desired survivor size 7340032 bytes, new threshold 15 (max 15)
[PSYoungGen: 254374K->6498K(254976K)] 374165K->126496K(1041408K), 0.0117130 secs] [Times: user=0.02 sys=0.00, real=0.02 secs] 
19722.375: [GC (Allocation Failure) 
Desired survivor size 7340032 bytes, new threshold 15 (max 15)
[PSYoungGen: 254306K->6474K(254976K)] 374304K->126599K(1041408K), 0.0126594 secs] [Times: user=0.02 sys=0.00, real=0.02 secs] 
19741.072: [GC (Allocation Failure) 
Desired survivor size 7340032 bytes, new threshold 15 (max 15)
[PSYoungGen: 254282K->6482K(254976K)] 374407K->126687K(1041408K), 0.0134548 secs] [Times: user=0.02 sys=0.00, real=0.01 secs] 
19759.952: [GC (Allocation Failure) 
Desired survivor size 7340032 bytes, new threshold 15 (max 15)
[PSYoungGen: 254290K->6499K(254976K)] 374495K->126830K(1041408K), 0.0113376 secs] [Times: user=0.02 sys=0.00, real=0.02 secs] 
19778.629: [GC (Allocation Failure) 
Desired survivor size 7340032 bytes, new threshold 15 (max 15)
[PSYoungGen: 254307K->6457K(254976K)] 374638K->126868K(1041408K), 0.0178010 secs] [Times: user=0.01 sys=0.00, real=0.02 secs] 
19797.260: [GC (Allocation Failure) 
Desired survivor size 7340032 bytes, new threshold 15 (max 15)
[PSYoungGen: 254265K->6485K(254976K)] 374676K->127023K(1041408K), 0.0141607 secs] [Times: user=0.03 sys=0.00, real=0.01 secs] 
19816.079: [GC (Allocation Failure) 
Desired survivor size 7340032 bytes, new threshold 15 (max 15)
[PSYoungGen: 254293K->6397K(254976K)] 374831K->127120K(1041408K), 0.0144189 secs] [Times: user=0.02 sys=0.00, real=0.02 secs] 
19834.716: [GC (Allocation Failure) 
Desired survivor size 7340032 bytes, new threshold 15 (max 15)
[PSYoungGen: 254205K->6411K(254976K)] 374928K->127262K(1041408K), 0.0121813 secs] [Times: user=0.02 sys=0.00, real=0.01 secs] 
19853.435: [GC (Allocation Failure) 
Desired survivor size 7340032 bytes, new threshold 15 (max 15)
[PSYoungGen: 254219K->6300K(254976K)] 375070K->127316K(1041408K), 0.0117772 secs] [Times: user=0.02 sys=0.00, real=0.01 secs] 
19872.206: [GC (Allocation Failure) 
Desired survivor size 7340032 bytes, new threshold 15 (max 15)
[PSYoungGen: 254108K->6328K(254976K)] 375124K->127441K(1041408K), 0.0121421 secs] [Times: user=0.02 sys=0.00, real=0.01 secs] 
19891.008: [GC (Allocation Failure) 
Desired survivor size 7340032 bytes, new threshold 15 (max 15)
[PSYoungGen: 254136K->6331K(254976K)] 375249K->127554K(1041408K), 0.0150750 secs] [Times: user=0.03 sys=0.00, real=0.02 secs] 
19909.695: [GC (Allocation Failure) 
Desired survivor size 7340032 bytes, new threshold 15 (max 15)
[PSYoungGen: 254139K->6211K(254976K)] 375362K->127607K(1041408K), 0.0122215 secs] [Times: user=0.03 sys=0.00, real=0.02 secs] 
19928.441: [GC (Allocation Failure) 
Desired survivor size 7340032 bytes, new threshold 15 (max 15)
[PSYoungGen: 254019K->6180K(254976K)] 375415K->127753K(1041408K), 0.0112832 secs] [Times: user=0.02 sys=0.00, real=0.01 secs] 
19947.202: [GC (Allocation Failure) 
Desired survivor size 7340032 bytes, new threshold 15 (max 15)
[PSYoungGen: 253988K->6036K(254976K)] 375561K->127735K(1041408K), 0.0127604 secs] [Times: user=0.02 sys=0.00, real=0.01 secs] 
19966.022: [GC (Allocation Failure) 
Desired survivor size 7340032 bytes, new threshold 15 (max 15)
[PSYoungGen: 253844K->6196K(254976K)] 375543K->127967K(1041408K), 0.0124168 secs] [Times: user=0.02 sys=0.00, real=0.01 secs] 
19984.817: [GC (Allocation Failure) 
Desired survivor size 7340032 bytes, new threshold 15 (max 15)
[PSYoungGen: 254004K->6147K(254976K)] 375775K->128069K(1041408K), 0.0131315 secs] [Times: user=0.01 sys=0.00, real=0.02 secs] 
20003.576: [GC (Allocation Failure) 
Desired survivor size 7340032 bytes, new threshold 15 (max 15)
[PSYoungGen: 253955K->6157K(254976K)] 375877K->128159K(1041408K), 0.0140939 secs] [Times: user=0.03 sys=0.00, real=0.02 secs] 
20022.447: [GC (Allocation Failure) 
Desired survivor size 7340032 bytes, new threshold 15 (max 15)
[PSYoungGen: 253965K->6130K(254976K)] 375967K->128212K(1041408K), 0.0139221 secs] [Times: user=0.02 sys=0.01, real=0.01 secs] 
20041.130: [GC (Allocation Failure) 
Desired survivor size 7340032 bytes, new threshold 15 (max 15)
[PSYoungGen: 253938K->6130K(254976K)] 376020K->128284K(1041408K), 0.0118960 secs] [Times: user=0.02 sys=0.00, real=0.01 secs] 
20060.009: [GC (Allocation Failure) 
Desired survivor size 7340032 bytes, new threshold 15 (max 15)
[PSYoungGen: 253938K->6039K(254976K)] 376092K->128414K(1041408K), 0.0114683 secs] [Times: user=0.02 sys=0.00, real=0.01 secs] 
20078.758: [GC (Allocation Failure) 
Desired survivor size 7340032 bytes, new threshold 15 (max 15)
[PSYoungGen: 253847K->6039K(254976K)] 376222K->128587K(1041408K), 0.0118966 secs] [Times: user=0.02 sys=0.00, real=0.01 secs] 
20097.384: [GC (Allocation Failure) 
Desired survivor size 6815744 bytes, new threshold 15 (max 15)
[PSYoungGen: 253847K->6072K(254976K)] 376395K->128739K(1041408K), 0.0116575 secs] [Times: user=0.02 sys=0.01, real=0.02 secs] 
20116.205: [GC (Allocation Failure) 
Desired survivor size 6815744 bytes, new threshold 15 (max 15)
[PSYoungGen: 253879K->6015K(255488K)] 376546K->128856K(1041920K), 0.0120999 secs] [Times: user=0.02 sys=0.00, real=0.01 secs] 
20134.966: [GC (Allocation Failure) 
Desired survivor size 6815744 bytes, new threshold 15 (max 15)
[PSYoungGen: 254847K->6212K(255488K)] 377688K->129133K(1041920K), 0.0111206 secs] [Times: user=0.02 sys=0.00, real=0.01 secs] 
20153.733: [GC (Allocation Failure) 
Desired survivor size 6815744 bytes, new threshold 15 (max 15)
[PSYoungGen: 255044K->6137K(255488K)] 377965K->129129K(1041920K), 0.0117286 secs] [Times: user=0.02 sys=0.00, real=0.01 secs] 
20172.694: [GC (Allocation Failure) 
Desired survivor size 6815744 bytes, new threshold 15 (max 15)
[PSYoungGen: 254969K->6113K(255488K)] 377961K->129224K(1041920K), 0.0131376 secs] [Times: user=0.01 sys=0.00, real=0.02 secs] 
20191.454: [GC (Allocation Failure) 
Desired survivor size 6815744 bytes, new threshold 15 (max 15)
[PSYoungGen: 254945K->6049K(255488K)] 378056K->129288K(1041920K), 0.0108434 secs] [Times: user=0.02 sys=0.00, real=0.01 secs] 
20210.329: [GC (Allocation Failure) 
Desired survivor size 6815744 bytes, new threshold 15 (max 15)
[PSYoungGen: 254881K->5995K(255488K)] 378120K->129360K(1041920K), 0.0116787 secs] [Times: user=0.02 sys=0.00, real=0.01 secs] 
20229.252: [GC (Allocation Failure) 
Desired survivor size 6815744 bytes, new threshold 15 (max 15)
[PSYoungGen: 254827K->6107K(255488K)] 378192K->129591K(1041920K), 0.0110931 secs] [Times: user=0.02 sys=0.00, real=0.01 secs] 
20248.071: [GC (Allocation Failure) 
Desired survivor size 6815744 bytes, new threshold 15 (max 15)
[PSYoungGen: 254939K->6094K(255488K)] 378423K->129650K(1041920K), 0.0117705 secs] [Times: user=0.02 sys=0.00, real=0.01 secs] 
20266.883: [GC (Allocation Failure) 
Desired survivor size 6815744 bytes, new threshold 15 (max 15)
[PSYoungGen: 254926K->6131K(255488K)] 378482K->129805K(1041920K), 0.0113370 secs] [Times: user=0.02 sys=0.00, real=0.01 secs] 
20285.707: [GC (Allocation Failure) 
Desired survivor size 6815744 bytes, new threshold 15 (max 15)
[PSYoungGen: 254963K->6120K(255488K)] 378637K->129874K(1041920K), 0.0132180 secs] [Times: user=0.02 sys=0.00, real=0.01 secs] 
20304.573: [GC (Allocation Failure) 
Desired survivor size 6815744 bytes, new threshold 15 (max 15)
[PSYoungGen: 254952K->6099K(255488K)] 378706K->129972K(1041920K), 0.0155320 secs] [Times: user=0.02 sys=0.00, real=0.02 secs] 
20323.194: [GC (Allocation Failure) 
Desired survivor size 6815744 bytes, new threshold 15 (max 15)
[PSYoungGen: 254931K->6167K(255488K)] 378804K->130112K(1041920K), 0.0111516 secs] [Times: user=0.02 sys=0.01, real=0.01 secs] 
20342.006: [GC (Allocation Failure) 
Desired survivor size 6815744 bytes, new threshold 15 (max 15)
[PSYoungGen: 254999K->6184K(255488K)] 378944K->130210K(1041920K), 0.0113530 secs] [Times: user=0.02 sys=0.00, real=0.01 secs] 
20360.949: [GC (Allocation Failure) 
Desired survivor size 6815744 bytes, new threshold 15 (max 15)
[PSYoungGen: 255009K->6105K(255488K)] 379034K->130257K(1041920K), 0.0125513 secs] [Times: user=0.02 sys=0.00, real=0.01 secs] 
20379.887: [GC (Allocation Failure) 
Desired survivor size 6815744 bytes, new threshold 15 (max 15)
[PSYoungGen: 254937K->6014K(255488K)] 379089K->130339K(1041920K), 0.0110483 secs] [Times: user=0.02 sys=0.00, real=0.02 secs] 
20398.702: [GC (Allocation Failure) 
Desired survivor size 6815744 bytes, new threshold 15 (max 15)
[PSYoungGen: 254846K->6030K(255488K)] 379171K->130428K(1041920K), 0.0165301 secs] [Times: user=0.03 sys=0.01, real=0.01 secs] 
20417.513: [GC (Allocation Failure) 
Desired survivor size 6815744 bytes, new threshold 15 (max 15)
[PSYoungGen: 254862K->6254K(255488K)] 379260K->130732K(1041920K), 0.0120887 secs] [Times: user=0.02 sys=0.00, real=0.02 secs] 
20436.251: [GC (Allocation Failure) 
Desired survivor size 6815744 bytes, new threshold 15 (max 15)
[PSYoungGen: 255086K->6134K(255488K)] 379564K->130739K(1041920K), 0.0191704 secs] [Times: user=0.02 sys=0.00, real=0.02 secs] 
20455.101: [GC (Allocation Failure) 
Desired survivor size 6815744 bytes, new threshold 15 (max 15)
[PSYoungGen: 254966K->6206K(255488K)] 379571K->130929K(1041920K), 0.0111525 secs] [Times: user=0.02 sys=0.00, real=0.01 secs] 
20474.077: [GC (Allocation Failure) 
Desired survivor size 6815744 bytes, new threshold 15 (max 15)
[PSYoungGen: 255038K->6023K(255488K)] 379761K->130873K(1041920K), 0.0118337 secs] [Times: user=0.02 sys=0.00, real=0.01 secs] 
20492.950: [GC (Allocation Failure) 
Desired survivor size 6815744 bytes, new threshold 15 (max 15)
[PSYoungGen: 254855K->6069K(255488K)] 379705K->130991K(1041920K), 0.1535984 secs] [Times: user=0.02 sys=0.00, real=0.15 secs] 
20511.632: [GC (Allocation Failure) 
Desired survivor size 6815744 bytes, new threshold 15 (max 15)
[PSYoungGen: 254901K->6070K(255488K)] 379823K->131119K(1041920K), 0.0117790 secs] [Times: user=0.02 sys=0.00, real=0.01 secs] 
20530.579: [GC (Allocation Failure) 
Desired survivor size 6815744 bytes, new threshold 15 (max 15)
[PSYoungGen: 254902K->6014K(255488K)] 379951K->131190K(1041920K), 0.0221072 secs] [Times: user=0.03 sys=0.00, real=0.02 secs] 
20549.510: [GC (Allocation Failure) 
Desired survivor size 6815744 bytes, new threshold 15 (max 15)
[PSYoungGen: 254846K->5879K(255488K)] 380022K->131239K(1041920K), 0.0113986 secs] [Times: user=0.01 sys=0.00, real=0.01 secs] 
20568.259: [GC (Allocation Failure) 
Desired survivor size 6815744 bytes, new threshold 15 (max 15)
[PSYoungGen: 254711K->5918K(255488K)] 380071K->131404K(1041920K), 0.0126535 secs] [Times: user=0.02 sys=0.00, real=0.01 secs] 
20587.132: [GC (Allocation Failure) 
Desired survivor size 6815744 bytes, new threshold 15 (max 15)
[PSYoungGen: 254750K->6011K(255488K)] 380236K->131625K(1041920K), 0.0121918 secs] [Times: user=0.02 sys=0.00, real=0.01 secs] 
20606.080: [GC (Allocation Failure) 
Desired survivor size 6815744 bytes, new threshold 15 (max 15)
[PSYoungGen: 254843K->5864K(255488K)] 380457K->131629K(1041920K), 0.0105059 secs] [Times: user=0.02 sys=0.00, real=0.01 secs] 
20624.955: [GC (Allocation Failure) 
Desired survivor size 6815744 bytes, new threshold 15 (max 15)
[PSYoungGen: 254696K->5865K(255488K)] 380461K->131701K(1041920K), 0.0109864 secs] [Times: user=0.01 sys=0.00, real=0.01 secs] 
20643.883: [GC (Allocation Failure) 
Desired survivor size 6815744 bytes, new threshold 15 (max 15)
[PSYoungGen: 254697K->5848K(255488K)] 380533K->131757K(1041920K), 0.0174199 secs] [Times: user=0.01 sys=0.00, real=0.02 secs] 
20662.827: [GC (Allocation Failure) 
Desired survivor size 6815744 bytes, new threshold 15 (max 15)
[PSYoungGen: 254680K->5861K(255488K)] 380589K->131841K(1041920K), 0.0120208 secs] [Times: user=0.02 sys=0.00, real=0.01 secs] 
20681.741: [GC (Allocation Failure) 
Desired survivor size 6815744 bytes, new threshold 15 (max 15)
[PSYoungGen: 254693K->5909K(255488K)] 380673K->132008K(1041920K), 0.0115823 secs] [Times: user=0.02 sys=0.00, real=0.01 secs] 
20700.578: [GC (Allocation Failure) 
Desired survivor size 6815744 bytes, new threshold 15 (max 15)
[PSYoungGen: 254741K->5841K(255488K)] 380840K->132079K(1041920K), 0.0172318 secs] [Times: user=0.03 sys=0.00, real=0.01 secs] 
20719.386: [GC (Allocation Failure) 
Desired survivor size 6815744 bytes, new threshold 15 (max 15)
[PSYoungGen: 254668K->5941K(255488K)] 380906K->132353K(1041920K), 0.0121582 secs] [Times: user=0.01 sys=0.00, real=0.01 secs] 
20738.323: [GC (Allocation Failure) 
Desired survivor size 6815744 bytes, new threshold 15 (max 15)
[PSYoungGen: 254773K->5859K(255488K)] 381185K->132383K(1041920K), 0.0120155 secs] [Times: user=0.02 sys=0.00, real=0.01 secs] 
20757.143: [GC (Allocation Failure) 
Desired survivor size 6815744 bytes, new threshold 15 (max 15)
[PSYoungGen: 254691K->5876K(255488K)] 381215K->132481K(1041920K), 0.0110221 secs] [Times: user=0.02 sys=0.00, real=0.01 secs] 
20776.130: [GC (Allocation Failure) 
Desired survivor size 6815744 bytes, new threshold 15 (max 15)
[PSYoungGen: 254708K->5778K(255488K)] 381313K->132504K(1041920K), 0.0108692 secs] [Times: user=0.02 sys=0.01, real=0.01 secs] 
20794.938: [GC (Allocation Failure) 
Desired survivor size 6815744 bytes, new threshold 15 (max 15)
[PSYoungGen: 254610K->5669K(255488K)] 381336K->132657K(1041920K), 0.0130012 secs] [Times: user=0.02 sys=0.00, real=0.02 secs] 
20813.626: [GC (Allocation Failure) 
Desired survivor size 6815744 bytes, new threshold 15 (max 15)
[PSYoungGen: 254501K->5773K(255488K)] 381489K->132832K(1041920K), 0.0114922 secs] [Times: user=0.02 sys=0.00, real=0.01 secs] 
20832.570: [GC (Allocation Failure) 
Desired survivor size 6815744 bytes, new threshold 15 (max 15)
[PSYoungGen: 254605K->5852K(255488K)] 381664K->133032K(1041920K), 0.0120985 secs] [Times: user=0.02 sys=0.00, real=0.01 secs] 
20851.388: [GC (Allocation Failure) 
Desired survivor size 6815744 bytes, new threshold 15 (max 15)
[PSYoungGen: 254684K->5755K(255488K)] 381864K->133109K(1041920K), 0.0136051 secs] [Times: user=0.02 sys=0.00, real=0.02 secs] 
20870.202: [GC (Allocation Failure) 
Desired survivor size 6815744 bytes, new threshold 15 (max 15)
[PSYoungGen: 254587K->5783K(255488K)] 381941K->133305K(1041920K), 0.0114019 secs] [Times: user=0.01 sys=0.00, real=0.01 secs] 
20889.080: [GC (Allocation Failure) 
Desired survivor size 6815744 bytes, new threshold 15 (max 15)
[PSYoungGen: 254615K->5799K(255488K)] 382137K->133442K(1041920K), 0.0112344 secs] [Times: user=0.02 sys=0.00, real=0.01 secs] 
20908.008: [GC (Allocation Failure) 
Desired survivor size 6291456 bytes, new threshold 15 (max 15)
[PSYoungGen: 254631K->5800K(256000K)] 382274K->133523K(1042432K), 0.0109776 secs] [Times: user=0.01 sys=0.00, real=0.02 secs] 
20926.887: [GC (Allocation Failure) 
Desired survivor size 6291456 bytes, new threshold 15 (max 15)
[PSYoungGen: 255144K->5753K(255488K)] 382867K->133597K(1041920K), 0.0126013 secs] [Times: user=0.03 sys=0.00, real=0.01 secs] 
20945.508: [GC (Allocation Failure) 
Desired survivor size 6291456 bytes, new threshold 15 (max 15)
[PSYoungGen: 255097K->5892K(256000K)] 382941K->133849K(1042432K), 0.0134661 secs] [Times: user=0.02 sys=0.00, real=0.01 secs] 
20964.499: [GC (Allocation Failure) 
Desired survivor size 6291456 bytes, new threshold 15 (max 15)
[PSYoungGen: 255748K->5904K(256000K)] 383705K->133980K(1042432K), 0.0111932 secs] [Times: user=0.02 sys=0.00, real=0.01 secs] 
20983.442: [GC (Allocation Failure) 
Desired survivor size 6291456 bytes, new threshold 15 (max 15)
[PSYoungGen: 255760K->5978K(256000K)] 383836K->134175K(1042432K), 0.0111775 secs] [Times: user=0.02 sys=0.00, real=0.01 secs] 
21002.327: [GC (Allocation Failure) 
Desired survivor size 6291456 bytes, new threshold 15 (max 15)
[PSYoungGen: 255834K->5933K(256000K)] 384031K->134235K(1042432K), 0.0174584 secs] [Times: user=0.02 sys=0.00, real=0.02 secs] 
21021.311: [GC (Allocation Failure) 
Desired survivor size 6815744 bytes, new threshold 14 (max 15)
[PSYoungGen: 255789K->6140K(254976K)] 384091K->134570K(1041408K), 0.0123274 secs] [Times: user=0.02 sys=0.00, real=0.01 secs] 
21040.126: [GC (Allocation Failure) 
Desired survivor size 6815744 bytes, new threshold 15 (max 15)
[PSYoungGen: 254972K->6120K(255488K)] 383402K->134693K(1041920K), 0.0115513 secs] [Times: user=0.02 sys=0.00, real=0.02 secs] 
21058.883: [GC (Allocation Failure) 
Desired survivor size 6815744 bytes, new threshold 15 (max 15)
[PSYoungGen: 254952K->6091K(255488K)] 383525K->134664K(1041920K), 0.0111280 secs] [Times: user=0.02 sys=0.00, real=0.01 secs] 
21077.825: [GC (Allocation Failure) 
Desired survivor size 6815744 bytes, new threshold 15 (max 15)
[PSYoungGen: 254923K->6067K(255488K)] 383496K->134768K(1041920K), 0.0107092 secs] [Times: user=0.02 sys=0.00, real=0.01 secs] 
21096.700: [GC (Allocation Failure) 
Desired survivor size 6815744 bytes, new threshold 15 (max 15)
[PSYoungGen: 254899K->5949K(255488K)] 383600K->134817K(1041920K), 0.0132925 secs] [Times: user=0.02 sys=0.00, real=0.01 secs] 
21115.502: [GC (Allocation Failure) 
Desired survivor size 6815744 bytes, new threshold 15 (max 15)
[PSYoungGen: 254781K->5921K(255488K)] 383649K->134984K(1041920K), 0.0116866 secs] [Times: user=0.02 sys=0.00, real=0.01 secs] 
21134.388: [GC (Allocation Failure) 
Desired survivor size 6815744 bytes, new threshold 15 (max 15)
[PSYoungGen: 254753K->5737K(255488K)] 383816K->134943K(1041920K), 0.0109840 secs] [Times: user=0.02 sys=0.00, real=0.01 secs] 
21153.328: [GC (Allocation Failure) 
Desired survivor size 6815744 bytes, new threshold 15 (max 15)
[PSYoungGen: 254569K->5817K(255488K)] 383775K->135166K(1041920K), 0.0218401 secs] [Times: user=0.01 sys=0.00, real=0.02 secs] 
21172.077: [GC (Allocation Failure) 
Desired survivor size 6815744 bytes, new threshold 15 (max 15)
[PSYoungGen: 254649K->5853K(255488K)] 383998K->135282K(1041920K), 0.0111626 secs] [Times: user=0.02 sys=0.00, real=0.02 secs] 
21191.072: [GC (Allocation Failure) 
Desired survivor size 6815744 bytes, new threshold 15 (max 15)
[PSYoungGen: 254685K->5818K(255488K)] 384114K->135360K(1041920K), 0.0133120 secs] [Times: user=0.02 sys=0.00, real=0.01 secs] 
21209.878: [GC (Allocation Failure) 
Desired survivor size 6815744 bytes, new threshold 15 (max 15)
[PSYoungGen: 254650K->5905K(255488K)] 384192K->135527K(1041920K), 0.0114526 secs] [Times: user=0.02 sys=0.00, real=0.01 secs] 
21228.751: [GC (Allocation Failure) 
Desired survivor size 6815744 bytes, new threshold 15 (max 15)
[PSYoungGen: 254737K->5732K(255488K)] 384359K->135584K(1041920K), 0.0108170 secs] [Times: user=0.02 sys=0.00, real=0.01 secs] 
21247.628: [GC (Allocation Failure) 
Desired survivor size 6815744 bytes, new threshold 15 (max 15)
[PSYoungGen: 254564K->5785K(255488K)] 384416K->135751K(1041920K), 0.0133678 secs] [Times: user=0.02 sys=0.00, real=0.02 secs] 
21266.506: [GC (Allocation Failure) 
Desired survivor size 6815744 bytes, new threshold 15 (max 15)
[PSYoungGen: 254617K->5710K(255488K)] 384583K->135849K(1041920K), 0.0119889 secs] [Times: user=0.02 sys=0.00, real=0.01 secs] 
21285.413: [GC (Allocation Failure) 
Desired survivor size 6815744 bytes, new threshold 15 (max 15)
[PSYoungGen: 254542K->5923K(255488K)] 384681K->136183K(1041920K), 0.0119916 secs] [Times: user=0.02 sys=0.00, real=0.02 secs] 
21304.328: [GC (Allocation Failure) 
Desired survivor size 6815744 bytes, new threshold 15 (max 15)
[PSYoungGen: 254755K->5699K(255488K)] 385015K->136088K(1041920K), 0.0111438 secs] [Times: user=0.02 sys=0.00, real=0.01 secs] 
21323.072: [GC (Allocation Failure) 
Desired survivor size 6815744 bytes, new threshold 15 (max 15)
[PSYoungGen: 254531K->5897K(255488K)] 384920K->136452K(1041920K), 0.0114563 secs] [Times: user=0.02 sys=0.00, real=0.01 secs] 
21342.006: [GC (Allocation Failure) 
Desired survivor size 6815744 bytes, new threshold 15 (max 15)
[PSYoungGen: 254729K->5704K(255488K)] 385284K->136380K(1041920K), 0.0111971 secs] [Times: user=0.02 sys=0.00, real=0.01 secs] 
21360.701: [GC (Allocation Failure) 
Desired survivor size 6291456 bytes, new threshold 15 (max 15)
[PSYoungGen: 254536K->5828K(256000K)] 385212K->136576K(1042432K), 0.0153901 secs] [Times: user=0.03 sys=0.00, real=0.02 secs] 
21379.632: [GC (Allocation Failure) 
Desired survivor size 6291456 bytes, new threshold 15 (max 15)
[PSYoungGen: 255172K->5834K(255488K)] 385920K->136679K(1041920K), 0.0115205 secs] [Times: user=0.02 sys=0.00, real=0.01 secs] 
21398.505: [GC (Allocation Failure) 
Desired survivor size 6291456 bytes, new threshold 15 (max 15)
[PSYoungGen: 255178K->5812K(256000K)] 386023K->136800K(1042432K), 0.0112675 secs] [Times: user=0.02 sys=0.00, real=0.01 secs] 
21417.382: [GC (Allocation Failure) 
Desired survivor size 6291456 bytes, new threshold 15 (max 15)
[PSYoungGen: 255668K->5950K(256000K)] 386656K->137018K(1042432K), 0.0109118 secs] [Times: user=0.02 sys=0.00, real=0.01 secs] 
21436.435: [GC (Allocation Failure) 
Desired survivor size 6291456 bytes, new threshold 15 (max 15)
[PSYoungGen: 255806K->6023K(256000K)] 386874K->137218K(1042432K), 0.0115508 secs] [Times: user=0.02 sys=0.00, real=0.01 secs] 
21455.438: [GC (Allocation Failure) 
Desired survivor size 6815744 bytes, new threshold 15 (max 15)
[PSYoungGen: 255879K->6103K(256000K)] 387074K->137370K(1042432K), 0.0113586 secs] [Times: user=0.02 sys=0.00, real=0.01 secs] 
21474.378: [GC (Allocation Failure) 
Desired survivor size 6815744 bytes, new threshold 15 (max 15)
[PSYoungGen: 255959K->5895K(254976K)] 387226K->137242K(1041408K), 0.0117628 secs] [Times: user=0.02 sys=0.00, real=0.01 secs] 
21493.252: [GC (Allocation Failure) 
Desired survivor size 6291456 bytes, new threshold 15 (max 15)
[PSYoungGen: 254727K->5863K(255488K)] 386074K->137336K(1041920K), 0.0124384 secs] [Times: user=0.02 sys=0.00, real=0.01 secs] 
21512.077: [GC (Allocation Failure) 
Desired survivor size 6815744 bytes, new threshold 15 (max 15)
[PSYoungGen: 254695K->5972K(254976K)] 386168K->137526K(1041408K), 0.0108489 secs] [Times: user=0.02 sys=0.00, real=0.01 secs] 
21530.873: [GC (Allocation Failure) 
Desired survivor size 6291456 bytes, new threshold 15 (max 15)
[PSYoungGen: 254804K->5934K(255488K)] 386358K->137615K(1041920K), 0.0141735 secs] [Times: user=0.02 sys=0.00, real=0.01 secs] 
21549.574: [GC (Allocation Failure) 
Desired survivor size 6291456 bytes, new threshold 15 (max 15)
[PSYoungGen: 254766K->5968K(256000K)] 386447K->137721K(1042432K), 0.0125859 secs] [Times: user=0.02 sys=0.00, real=0.02 secs] 
21568.509: [GC (Allocation Failure) 
Desired survivor size 6291456 bytes, new threshold 15 (max 15)
[PSYoungGen: 255824K->5883K(256000K)] 387577K->137708K(1042432K), 0.0109332 secs] [Times: user=0.02 sys=0.00, real=0.01 secs] 
21587.456: [GC (Allocation Failure) 
Desired survivor size 6815744 bytes, new threshold 15 (max 15)
[PSYoungGen: 255739K->6092K(254976K)] 387564K->137989K(1041408K), 0.0108268 secs] [Times: user=0.02 sys=0.00, real=0.01 secs] 
21606.382: [GC (Allocation Failure) 
Desired survivor size 6815744 bytes, new threshold 15 (max 15)
[PSYoungGen: 254924K->5900K(255488K)] 386821K->137884K(1041920K), 0.0115389 secs] [Times: user=0.02 sys=0.00, real=0.02 secs] 
21625.135: [GC (Allocation Failure) 
Desired survivor size 6815744 bytes, new threshold 15 (max 15)
[PSYoungGen: 254732K->6145K(255488K)] 386716K->138202K(1041920K), 0.0112461 secs] [Times: user=0.02 sys=0.00, real=0.01 secs] 
21633.877: [GC (System.gc()) 
Desired survivor size 6815744 bytes, new threshold 15 (max 15)
[PSYoungGen: 122111K->5624K(255488K)] 254168K->137854K(1041920K), 0.0125124 secs] [Times: user=0.02 sys=0.00, real=0.02 secs] 
21633.889: [Full GC (System.gc()) [PSYoungGen: 5624K->0K(255488K)] [ParOldGen: 132230K->111338K(786432K)] 137854K->111338K(1041920K), [Metaspace: 91001K->91001K(1132544K)], 0.3107177 secs] [Times: user=0.47 sys=0.00, real=0.31 secs] 
21652.455: [GC (Allocation Failure) 
Desired survivor size 6815744 bytes, new threshold 15 (max 15)
[PSYoungGen: 248832K->4619K(255488K)] 360170K->115958K(1041920K), 0.0124722 secs] [Times: user=0.02 sys=0.00, real=0.01 secs] 
21671.389: [GC (Allocation Failure) 
Desired survivor size 6815744 bytes, new threshold 15 (max 15)
[PSYoungGen: 253451K->4731K(255488K)] 364790K->116070K(1041920K), 0.0143116 secs] [Times: user=0.02 sys=0.00, real=0.02 secs] 
21690.258: [GC (Allocation Failure) 
Desired survivor size 6815744 bytes, new threshold 15 (max 15)
[PSYoungGen: 253563K->4811K(255488K)] 364902K->116150K(1041920K), 0.0107471 secs] [Times: user=0.01 sys=0.00, real=0.01 secs] 
21709.129: [GC (Allocation Failure) 
Desired survivor size 6815744 bytes, new threshold 15 (max 15)
[PSYoungGen: 253643K->4875K(255488K)] 364982K->116214K(1041920K), 0.0104953 secs] [Times: user=0.01 sys=0.00, real=0.01 secs] 
21728.003: [GC (Allocation Failure) 
Desired survivor size 6815744 bytes, new threshold 15 (max 15)
[PSYoungGen: 253707K->5009K(255488K)] 365046K->116348K(1041920K), 0.0102839 secs] [Times: user=0.02 sys=0.00, real=0.01 secs] 
21746.883: [GC (Allocation Failure) 
Desired survivor size 6815744 bytes, new threshold 15 (max 15)
[PSYoungGen: 253841K->5076K(255488K)] 365180K->116414K(1041920K), 0.0105297 secs] [Times: user=0.02 sys=0.00, real=0.01 secs] 
21765.636: [GC (Allocation Failure) 
Desired survivor size 6815744 bytes, new threshold 15 (max 15)
[PSYoungGen: 253908K->5263K(255488K)] 365246K->116602K(1041920K), 0.0115856 secs] [Times: user=0.02 sys=0.00, real=0.01 secs] 
21784.509: [GC (Allocation Failure) 
Desired survivor size 6815744 bytes, new threshold 15 (max 15)
[PSYoungGen: 254095K->5462K(255488K)] 365434K->116801K(1041920K), 0.0168935 secs] [Times: user=0.02 sys=0.00, real=0.02 secs] 
21803.329: [GC (Allocation Failure) 
Desired survivor size 6815744 bytes, new threshold 15 (max 15)
[PSYoungGen: 254294K->5551K(255488K)] 365633K->116890K(1041920K), 0.0102832 secs] [Times: user=0.01 sys=0.00, real=0.01 secs] 
21822.253: [GC (Allocation Failure) 
Desired survivor size 6815744 bytes, new threshold 15 (max 15)
[PSYoungGen: 254383K->5655K(255488K)] 365722K->116993K(1041920K), 0.0117171 secs] [Times: user=0.02 sys=0.00, real=0.01 secs] 
21841.072: [GC (Allocation Failure) 
Desired survivor size 6815744 bytes, new threshold 15 (max 15)
[PSYoungGen: 254487K->5784K(255488K)] 365825K->117123K(1041920K), 0.0113569 secs] [Times: user=0.02 sys=0.00, real=0.01 secs] 
21859.952: [GC (Allocation Failure) 
Desired survivor size 6815744 bytes, new threshold 15 (max 15)
[PSYoungGen: 254616K->5831K(255488K)] 365955K->117170K(1041920K), 0.0106108 secs] [Times: user=0.02 sys=0.00, real=0.02 secs] 
21878.877: [GC (Allocation Failure) 
Desired survivor size 6815744 bytes, new threshold 15 (max 15)
[PSYoungGen: 254663K->5965K(255488K)] 366002K->117304K(1041920K), 0.0118725 secs] [Times: user=0.02 sys=0.00, real=0.01 secs] 
21897.633: [GC (Allocation Failure) 
Desired survivor size 6815744 bytes, new threshold 15 (max 15)
[PSYoungGen: 254797K->5983K(255488K)] 366136K->117321K(1041920K), 0.0108762 secs] [Times: user=0.02 sys=0.00, real=0.01 secs] 
21916.582: [GC (Allocation Failure) 
Desired survivor size 6815744 bytes, new threshold 15 (max 15)
[PSYoungGen: 254815K->6046K(255488K)] 366153K->117385K(1041920K), 0.0128129 secs] [Times: user=0.02 sys=0.00, real=0.01 secs] 
21935.487: [GC (Allocation Failure) 
Desired survivor size 6815744 bytes, new threshold 15 (max 15)
[PSYoungGen: 254878K->5643K(255488K)] 366217K->117565K(1041920K), 0.0113537 secs] [Times: user=0.02 sys=0.00, real=0.01 secs] 
21954.319: [GC (Allocation Failure) 
Desired survivor size 6815744 bytes, new threshold 15 (max 15)
[PSYoungGen: 254475K->5659K(255488K)] 366397K->117637K(1041920K), 0.0104451 secs] [Times: user=0.02 sys=0.00, real=0.01 secs] 
21973.111: [GC (Allocation Failure) 
Desired survivor size 6815744 bytes, new threshold 15 (max 15)
[PSYoungGen: 254491K->5754K(255488K)] 366469K->117788K(1041920K), 0.0109862 secs] [Times: user=0.01 sys=0.00, real=0.01 secs] 
21991.960: [GC (Allocation Failure) 
Desired survivor size 6815744 bytes, new threshold 15 (max 15)
[PSYoungGen: 254586K->5774K(255488K)] 366620K->117863K(1041920K), 0.0204704 secs] [Times: user=0.02 sys=0.00, real=0.02 secs] 
22010.757: [GC (Allocation Failure) 
Desired survivor size 6815744 bytes, new threshold 15 (max 15)
[PSYoungGen: 254606K->5791K(255488K)] 366695K->117983K(1041920K), 0.0129948 secs] [Times: user=0.02 sys=0.00, real=0.01 secs] 
22029.625: [GC (Allocation Failure) 
Desired survivor size 6815744 bytes, new threshold 15 (max 15)
[PSYoungGen: 254623K->5942K(255488K)] 366815K->118190K(1041920K), 0.0111454 secs] [Times: user=0.02 sys=0.00, real=0.01 secs] 
22048.512: [GC (Allocation Failure) 
Desired survivor size 6815744 bytes, new threshold 15 (max 15)
[PSYoungGen: 254774K->5783K(255488K)] 367022K->118181K(1041920K), 0.0107262 secs] [Times: user=0.02 sys=0.00, real=0.01 secs] 
22067.383: [GC (Allocation Failure) 
Desired survivor size 6815744 bytes, new threshold 15 (max 15)
[PSYoungGen: 254615K->5714K(255488K)] 367013K->118255K(1041920K), 0.0111345 secs] [Times: user=0.02 sys=0.00, real=0.02 secs] 
22086.323: [GC (Allocation Failure) 
Desired survivor size 6815744 bytes, new threshold 15 (max 15)
[PSYoungGen: 254546K->5706K(255488K)] 367087K->118375K(1041920K), 0.0114522 secs] [Times: user=0.02 sys=0.00, real=0.01 secs] 
22105.135: [GC (Allocation Failure) 
Desired survivor size 6815744 bytes, new threshold 15 (max 15)
[PSYoungGen: 254538K->5739K(255488K)] 367207K->118511K(1041920K), 0.0112092 secs] [Times: user=0.01 sys=0.00, real=0.01 secs] 
22124.075: [GC (Allocation Failure) 
Desired survivor size 6291456 bytes, new threshold 15 (max 15)
[PSYoungGen: 254571K->5753K(255488K)] 367343K->118622K(1041920K), 0.0122596 secs] [Times: user=0.02 sys=0.00, real=0.01 secs] 
22142.824: [GC (Allocation Failure) 
Desired survivor size 6815744 bytes, new threshold 15 (max 15)
[PSYoungGen: 254585K->5887K(254976K)] 367454K->118813K(1041408K), 0.0186052 secs] [Times: user=0.02 sys=0.00, real=0.02 secs] 
22161.505: [GC (Allocation Failure) 
Desired survivor size 6815744 bytes, new threshold 15 (max 15)
[PSYoungGen: 254719K->5935K(255488K)] 367645K->118963K(1041920K), 0.0149074 secs] [Times: user=0.02 sys=0.00, real=0.02 secs] 
22180.329: [GC (Allocation Failure) 
Desired survivor size 6815744 bytes, new threshold 15 (max 15)
[PSYoungGen: 254767K->5942K(255488K)] 367795K->119073K(1041920K), 0.0108462 secs] [Times: user=0.02 sys=0.00, real=0.01 secs] 
22199.197: [GC (Allocation Failure) 
Desired survivor size 6815744 bytes, new threshold 15 (max 15)
[PSYoungGen: 254774K->5990K(255488K)] 367905K->119185K(1041920K), 0.0116879 secs] [Times: user=0.01 sys=0.00, real=0.01 secs] 
22217.946: [GC (Allocation Failure) 
Desired survivor size 6815744 bytes, new threshold 15 (max 15)
[PSYoungGen: 254822K->6230K(255488K)] 368017K->119488K(1041920K), 0.0106584 secs] [Times: user=0.02 sys=0.00, real=0.02 secs] 
22236.593: [GC (Allocation Failure) 
Desired survivor size 6815744 bytes, new threshold 15 (max 15)
[PSYoungGen: 255062K->6291K(255488K)] 368320K->119622K(1041920K), 0.0161680 secs] [Times: user=0.02 sys=0.00, real=0.01 secs] 
22255.451: [GC (Allocation Failure) 
Desired survivor size 6815744 bytes, new threshold 15 (max 15)
[PSYoungGen: 255123K->6184K(255488K)] 368454K->119587K(1041920K), 0.0114537 secs] [Times: user=0.02 sys=0.00, real=0.02 secs] 
22274.259: [GC (Allocation Failure) 
Desired survivor size 6815744 bytes, new threshold 15 (max 15)
[PSYoungGen: 255016K->6256K(255488K)] 368419K->119778K(1041920K), 0.0119204 secs] [Times: user=0.02 sys=0.00, real=0.01 secs] 
22293.001: [GC (Allocation Failure) 
Desired survivor size 6815744 bytes, new threshold 15 (max 15)
[PSYoungGen: 255088K->6162K(255488K)] 368610K->119810K(1041920K), 0.1350554 secs] [Times: user=0.02 sys=0.00, real=0.13 secs] 
22311.701: [GC (Allocation Failure) 
Desired survivor size 7340032 bytes, new threshold 15 (max 15)
[PSYoungGen: 254994K->6297K(255488K)] 368642K->120064K(1041920K), 0.0111073 secs] [Times: user=0.02 sys=0.00, real=0.01 secs] 
22330.626: [GC (Allocation Failure) 
Desired survivor size 7340032 bytes, new threshold 15 (max 15)
[PSYoungGen: 255129K->6530K(254464K)] 368896K->120369K(1040896K), 0.0266656 secs] [Times: user=0.03 sys=0.00, real=0.02 secs] 
22349.445: [GC (Allocation Failure) 
Desired survivor size 7340032 bytes, new threshold 15 (max 15)
[PSYoungGen: 254338K->6369K(254976K)] 368177K->120288K(1041408K), 0.0113716 secs] [Times: user=0.02 sys=0.00, real=0.02 secs] 
22368.133: [GC (Allocation Failure) 
Desired survivor size 7340032 bytes, new threshold 15 (max 15)
[PSYoungGen: 254177K->6267K(254976K)] 368096K->120258K(1041408K), 0.0118582 secs] [Times: user=0.02 sys=0.00, real=0.01 secs] 
22386.880: [GC (Allocation Failure) 
Desired survivor size 7340032 bytes, new threshold 15 (max 15)
[PSYoungGen: 254075K->6373K(254976K)] 368066K->120445K(1041408K), 0.0124310 secs] [Times: user=0.02 sys=0.00, real=0.01 secs] 
22405.700: [GC (Allocation Failure) 
Desired survivor size 7340032 bytes, new threshold 15 (max 15)
[PSYoungGen: 254181K->6488K(254976K)] 368253K->120639K(1041408K), 0.0106705 secs] [Times: user=0.02 sys=0.00, real=0.01 secs] 
22424.569: [GC (Allocation Failure) 
Desired survivor size 7340032 bytes, new threshold 15 (max 15)
[PSYoungGen: 254296K->6433K(254976K)] 368447K->120711K(1041408K), 0.0122065 secs] [Times: user=0.02 sys=0.00, real=0.01 secs] 
22443.326: [GC (Allocation Failure) 
Desired survivor size 7340032 bytes, new threshold 15 (max 15)
[PSYoungGen: 254241K->6373K(254976K)] 368519K->120802K(1041408K), 0.0116834 secs] [Times: user=0.02 sys=0.00, real=0.01 secs] 
22462.075: [GC (Allocation Failure) 
Desired survivor size 7340032 bytes, new threshold 15 (max 15)
[PSYoungGen: 254181K->6155K(254976K)] 368610K->120765K(1041408K), 0.0111833 secs] [Times: user=0.02 sys=0.00, real=0.01 secs] 
22480.881: [GC (Allocation Failure) 
Desired survivor size 7340032 bytes, new threshold 15 (max 15)
[PSYoungGen: 253963K->6337K(254976K)] 368573K->121019K(1041408K), 0.0178762 secs] [Times: user=0.03 sys=0.00, real=0.02 secs] 
22499.634: [GC (Allocation Failure) 
Desired survivor size 7340032 bytes, new threshold 15 (max 15)
[PSYoungGen: 254145K->6305K(254976K)] 368827K->121118K(1041408K), 0.0105573 secs] [Times: user=0.02 sys=0.00, real=0.01 secs] 
22518.500: [GC (Allocation Failure) 
Desired survivor size 7340032 bytes, new threshold 15 (max 15)
[PSYoungGen: 254113K->6338K(254976K)] 368926K->121372K(1041408K), 0.0114708 secs] [Times: user=0.02 sys=0.00, real=0.01 secs] 
22537.196: [GC (Allocation Failure) 
Desired survivor size 7340032 bytes, new threshold 15 (max 15)
[PSYoungGen: 254146K->6231K(254976K)] 369180K->121337K(1041408K), 0.0107837 secs] [Times: user=0.02 sys=0.00, real=0.01 secs] 
22555.944: [GC (Allocation Failure) 
Desired survivor size 7340032 bytes, new threshold 15 (max 15)
[PSYoungGen: 254039K->6105K(254976K)] 369145K->121379K(1041408K), 0.0114103 secs] [Times: user=0.02 sys=0.00, real=0.01 secs] 
22574.751: [GC (Allocation Failure) 
Desired survivor size 7340032 bytes, new threshold 15 (max 15)
[PSYoungGen: 253913K->5964K(254976K)] 369187K->121436K(1041408K), 0.0111478 secs] [Times: user=0.02 sys=0.00, real=0.01 secs] 
22593.511: [GC (Allocation Failure) 
Desired survivor size 7340032 bytes, new threshold 15 (max 15)
[PSYoungGen: 253772K->5892K(254976K)] 369244K->121578K(1041408K), 0.0108440 secs] [Times: user=0.02 sys=0.00, real=0.01 secs] 
22612.132: [GC (Allocation Failure) 
Desired survivor size 7340032 bytes, new threshold 15 (max 15)
[PSYoungGen: 253700K->5886K(254976K)] 369386K->121732K(1041408K), 0.0105502 secs] [Times: user=0.02 sys=0.00, real=0.01 secs] 
22630.948: [GC (Allocation Failure) 
Desired survivor size 7340032 bytes, new threshold 15 (max 15)
[PSYoungGen: 253694K->5963K(254976K)] 369540K->121881K(1041408K), 0.0115482 secs] [Times: user=0.02 sys=0.00, real=0.01 secs] 
22649.702: [GC (Allocation Failure) 
Desired survivor size 6815744 bytes, new threshold 15 (max 15)
[PSYoungGen: 253771K->5960K(254976K)] 369689K->122006K(1041408K), 0.0106887 secs] [Times: user=0.01 sys=0.00, real=0.02 secs] 
22668.511: [GC (Allocation Failure) 
Desired survivor size 6815744 bytes, new threshold 15 (max 15)
[PSYoungGen: 253768K->5937K(255488K)] 369814K->122101K(1041920K), 0.0110129 secs] [Times: user=0.02 sys=0.00, real=0.01 secs] 
22687.376: [GC (Allocation Failure) 
Desired survivor size 6815744 bytes, new threshold 15 (max 15)
[PSYoungGen: 254769K->5960K(255488K)] 370933K->122262K(1041920K), 0.0119501 secs] [Times: user=0.02 sys=0.00, real=0.01 secs] 
22706.205: [GC (Allocation Failure) 
Desired survivor size 6815744 bytes, new threshold 15 (max 15)
[PSYoungGen: 254792K->5979K(255488K)] 371094K->122353K(1041920K), 0.0114949 secs] [Times: user=0.02 sys=0.00, real=0.01 secs] 
22725.075: [GC (Allocation Failure) 
Desired survivor size 6815744 bytes, new threshold 15 (max 15)
[PSYoungGen: 254811K->5950K(255488K)] 371185K->122395K(1041920K), 0.0118462 secs] [Times: user=0.02 sys=0.00, real=0.01 secs] 
22743.941: [GC (Allocation Failure) 
Desired survivor size 6815744 bytes, new threshold 15 (max 15)
[PSYoungGen: 254782K->5983K(255488K)] 371227K->122555K(1041920K), 0.0172930 secs] [Times: user=0.02 sys=0.00, real=0.02 secs] 
22762.751: [GC (Allocation Failure) 
Desired survivor size 6815744 bytes, new threshold 15 (max 15)
[PSYoungGen: 254815K->6015K(255488K)] 371387K->122714K(1041920K), 0.0112581 secs] [Times: user=0.02 sys=0.00, real=0.01 secs] 
22781.385: [GC (Allocation Failure) 
Desired survivor size 6815744 bytes, new threshold 15 (max 15)
[PSYoungGen: 254847K->6101K(255488K)] 371546K->122872K(1041920K), 0.0117993 secs] [Times: user=0.02 sys=0.00, real=0.01 secs] 
22800.200: [GC (Allocation Failure) 
Desired survivor size 6815744 bytes, new threshold 15 (max 15)
[PSYoungGen: 254933K->6072K(255488K)] 371704K->122980K(1041920K), 0.0110456 secs] [Times: user=0.02 sys=0.00, real=0.01 secs] 
22818.882: [GC (Allocation Failure) 
Desired survivor size 6815744 bytes, new threshold 15 (max 15)
[PSYoungGen: 254904K->6354K(255488K)] 371812K->123389K(1041920K), 0.0110789 secs] [Times: user=0.02 sys=0.00, real=0.01 secs] 
22837.693: [GC (Allocation Failure) 
Desired survivor size 6815744 bytes, new threshold 15 (max 15)
[PSYoungGen: 255186K->6249K(255488K)] 372221K->123364K(1041920K), 0.0112699 secs] [Times: user=0.01 sys=0.00, real=0.01 secs] 
22856.512: [GC (Allocation Failure) 
Desired survivor size 6815744 bytes, new threshold 15 (max 15)
[PSYoungGen: 255081K->6327K(255488K)] 372196K->123514K(1041920K), 0.0108747 secs] [Times: user=0.02 sys=0.00, real=0.01 secs] 
22875.451: [GC (Allocation Failure) 
Desired survivor size 6815744 bytes, new threshold 15 (max 15)
[PSYoungGen: 255159K->6247K(255488K)] 372346K->123506K(1041920K), 0.0109429 secs] [Times: user=0.02 sys=0.00, real=0.01 secs] 
22894.193: [GC (Allocation Failure) 
Desired survivor size 6815744 bytes, new threshold 15 (max 15)
[PSYoungGen: 255079K->6217K(255488K)] 372338K->123603K(1041920K), 0.0127925 secs] [Times: user=0.02 sys=0.01, real=0.01 secs] 
22912.955: [GC (Allocation Failure) 
Desired survivor size 6815744 bytes, new threshold 15 (max 15)
[PSYoungGen: 255049K->6148K(255488K)] 372435K->123707K(1041920K), 0.0107356 secs] [Times: user=0.02 sys=0.00, real=0.01 secs] 
22931.828: [GC (Allocation Failure) 
Desired survivor size 6815744 bytes, new threshold 15 (max 15)
[PSYoungGen: 254980K->6150K(255488K)] 372539K->123836K(1041920K), 0.0123269 secs] [Times: user=0.02 sys=0.00, real=0.01 secs] 
22950.707: [GC (Allocation Failure) 
Desired survivor size 6815744 bytes, new threshold 15 (max 15)
[PSYoungGen: 254982K->6205K(255488K)] 372668K->123963K(1041920K), 0.0168675 secs] [Times: user=0.03 sys=0.00, real=0.02 secs] 
22969.509: [GC (Allocation Failure) 
Desired survivor size 6815744 bytes, new threshold 15 (max 15)
[PSYoungGen: 255037K->6169K(255488K)] 372795K->124046K(1041920K), 0.0127663 secs] [Times: user=0.02 sys=0.00, real=0.02 secs] 
22988.379: [GC (Allocation Failure) 
Desired survivor size 6815744 bytes, new threshold 15 (max 15)
[PSYoungGen: 255001K->6160K(255488K)] 372878K->124155K(1041920K), 0.0116442 secs] [Times: user=0.02 sys=0.00, real=0.01 secs] 
23007.258: [GC (Allocation Failure) 
Desired survivor size 6815744 bytes, new threshold 15 (max 15)
[PSYoungGen: 254992K->6264K(255488K)] 372987K->124331K(1041920K), 0.0126148 secs] [Times: user=0.02 sys=0.00, real=0.01 secs] 
23026.078: [GC (Allocation Failure) 
Desired survivor size 6815744 bytes, new threshold 15 (max 15)
[PSYoungGen: 255096K->6151K(255488K)] 373163K->124346K(1041920K), 0.0111197 secs] [Times: user=0.01 sys=0.00, real=0.01 secs] 
23045.003: [GC (Allocation Failure) 
Desired survivor size 6815744 bytes, new threshold 15 (max 15)
[PSYoungGen: 254983K->6218K(255488K)] 373178K->124492K(1041920K), 0.0109222 secs] [Times: user=0.02 sys=0.00, real=0.01 secs] 
23063.775: [GC (Allocation Failure) 
Desired survivor size 6815744 bytes, new threshold 15 (max 15)
[PSYoungGen: 255050K->6397K(255488K)] 373324K->124776K(1041920K), 0.0123571 secs] [Times: user=0.02 sys=0.00, real=0.02 secs] 
23082.761: [GC (Allocation Failure) 
Desired survivor size 6815744 bytes, new threshold 15 (max 15)
[PSYoungGen: 255229K->6193K(255488K)] 373608K->124643K(1041920K), 0.0109224 secs] [Times: user=0.01 sys=0.00, real=0.01 secs] 
23101.697: [GC (Allocation Failure) 
Desired survivor size 6815744 bytes, new threshold 15 (max 15)
[PSYoungGen: 255025K->6138K(255488K)] 373475K->124774K(1041920K), 0.0112861 secs] [Times: user=0.02 sys=0.00, real=0.01 secs] 
23120.445: [GC (Allocation Failure) 
Desired survivor size 6815744 bytes, new threshold 15 (max 15)
[PSYoungGen: 254970K->6312K(255488K)] 373606K->125122K(1041920K), 0.0127683 secs] [Times: user=0.02 sys=0.00, real=0.01 secs] 
23139.128: [GC (Allocation Failure) 
Desired survivor size 6815744 bytes, new threshold 15 (max 15)
[PSYoungGen: 255144K->6266K(255488K)] 373954K->125148K(1041920K), 0.0156236 secs] [Times: user=0.03 sys=0.00, real=0.01 secs] 
23157.881: [GC (Allocation Failure) 
Desired survivor size 6815744 bytes, new threshold 15 (max 15)
[PSYoungGen: 255098K->6186K(255488K)] 373980K->125148K(1041920K), 0.0113979 secs] [Times: user=0.02 sys=0.00, real=0.01 secs] 
23176.820: [GC (Allocation Failure) 
Desired survivor size 6815744 bytes, new threshold 15 (max 15)
[PSYoungGen: 255018K->6292K(255488K)] 373980K->125380K(1041920K), 0.0119116 secs] [Times: user=0.02 sys=0.00, real=0.01 secs] 
23195.655: [GC (Allocation Failure) 
Desired survivor size 6815744 bytes, new threshold 15 (max 15)
[PSYoungGen: 255124K->6237K(255488K)] 374212K->125444K(1041920K), 0.0106860 secs] [Times: user=0.02 sys=0.00, real=0.02 secs] 
23214.444: [GC (Allocation Failure) 
Desired survivor size 6815744 bytes, new threshold 15 (max 15)
[PSYoungGen: 255069K->6119K(255488K)] 374276K->125492K(1041920K), 0.0107256 secs] [Times: user=0.02 sys=0.00, real=0.01 secs] 
23233.383: [GC (Allocation Failure) 
Desired survivor size 6815744 bytes, new threshold 15 (max 15)
[PSYoungGen: 254951K->6064K(255488K)] 374324K->125564K(1041920K), 0.0111215 secs] [Times: user=0.02 sys=0.00, real=0.01 secs] 
23252.213: [GC (Allocation Failure) 
Desired survivor size 6815744 bytes, new threshold 15 (max 15)
[PSYoungGen: 254896K->6168K(255488K)] 374396K->125740K(1041920K), 0.0718977 secs] [Times: user=0.02 sys=0.00, real=0.08 secs] 
23270.911: [GC (Allocation Failure) 
Desired survivor size 6815744 bytes, new threshold 15 (max 15)
[PSYoungGen: 255000K->6093K(255488K)] 374572K->125846K(1041920K), 0.0120722 secs] [Times: user=0.02 sys=0.00, real=0.01 secs] 
23289.824: [GC (Allocation Failure) 
Desired survivor size 6815744 bytes, new threshold 15 (max 15)
[PSYoungGen: 254925K->6174K(255488K)] 374678K->126007K(1041920K), 0.0115379 secs] [Times: user=0.02 sys=0.00, real=0.01 secs] 
23308.752: [GC (Allocation Failure) 
Desired survivor size 6815744 bytes, new threshold 15 (max 15)
[PSYoungGen: 255006K->6119K(255488K)] 374839K->126079K(1041920K), 0.0107021 secs] [Times: user=0.01 sys=0.00, real=0.02 secs] 
23327.512: [GC (Allocation Failure) 
Desired survivor size 6815744 bytes, new threshold 15 (max 15)
[PSYoungGen: 254951K->6108K(255488K)] 374911K->126140K(1041920K), 0.0135473 secs] [Times: user=0.02 sys=0.00, real=0.02 secs] 
23346.392: [GC (Allocation Failure) 
Desired survivor size 6815744 bytes, new threshold 15 (max 15)
[PSYoungGen: 254940K->6079K(255488K)] 374972K->126284K(1041920K), 0.0126462 secs] [Times: user=0.02 sys=0.00, real=0.01 secs] 
23365.199: [GC (Allocation Failure) 
Desired survivor size 6815744 bytes, new threshold 15 (max 15)
[PSYoungGen: 254911K->6189K(255488K)] 375116K->126467K(1041920K), 0.0117736 secs] [Times: user=0.02 sys=0.00, real=0.01 secs] 
23384.010: [GC (Allocation Failure) 
Desired survivor size 6815744 bytes, new threshold 15 (max 15)
[PSYoungGen: 255021K->6250K(255488K)] 375299K->126600K(1041920K), 0.0106710 secs] [Times: user=0.02 sys=0.00, real=0.01 secs] 
23402.574: [GC (Allocation Failure) 
Desired survivor size 6815744 bytes, new threshold 15 (max 15)
[PSYoungGen: 255082K->6196K(255488K)] 375432K->126721K(1041920K), 0.0183250 secs] [Times: user=0.02 sys=0.00, real=0.02 secs] 
23421.385: [GC (Allocation Failure) 
Desired survivor size 6815744 bytes, new threshold 15 (max 15)
[PSYoungGen: 255028K->6358K(255488K)] 375553K->127065K(1041920K), 0.0153940 secs] [Times: user=0.03 sys=0.00, real=0.02 secs] 
23440.199: [GC (Allocation Failure) 
Desired survivor size 6815744 bytes, new threshold 15 (max 15)
[PSYoungGen: 255190K->6254K(255488K)] 375897K->127081K(1041920K), 0.0111056 secs] [Times: user=0.02 sys=0.00, real=0.01 secs] 
23459.007: [GC (Allocation Failure) 
Desired survivor size 6815744 bytes, new threshold 15 (max 15)
[PSYoungGen: 255086K->6189K(255488K)] 375913K->127095K(1041920K), 0.0111912 secs] [Times: user=0.01 sys=0.00, real=0.01 secs] 
23477.837: [GC (Allocation Failure) 
Desired survivor size 6815744 bytes, new threshold 15 (max 15)
[PSYoungGen: 255021K->6470K(255488K)] 375927K->127448K(1041920K), 0.0112286 secs] [Times: user=0.02 sys=0.00, real=0.01 secs] 
23496.785: [GC (Allocation Failure) 
Desired survivor size 6815744 bytes, new threshold 15 (max 15)
[PSYoungGen: 255302K->6234K(255488K)] 376280K->127339K(1041920K), 0.0109057 secs] [Times: user=0.02 sys=0.00, real=0.01 secs] 
23515.579: [GC (Allocation Failure) 
Desired survivor size 6815744 bytes, new threshold 15 (max 15)
[PSYoungGen: 255066K->6219K(255488K)] 376171K->127396K(1041920K), 0.0114509 secs] [Times: user=0.01 sys=0.00, real=0.01 secs] 
23534.506: [GC (Allocation Failure) 
Desired survivor size 6815744 bytes, new threshold 15 (max 15)
[PSYoungGen: 255051K->6119K(255488K)] 376228K->127423K(1041920K), 0.0111195 secs] [Times: user=0.02 sys=0.00, real=0.02 secs] 
23553.377: [GC (Allocation Failure) 
Desired survivor size 6815744 bytes, new threshold 15 (max 15)
[PSYoungGen: 254951K->6024K(255488K)] 376255K->127572K(1041920K), 0.1168183 secs] [Times: user=0.02 sys=0.00, real=0.12 secs] 
23572.194: [GC (Allocation Failure) 
Desired survivor size 6815744 bytes, new threshold 15 (max 15)
[PSYoungGen: 254856K->6106K(255488K)] 376404K->127735K(1041920K), 0.0117472 secs] [Times: user=0.02 sys=0.01, real=0.01 secs] 
23591.077: [GC (Allocation Failure) 
Desired survivor size 6815744 bytes, new threshold 15 (max 15)
[PSYoungGen: 254938K->6092K(255488K)] 376567K->127800K(1041920K), 0.0141509 secs] [Times: user=0.02 sys=0.00, real=0.01 secs] 
23610.001: [GC (Allocation Failure) 
Desired survivor size 6815744 bytes, new threshold 15 (max 15)
[PSYoungGen: 254924K->6066K(255488K)] 376632K->127901K(1041920K), 0.0136619 secs] [Times: user=0.01 sys=0.00, real=0.01 secs] 
23628.827: [GC (Allocation Failure) 
Desired survivor size 6815744 bytes, new threshold 15 (max 15)
[PSYoungGen: 254898K->6022K(255488K)] 376733K->127938K(1041920K), 0.0106405 secs] [Times: user=0.02 sys=0.00, real=0.01 secs] 
23647.758: [GC (Allocation Failure) 
Desired survivor size 6815744 bytes, new threshold 15 (max 15)
[PSYoungGen: 254854K->5835K(255488K)] 376770K->127990K(1041920K), 0.0103868 secs] [Times: user=0.02 sys=0.01, real=0.01 secs] 
23666.576: [GC (Allocation Failure) 
Desired survivor size 6815744 bytes, new threshold 15 (max 15)
[PSYoungGen: 254667K->5894K(255488K)] 376822K->128214K(1041920K), 0.0117302 secs] [Times: user=0.02 sys=0.01, real=0.02 secs] 
23685.381: [GC (Allocation Failure) 
Desired survivor size 6815744 bytes, new threshold 15 (max 15)
[PSYoungGen: 254726K->5811K(255488K)] 377046K->128323K(1041920K), 0.0107753 secs] [Times: user=0.02 sys=0.00, real=0.01 secs] 
23704.201: [GC (Allocation Failure) 
Desired survivor size 6815744 bytes, new threshold 15 (max 15)
[PSYoungGen: 254643K->5847K(255488K)] 377155K->128485K(1041920K), 0.0129988 secs] [Times: user=0.02 sys=0.00, real=0.02 secs] 
23722.951: [GC (Allocation Failure) 
Desired survivor size 6815744 bytes, new threshold 15 (max 15)
[PSYoungGen: 254679K->6041K(255488K)] 377317K->128852K(1041920K), 0.0109356 secs] [Times: user=0.02 sys=0.00, real=0.01 secs] 
23741.829: [GC (Allocation Failure) 
Desired survivor size 6815744 bytes, new threshold 15 (max 15)
[PSYoungGen: 254869K->5843K(255488K)] 377680K->128775K(1041920K), 0.0123417 secs] [Times: user=0.02 sys=0.00, real=0.01 secs] 
23760.580: [GC (Allocation Failure) 
Desired survivor size 6815744 bytes, new threshold 15 (max 15)
[PSYoungGen: 254675K->5864K(255488K)] 377607K->128915K(1041920K), 0.0160177 secs] [Times: user=0.03 sys=0.00, real=0.02 secs] 
23779.445: [GC (Allocation Failure) 
Desired survivor size 6815744 bytes, new threshold 15 (max 15)
[PSYoungGen: 254696K->5934K(255488K)] 377747K->129098K(1041920K), 0.0123102 secs] [Times: user=0.02 sys=0.00, real=0.01 secs] 
23798.257: [GC (Allocation Failure) 
Desired survivor size 6815744 bytes, new threshold 15 (max 15)
[PSYoungGen: 254766K->5942K(255488K)] 377930K->129219K(1041920K), 0.0116346 secs] [Times: user=0.01 sys=0.00, real=0.01 secs] 
23817.069: [GC (Allocation Failure) 
Desired survivor size 6815744 bytes, new threshold 15 (max 15)
[PSYoungGen: 254774K->6012K(255488K)] 378051K->129361K(1041920K), 0.0109168 secs] [Times: user=0.01 sys=0.00, real=0.02 secs] 
23835.950: [GC (Allocation Failure) 
Desired survivor size 6815744 bytes, new threshold 15 (max 15)
[PSYoungGen: 254844K->5939K(255488K)] 378193K->129384K(1041920K), 0.0122084 secs] [Times: user=0.02 sys=0.00, real=0.02 secs] 
23854.815: [GC (Allocation Failure) 
Desired survivor size 6815744 bytes, new threshold 15 (max 15)
[PSYoungGen: 254771K->6060K(255488K)] 378216K->129674K(1041920K), 0.0112945 secs] [Times: user=0.01 sys=0.00, real=0.02 secs] 
23873.633: [GC (Allocation Failure) 
Desired survivor size 6815744 bytes, new threshold 15 (max 15)
[PSYoungGen: 254892K->6062K(255488K)] 378506K->129747K(1041920K), 0.0124870 secs] [Times: user=0.02 sys=0.00, real=0.01 secs] 
23892.627: [GC (Allocation Failure) 
Desired survivor size 6815744 bytes, new threshold 15 (max 15)
[PSYoungGen: 254894K->5979K(255488K)] 378579K->129786K(1041920K), 0.0131020 secs] [Times: user=0.02 sys=0.00, real=0.01 secs] 
23911.508: [GC (Allocation Failure) 
Desired survivor size 6815744 bytes, new threshold 15 (max 15)
[PSYoungGen: 254811K->5977K(255488K)] 378618K->129902K(1041920K), 0.0107328 secs] [Times: user=0.02 sys=0.00, real=0.01 secs] 
23930.326: [GC (Allocation Failure) 
Desired survivor size 6815744 bytes, new threshold 15 (max 15)
[PSYoungGen: 254809K->5894K(255488K)] 378734K->129940K(1041920K), 0.0116478 secs] [Times: user=0.02 sys=0.00, real=0.02 secs] 
23949.256: [GC (Allocation Failure) 
Desired survivor size 6815744 bytes, new threshold 15 (max 15)
[PSYoungGen: 254726K->5878K(255488K)] 378772K->130126K(1041920K), 0.0105711 secs] [Times: user=0.01 sys=0.00, real=0.01 secs] 
23968.197: [GC (Allocation Failure) 
Desired survivor size 6815744 bytes, new threshold 15 (max 15)
[PSYoungGen: 254710K->5854K(255488K)] 378958K->130228K(1041920K), 0.0105281 secs] [Times: user=0.02 sys=0.00, real=0.01 secs] 
23987.009: [GC (Allocation Failure) 
Desired survivor size 6815744 bytes, new threshold 15 (max 15)
[PSYoungGen: 254686K->5790K(255488K)] 379060K->130318K(1041920K), 0.0104968 secs] [Times: user=0.02 sys=0.00, real=0.01 secs] 
24005.696: [GC (Allocation Failure) 
Desired survivor size 6815744 bytes, new threshold 15 (max 15)
[PSYoungGen: 254622K->5895K(255488K)] 379150K->130553K(1041920K), 0.0162055 secs] [Times: user=0.02 sys=0.00, real=0.02 secs] 
24024.450: [GC (Allocation Failure) 
Desired survivor size 6815744 bytes, new threshold 15 (max 15)
[PSYoungGen: 254727K->6079K(255488K)] 379385K->130856K(1041920K), 0.0114076 secs] [Times: user=0.02 sys=0.00, real=0.01 secs] 
24043.250: [GC (Allocation Failure) 
Desired survivor size 6815744 bytes, new threshold 15 (max 15)
[PSYoungGen: 254911K->5995K(255488K)] 379688K->130893K(1041920K), 0.0110393 secs] [Times: user=0.02 sys=0.00, real=0.01 secs] 
24062.071: [GC (Allocation Failure) 
Desired survivor size 6815744 bytes, new threshold 15 (max 15)
[PSYoungGen: 254827K->5926K(255488K)] 379725K->130967K(1041920K), 0.0190800 secs] [Times: user=0.02 sys=0.00, real=0.02 secs] 
24080.888: [GC (Allocation Failure) 
Desired survivor size 6815744 bytes, new threshold 15 (max 15)
[PSYoungGen: 254748K->5944K(255488K)] 379789K->131136K(1041920K), 0.0144013 secs] [Times: user=0.03 sys=0.00, real=0.02 secs] 
24099.822: [GC (Allocation Failure) 
Desired survivor size 6815744 bytes, new threshold 15 (max 15)
[PSYoungGen: 254776K->5855K(255488K)] 379968K->131216K(1041920K), 0.0133086 secs] [Times: user=0.01 sys=0.00, real=0.02 secs] 
24118.633: [GC (Allocation Failure) 
Desired survivor size 6815744 bytes, new threshold 15 (max 15)
[PSYoungGen: 254687K->5879K(255488K)] 380048K->131366K(1041920K), 0.0118472 secs] [Times: user=0.02 sys=0.00, real=0.01 secs] 
24137.579: [GC (Allocation Failure) 
Desired survivor size 6815744 bytes, new threshold 15 (max 15)
[PSYoungGen: 254711K->5767K(255488K)] 380198K->131367K(1041920K), 0.0120242 secs] [Times: user=0.02 sys=0.00, real=0.01 secs] 
24156.507: [GC (Allocation Failure) 
Desired survivor size 6815744 bytes, new threshold 15 (max 15)
[PSYoungGen: 254599K->5766K(255488K)] 380199K->131537K(1041920K), 0.0118251 secs] [Times: user=0.02 sys=0.00, real=0.01 secs] 
24175.326: [GC (Allocation Failure) 
Desired survivor size 6815744 bytes, new threshold 15 (max 15)
[PSYoungGen: 254598K->5734K(255488K)] 380369K->131585K(1041920K), 0.0136214 secs] [Times: user=0.02 sys=0.00, real=0.01 secs] 
24194.322: [GC (Allocation Failure) 
Desired survivor size 6815744 bytes, new threshold 15 (max 15)
[PSYoungGen: 254566K->5766K(255488K)] 380417K->131729K(1041920K), 0.0121606 secs] [Times: user=0.02 sys=0.00, real=0.01 secs] 
24213.173: [GC (Allocation Failure) 
Desired survivor size 6815744 bytes, new threshold 15 (max 15)
[PSYoungGen: 254598K->5775K(255488K)] 380561K->131835K(1041920K), 0.1478898 secs] [Times: user=0.02 sys=0.00, real=0.15 secs] 
24231.882: [GC (Allocation Failure) 
Desired survivor size 6291456 bytes, new threshold 15 (max 15)
[PSYoungGen: 254607K->5846K(255488K)] 380667K->132032K(1041920K), 0.0124957 secs] [Times: user=0.01 sys=0.01, real=0.02 secs] 
24250.828: [GC (Allocation Failure) 
Desired survivor size 6291456 bytes, new threshold 15 (max 15)
[PSYoungGen: 254678K->5829K(256000K)] 380864K->132136K(1042432K), 0.0185432 secs] [Times: user=0.01 sys=0.00, real=0.02 secs] 
24269.818: [GC (Allocation Failure) 
Desired survivor size 6291456 bytes, new threshold 15 (max 15)
[PSYoungGen: 255685K->5843K(256000K)] 381992K->132289K(1042432K), 0.0136123 secs] [Times: user=0.03 sys=0.00, real=0.02 secs] 
24288.695: [GC (Allocation Failure) 
Desired survivor size 6291456 bytes, new threshold 15 (max 15)
[PSYoungGen: 255699K->5778K(256000K)] 382145K->132423K(1042432K), 0.0129590 secs] [Times: user=0.03 sys=0.00, real=0.01 secs] 
24307.579: [GC (Allocation Failure) 
Desired survivor size 6291456 bytes, new threshold 15 (max 15)
[PSYoungGen: 255634K->5754K(256000K)] 382279K->132520K(1042432K), 0.0109501 secs] [Times: user=0.02 sys=0.00, real=0.01 secs] 
24326.330: [GC (Allocation Failure) 
Desired survivor size 6291456 bytes, new threshold 15 (max 15)
[PSYoungGen: 255610K->6003K(256000K)] 382376K->132942K(1042432K), 0.0119276 secs] [Times: user=0.02 sys=0.00, real=0.01 secs] 
24345.204: [GC (Allocation Failure) 
Desired survivor size 6291456 bytes, new threshold 15 (max 15)
[PSYoungGen: 255859K->5961K(256000K)] 382798K->132973K(1042432K), 0.0115698 secs] [Times: user=0.01 sys=0.00, real=0.01 secs] 
24364.193: [GC (Allocation Failure) 
Desired survivor size 6291456 bytes, new threshold 15 (max 15)
[PSYoungGen: 255817K->5937K(256000K)] 382829K->133068K(1042432K), 0.0111886 secs] [Times: user=0.02 sys=0.00, real=0.01 secs] 
24383.103: [GC (Allocation Failure) 
Desired survivor size 6291456 bytes, new threshold 15 (max 15)
[PSYoungGen: 255793K->5905K(256000K)] 382924K->133132K(1042432K), 0.0114038 secs] [Times: user=0.02 sys=0.00, real=0.01 secs] 
24402.033: [GC (Allocation Failure) 
Desired survivor size 6815744 bytes, new threshold 14 (max 15)
[PSYoungGen: 255761K->6112K(254976K)] 382988K->133427K(1041408K), 0.0121626 secs] [Times: user=0.02 sys=0.00, real=0.01 secs] 
24420.827: [GC (Allocation Failure) 
Desired survivor size 6815744 bytes, new threshold 15 (max 15)
[PSYoungGen: 254944K->5812K(255488K)] 382259K->133271K(1041920K), 0.0149794 secs] [Times: user=0.02 sys=0.00, real=0.01 secs] 
24439.751: [GC (Allocation Failure) 
Desired survivor size 6815744 bytes, new threshold 15 (max 15)
[PSYoungGen: 254644K->5941K(255488K)] 382103K->133400K(1041920K), 0.0118002 secs] [Times: user=0.02 sys=0.00, real=0.01 secs] 
24458.622: [GC (Allocation Failure) 
Desired survivor size 6815744 bytes, new threshold 15 (max 15)
[PSYoungGen: 254773K->6002K(255488K)] 382232K->133533K(1041920K), 0.0137464 secs] [Times: user=0.02 sys=0.00, real=0.01 secs] 
24477.444: [GC (Allocation Failure) 
Desired survivor size 6815744 bytes, new threshold 15 (max 15)
[PSYoungGen: 254834K->6065K(255488K)] 382365K->133668K(1041920K), 0.0116636 secs] [Times: user=0.02 sys=0.00, real=0.01 secs] 
24496.380: [GC (Allocation Failure) 
Desired survivor size 6815744 bytes, new threshold 15 (max 15)
[PSYoungGen: 254897K->5919K(255488K)] 382500K->133641K(1041920K), 0.0118960 secs] [Times: user=0.02 sys=0.00, real=0.01 secs] 
24515.160: [GC (Allocation Failure) 
Desired survivor size 6815744 bytes, new threshold 15 (max 15)
[PSYoungGen: 254751K->5947K(255488K)] 382473K->133788K(1041920K), 0.0115348 secs] [Times: user=0.02 sys=0.00, real=0.01 secs] 
24533.999: [GC (Allocation Failure) 
Desired survivor size 6815744 bytes, new threshold 15 (max 15)
[PSYoungGen: 254779K->5971K(255488K)] 382620K->133883K(1041920K), 0.0113829 secs] [Times: user=0.02 sys=0.00, real=0.01 secs] 
24552.827: [GC (Allocation Failure) 
Desired survivor size 6815744 bytes, new threshold 15 (max 15)
[PSYoungGen: 254803K->6008K(255488K)] 382715K->134001K(1041920K), 0.0109302 secs] [Times: user=0.02 sys=0.00, real=0.01 secs] 
24571.758: [GC (Allocation Failure) 
Desired survivor size 6815744 bytes, new threshold 15 (max 15)
[PSYoungGen: 254840K->5986K(255488K)] 382833K->134106K(1041920K), 0.0123616 secs] [Times: user=0.02 sys=0.00, real=0.01 secs] 
24590.507: [GC (Allocation Failure) 
Desired survivor size 6815744 bytes, new threshold 15 (max 15)
[PSYoungGen: 254818K->6025K(255488K)] 382938K->134263K(1041920K), 0.0138473 secs] [Times: user=0.02 sys=0.00, real=0.02 secs] 
24609.502: [GC (Allocation Failure) 
Desired survivor size 6815744 bytes, new threshold 15 (max 15)
[PSYoungGen: 254857K->5895K(255488K)] 383095K->134366K(1041920K), 0.0110235 secs] [Times: user=0.02 sys=0.00, real=0.01 secs] 
24628.006: [GC (Allocation Failure) 
Desired survivor size 6815744 bytes, new threshold 15 (max 15)
[PSYoungGen: 254727K->6142K(255488K)] 383198K->134731K(1041920K), 0.0112002 secs] [Times: user=0.02 sys=0.00, real=0.01 secs] 
24646.825: [GC (Allocation Failure) 
Desired survivor size 6815744 bytes, new threshold 15 (max 15)
[PSYoungGen: 254974K->5988K(255488K)] 383563K->134657K(1041920K), 0.0119223 secs] [Times: user=0.02 sys=0.00, real=0.02 secs] 
24665.506: [GC (Allocation Failure) 
Desired survivor size 6815744 bytes, new threshold 15 (max 15)
[PSYoungGen: 254820K->6151K(255488K)] 383489K->134893K(1041920K), 0.0104258 secs] [Times: user=0.02 sys=0.00, real=0.01 secs] 
24684.342: [GC (Allocation Failure) 
Desired survivor size 6815744 bytes, new threshold 15 (max 15)
[PSYoungGen: 254983K->6082K(255488K)] 383725K->134997K(1041920K), 0.0116140 secs] [Times: user=0.02 sys=0.00, real=0.01 secs] 
24703.319: [GC (Allocation Failure) 
Desired survivor size 6815744 bytes, new threshold 15 (max 15)
[PSYoungGen: 254914K->6044K(255488K)] 383829K->135094K(1041920K), 0.0115934 secs] [Times: user=0.02 sys=0.00, real=0.01 secs] 
24722.147: [GC (Allocation Failure) 
Desired survivor size 6815744 bytes, new threshold 15 (max 15)
[PSYoungGen: 254876K->6168K(255488K)] 383926K->135290K(1041920K), 0.0122032 secs] [Times: user=0.02 sys=0.00, real=0.02 secs] 
24741.081: [GC (Allocation Failure) 
Desired survivor size 6815744 bytes, new threshold 15 (max 15)
[PSYoungGen: 255000K->6009K(255488K)] 384122K->135203K(1041920K), 0.0134882 secs] [Times: user=0.03 sys=0.00, real=0.01 secs] 
24759.956: [GC (Allocation Failure) 
Desired survivor size 6815744 bytes, new threshold 15 (max 15)
[PSYoungGen: 254841K->6024K(255488K)] 384035K->135298K(1041920K), 0.0110045 secs] [Times: user=0.02 sys=0.00, real=0.01 secs] 
24778.758: [GC (Allocation Failure) 
Desired survivor size 6815744 bytes, new threshold 15 (max 15)
[PSYoungGen: 254856K->6097K(255488K)] 384130K->135451K(1041920K), 0.0112812 secs] [Times: user=0.02 sys=0.00, real=0.01 secs] 
24797.692: [GC (Allocation Failure) 
Desired survivor size 6815744 bytes, new threshold 15 (max 15)
[PSYoungGen: 254929K->6059K(255488K)] 384283K->135586K(1041920K), 0.0133825 secs] [Times: user=0.02 sys=0.00, real=0.01 secs] 
24816.531: [GC (Allocation Failure) 
Desired survivor size 6815744 bytes, new threshold 15 (max 15)
[PSYoungGen: 254891K->6142K(255488K)] 384418K->135750K(1041920K), 0.0126351 secs] [Times: user=0.02 sys=0.00, real=0.02 secs] 
24835.380: [GC (Allocation Failure) 
Desired survivor size 6815744 bytes, new threshold 15 (max 15)
[PSYoungGen: 254974K->6056K(255488K)] 384582K->135791K(1041920K), 0.0110019 secs] [Times: user=0.02 sys=0.00, real=0.01 secs] 
24854.308: [GC (Allocation Failure) 
Desired survivor size 6815744 bytes, new threshold 15 (max 15)
[PSYoungGen: 254888K->6113K(255488K)] 384623K->135919K(1041920K), 0.0110168 secs] [Times: user=0.02 sys=0.00, real=0.01 secs] 
24873.177: [GC (Allocation Failure) 
Desired survivor size 6815744 bytes, new threshold 15 (max 15)
[PSYoungGen: 254945K->6073K(255488K)] 384751K->136053K(1041920K), 0.0203762 secs] [Times: user=0.02 sys=0.00, real=0.02 secs] 
24891.950: [GC (Allocation Failure) 
Desired survivor size 6815744 bytes, new threshold 15 (max 15)
[PSYoungGen: 254905K->6020K(255488K)] 384885K->136080K(1041920K), 0.0124495 secs] [Times: user=0.02 sys=0.00, real=0.01 secs] 
24910.883: [GC (Allocation Failure) 
Desired survivor size 6815744 bytes, new threshold 15 (max 15)
[PSYoungGen: 254852K->5934K(255488K)] 384912K->136157K(1041920K), 0.0109166 secs] [Times: user=0.02 sys=0.00, real=0.01 secs] 
24929.700: [GC (Allocation Failure) 
Desired survivor size 6815744 bytes, new threshold 15 (max 15)
[PSYoungGen: 254766K->6091K(255488K)] 384989K->136440K(1041920K), 0.0117251 secs] [Times: user=0.02 sys=0.00, real=0.01 secs] 
24948.500: [GC (Allocation Failure) 
Desired survivor size 6815744 bytes, new threshold 15 (max 15)
[PSYoungGen: 254923K->5987K(255488K)] 385272K->136557K(1041920K), 0.0116850 secs] [Times: user=0.02 sys=0.00, real=0.02 secs] 
24967.264: [GC (Allocation Failure) 
Desired survivor size 6815744 bytes, new threshold 15 (max 15)
[PSYoungGen: 254819K->5905K(255488K)] 385389K->136602K(1041920K), 0.0123053 secs] [Times: user=0.02 sys=0.00, real=0.02 secs] 
24986.200: [GC (Allocation Failure) 
Desired survivor size 6815744 bytes, new threshold 15 (max 15)
[PSYoungGen: 254737K->5908K(255488K)] 385434K->136685K(1041920K), 0.0136350 secs] [Times: user=0.02 sys=0.00, real=0.01 secs] 
25005.007: [GC (Allocation Failure) 
Desired survivor size 6815744 bytes, new threshold 15 (max 15)
[PSYoungGen: 254740K->5950K(255488K)] 385517K->136807K(1041920K), 0.0110613 secs] [Times: user=0.02 sys=0.00, real=0.01 secs] 
25023.821: [GC (Allocation Failure) 
Desired survivor size 6815744 bytes, new threshold 15 (max 15)
[PSYoungGen: 254782K->5956K(255488K)] 385639K->136885K(1041920K), 0.0122903 secs] [Times: user=0.02 sys=0.00, real=0.01 secs] 
25042.632: [GC (Allocation Failure) 
Desired survivor size 6815744 bytes, new threshold 15 (max 15)
[PSYoungGen: 254788K->5903K(255488K)] 385717K->137005K(1041920K), 0.0111430 secs] [Times: user=0.01 sys=0.00, real=0.01 secs] 
25061.631: [GC (Allocation Failure) 
Desired survivor size 6815744 bytes, new threshold 15 (max 15)
[PSYoungGen: 254735K->5874K(255488K)] 385837K->137049K(1041920K), 0.0112732 secs] [Times: user=0.02 sys=0.00, real=0.01 secs] 
25080.502: [GC (Allocation Failure) 
Desired survivor size 6815744 bytes, new threshold 15 (max 15)
[PSYoungGen: 254706K->5910K(255488K)] 385881K->137212K(1041920K), 0.0116725 secs] [Times: user=0.02 sys=0.00, real=0.01 secs] 
25099.327: [GC (Allocation Failure) 
Desired survivor size 6815744 bytes, new threshold 15 (max 15)
[PSYoungGen: 254734K->5863K(255488K)] 386036K->137291K(1041920K), 0.0121693 secs] [Times: user=0.02 sys=0.00, real=0.01 secs] 
25118.251: [GC (Allocation Failure) 
Desired survivor size 6815744 bytes, new threshold 15 (max 15)
[PSYoungGen: 254695K->5934K(255488K)] 386123K->137442K(1041920K), 0.0125910 secs] [Times: user=0.02 sys=0.00, real=0.01 secs] 
25137.076: [GC (Allocation Failure) 
Desired survivor size 6815744 bytes, new threshold 15 (max 15)
[PSYoungGen: 254766K->5862K(255488K)] 386274K->137497K(1041920K), 0.0117040 secs] [Times: user=0.02 sys=0.00, real=0.01 secs] 
25156.011: [GC (Allocation Failure) 
Desired survivor size 6815744 bytes, new threshold 15 (max 15)
[PSYoungGen: 254694K->5775K(255488K)] 386329K->137537K(1041920K), 0.0115795 secs] [Times: user=0.02 sys=0.00, real=0.01 secs] 
25174.880: [GC (Allocation Failure) 
Desired survivor size 6815744 bytes, new threshold 15 (max 15)
[PSYoungGen: 254607K->5878K(255488K)] 386369K->137712K(1041920K), 0.0174583 secs] [Times: user=0.02 sys=0.00, real=0.02 secs] 
25193.632: [GC (Allocation Failure) 
Desired survivor size 6815744 bytes, new threshold 15 (max 15)
[PSYoungGen: 254710K->5980K(255488K)] 386544K->137886K(1041920K), 0.0129386 secs] [Times: user=0.02 sys=0.00, real=0.01 secs] 
25212.625: [GC (Allocation Failure) 
Desired survivor size 6291456 bytes, new threshold 15 (max 15)
[PSYoungGen: 254812K->5934K(255488K)] 386718K->137927K(1041920K), 0.0176282 secs] [Times: user=0.02 sys=0.00, real=0.02 secs] 
25231.195: [GC (Allocation Failure) 
Desired survivor size 6815744 bytes, new threshold 15 (max 15)
[PSYoungGen: 254766K->6081K(254976K)] 386759K->138248K(1041408K), 0.0187134 secs] [Times: user=0.03 sys=0.00, real=0.01 secs] 
25234.201: [GC (System.gc()) 
Desired survivor size 6815744 bytes, new threshold 15 (max 15)
[PSYoungGen: 48500K->5345K(255488K)] 180667K->137639K(1041920K), 0.0116792 secs] [Times: user=0.02 sys=0.00, real=0.01 secs] 
25234.213: [Full GC (System.gc()) [PSYoungGen: 5345K->0K(255488K)] [ParOldGen: 132294K->111324K(786432K)] 137639K->111324K(1041920K), [Metaspace: 91051K->91051K(1132544K)], 0.3843137 secs] [Times: user=0.43 sys=0.00, real=0.39 secs] 
25252.696: [GC (Allocation Failure) 
Desired survivor size 6815744 bytes, new threshold 15 (max 15)
[PSYoungGen: 248832K->4769K(255488K)] 360156K->116094K(1041920K), 0.0114142 secs] [Times: user=0.02 sys=0.00, real=0.02 secs] 
25271.574: [GC (Allocation Failure) 
Desired survivor size 6815744 bytes, new threshold 15 (max 15)
[PSYoungGen: 253601K->4817K(255488K)] 364926K->116141K(1041920K), 0.0111162 secs] [Times: user=0.02 sys=0.00, real=0.01 secs] 
25290.451: [GC (Allocation Failure) 
Desired survivor size 6815744 bytes, new threshold 15 (max 15)
[PSYoungGen: 253649K->4914K(255488K)] 364973K->116239K(1041920K), 0.0102740 secs] [Times: user=0.02 sys=0.00, real=0.01 secs] 
25309.325: [GC (Allocation Failure) 
Desired survivor size 6815744 bytes, new threshold 15 (max 15)
[PSYoungGen: 253746K->5012K(255488K)] 365071K->116336K(1041920K), 0.0102471 secs] [Times: user=0.02 sys=0.00, real=0.01 secs] 
25328.250: [GC (Allocation Failure) 
Desired survivor size 6815744 bytes, new threshold 15 (max 15)
[PSYoungGen: 253844K->5140K(255488K)] 365168K->116464K(1041920K), 0.0161272 secs] [Times: user=0.01 sys=0.00, real=0.01 secs] 
25347.199: [GC (Allocation Failure) 
Desired survivor size 6815744 bytes, new threshold 15 (max 15)
[PSYoungGen: 253972K->5141K(255488K)] 365296K->116466K(1041920K), 0.0132150 secs] [Times: user=0.02 sys=0.00, real=0.02 secs] 
25366.009: [GC (Allocation Failure) 
Desired survivor size 6815744 bytes, new threshold 15 (max 15)
[PSYoungGen: 253973K->5197K(255488K)] 365298K->116521K(1041920K), 0.0115995 secs] [Times: user=0.02 sys=0.00, real=0.01 secs] 
25384.827: [GC (Allocation Failure) 
Desired survivor size 6815744 bytes, new threshold 15 (max 15)
[PSYoungGen: 254029K->5360K(255488K)] 365353K->116684K(1041920K), 0.0100721 secs] [Times: user=0.01 sys=0.00, real=0.01 secs] 
25403.674: [GC (Allocation Failure) 
Desired survivor size 6815744 bytes, new threshold 15 (max 15)
[PSYoungGen: 254192K->5497K(255488K)] 365516K->116821K(1041920K), 0.0110989 secs] [Times: user=0.01 sys=0.00, real=0.01 secs] 
25422.631: [GC (Allocation Failure) 
Desired survivor size 6815744 bytes, new threshold 15 (max 15)
[PSYoungGen: 254329K->5618K(255488K)] 365653K->116942K(1041920K), 0.0109397 secs] [Times: user=0.01 sys=0.00, real=0.01 secs] 
25441.450: [GC (Allocation Failure) 
Desired survivor size 6815744 bytes, new threshold 15 (max 15)
[PSYoungGen: 254450K->5680K(255488K)] 365774K->117004K(1041920K), 0.0117895 secs] [Times: user=0.02 sys=0.00, real=0.01 secs] 
25460.326: [GC (Allocation Failure) 
Desired survivor size 6815744 bytes, new threshold 15 (max 15)
[PSYoungGen: 254512K->5814K(255488K)] 365836K->117138K(1041920K), 0.0110936 secs] [Times: user=0.02 sys=0.00, real=0.01 secs] 
25479.200: [GC (Allocation Failure) 
Desired survivor size 6815744 bytes, new threshold 15 (max 15)
[PSYoungGen: 254646K->5870K(255488K)] 365970K->117194K(1041920K), 0.0111226 secs] [Times: user=0.01 sys=0.00, real=0.01 secs] 
25497.948: [GC (Allocation Failure) 
Desired survivor size 6815744 bytes, new threshold 15 (max 15)
[PSYoungGen: 254702K->6138K(255488K)] 366026K->117462K(1041920K), 0.0143281 secs] [Times: user=0.02 sys=0.00, real=0.01 secs] 
25516.884: [GC (Allocation Failure) 
Desired survivor size 6815744 bytes, new threshold 15 (max 15)
[PSYoungGen: 254970K->6155K(255488K)] 366294K->117479K(1041920K), 0.0117127 secs] [Times: user=0.01 sys=0.00, real=0.01 secs] 
25535.493: [GC (Allocation Failure) 
Desired survivor size 6815744 bytes, new threshold 15 (max 15)
[PSYoungGen: 254987K->5765K(255488K)] 366311K->117770K(1041920K), 0.0130482 secs] [Times: user=0.02 sys=0.00, real=0.01 secs] 
25554.275: [GC (Allocation Failure) 
Desired survivor size 6815744 bytes, new threshold 15 (max 15)
[PSYoungGen: 254597K->5914K(255488K)] 366602K->117974K(1041920K), 0.0102375 secs] [Times: user=0.01 sys=0.00, real=0.01 secs] 
25573.199: [GC (Allocation Failure) 
Desired survivor size 6815744 bytes, new threshold 15 (max 15)
[PSYoungGen: 254746K->5727K(255488K)] 366806K->117844K(1041920K), 0.0101639 secs] [Times: user=0.02 sys=0.00, real=0.01 secs] 
25591.946: [GC (Allocation Failure) 
Desired survivor size 6815744 bytes, new threshold 15 (max 15)
[PSYoungGen: 254559K->5822K(255488K)] 366676K->117995K(1041920K), 0.0111230 secs] [Times: user=0.01 sys=0.00, real=0.01 secs] 
25610.750: [GC (Allocation Failure) 
Desired survivor size 6815744 bytes, new threshold 15 (max 15)
[PSYoungGen: 254654K->5901K(255488K)] 366827K->118130K(1041920K), 0.0130352 secs] [Times: user=0.02 sys=0.00, real=0.02 secs] 
25629.579: [GC (Allocation Failure) 
Desired survivor size 6815744 bytes, new threshold 15 (max 15)
[PSYoungGen: 254733K->5906K(255488K)] 366962K->118182K(1041920K), 0.0109704 secs] [Times: user=0.02 sys=0.00, real=0.01 secs] 
25648.452: [GC (Allocation Failure) 
Desired survivor size 6815744 bytes, new threshold 15 (max 15)
[PSYoungGen: 254738K->5940K(255488K)] 367014K->118273K(1041920K), 0.0116583 secs] [Times: user=0.02 sys=0.00, real=0.01 secs] 
25667.330: [GC (Allocation Failure) 
Desired survivor size 6815744 bytes, new threshold 15 (max 15)
[PSYoungGen: 254772K->5899K(255488K)] 367105K->118335K(1041920K), 0.0109707 secs] [Times: user=0.02 sys=0.00, real=0.02 secs] 
25686.190: [GC (Allocation Failure) 
Desired survivor size 6815744 bytes, new threshold 15 (max 15)
[PSYoungGen: 254731K->5996K(255488K)] 367167K->118534K(1041920K), 0.0103208 secs] [Times: user=0.02 sys=0.00, real=0.01 secs] 
25705.077: [GC (Allocation Failure) 
Desired survivor size 6815744 bytes, new threshold 15 (max 15)
[PSYoungGen: 254828K->5928K(255488K)] 367366K->118570K(1041920K), 0.0114194 secs] [Times: user=0.02 sys=0.00, real=0.01 secs] 
25723.941: [GC (Allocation Failure) 
Desired survivor size 6815744 bytes, new threshold 15 (max 15)
[PSYoungGen: 254760K->6036K(255488K)] 367402K->118733K(1041920K), 0.0156116 secs] [Times: user=0.02 sys=0.00, real=0.01 secs] 
25742.703: [GC (Allocation Failure) 
Desired survivor size 6815744 bytes, new threshold 15 (max 15)
[PSYoungGen: 254853K->6066K(255488K)] 367550K->118819K(1041920K), 0.0159320 secs] [Times: user=0.02 sys=0.00, real=0.01 secs] 
25761.453: [GC (Allocation Failure) 
Desired survivor size 6815744 bytes, new threshold 15 (max 15)
[PSYoungGen: 254898K->6082K(255488K)] 367651K->118985K(1041920K), 0.0143795 secs] [Times: user=0.02 sys=0.00, real=0.02 secs] 
25780.375: [GC (Allocation Failure) 
Desired survivor size 6815744 bytes, new threshold 15 (max 15)
[PSYoungGen: 254914K->6109K(255488K)] 367817K->119170K(1041920K), 0.0108613 secs] [Times: user=0.02 sys=0.00, real=0.01 secs] 
25799.200: [GC (Allocation Failure) 
Desired survivor size 6815744 bytes, new threshold 15 (max 15)
[PSYoungGen: 254941K->6115K(255488K)] 368002K->119232K(1041920K), 0.0102558 secs] [Times: user=0.01 sys=0.00, real=0.01 secs] 
25817.951: [GC (Allocation Failure) 
Desired survivor size 6815744 bytes, new threshold 15 (max 15)
[PSYoungGen: 254947K->6221K(255488K)] 368064K->119550K(1041920K), 0.0109959 secs] [Times: user=0.01 sys=0.00, real=0.01 secs] 
25836.330: [GC (Allocation Failure) 
Desired survivor size 6815744 bytes, new threshold 15 (max 15)
[PSYoungGen: 255053K->6296K(255488K)] 368382K->119697K(1041920K), 0.0158701 secs] [Times: user=0.03 sys=0.00, real=0.01 secs] 
25855.256: [GC (Allocation Failure) 
Desired survivor size 7340032 bytes, new threshold 15 (max 15)
[PSYoungGen: 255128K->6242K(254464K)] 368529K->119762K(1040896K), 0.0134342 secs] [Times: user=0.02 sys=0.00, real=0.01 secs] 
25874.006: [GC (Allocation Failure) 
Desired survivor size 6815744 bytes, new threshold 15 (max 15)
[PSYoungGen: 254050K->6100K(254976K)] 367570K->119833K(1041408K), 0.0104524 secs] [Times: user=0.02 sys=0.00, real=0.01 secs] 
25892.829: [GC (Allocation Failure) 
Desired survivor size 6815744 bytes, new threshold 15 (max 15)
[PSYoungGen: 253908K->6038K(255488K)] 367641K->119842K(1041920K), 0.1291785 secs] [Times: user=0.02 sys=0.00, real=0.13 secs] 
25911.506: [GC (Allocation Failure) 
Desired survivor size 6815744 bytes, new threshold 15 (max 15)
[PSYoungGen: 254870K->6079K(255488K)] 368674K->120002K(1041920K), 0.0114305 secs] [Times: user=0.02 sys=0.00, real=0.01 secs] 
25930.505: [GC (Allocation Failure) 
Desired survivor size 6815744 bytes, new threshold 15 (max 15)
[PSYoungGen: 254911K->6124K(255488K)] 368834K->120119K(1041920K), 0.0156703 secs] [Times: user=0.03 sys=0.00, real=0.02 secs] 
25949.384: [GC (Allocation Failure) 
Desired survivor size 6815744 bytes, new threshold 15 (max 15)
[PSYoungGen: 254956K->6123K(255488K)] 368951K->120190K(1041920K), 0.0109124 secs] [Times: user=0.01 sys=0.00, real=0.01 secs] 
25968.318: [GC (Allocation Failure) 
Desired survivor size 6815744 bytes, new threshold 15 (max 15)
[PSYoungGen: 254955K->6103K(255488K)] 369022K->120335K(1041920K), 0.0147381 secs] [Times: user=0.03 sys=0.00, real=0.01 secs] 
25987.191: [GC (Allocation Failure) 
Desired survivor size 6815744 bytes, new threshold 15 (max 15)
[PSYoungGen: 254935K->6119K(255488K)] 369167K->120423K(1041920K), 0.0122581 secs] [Times: user=0.02 sys=0.00, real=0.01 secs] 
26006.075: [GC (Allocation Failure) 
Desired survivor size 6815744 bytes, new threshold 15 (max 15)
[PSYoungGen: 254951K->5993K(255488K)] 369255K->120463K(1041920K), 0.0111891 secs] [Times: user=0.02 sys=0.00, real=0.01 secs] 
26024.951: [GC (Allocation Failure) 
Desired survivor size 6815744 bytes, new threshold 15 (max 15)
[PSYoungGen: 254825K->6042K(255488K)] 369295K->120592K(1041920K), 0.0104061 secs] [Times: user=0.02 sys=0.00, real=0.01 secs] 
26043.824: [GC (Allocation Failure) 
Desired survivor size 6815744 bytes, new threshold 15 (max 15)
[PSYoungGen: 254874K->5995K(255488K)] 369424K->120664K(1041920K), 0.0163750 secs] [Times: user=0.02 sys=0.00, real=0.02 secs] 
26062.700: [GC (Allocation Failure) 
Desired survivor size 6815744 bytes, new threshold 15 (max 15)
[PSYoungGen: 254827K->5933K(255488K)] 369496K->120721K(1041920K), 0.0156833 secs] [Times: user=0.02 sys=0.00, real=0.02 secs] 
26081.692: [GC (Allocation Failure) 
Desired survivor size 6815744 bytes, new threshold 15 (max 15)
[PSYoungGen: 254765K->5894K(255488K)] 369553K->120800K(1041920K), 0.0123770 secs] [Times: user=0.02 sys=0.00, real=0.02 secs] 
26100.452: [GC (Allocation Failure) 
Desired survivor size 6815744 bytes, new threshold 15 (max 15)
[PSYoungGen: 254726K->5871K(255488K)] 369632K->120952K(1041920K), 0.0117476 secs] [Times: user=0.02 sys=0.00, real=0.01 secs] 
26119.258: [GC (Allocation Failure) 
Desired survivor size 6815744 bytes, new threshold 15 (max 15)
[PSYoungGen: 254703K->6023K(255488K)] 369784K->121360K(1041920K), 0.0114001 secs] [Times: user=0.02 sys=0.00, real=0.01 secs] 
26138.132: [GC (Allocation Failure) 
Desired survivor size 6815744 bytes, new threshold 15 (max 15)
[PSYoungGen: 254855K->5868K(255488K)] 370192K->121318K(1041920K), 0.0103537 secs] [Times: user=0.01 sys=0.00, real=0.01 secs] 
26156.942: [GC (Allocation Failure) 
Desired survivor size 6815744 bytes, new threshold 15 (max 15)
[PSYoungGen: 254700K->5797K(255488K)] 370150K->121374K(1041920K), 0.0128703 secs] [Times: user=0.02 sys=0.00, real=0.01 secs] 
26175.831: [GC (Allocation Failure) 
Desired survivor size 6815744 bytes, new threshold 15 (max 15)
[PSYoungGen: 254629K->5719K(255488K)] 370206K->121409K(1041920K), 0.0109716 secs] [Times: user=0.02 sys=0.00, real=0.01 secs] 
26194.700: [GC (Allocation Failure) 
Desired survivor size 6815744 bytes, new threshold 15 (max 15)
[PSYoungGen: 254551K->5672K(255488K)] 370241K->121576K(1041920K), 0.0114834 secs] [Times: user=0.02 sys=0.00, real=0.02 secs] 
26213.503: [GC (Allocation Failure) 
Desired survivor size 6815744 bytes, new threshold 15 (max 15)
[PSYoungGen: 254504K->5622K(255488K)] 370408K->121599K(1041920K), 0.0105536 secs] [Times: user=0.02 sys=0.00, real=0.01 secs] 
26232.452: [GC (Allocation Failure) 
Desired survivor size 6815744 bytes, new threshold 15 (max 15)
[PSYoungGen: 254454K->5654K(255488K)] 370431K->121752K(1041920K), 0.0103553 secs] [Times: user=0.02 sys=0.00, real=0.01 secs] 
26251.384: [GC (Allocation Failure) 
Desired survivor size 6815744 bytes, new threshold 15 (max 15)
[PSYoungGen: 254486K->5743K(255488K)] 370584K->121959K(1041920K), 0.0119589 secs] [Times: user=0.02 sys=0.00, real=0.01 secs] 
26270.260: [GC (Allocation Failure) 
Desired survivor size 6815744 bytes, new threshold 15 (max 15)
[PSYoungGen: 254575K->5569K(255488K)] 370791K->121907K(1041920K), 0.0107733 secs] [Times: user=0.01 sys=0.00, real=0.01 secs] 
26289.200: [GC (Allocation Failure) 
Desired survivor size 6815744 bytes, new threshold 15 (max 15)
[PSYoungGen: 254401K->5520K(255488K)] 370739K->121979K(1041920K), 0.0107770 secs] [Times: user=0.02 sys=0.00, real=0.01 secs] 
26308.124: [GC (Allocation Failure) 
Desired survivor size 6815744 bytes, new threshold 15 (max 15)
[PSYoungGen: 254352K->5649K(255488K)] 370811K->122179K(1041920K), 0.0105060 secs] [Times: user=0.02 sys=0.00, real=0.01 secs] 
26326.881: [GC (Allocation Failure) 
Desired survivor size 6815744 bytes, new threshold 15 (max 15)
[PSYoungGen: 254481K->5686K(255488K)] 371011K->122338K(1041920K), 0.0125262 secs] [Times: user=0.02 sys=0.00, real=0.02 secs] 
26345.820: [GC (Allocation Failure) 
Desired survivor size 6815744 bytes, new threshold 15 (max 15)
[PSYoungGen: 254518K->5632K(255488K)] 371170K->122452K(1041920K), 0.0169036 secs] [Times: user=0.02 sys=0.00, real=0.02 secs] 
26364.696: [GC (Allocation Failure) 
Desired survivor size 6815744 bytes, new threshold 15 (max 15)
[PSYoungGen: 254464K->5734K(255488K)] 371284K->122626K(1041920K), 0.0106565 secs] [Times: user=0.01 sys=0.00, real=0.02 secs] 
26383.563: [GC (Allocation Failure) 
Desired survivor size 6815744 bytes, new threshold 15 (max 15)
[PSYoungGen: 254566K->5698K(255488K)] 371458K->122757K(1041920K), 0.0109072 secs] [Times: user=0.02 sys=0.00, real=0.01 secs] 
26402.385: [GC (Allocation Failure) 
Desired survivor size 6291456 bytes, new threshold 15 (max 15)
[PSYoungGen: 254530K->5656K(255488K)] 371589K->122914K(1041920K), 0.0290991 secs] [Times: user=0.02 sys=0.00, real=0.03 secs] 
26420.950: [GC (Allocation Failure) 
Desired survivor size 6291456 bytes, new threshold 15 (max 15)
[PSYoungGen: 254488K->5863K(256000K)] 371746K->123226K(1042432K), 0.0155666 secs] [Times: user=0.02 sys=0.00, real=0.01 secs] 
26439.945: [GC (Allocation Failure) 
Desired survivor size 6291456 bytes, new threshold 15 (max 15)
[PSYoungGen: 255719K->5869K(256000K)] 373082K->123344K(1042432K), 0.0137584 secs] [Times: user=0.01 sys=0.00, real=0.01 secs] 
26458.819: [GC (Allocation Failure) 
Desired survivor size 6291456 bytes, new threshold 15 (max 15)
[PSYoungGen: 255725K->5856K(256000K)] 373200K->123403K(1042432K), 0.0111942 secs] [Times: user=0.02 sys=0.00, real=0.01 secs] 
26477.701: [GC (Allocation Failure) 
Desired survivor size 6815744 bytes, new threshold 15 (max 15)
[PSYoungGen: 255712K->5903K(256000K)] 373259K->123547K(1042432K), 0.0110007 secs] [Times: user=0.02 sys=0.00, real=0.01 secs] 
26496.568: [GC (Allocation Failure) 
Desired survivor size 6815744 bytes, new threshold 15 (max 15)
[PSYoungGen: 255759K->5982K(254976K)] 373403K->123698K(1041408K), 0.0139796 secs] [Times: user=0.02 sys=0.00, real=0.01 secs] 
26515.327: [GC (Allocation Failure) 
Desired survivor size 6815744 bytes, new threshold 15 (max 15)
[PSYoungGen: 254814K->5957K(255488K)] 372530K->123753K(1041920K), 0.0117401 secs] [Times: user=0.02 sys=0.00, real=0.01 secs] 
26534.261: [GC (Allocation Failure) 
Desired survivor size 6815744 bytes, new threshold 15 (max 15)
[PSYoungGen: 254789K->5938K(255488K)] 372585K->123814K(1041920K), 0.0106055 secs] [Times: user=0.01 sys=0.00, real=0.01 secs] 
26553.084: [GC (Allocation Failure) 
Desired survivor size 6815744 bytes, new threshold 15 (max 15)
[PSYoungGen: 254770K->6042K(255488K)] 372646K->123989K(1041920K), 0.1557126 secs] [Times: user=0.03 sys=0.00, real=0.16 secs] 
26571.883: [GC (Allocation Failure) 
Desired survivor size 6815744 bytes, new threshold 15 (max 15)
[PSYoungGen: 254874K->6030K(255488K)] 372821K->124050K(1041920K), 0.0105636 secs] [Times: user=0.02 sys=0.00, real=0.01 secs] 
26590.751: [GC (Allocation Failure) 
Desired survivor size 6815744 bytes, new threshold 15 (max 15)
[PSYoungGen: 254862K->6038K(255488K)] 372882K->124130K(1041920K), 0.0204423 secs] [Times: user=0.03 sys=0.00, real=0.03 secs] 
26609.575: [GC (Allocation Failure) 
Desired survivor size 6815744 bytes, new threshold 15 (max 15)
[PSYoungGen: 254870K->6033K(255488K)] 372962K->124244K(1041920K), 0.0109074 secs] [Times: user=0.02 sys=0.00, real=0.01 secs] 
26628.321: [GC (Allocation Failure) 
Desired survivor size 6815744 bytes, new threshold 15 (max 15)
[PSYoungGen: 254865K->6186K(255488K)] 373076K->124477K(1041920K), 0.0107023 secs] [Times: user=0.02 sys=0.00, real=0.01 secs] 
26647.200: [GC (Allocation Failure) 
Desired survivor size 6815744 bytes, new threshold 15 (max 15)
[PSYoungGen: 255018K->6196K(255488K)] 373309K->124558K(1041920K), 0.0111192 secs] [Times: user=0.02 sys=0.00, real=0.01 secs] 
26666.126: [GC (Allocation Failure) 
Desired survivor size 6815744 bytes, new threshold 15 (max 15)
[PSYoungGen: 255028K->6123K(255488K)] 373390K->124605K(1041920K), 0.0124459 secs] [Times: user=0.02 sys=0.00, real=0.01 secs] 
26684.881: [GC (Allocation Failure) 
Desired survivor size 6815744 bytes, new threshold 15 (max 15)
[PSYoungGen: 254955K->6210K(255488K)] 373437K->124818K(1041920K), 0.0127844 secs] [Times: user=0.02 sys=0.00, real=0.01 secs] 
26703.815: [GC (Allocation Failure) 
Desired survivor size 6815744 bytes, new threshold 15 (max 15)
[PSYoungGen: 255034K->6156K(255488K)] 373642K->124869K(1041920K), 0.0109047 secs] [Times: user=0.02 sys=0.00, real=0.01 secs] 
26722.626: [GC (Allocation Failure) 
Desired survivor size 6815744 bytes, new threshold 15 (max 15)
[PSYoungGen: 254988K->6296K(255488K)] 373701K->125135K(1041920K), 0.0131496 secs] [Times: user=0.03 sys=0.00, real=0.01 secs] 
26741.568: [GC (Allocation Failure) 
Desired survivor size 6815744 bytes, new threshold 15 (max 15)
[PSYoungGen: 255128K->6185K(255488K)] 373967K->125104K(1041920K), 0.0178419 secs] [Times: user=0.02 sys=0.00, real=0.02 secs] 
26760.384: [GC (Allocation Failure) 
Desired survivor size 6815744 bytes, new threshold 15 (max 15)
[PSYoungGen: 255017K->5994K(255488K)] 373936K->125087K(1041920K), 0.0114883 secs] [Times: user=0.02 sys=0.00, real=0.01 secs] 
26779.329: [GC (Allocation Failure) 
Desired survivor size 6815744 bytes, new threshold 15 (max 15)
[PSYoungGen: 254826K->5918K(255488K)] 373919K->125184K(1041920K), 0.0110086 secs] [Times: user=0.02 sys=0.00, real=0.01 secs] 
26798.074: [GC (Allocation Failure) 
Desired survivor size 6815744 bytes, new threshold 15 (max 15)
[PSYoungGen: 254750K->5962K(255488K)] 374016K->125300K(1041920K), 0.0108643 secs] [Times: user=0.02 sys=0.00, real=0.01 secs] 
26816.882: [GC (Allocation Failure) 
Desired survivor size 6815744 bytes, new threshold 15 (max 15)
[PSYoungGen: 254794K->5944K(255488K)] 374132K->125354K(1041920K), 0.0115423 secs] [Times: user=0.02 sys=0.00, real=0.01 secs] 
26835.825: [GC (Allocation Failure) 
Desired survivor size 6815744 bytes, new threshold 15 (max 15)
[PSYoungGen: 254776K->5986K(255488K)] 374186K->125523K(1041920K), 0.0121873 secs] [Times: user=0.02 sys=0.01, real=0.01 secs] 
26854.572: [GC (Allocation Failure) 
Desired survivor size 6815744 bytes, new threshold 15 (max 15)
[PSYoungGen: 254818K->6025K(255488K)] 374355K->125689K(1041920K), 0.0111997 secs] [Times: user=0.02 sys=0.00, real=0.01 secs] 
26873.331: [GC (Allocation Failure) 
Desired survivor size 6815744 bytes, new threshold 15 (max 15)
[PSYoungGen: 254857K->6064K(255488K)] 374521K->125847K(1041920K), 0.0108349 secs] [Times: user=0.01 sys=0.00, real=0.01 secs] 
26892.319: [GC (Allocation Failure) 
Desired survivor size 6815744 bytes, new threshold 15 (max 15)
[PSYoungGen: 254896K->5995K(255488K)] 374679K->125905K(1041920K), 0.0108119 secs] [Times: user=0.02 sys=0.00, real=0.01 secs] 
26911.131: [GC (Allocation Failure) 
Desired survivor size 6815744 bytes, new threshold 15 (max 15)
[PSYoungGen: 254827K->5877K(255488K)] 374737K->125960K(1041920K), 0.0137547 secs] [Times: user=0.02 sys=0.00, real=0.01 secs] 
26929.882: [GC (Allocation Failure) 
Desired survivor size 6815744 bytes, new threshold 15 (max 15)
[PSYoungGen: 254709K->5905K(255488K)] 374792K->126060K(1041920K), 0.0112726 secs] [Times: user=0.02 sys=0.00, real=0.02 secs] 
26948.745: [GC (Allocation Failure) 
Desired survivor size 6815744 bytes, new threshold 15 (max 15)
[PSYoungGen: 254734K->6008K(255488K)] 374890K->126243K(1041920K), 0.0107526 secs] [Times: user=0.01 sys=0.00, real=0.01 secs] 
26967.575: [GC (Allocation Failure) 
Desired survivor size 6815744 bytes, new threshold 15 (max 15)
[PSYoungGen: 254840K->5975K(255488K)] 375075K->126384K(1041920K), 0.0105478 secs] [Times: user=0.02 sys=0.01, real=0.01 secs] 
26986.326: [GC (Allocation Failure) 
Desired survivor size 6815744 bytes, new threshold 15 (max 15)
[PSYoungGen: 254807K->5981K(255488K)] 375216K->126462K(1041920K), 0.0109898 secs] [Times: user=0.01 sys=0.00, real=0.01 secs] 
27005.250: [GC (Allocation Failure) 
Desired survivor size 6815744 bytes, new threshold 15 (max 15)
[PSYoungGen: 254813K->6045K(255488K)] 375294K->126614K(1041920K), 0.0173024 secs] [Times: user=0.02 sys=0.00, real=0.02 secs] 
27023.758: [GC (Allocation Failure) 
Desired survivor size 6815744 bytes, new threshold 15 (max 15)
[PSYoungGen: 254877K->6302K(255488K)] 375446K->126951K(1041920K), 0.0120994 secs] [Times: user=0.02 sys=0.00, real=0.01 secs] 
27042.569: [GC (Allocation Failure) 
Desired survivor size 6815744 bytes, new threshold 15 (max 15)
[PSYoungGen: 255134K->6269K(255488K)] 375783K->126990K(1041920K), 0.0114253 secs] [Times: user=0.02 sys=0.00, real=0.02 secs] 
27061.451: [GC (Allocation Failure) 
Desired survivor size 6815744 bytes, new threshold 15 (max 15)
[PSYoungGen: 255101K->6250K(255488K)] 375822K->127043K(1041920K), 0.0141614 secs] [Times: user=0.02 sys=0.00, real=0.02 secs] 
27080.319: [GC (Allocation Failure) 
Desired survivor size 6815744 bytes, new threshold 15 (max 15)
[PSYoungGen: 255082K->6126K(255488K)] 375875K->127092K(1041920K), 0.0122850 secs] [Times: user=0.02 sys=0.00, real=0.01 secs] 
27099.078: [GC (Allocation Failure) 
Desired survivor size 6815744 bytes, new threshold 15 (max 15)
[PSYoungGen: 254958K->6217K(255488K)] 375924K->127256K(1041920K), 0.0119863 secs] [Times: user=0.02 sys=0.00, real=0.02 secs] 
27117.943: [GC (Allocation Failure) 
Desired survivor size 6815744 bytes, new threshold 15 (max 15)
[PSYoungGen: 255049K->6233K(255488K)] 376088K->127344K(1041920K), 0.0146356 secs] [Times: user=0.03 sys=0.00, real=0.01 secs] 
27136.827: [GC (Allocation Failure) 
Desired survivor size 6815744 bytes, new threshold 15 (max 15)
[PSYoungGen: 255065K->6100K(255488K)] 376176K->127384K(1041920K), 0.0107923 secs] [Times: user=0.02 sys=0.00, real=0.01 secs] 
27155.601: [GC (Allocation Failure) 
Desired survivor size 6815744 bytes, new threshold 15 (max 15)
[PSYoungGen: 254932K->6211K(255488K)] 376216K->127613K(1041920K), 0.0131882 secs] [Times: user=0.02 sys=0.00, real=0.01 secs] 
27174.449: [GC (Allocation Failure) 
Desired survivor size 6815744 bytes, new threshold 15 (max 15)
[PSYoungGen: 255043K->6162K(255488K)] 376445K->127636K(1041920K), 0.0122330 secs] [Times: user=0.01 sys=0.00, real=0.02 secs] 
27193.370: [GC (Allocation Failure) 
Desired survivor size 6815744 bytes, new threshold 15 (max 15)
[PSYoungGen: 254994K->6162K(255488K)] 376468K->127764K(1041920K), 0.0116557 secs] [Times: user=0.02 sys=0.00, real=0.01 secs] 
27212.256: [GC (Allocation Failure) 
Desired survivor size 6815744 bytes, new threshold 15 (max 15)
[PSYoungGen: 254994K->6063K(255488K)] 376596K->127838K(1041920K), 0.0146684 secs] [Times: user=0.03 sys=0.00, real=0.01 secs] 
27231.076: [GC (Allocation Failure) 
Desired survivor size 6815744 bytes, new threshold 15 (max 15)
[PSYoungGen: 254895K->6126K(255488K)] 376670K->127982K(1041920K), 0.0122099 secs] [Times: user=0.01 sys=0.00, real=0.01 secs] 
27250.072: [GC (Allocation Failure) 
Desired survivor size 6815744 bytes, new threshold 15 (max 15)
[PSYoungGen: 254958K->6075K(255488K)] 376814K->128049K(1041920K), 0.0113541 secs] [Times: user=0.02 sys=0.00, real=0.01 secs] 
27268.881: [GC (Allocation Failure) 
Desired survivor size 6815744 bytes, new threshold 15 (max 15)
[PSYoungGen: 254907K->5967K(255488K)] 376881K->128162K(1041920K), 0.0108756 secs] [Times: user=0.01 sys=0.00, real=0.01 secs] 
27287.699: [GC (Allocation Failure) 
Desired survivor size 6815744 bytes, new threshold 15 (max 15)
[PSYoungGen: 254799K->6025K(255488K)] 376994K->128292K(1041920K), 0.0121551 secs] [Times: user=0.02 sys=0.00, real=0.01 secs] 
27306.573: [GC (Allocation Failure) 
Desired survivor size 6815744 bytes, new threshold 15 (max 15)
[PSYoungGen: 254857K->5962K(255488K)] 377124K->128349K(1041920K), 0.0115451 secs] [Times: user=0.02 sys=0.00, real=0.01 secs] 
27325.449: [GC (Allocation Failure) 
Desired survivor size 6815744 bytes, new threshold 15 (max 15)
[PSYoungGen: 254794K->6112K(255488K)] 377181K->128672K(1041920K), 0.0158428 secs] [Times: user=0.02 sys=0.00, real=0.02 secs] 
27344.259: [GC (Allocation Failure) 
Desired survivor size 6815744 bytes, new threshold 15 (max 15)
[PSYoungGen: 254944K->5957K(255488K)] 377504K->128597K(1041920K), 0.0183137 secs] [Times: user=0.01 sys=0.00, real=0.02 secs] 
27363.074: [GC (Allocation Failure) 
Desired survivor size 6815744 bytes, new threshold 15 (max 15)
[PSYoungGen: 254789K->6016K(255488K)] 377429K->128783K(1041920K), 0.0169795 secs] [Times: user=0.01 sys=0.00, real=0.02 secs] 
27381.946: [GC (Allocation Failure) 
Desired survivor size 6815744 bytes, new threshold 15 (max 15)
[PSYoungGen: 254848K->5905K(255488K)] 377615K->128845K(1041920K), 0.0122692 secs] [Times: user=0.02 sys=0.00, real=0.01 secs] 
27400.877: [GC (Allocation Failure) 
Desired survivor size 6815744 bytes, new threshold 15 (max 15)
[PSYoungGen: 254737K->5857K(255488K)] 377677K->128894K(1041920K), 0.0136672 secs] [Times: user=0.02 sys=0.00, real=0.01 secs] 
27419.631: [GC (Allocation Failure) 
Desired survivor size 6815744 bytes, new threshold 15 (max 15)
[PSYoungGen: 254689K->5871K(255488K)] 377726K->129027K(1041920K), 0.0107558 secs] [Times: user=0.02 sys=0.00, real=0.01 secs] 
27438.625: [GC (Allocation Failure) 
Desired survivor size 6815744 bytes, new threshold 15 (max 15)
[PSYoungGen: 254703K->5749K(255488K)] 377859K->129095K(1041920K), 0.0107919 secs] [Times: user=0.02 sys=0.00, real=0.01 secs] 
27457.564: [GC (Allocation Failure) 
Desired survivor size 6815744 bytes, new threshold 15 (max 15)
[PSYoungGen: 254581K->5678K(255488K)] 377927K->129184K(1041920K), 0.0123454 secs] [Times: user=0.02 sys=0.00, real=0.01 secs] 
27476.327: [GC (Allocation Failure) 
Desired survivor size 6815744 bytes, new threshold 15 (max 15)
[PSYoungGen: 254510K->5671K(255488K)] 378016K->129304K(1041920K), 0.0107246 secs] [Times: user=0.01 sys=0.00, real=0.01 secs] 
27495.259: [GC (Allocation Failure) 
Desired survivor size 6815744 bytes, new threshold 15 (max 15)
[PSYoungGen: 254503K->5624K(255488K)] 378136K->129378K(1041920K), 0.0106773 secs] [Times: user=0.02 sys=0.00, real=0.01 secs] 
27514.200: [GC (Allocation Failure) 
Desired survivor size 6815744 bytes, new threshold 15 (max 15)
[PSYoungGen: 254456K->5670K(255488K)] 378210K->129545K(1041920K), 0.0122701 secs] [Times: user=0.02 sys=0.00, real=0.02 secs] 
27533.000: [GC (Allocation Failure) 
Desired survivor size 6815744 bytes, new threshold 15 (max 15)
[PSYoungGen: 254502K->5751K(255488K)] 378377K->129706K(1041920K), 0.0125458 secs] [Times: user=0.02 sys=0.00, real=0.01 secs] 
27551.883: [GC (Allocation Failure) 
Desired survivor size 6815744 bytes, new threshold 15 (max 15)
[PSYoungGen: 254583K->5653K(255488K)] 378538K->129776K(1041920K), 0.0124570 secs] [Times: user=0.01 sys=0.00, real=0.01 secs] 
27570.751: [GC (Allocation Failure) 
Desired survivor size 6815744 bytes, new threshold 15 (max 15)
[PSYoungGen: 254485K->5665K(255488K)] 378608K->129962K(1041920K), 0.0178286 secs] [Times: user=0.03 sys=0.00, real=0.01 secs] 
27589.503: [GC (Allocation Failure) 
Desired survivor size 6815744 bytes, new threshold 15 (max 15)
[PSYoungGen: 254497K->5790K(255488K)] 378794K->130207K(1041920K), 0.0127673 secs] [Times: user=0.03 sys=0.00, real=0.02 secs] 
27608.383: [GC (Allocation Failure) 
Desired survivor size 6815744 bytes, new threshold 15 (max 15)
[PSYoungGen: 254622K->5628K(255488K)] 379039K->130175K(1041920K), 0.0117382 secs] [Times: user=0.02 sys=0.00, real=0.01 secs] 
27626.945: [GC (Allocation Failure) 
Desired survivor size 6815744 bytes, new threshold 15 (max 15)
[PSYoungGen: 254460K->5865K(255488K)] 379007K->130538K(1041920K), 0.0110283 secs] [Times: user=0.02 sys=0.00, real=0.01 secs] 
27645.693: [GC (Allocation Failure) 
Desired survivor size 6815744 bytes, new threshold 15 (max 15)
[PSYoungGen: 254697K->5859K(255488K)] 379370K->130646K(1041920K), 0.0117346 secs] [Times: user=0.02 sys=0.00, real=0.01 secs] 
27664.507: [GC (Allocation Failure) 
Desired survivor size 6815744 bytes, new threshold 15 (max 15)
[PSYoungGen: 254691K->5850K(255488K)] 379478K->130758K(1041920K), 0.0110032 secs] [Times: user=0.02 sys=0.00, real=0.01 secs] 
27683.381: [GC (Allocation Failure) 
Desired survivor size 6815744 bytes, new threshold 15 (max 15)
[PSYoungGen: 254682K->5865K(255488K)] 379590K->130845K(1041920K), 0.0109361 secs] [Times: user=0.02 sys=0.00, real=0.01 secs] 
27702.379: [GC (Allocation Failure) 
Desired survivor size 6291456 bytes, new threshold 15 (max 15)
[PSYoungGen: 254697K->5870K(256000K)] 379677K->131018K(1042432K), 0.0116741 secs] [Times: user=0.02 sys=0.00, real=0.01 secs] 
27721.202: [GC (Allocation Failure) 
Desired survivor size 6291456 bytes, new threshold 15 (max 15)
[PSYoungGen: 255214K->5812K(255488K)] 380362K->131040K(1041920K), 0.0120226 secs] [Times: user=0.02 sys=0.00, real=0.02 secs] 
27740.196: [GC (Allocation Failure) 
Desired survivor size 6291456 bytes, new threshold 15 (max 15)
[PSYoungGen: 255156K->5795K(256000K)] 380384K->131136K(1042432K), 0.0141433 secs] [Times: user=0.02 sys=0.00, real=0.02 secs] 
27759.136: [GC (Allocation Failure) 
Desired survivor size 6291456 bytes, new threshold 15 (max 15)
[PSYoungGen: 255651K->5763K(256000K)] 380992K->131225K(1042432K), 0.0114643 secs] [Times: user=0.02 sys=0.00, real=0.01 secs] 
27777.950: [GC (Allocation Failure) 
Desired survivor size 6291456 bytes, new threshold 15 (max 15)
[PSYoungGen: 255619K->5923K(256000K)] 381081K->131465K(1042432K), 0.0192291 secs] [Times: user=0.02 sys=0.00, real=0.02 secs] 
27797.007: [GC (Allocation Failure) 
Desired survivor size 6291456 bytes, new threshold 15 (max 15)
[PSYoungGen: 255779K->5857K(256000K)] 381321K->131503K(1042432K), 0.0112495 secs] [Times: user=0.02 sys=0.00, real=0.01 secs] 
27815.883: [GC (Allocation Failure) 
Desired survivor size 6291456 bytes, new threshold 15 (max 15)
[PSYoungGen: 255713K->5948K(256000K)] 381359K->131666K(1042432K), 0.0116311 secs] [Times: user=0.02 sys=0.00, real=0.01 secs] 
27834.758: [GC (Allocation Failure) 
Desired survivor size 6291456 bytes, new threshold 15 (max 15)
[PSYoungGen: 255804K->5895K(256000K)] 381522K->131732K(1042432K), 0.0122859 secs] [Times: user=0.02 sys=0.01, real=0.01 secs] 
27853.818: [GC (Allocation Failure) 
Desired survivor size 6291456 bytes, new threshold 15 (max 15)
[PSYoungGen: 255751K->5887K(256000K)] 381588K->131843K(1042432K), 0.0121244 secs] [Times: user=0.02 sys=0.00, real=0.01 secs] 
27872.818: [GC (Allocation Failure) 
Desired survivor size 6291456 bytes, new threshold 15 (max 15)
[PSYoungGen: 255743K->5797K(256000K)] 381699K->131896K(1042432K), 0.0186594 secs] [Times: user=0.02 sys=0.00, real=0.02 secs] 
27891.738: [GC (Allocation Failure) 
Desired survivor size 6291456 bytes, new threshold 15 (max 15)
[PSYoungGen: 255653K->5987K(256000K)] 381752K->132183K(1042432K), 0.0129183 secs] [Times: user=0.02 sys=0.00, real=0.02 secs] 
27910.757: [GC (Allocation Failure) 
Desired survivor size 6291456 bytes, new threshold 15 (max 15)
[PSYoungGen: 255843K->5698K(256000K)] 382039K->132047K(1042432K), 0.0162089 secs] [Times: user=0.03 sys=0.00, real=0.02 secs] 
27929.743: [GC (Allocation Failure) 
Desired survivor size 6291456 bytes, new threshold 15 (max 15)
[PSYoungGen: 255554K->5913K(256000K)] 381903K->132436K(1042432K), 0.0109367 secs] [Times: user=0.02 sys=0.00, real=0.01 secs] 
27948.576: [GC (Allocation Failure) 
Desired survivor size 6291456 bytes, new threshold 15 (max 15)
[PSYoungGen: 255769K->5718K(256000K)] 382292K->132401K(1042432K), 0.0110320 secs] [Times: user=0.01 sys=0.00, real=0.01 secs] 
27967.499: [GC (Allocation Failure) 
Desired survivor size 6291456 bytes, new threshold 15 (max 15)
[PSYoungGen: 255574K->5757K(256000K)] 382257K->132561K(1042432K), 0.0106250 secs] [Times: user=0.02 sys=0.00, real=0.01 secs] 
27986.384: [GC (Allocation Failure) 
Desired survivor size 6291456 bytes, new threshold 15 (max 15)
[PSYoungGen: 255613K->5759K(256000K)] 382417K->132634K(1042432K), 0.0114998 secs] [Times: user=0.02 sys=0.00, real=0.01 secs] 
28005.324: [GC (Allocation Failure) 
Desired survivor size 6291456 bytes, new threshold 15 (max 15)
[PSYoungGen: 255615K->5815K(256000K)] 382490K->132804K(1042432K), 0.0127766 secs] [Times: user=0.02 sys=0.00, real=0.02 secs] 
28024.297: [GC (Allocation Failure) 
Desired survivor size 6291456 bytes, new threshold 15 (max 15)
[PSYoungGen: 255671K->5827K(256000K)] 382660K->132912K(1042432K), 0.0126335 secs] [Times: user=0.02 sys=0.00, real=0.02 secs] 
28043.198: [GC (Allocation Failure) 
Desired survivor size 6291456 bytes, new threshold 15 (max 15)
[PSYoungGen: 255683K->5788K(256000K)] 382768K->132945K(1042432K), 0.0108843 secs] [Times: user=0.02 sys=0.00, real=0.01 secs] 
28062.248: [GC (Allocation Failure) 
Desired survivor size 6291456 bytes, new threshold 15 (max 15)
[PSYoungGen: 255644K->5693K(256000K)] 382801K->133065K(1042432K), 0.0131254 secs] [Times: user=0.02 sys=0.00, real=0.01 secs] 
28081.200: [GC (Allocation Failure) 
Desired survivor size 6291456 bytes, new threshold 15 (max 15)
[PSYoungGen: 255549K->5677K(256000K)] 382921K->133129K(1042432K), 0.0155951 secs] [Times: user=0.02 sys=0.00, real=0.01 secs] 
28100.132: [GC (Allocation Failure) 
Desired survivor size 6291456 bytes, new threshold 15 (max 15)
[PSYoungGen: 255533K->5654K(256000K)] 382985K->133321K(1042432K), 0.0132674 secs] [Times: user=0.02 sys=0.00, real=0.01 secs] 
28119.007: [GC (Allocation Failure) 
Desired survivor size 6291456 bytes, new threshold 15 (max 15)
[PSYoungGen: 255510K->5713K(256000K)] 383177K->133501K(1042432K), 0.0177906 secs] [Times: user=0.02 sys=0.00, real=0.02 secs] 
28137.951: [GC (Allocation Failure) 
Desired survivor size 6291456 bytes, new threshold 15 (max 15)
[PSYoungGen: 255569K->5810K(256000K)] 383357K->133670K(1042432K), 0.0120500 secs] [Times: user=0.02 sys=0.00, real=0.01 secs] 
28156.946: [GC (Allocation Failure) 
Desired survivor size 6291456 bytes, new threshold 15 (max 15)
[PSYoungGen: 255666K->5802K(256000K)] 383526K->133775K(1042432K), 0.0127384 secs] [Times: user=0.02 sys=0.00, real=0.01 secs] 
28175.802: [GC (Allocation Failure) 
Desired survivor size 6291456 bytes, new threshold 15 (max 15)
[PSYoungGen: 255658K->5904K(256000K)] 383631K->133974K(1042432K), 0.0113133 secs] [Times: user=0.02 sys=0.00, real=0.02 secs] 
28194.751: [GC (Allocation Failure) 
Desired survivor size 6291456 bytes, new threshold 15 (max 15)
[PSYoungGen: 255757K->5976K(256000K)] 383826K->134117K(1042432K), 0.0120212 secs] [Times: user=0.03 sys=0.00, real=0.01 secs] 
28213.755: [GC (Allocation Failure) 
Desired survivor size 6291456 bytes, new threshold 15 (max 15)
[PSYoungGen: 255832K->5944K(256000K)] 383973K->134174K(1042432K), 0.0116114 secs] [Times: user=0.02 sys=0.00, real=0.01 secs] 
28232.403: [GC (Allocation Failure) 
Desired survivor size 6815744 bytes, new threshold 15 (max 15)
[PSYoungGen: 255800K->6066K(254976K)] 384030K->134422K(1041408K), 0.0375998 secs] [Times: user=0.02 sys=0.00, real=0.03 secs] 
28251.214: [GC (Allocation Failure) 
Desired survivor size 6815744 bytes, new threshold 15 (max 15)
[PSYoungGen: 254898K->6114K(255488K)] 383254K->134597K(1041920K), 0.0123161 secs] [Times: user=0.02 sys=0.00, real=0.01 secs] 
28270.012: [GC (Allocation Failure) 
Desired survivor size 6815744 bytes, new threshold 15 (max 15)
[PSYoungGen: 254946K->5911K(255488K)] 383429K->134474K(1041920K), 0.0116543 secs] [Times: user=0.01 sys=0.00, real=0.01 secs] 
28288.819: [GC (Allocation Failure) 
Desired survivor size 6815744 bytes, new threshold 15 (max 15)
[PSYoungGen: 254743K->5949K(255488K)] 383306K->134639K(1041920K), 0.0117032 secs] [Times: user=0.02 sys=0.01, real=0.02 secs] 
28307.698: [GC (Allocation Failure) 
Desired survivor size 6815744 bytes, new threshold 15 (max 15)
[PSYoungGen: 254781K->5979K(255488K)] 383471K->134741K(1041920K), 0.0132993 secs] [Times: user=0.02 sys=0.00, real=0.01 secs] 
28326.576: [GC (Allocation Failure) 
Desired survivor size 6815744 bytes, new threshold 15 (max 15)
[PSYoungGen: 254811K->5947K(255488K)] 383573K->134828K(1041920K), 0.0428678 secs] [Times: user=0.02 sys=0.00, real=0.04 secs] 
28345.446: [GC (Allocation Failure) 
Desired survivor size 6815744 bytes, new threshold 15 (max 15)
[PSYoungGen: 254779K->6035K(255488K)] 383660K->134995K(1041920K), 0.0111010 secs] [Times: user=0.02 sys=0.00, real=0.01 secs] 
28364.380: [GC (Allocation Failure) 
Desired survivor size 6815744 bytes, new threshold 15 (max 15)
[PSYoungGen: 254867K->5955K(255488K)] 383827K->134996K(1041920K), 0.0118212 secs] [Times: user=0.02 sys=0.00, real=0.02 secs] 
28383.194: [GC (Allocation Failure) 
Desired survivor size 6815744 bytes, new threshold 15 (max 15)
[PSYoungGen: 254787K->5948K(255488K)] 383828K->135116K(1041920K), 0.0114755 secs] [Times: user=0.02 sys=0.00, real=0.01 secs] 
28402.008: [GC (Allocation Failure) 
Desired survivor size 6815744 bytes, new threshold 15 (max 15)
[PSYoungGen: 254780K->5879K(255488K)] 383948K->135220K(1041920K), 0.0128516 secs] [Times: user=0.02 sys=0.00, real=0.01 secs] 
28421.004: [GC (Allocation Failure) 
Desired survivor size 6291456 bytes, new threshold 15 (max 15)
[PSYoungGen: 254711K->5865K(256000K)] 384052K->135286K(1042432K), 0.0120319 secs] [Times: user=0.02 sys=0.00, real=0.01 secs] 
28439.875: [GC (Allocation Failure) 
Desired survivor size 6291456 bytes, new threshold 15 (max 15)
[PSYoungGen: 255209K->5951K(255488K)] 384630K->135499K(1041920K), 0.0126397 secs] [Times: user=0.02 sys=0.00, real=0.01 secs] 
28458.878: [GC (Allocation Failure) 
Desired survivor size 6291456 bytes, new threshold 15 (max 15)
[PSYoungGen: 255295K->5882K(256000K)] 384843K->135574K(1042432K), 0.0114451 secs] [Times: user=0.02 sys=0.00, real=0.01 secs] 
28477.826: [GC (Allocation Failure) 
Desired survivor size 6291456 bytes, new threshold 15 (max 15)
[PSYoungGen: 255738K->5826K(256000K)] 385430K->135660K(1042432K), 0.0108188 secs] [Times: user=0.02 sys=0.00, real=0.01 secs] 
28496.701: [GC (Allocation Failure) 
Desired survivor size 6291456 bytes, new threshold 15 (max 15)
[PSYoungGen: 255682K->5839K(256000K)] 385516K->135746K(1042432K), 0.0120298 secs] [Times: user=0.02 sys=0.00, real=0.02 secs] 
28515.693: [GC (Allocation Failure) 
Desired survivor size 6291456 bytes, new threshold 15 (max 15)
[PSYoungGen: 255695K->5896K(256000K)] 385602K->135915K(1042432K), 0.0125053 secs] [Times: user=0.02 sys=0.00, real=0.02 secs] 
28534.366: [GC (Allocation Failure) 
Desired survivor size 6291456 bytes, new threshold 15 (max 15)
[PSYoungGen: 255752K->6036K(256000K)] 385771K->136144K(1042432K), 0.0151885 secs] [Times: user=0.03 sys=0.00, real=0.02 secs] 
28553.193: [GC (Allocation Failure) 
Desired survivor size 6815744 bytes, new threshold 15 (max 15)
[PSYoungGen: 255892K->6076K(256000K)] 386000K->136285K(1042432K), 0.0128996 secs] [Times: user=0.02 sys=0.00, real=0.01 secs] 
28572.200: [GC (Allocation Failure) 
Desired survivor size 6815744 bytes, new threshold 15 (max 15)
[PSYoungGen: 255932K->6012K(254976K)] 386141K->136396K(1041408K), 0.0113624 secs] [Times: user=0.02 sys=0.00, real=0.01 secs] 
28591.004: [GC (Allocation Failure) 
Desired survivor size 6815744 bytes, new threshold 15 (max 15)
[PSYoungGen: 254844K->6055K(255488K)] 385228K->136518K(1041920K), 0.0117774 secs] [Times: user=0.02 sys=0.00, real=0.01 secs] 
28609.844: [GC (Allocation Failure) 
Desired survivor size 6815744 bytes, new threshold 15 (max 15)
[PSYoungGen: 254887K->6019K(255488K)] 385350K->136554K(1041920K), 0.0113920 secs] [Times: user=0.02 sys=0.00, real=0.01 secs] 
28628.756: [GC (Allocation Failure) 
Desired survivor size 6815744 bytes, new threshold 15 (max 15)
[PSYoungGen: 254851K->5938K(255488K)] 385386K->136592K(1041920K), 0.0110142 secs] [Times: user=0.02 sys=0.00, real=0.01 secs] 
28647.579: [GC (Allocation Failure) 
Desired survivor size 6815744 bytes, new threshold 15 (max 15)
[PSYoungGen: 254770K->5979K(255488K)] 385424K->136705K(1041920K), 0.0117879 secs] [Times: user=0.02 sys=0.00, real=0.01 secs] 
28666.444: [GC (Allocation Failure) 
Desired survivor size 6815744 bytes, new threshold 15 (max 15)
[PSYoungGen: 254811K->6063K(255488K)] 385537K->136861K(1041920K), 0.0135608 secs] [Times: user=0.02 sys=0.00, real=0.02 secs] 
28685.298: [GC (Allocation Failure) 
Desired survivor size 6815744 bytes, new threshold 15 (max 15)
[PSYoungGen: 254895K->6048K(255488K)] 385693K->136965K(1041920K), 0.0130276 secs] [Times: user=0.02 sys=0.00, real=0.02 secs] 
28704.165: [GC (Allocation Failure) 
Desired survivor size 6815744 bytes, new threshold 15 (max 15)
[PSYoungGen: 254880K->6032K(255488K)] 385797K->137029K(1041920K), 0.0112227 secs] [Times: user=0.02 sys=0.00, real=0.01 secs] 
28723.095: [GC (Allocation Failure) 
Desired survivor size 6815744 bytes, new threshold 15 (max 15)
[PSYoungGen: 254864K->6048K(255488K)] 385861K->137117K(1041920K), 0.0125609 secs] [Times: user=0.02 sys=0.00, real=0.02 secs] 
28741.949: [GC (Allocation Failure) 
Desired survivor size 6815744 bytes, new threshold 15 (max 15)
[PSYoungGen: 254880K->6066K(255488K)] 385949K->137215K(1041920K), 0.0121253 secs] [Times: user=0.02 sys=0.00, real=0.01 secs] 
28760.875: [GC (Allocation Failure) 
Desired survivor size 6815744 bytes, new threshold 15 (max 15)
[PSYoungGen: 254898K->6132K(255488K)] 386047K->137454K(1041920K), 0.0124457 secs] [Times: user=0.02 sys=0.00, real=0.01 secs] 
28779.754: [GC (Allocation Failure) 
Desired survivor size 6815744 bytes, new threshold 15 (max 15)
[PSYoungGen: 254964K->5979K(255488K)] 386286K->137373K(1041920K), 0.0122708 secs] [Times: user=0.02 sys=0.00, real=0.02 secs] 
28798.570: [GC (Allocation Failure) 
Desired survivor size 6815744 bytes, new threshold 15 (max 15)
[PSYoungGen: 254811K->5987K(255488K)] 386205K->137509K(1041920K), 0.0111570 secs] [Times: user=0.02 sys=0.00, real=0.01 secs] 
28817.450: [GC (Allocation Failure) 
Desired survivor size 6815744 bytes, new threshold 15 (max 15)
[PSYoungGen: 254819K->5872K(255488K)] 386341K->137626K(1041920K), 0.0111017 secs] [Times: user=0.02 sys=0.00, real=0.01 secs] 
28834.598: [GC (System.gc()) 
Desired survivor size 6815744 bytes, new threshold 15 (max 15)
[PSYoungGen: 236257K->5779K(255488K)] 368011K->137731K(1041920K), 0.0109318 secs] [Times: user=0.02 sys=0.00, real=0.01 secs] 
28834.609: [Full GC (System.gc()) [PSYoungGen: 5779K->0K(255488K)] [ParOldGen: 131951K->111432K(786432K)] 137731K->111432K(1041920K), [Metaspace: 91063K->91063K(1132544K)], 0.2798970 secs] [Times: user=0.42 sys=0.00, real=0.28 secs] 
28853.106: [GC (Allocation Failure) 
Desired survivor size 6815744 bytes, new threshold 15 (max 15)
[PSYoungGen: 248832K->4689K(255488K)] 360264K->116122K(1041920K), 0.0135109 secs] [Times: user=0.02 sys=0.00, real=0.01 secs] 
28872.068: [GC (Allocation Failure) 
Desired survivor size 6815744 bytes, new threshold 15 (max 15)
[PSYoungGen: 253521K->4785K(255488K)] 364954K->116217K(1041920K), 0.0100861 secs] [Times: user=0.02 sys=0.00, real=0.01 secs] 
28890.946: [GC (Allocation Failure) 
Desired survivor size 6815744 bytes, new threshold 15 (max 15)
[PSYoungGen: 253617K->4880K(255488K)] 365049K->116313K(1041920K), 0.0135421 secs] [Times: user=0.02 sys=0.00, real=0.01 secs] 
28909.759: [GC (Allocation Failure) 
Desired survivor size 6815744 bytes, new threshold 15 (max 15)
[PSYoungGen: 253712K->4897K(255488K)] 365145K->116330K(1041920K), 0.0103315 secs] [Times: user=0.02 sys=0.00, real=0.01 secs] 
28928.705: [GC (Allocation Failure) 
Desired survivor size 6815744 bytes, new threshold 15 (max 15)
[PSYoungGen: 253729K->4978K(255488K)] 365162K->116411K(1041920K), 0.0106204 secs] [Times: user=0.02 sys=0.00, real=0.01 secs] 
28947.578: [GC (Allocation Failure) 
Desired survivor size 6815744 bytes, new threshold 15 (max 15)
[PSYoungGen: 253810K->5138K(255488K)] 365243K->116570K(1041920K), 0.0102898 secs] [Times: user=0.02 sys=0.00, real=0.01 secs] 
28966.381: [GC (Allocation Failure) 
Desired survivor size 6815744 bytes, new threshold 15 (max 15)
[PSYoungGen: 253970K->5233K(255488K)] 365402K->116665K(1041920K), 0.0122736 secs] [Times: user=0.02 sys=0.00, real=0.02 secs] 
28985.251: [GC (Allocation Failure) 
Desired survivor size 6815744 bytes, new threshold 15 (max 15)
[PSYoungGen: 254065K->5351K(255488K)] 365497K->116784K(1041920K), 0.0117334 secs] [Times: user=0.02 sys=0.01, real=0.01 secs] 
29004.006: [GC (Allocation Failure) 
Desired survivor size 6815744 bytes, new threshold 15 (max 15)
[PSYoungGen: 254183K->5462K(255488K)] 365616K->116894K(1041920K), 0.0105657 secs] [Times: user=0.01 sys=0.00, real=0.01 secs] 
29022.945: [GC (Allocation Failure) 
Desired survivor size 6815744 bytes, new threshold 15 (max 15)
[PSYoungGen: 254294K->5621K(255488K)] 365726K->117053K(1041920K), 0.0110643 secs] [Times: user=0.02 sys=0.00, real=0.01 secs] 
29041.756: [GC (Allocation Failure) 
Desired survivor size 6815744 bytes, new threshold 15 (max 15)
[PSYoungGen: 254453K->5674K(255488K)] 365885K->117106K(1041920K), 0.0123334 secs] [Times: user=0.02 sys=0.00, real=0.01 secs] 
29060.700: [GC (Allocation Failure) 
Desired survivor size 6815744 bytes, new threshold 15 (max 15)
[PSYoungGen: 254506K->5694K(255488K)] 365938K->117126K(1041920K), 0.0197394 secs] [Times: user=0.03 sys=0.00, real=0.02 secs] 
29079.510: [GC (Allocation Failure) 
Desired survivor size 6815744 bytes, new threshold 15 (max 15)
[PSYoungGen: 254526K->5929K(255488K)] 365958K->117361K(1041920K), 0.0105461 secs] [Times: user=0.02 sys=0.00, real=0.01 secs] 
29098.328: [GC (Allocation Failure) 
Desired survivor size 6815744 bytes, new threshold 15 (max 15)
[PSYoungGen: 254761K->5962K(255488K)] 366193K->117394K(1041920K), 0.0122214 secs] [Times: user=0.02 sys=0.00, real=0.01 secs] 
29117.261: [GC (Allocation Failure) 
Desired survivor size 6815744 bytes, new threshold 15 (max 15)
[PSYoungGen: 254794K->6076K(255488K)] 366226K->117508K(1041920K), 0.0104672 secs] [Times: user=0.01 sys=0.00, real=0.01 secs] 
29136.005: [GC (Allocation Failure) 
Desired survivor size 6815744 bytes, new threshold 15 (max 15)
[PSYoungGen: 254908K->5604K(255488K)] 366340K->117663K(1041920K), 0.0113357 secs] [Times: user=0.02 sys=0.00, real=0.01 secs] 
29154.824: [GC (Allocation Failure) 
Desired survivor size 6815744 bytes, new threshold 15 (max 15)
[PSYoungGen: 254436K->5586K(255488K)] 366495K->117700K(1041920K), 0.0101041 secs] [Times: user=0.02 sys=0.00, real=0.01 secs] 
29173.755: [GC (Allocation Failure) 
Desired survivor size 6815744 bytes, new threshold 15 (max 15)
[PSYoungGen: 254418K->5588K(255488K)] 366532K->117775K(1041920K), 0.0108149 secs] [Times: user=0.02 sys=0.00, real=0.01 secs] 
29192.644: [GC (Allocation Failure) 
Desired survivor size 6815744 bytes, new threshold 15 (max 15)
[PSYoungGen: 254420K->5688K(255488K)] 366607K->117931K(1041920K), 0.0206342 secs] [Times: user=0.01 sys=0.00, real=0.02 secs] 
29211.356: [GC (Allocation Failure) 
Desired survivor size 6815744 bytes, new threshold 15 (max 15)
[PSYoungGen: 254520K->5779K(255488K)] 366763K->118078K(1041920K), 0.0121911 secs] [Times: user=0.02 sys=0.00, real=0.01 secs] 
29230.194: [GC (Allocation Failure) 
Desired survivor size 6815744 bytes, new threshold 15 (max 15)
[PSYoungGen: 254611K->5839K(255488K)] 366910K->118194K(1041920K), 0.0120147 secs] [Times: user=0.02 sys=0.00, real=0.01 secs] 
29249.009: [GC (Allocation Failure) 
Desired survivor size 6815744 bytes, new threshold 15 (max 15)
[PSYoungGen: 254671K->5787K(255488K)] 367026K->118292K(1041920K), 0.0103746 secs] [Times: user=0.02 sys=0.00, real=0.01 secs] 
29267.881: [GC (Allocation Failure) 
Desired survivor size 6815744 bytes, new threshold 15 (max 15)
[PSYoungGen: 254619K->5864K(255488K)] 367124K->118471K(1041920K), 0.0117008 secs] [Times: user=0.02 sys=0.00, real=0.01 secs] 
29286.701: [GC (Allocation Failure) 
Desired survivor size 6815744 bytes, new threshold 15 (max 15)
[PSYoungGen: 254696K->5778K(255488K)] 367303K->118543K(1041920K), 0.0105075 secs] [Times: user=0.02 sys=0.00, real=0.02 secs] 
29305.577: [GC (Allocation Failure) 
Desired survivor size 6815744 bytes, new threshold 15 (max 15)
[PSYoungGen: 254610K->5827K(255488K)] 367375K->118648K(1041920K), 0.0115723 secs] [Times: user=0.02 sys=0.00, real=0.01 secs] 
29324.506: [GC (Allocation Failure) 
Desired survivor size 6815744 bytes, new threshold 15 (max 15)
[PSYoungGen: 254659K->5860K(255488K)] 367480K->118737K(1041920K), 0.0114925 secs] [Times: user=0.02 sys=0.00, real=0.02 secs] 
29343.337: [GC (Allocation Failure) 
Desired survivor size 6815744 bytes, new threshold 15 (max 15)
[PSYoungGen: 254692K->5889K(255488K)] 367569K->118822K(1041920K), 0.0167898 secs] [Times: user=0.02 sys=0.00, real=0.02 secs] 
29362.200: [GC (Allocation Failure) 
Desired survivor size 6815744 bytes, new threshold 15 (max 15)
[PSYoungGen: 254721K->5885K(255488K)] 367654K->118968K(1041920K), 0.0106115 secs] [Times: user=0.02 sys=0.00, real=0.01 secs] 
29381.126: [GC (Allocation Failure) 
Desired survivor size 6815744 bytes, new threshold 15 (max 15)
[PSYoungGen: 254717K->5898K(255488K)] 367800K->119037K(1041920K), 0.0119173 secs] [Times: user=0.02 sys=0.01, real=0.01 secs] 
29399.973: [GC (Allocation Failure) 
Desired survivor size 6815744 bytes, new threshold 15 (max 15)
[PSYoungGen: 254730K->6013K(255488K)] 367869K->119216K(1041920K), 0.0115269 secs] [Times: user=0.02 sys=0.00, real=0.01 secs] 
29418.875: [GC (Allocation Failure) 
Desired survivor size 6815744 bytes, new threshold 15 (max 15)
[PSYoungGen: 254845K->6110K(255488K)] 368048K->119436K(1041920K), 0.0113952 secs] [Times: user=0.02 sys=0.00, real=0.01 secs] 
29437.317: [GC (Allocation Failure) 
Desired survivor size 6815744 bytes, new threshold 15 (max 15)
[PSYoungGen: 254942K->6127K(255488K)] 368268K->119525K(1041920K), 0.0123051 secs] [Times: user=0.03 sys=0.00, real=0.01 secs] 
29456.123: [GC (Allocation Failure) 
Desired survivor size 6815744 bytes, new threshold 15 (max 15)
[PSYoungGen: 254959K->6113K(255488K)] 368357K->119582K(1041920K), 0.0110765 secs] [Times: user=0.02 sys=0.00, real=0.01 secs] 
29474.942: [GC (Allocation Failure) 
Desired survivor size 6815744 bytes, new threshold 15 (max 15)
[PSYoungGen: 254945K->6224K(255488K)] 368414K->119820K(1041920K), 0.0114125 secs] [Times: user=0.02 sys=0.00, real=0.01 secs] 
29493.704: [GC (Allocation Failure) 
Desired survivor size 6815744 bytes, new threshold 15 (max 15)
[PSYoungGen: 255056K->6071K(255488K)] 368652K->119840K(1041920K), 0.1280750 secs] [Times: user=0.02 sys=0.00, real=0.12 secs] 
29512.327: [GC (Allocation Failure) 
Desired survivor size 6815744 bytes, new threshold 15 (max 15)
[PSYoungGen: 254903K->6014K(255488K)] 368672K->119958K(1041920K), 0.0140907 secs] [Times: user=0.02 sys=0.00, real=0.01 secs] 
29531.219: [GC (Allocation Failure) 
Desired survivor size 6815744 bytes, new threshold 15 (max 15)
[PSYoungGen: 254846K->6133K(255488K)] 368790K->120149K(1041920K), 0.0196994 secs] [Times: user=0.02 sys=0.00, real=0.02 secs] 
29550.076: [GC (Allocation Failure) 
Desired survivor size 6815744 bytes, new threshold 15 (max 15)
[PSYoungGen: 254965K->6016K(255488K)] 368981K->120151K(1041920K), 0.0105554 secs] [Times: user=0.02 sys=0.00, real=0.01 secs] 
29569.005: [GC (Allocation Failure) 
Desired survivor size 6815744 bytes, new threshold 15 (max 15)
[PSYoungGen: 254848K->6061K(255488K)] 368983K->120267K(1041920K), 0.0118195 secs] [Times: user=0.01 sys=0.00, real=0.01 secs] 
29587.755: [GC (Allocation Failure) 
Desired survivor size 6815744 bytes, new threshold 15 (max 15)
[PSYoungGen: 254893K->6114K(255488K)] 369099K->120400K(1041920K), 0.0103302 secs] [Times: user=0.01 sys=0.00, real=0.01 secs] 
29606.625: [GC (Allocation Failure) 
Desired survivor size 6815744 bytes, new threshold 15 (max 15)
[PSYoungGen: 254946K->6167K(255488K)] 369232K->120525K(1041920K), 0.0124885 secs] [Times: user=0.02 sys=0.00, real=0.01 secs] 
29625.450: [GC (Allocation Failure) 
Desired survivor size 6815744 bytes, new threshold 15 (max 15)
[PSYoungGen: 254999K->6154K(255488K)] 369357K->120592K(1041920K), 0.0119130 secs] [Times: user=0.02 sys=0.00, real=0.01 secs] 
29644.323: [GC (Allocation Failure) 
Desired survivor size 6815744 bytes, new threshold 15 (max 15)
[PSYoungGen: 254986K->6172K(255488K)] 369424K->120737K(1041920K), 0.0116103 secs] [Times: user=0.02 sys=0.00, real=0.01 secs] 
29663.115: [GC (Allocation Failure) 
Desired survivor size 6815744 bytes, new threshold 15 (max 15)
[PSYoungGen: 255004K->6191K(255488K)] 369569K->120828K(1041920K), 0.0108094 secs] [Times: user=0.02 sys=0.00, real=0.01 secs] 
29682.072: [GC (Allocation Failure) 
Desired survivor size 6815744 bytes, new threshold 15 (max 15)
[PSYoungGen: 255023K->6409K(255488K)] 369660K->121118K(1041920K), 0.0119859 secs] [Times: user=0.02 sys=0.00, real=0.01 secs] 
29700.875: [GC (Allocation Failure) 
Desired survivor size 6815744 bytes, new threshold 15 (max 15)
[PSYoungGen: 255241K->6340K(255488K)] 369950K->121121K(1041920K), 0.0136957 secs] [Times: user=0.02 sys=0.00, real=0.01 secs] 
29719.700: [GC (Allocation Failure) 
Desired survivor size 6815744 bytes, new threshold 15 (max 15)
[PSYoungGen: 255172K->6308K(255488K)] 369953K->121353K(1041920K), 0.0109076 secs] [Times: user=0.02 sys=0.00, real=0.01 secs] 
29738.501: [GC (Allocation Failure) 
Desired survivor size 7340032 bytes, new threshold 15 (max 15)
[PSYoungGen: 255140K->6385K(254464K)] 370185K->121503K(1040896K), 0.0126537 secs] [Times: user=0.02 sys=0.01, real=0.01 secs] 
29757.147: [GC (Allocation Failure) 
Desired survivor size 7340032 bytes, new threshold 15 (max 15)
[PSYoungGen: 254193K->6208K(254976K)] 369311K->121500K(1041408K), 0.0118578 secs] [Times: user=0.02 sys=0.00, real=0.01 secs] 
29776.009: [GC (Allocation Failure) 
Desired survivor size 6815744 bytes, new threshold 15 (max 15)
[PSYoungGen: 254016K->6202K(255488K)] 369308K->121620K(1041920K), 0.0136467 secs] [Times: user=0.02 sys=0.00, real=0.01 secs] 
29794.825: [GC (Allocation Failure) 
Desired survivor size 6815744 bytes, new threshold 15 (max 15)
[PSYoungGen: 254522K->5946K(254976K)] 369940K->121584K(1041408K), 0.0112690 secs] [Times: user=0.02 sys=0.00, real=0.01 secs] 
29813.576: [GC (Allocation Failure) 
Desired survivor size 6815744 bytes, new threshold 15 (max 15)
[PSYoungGen: 254266K->5972K(255488K)] 369904K->121738K(1041920K), 0.0123110 secs] [Times: user=0.02 sys=0.00, real=0.01 secs] 
29832.460: [GC (Allocation Failure) 
Desired survivor size 6815744 bytes, new threshold 15 (max 15)
[PSYoungGen: 254804K->5992K(255488K)] 370570K->121830K(1041920K), 0.0109857 secs] [Times: user=0.02 sys=0.00, real=0.01 secs] 
29851.388: [GC (Allocation Failure) 
Desired survivor size 6815744 bytes, new threshold 15 (max 15)
[PSYoungGen: 254824K->5976K(255488K)] 370662K->121886K(1041920K), 0.0130613 secs] [Times: user=0.02 sys=0.00, real=0.01 secs] 
29870.135: [GC (Allocation Failure) 
Desired survivor size 6815744 bytes, new threshold 15 (max 15)
[PSYoungGen: 254808K->6003K(255488K)] 370718K->122086K(1041920K), 0.0131235 secs] [Times: user=0.02 sys=0.00, real=0.01 secs] 
29889.009: [GC (Allocation Failure) 
Desired survivor size 6815744 bytes, new threshold 15 (max 15)
[PSYoungGen: 254835K->5911K(255488K)] 370918K->122121K(1041920K), 0.0126652 secs] [Times: user=0.02 sys=0.00, real=0.01 secs] 
29907.945: [GC (Allocation Failure) 
Desired survivor size 6815744 bytes, new threshold 15 (max 15)
[PSYoungGen: 254743K->6026K(255488K)] 370953K->122308K(1041920K), 0.0132694 secs] [Times: user=0.02 sys=0.00, real=0.02 secs] 
29926.701: [GC (Allocation Failure) 
Desired survivor size 6815744 bytes, new threshold 15 (max 15)
[PSYoungGen: 254858K->6005K(255488K)] 371140K->122359K(1041920K), 0.0120332 secs] [Times: user=0.02 sys=0.00, real=0.01 secs] 
29945.625: [GC (Allocation Failure) 
Desired survivor size 6815744 bytes, new threshold 15 (max 15)
[PSYoungGen: 254837K->6070K(255488K)] 371191K->122504K(1041920K), 0.0113476 secs] [Times: user=0.02 sys=0.00, real=0.01 secs] 
29964.444: [GC (Allocation Failure) 
Desired survivor size 6815744 bytes, new threshold 15 (max 15)
[PSYoungGen: 254902K->6037K(255488K)] 371336K->122637K(1041920K), 0.0116405 secs] [Times: user=0.03 sys=0.00, real=0.02 secs] 
29983.317: [GC (Allocation Failure) 
Desired survivor size 6815744 bytes, new threshold 15 (max 15)
[PSYoungGen: 254869K->6059K(255488K)] 371469K->122738K(1041920K), 0.0136510 secs] [Times: user=0.02 sys=0.00, real=0.02 secs] 
30002.133: [GC (Allocation Failure) 
Desired survivor size 6815744 bytes, new threshold 15 (max 15)
[PSYoungGen: 254891K->6091K(255488K)] 371570K->122850K(1041920K), 0.0111862 secs] [Times: user=0.02 sys=0.00, real=0.01 secs] 
30020.883: [GC (Allocation Failure) 
Desired survivor size 6815744 bytes, new threshold 15 (max 15)
[PSYoungGen: 254923K->6286K(255488K)] 371682K->123176K(1041920K), 0.0148992 secs] [Times: user=0.03 sys=0.01, real=0.01 secs] 
30039.496: [GC (Allocation Failure) 
Desired survivor size 6815744 bytes, new threshold 15 (max 15)
[PSYoungGen: 255118K->6220K(255488K)] 372008K->123229K(1041920K), 0.0110955 secs] [Times: user=0.01 sys=0.00, real=0.01 secs] 
30058.203: [GC (Allocation Failure) 
Desired survivor size 6815744 bytes, new threshold 15 (max 15)
[PSYoungGen: 255052K->6194K(255488K)] 372061K->123317K(1041920K), 0.0112725 secs] [Times: user=0.01 sys=0.00, real=0.01 secs] 
30077.166: [GC (Allocation Failure) 
Desired survivor size 6815744 bytes, new threshold 15 (max 15)
[PSYoungGen: 255026K->6209K(255488K)] 372149K->123445K(1041920K), 0.0121954 secs] [Times: user=0.02 sys=0.00, real=0.01 secs] 
30095.999: [GC (Allocation Failure) 
Desired survivor size 6815744 bytes, new threshold 15 (max 15)
[PSYoungGen: 255041K->6284K(255488K)] 372277K->123591K(1041920K), 0.0111910 secs] [Times: user=0.02 sys=0.00, real=0.01 secs] 
30114.700: [GC (Allocation Failure) 
Desired survivor size 6815744 bytes, new threshold 15 (max 15)
[PSYoungGen: 255116K->6225K(255488K)] 372423K->123659K(1041920K), 0.0112049 secs] [Times: user=0.01 sys=0.00, real=0.01 secs] 
30133.697: [GC (Allocation Failure) 
Desired survivor size 6815744 bytes, new threshold 15 (max 15)
[PSYoungGen: 255057K->6239K(255488K)] 372491K->123744K(1041920K), 0.0108359 secs] [Times: user=0.02 sys=0.00, real=0.01 secs] 
30152.574: [GC (Allocation Failure) 
Desired survivor size 6815744 bytes, new threshold 15 (max 15)
[PSYoungGen: 255071K->6194K(255488K)] 372576K->123866K(1041920K), 0.0313833 secs] [Times: user=0.02 sys=0.00, real=0.03 secs] 
30171.326: [GC (Allocation Failure) 
Desired survivor size 6815744 bytes, new threshold 15 (max 15)
[PSYoungGen: 255026K->6074K(255488K)] 372698K->123872K(1041920K), 0.0115383 secs] [Times: user=0.01 sys=0.00, real=0.01 secs] 
30190.319: [GC (Allocation Failure) 
Desired survivor size 6815744 bytes, new threshold 15 (max 15)
[PSYoungGen: 254906K->6107K(255488K)] 372704K->123977K(1041920K), 0.0121928 secs] [Times: user=0.02 sys=0.00, real=0.01 secs] 
30209.200: [GC (Allocation Failure) 
Desired survivor size 6815744 bytes, new threshold 15 (max 15)
[PSYoungGen: 254939K->6027K(255488K)] 372809K->124071K(1041920K), 0.0109162 secs] [Times: user=0.01 sys=0.00, real=0.01 secs] 
30228.067: [GC (Allocation Failure) 
Desired survivor size 6815744 bytes, new threshold 15 (max 15)
[PSYoungGen: 254859K->6051K(255488K)] 372903K->124167K(1041920K), 0.0107849 secs] [Times: user=0.02 sys=0.00, real=0.01 secs] 
30246.852: [GC (Allocation Failure) 
Desired survivor size 6815744 bytes, new threshold 15 (max 15)
[PSYoungGen: 254883K->6098K(255488K)] 372999K->124388K(1041920K), 0.0110677 secs] [Times: user=0.01 sys=0.00, real=0.01 secs] 
30265.698: [GC (Allocation Failure) 
Desired survivor size 6815744 bytes, new threshold 15 (max 15)
[PSYoungGen: 254930K->6052K(255488K)] 373220K->124469K(1041920K), 0.0105289 secs] [Times: user=0.02 sys=0.00, real=0.01 secs] 
30284.508: [GC (Allocation Failure) 
Desired survivor size 6815744 bytes, new threshold 15 (max 15)
[PSYoungGen: 254884K->6060K(255488K)] 373301K->124596K(1041920K), 0.0125266 secs] [Times: user=0.02 sys=0.00, real=0.01 secs] 
30303.326: [GC (Allocation Failure) 
Desired survivor size 6815744 bytes, new threshold 15 (max 15)
[PSYoungGen: 254892K->5930K(255488K)] 373428K->124649K(1041920K), 0.0115950 secs] [Times: user=0.02 sys=0.00, real=0.01 secs] 
30322.131: [GC (Allocation Failure) 
Desired survivor size 6815744 bytes, new threshold 15 (max 15)
[PSYoungGen: 254762K->6224K(255488K)] 373481K->125059K(1041920K), 0.0107459 secs] [Times: user=0.02 sys=0.00, real=0.01 secs] 
30340.951: [GC (Allocation Failure) 
Desired survivor size 6815744 bytes, new threshold 15 (max 15)
[PSYoungGen: 255056K->6122K(255488K)] 373891K->125076K(1041920K), 0.0143016 secs] [Times: user=0.02 sys=0.00, real=0.02 secs] 
30359.753: [GC (Allocation Failure) 
Desired survivor size 6815744 bytes, new threshold 15 (max 15)
[PSYoungGen: 254954K->6155K(255488K)] 373908K->125181K(1041920K), 0.0117371 secs] [Times: user=0.02 sys=0.00, real=0.01 secs] 
30378.579: [GC (Allocation Failure) 
Desired survivor size 6815744 bytes, new threshold 15 (max 15)
[PSYoungGen: 254987K->6085K(255488K)] 374013K->125285K(1041920K), 0.0130158 secs] [Times: user=0.02 sys=0.00, real=0.01 secs] 
30397.444: [GC (Allocation Failure) 
Desired survivor size 6815744 bytes, new threshold 15 (max 15)
[PSYoungGen: 254917K->6051K(255488K)] 374117K->125377K(1041920K), 0.0106762 secs] [Times: user=0.01 sys=0.00, real=0.01 secs] 
30416.254: [GC (Allocation Failure) 
Desired survivor size 6815744 bytes, new threshold 15 (max 15)
[PSYoungGen: 254883K->6117K(255488K)] 374209K->125515K(1041920K), 0.0124344 secs] [Times: user=0.02 sys=0.00, real=0.01 secs] 
30435.200: [GC (Allocation Failure) 
Desired survivor size 6815744 bytes, new threshold 15 (max 15)
[PSYoungGen: 254949K->6079K(255488K)] 374347K->125596K(1041920K), 0.0108411 secs] [Times: user=0.02 sys=0.00, real=0.01 secs] 
30454.054: [GC (Allocation Failure) 
Desired survivor size 6815744 bytes, new threshold 15 (max 15)
[PSYoungGen: 254911K->6066K(255488K)] 374428K->125663K(1041920K), 0.0122467 secs] [Times: user=0.02 sys=0.00, real=0.01 secs] 
30472.761: [GC (Allocation Failure) 
Desired survivor size 6815744 bytes, new threshold 15 (max 15)
[PSYoungGen: 254898K->6082K(255488K)] 374495K->125751K(1041920K), 0.0121952 secs] [Times: user=0.02 sys=0.00, real=0.02 secs] 
30491.575: [GC (Allocation Failure) 
Desired survivor size 6815744 bytes, new threshold 15 (max 15)
[PSYoungGen: 254914K->6293K(255488K)] 374583K->126035K(1041920K), 0.0115895 secs] [Times: user=0.02 sys=0.00, real=0.01 secs] 
30510.465: [GC (Allocation Failure) 
Desired survivor size 6815744 bytes, new threshold 15 (max 15)
[PSYoungGen: 255125K->6180K(255488K)] 374867K->126048K(1041920K), 0.0123271 secs] [Times: user=0.03 sys=0.00, real=0.02 secs] 
30529.249: [GC (Allocation Failure) 
Desired survivor size 6815744 bytes, new threshold 15 (max 15)
[PSYoungGen: 255012K->6309K(255488K)] 374880K->126304K(1041920K), 0.0114802 secs] [Times: user=0.02 sys=0.00, real=0.02 secs] 
30548.129: [GC (Allocation Failure) 
Desired survivor size 6815744 bytes, new threshold 15 (max 15)
[PSYoungGen: 255141K->6216K(255488K)] 375136K->126290K(1041920K), 0.0113916 secs] [Times: user=0.02 sys=0.00, real=0.01 secs] 
30567.000: [GC (Allocation Failure) 
Desired survivor size 6815744 bytes, new threshold 15 (max 15)
[PSYoungGen: 255048K->6183K(255488K)] 375122K->126440K(1041920K), 0.0115412 secs] [Times: user=0.02 sys=0.00, real=0.01 secs] 
30585.828: [GC (Allocation Failure) 
Desired survivor size 6815744 bytes, new threshold 15 (max 15)
[PSYoungGen: 255015K->6104K(255488K)] 375272K->126441K(1041920K), 0.0128975 secs] [Times: user=0.02 sys=0.00, real=0.02 secs] 
30604.701: [GC (Allocation Failure) 
Desired survivor size 6815744 bytes, new threshold 15 (max 15)
[PSYoungGen: 254936K->6104K(255488K)] 375273K->126567K(1041920K), 0.0111280 secs] [Times: user=0.02 sys=0.00, real=0.02 secs] 
30623.504: [GC (Allocation Failure) 
Desired survivor size 6815744 bytes, new threshold 15 (max 15)
[PSYoungGen: 254936K->6308K(255488K)] 375399K->126910K(1041920K), 0.0105765 secs] [Times: user=0.02 sys=0.00, real=0.02 secs] 
30642.192: [GC (Allocation Failure) 
Desired survivor size 6815744 bytes, new threshold 15 (max 15)
[PSYoungGen: 255140K->6248K(255488K)] 375742K->126930K(1041920K), 0.0112802 secs] [Times: user=0.02 sys=0.00, real=0.01 secs] 
30660.882: [GC (Allocation Failure) 
Desired survivor size 6815744 bytes, new threshold 15 (max 15)
[PSYoungGen: 255080K->6168K(255488K)] 375762K->126969K(1041920K), 0.0208004 secs] [Times: user=0.03 sys=0.00, real=0.02 secs] 
30679.824: [GC (Allocation Failure) 
Desired survivor size 6815744 bytes, new threshold 15 (max 15)
[PSYoungGen: 255000K->6161K(255488K)] 375801K->127089K(1041920K), 0.0116281 secs] [Times: user=0.02 sys=0.00, real=0.01 secs] 
30698.752: [GC (Allocation Failure) 
Desired survivor size 6815744 bytes, new threshold 15 (max 15)
[PSYoungGen: 254993K->6228K(255488K)] 375921K->127227K(1041920K), 0.0137119 secs] [Times: user=0.02 sys=0.00, real=0.02 secs] 
30717.569: [GC (Allocation Failure) 
Desired survivor size 6815744 bytes, new threshold 15 (max 15)
[PSYoungGen: 255060K->6144K(255488K)] 376059K->127216K(1041920K), 0.0122640 secs] [Times: user=0.02 sys=0.00, real=0.02 secs] 
30736.450: [GC (Allocation Failure) 
Desired survivor size 6815744 bytes, new threshold 15 (max 15)
[PSYoungGen: 254976K->6081K(255488K)] 376048K->127272K(1041920K), 0.0109026 secs] [Times: user=0.01 sys=0.00, real=0.01 secs] 
30755.271: [GC (Allocation Failure) 
Desired survivor size 6815744 bytes, new threshold 15 (max 15)
[PSYoungGen: 254913K->6340K(255488K)] 376104K->127705K(1041920K), 0.0123800 secs] [Times: user=0.02 sys=0.00, real=0.01 secs] 
30774.197: [GC (Allocation Failure) 
Desired survivor size 6815744 bytes, new threshold 15 (max 15)
[PSYoungGen: 255172K->5975K(255488K)] 376537K->127546K(1041920K), 0.0114408 secs] [Times: user=0.02 sys=0.00, real=0.02 secs] 
30793.076: [GC (Allocation Failure) 
Desired survivor size 6815744 bytes, new threshold 15 (max 15)
[PSYoungGen: 254807K->6078K(255488K)] 376378K->127728K(1041920K), 0.0110558 secs] [Times: user=0.02 sys=0.00, real=0.01 secs] 
30811.955: [GC (Allocation Failure) 
Desired survivor size 6815744 bytes, new threshold 15 (max 15)
[PSYoungGen: 254910K->5899K(255488K)] 376560K->127771K(1041920K), 0.0127588 secs] [Times: user=0.02 sys=0.00, real=0.01 secs] 
30830.702: [GC (Allocation Failure) 
Desired survivor size 6815744 bytes, new threshold 15 (max 15)
[PSYoungGen: 254731K->5985K(255488K)] 376603K->127975K(1041920K), 0.0232640 secs] [Times: user=0.03 sys=0.01, real=0.03 secs] 
30849.572: [GC (Allocation Failure) 
Desired survivor size 6815744 bytes, new threshold 15 (max 15)
[PSYoungGen: 254817K->6003K(255488K)] 376807K->128120K(1041920K), 0.0109649 secs] [Times: user=0.02 sys=0.01, real=0.01 secs] 
30868.383: [GC (Allocation Failure) 
Desired survivor size 6815744 bytes, new threshold 15 (max 15)
[PSYoungGen: 254835K->5953K(255488K)] 376952K->128150K(1041920K), 0.0113800 secs] [Times: user=0.02 sys=0.00, real=0.01 secs] 
30887.304: [GC (Allocation Failure) 
Desired survivor size 6815744 bytes, new threshold 15 (max 15)
[PSYoungGen: 254785K->6076K(255488K)] 376982K->128416K(1041920K), 0.0110186 secs] [Times: user=0.02 sys=0.00, real=0.02 secs] 
30906.203: [GC (Allocation Failure) 
Desired survivor size 6815744 bytes, new threshold 15 (max 15)
[PSYoungGen: 254908K->5827K(255488K)] 377248K->128330K(1041920K), 0.0124934 secs] [Times: user=0.01 sys=0.00, real=0.01 secs] 
30924.950: [GC (Allocation Failure) 
Desired survivor size 6815744 bytes, new threshold 15 (max 15)
[PSYoungGen: 254659K->6077K(255488K)] 377162K->128738K(1041920K), 0.0109835 secs] [Times: user=0.02 sys=0.00, real=0.02 secs] 
30943.870: [GC (Allocation Failure) 
Desired survivor size 6815744 bytes, new threshold 15 (max 15)
[PSYoungGen: 254909K->5957K(255488K)] 377570K->128786K(1041920K), 0.0105608 secs] [Times: user=0.01 sys=0.00, real=0.01 secs] 
30962.583: [GC (Allocation Failure) 
Desired survivor size 6815744 bytes, new threshold 15 (max 15)
[PSYoungGen: 254789K->5851K(255488K)] 377618K->128785K(1041920K), 0.0264040 secs] [Times: user=0.03 sys=0.00, real=0.03 secs] 
30981.500: [GC (Allocation Failure) 
Desired survivor size 6815744 bytes, new threshold 15 (max 15)
[PSYoungGen: 254683K->6059K(255488K)] 377617K->129073K(1041920K), 0.0114278 secs] [Times: user=0.02 sys=0.00, real=0.01 secs] 
31000.374: [GC (Allocation Failure) 
Desired survivor size 6815744 bytes, new threshold 15 (max 15)
[PSYoungGen: 254891K->6018K(255488K)] 377905K->129128K(1041920K), 0.0182671 secs] [Times: user=0.02 sys=0.00, real=0.02 secs] 
31019.190: [GC (Allocation Failure) 
Desired survivor size 6815744 bytes, new threshold 15 (max 15)
[PSYoungGen: 254850K->5953K(255488K)] 377960K->129182K(1041920K), 0.0122095 secs] [Times: user=0.02 sys=0.00, real=0.01 secs] 
31038.008: [GC (Allocation Failure) 
Desired survivor size 6815744 bytes, new threshold 15 (max 15)
[PSYoungGen: 254785K->6088K(255488K)] 378014K->129444K(1041920K), 0.0115782 secs] [Times: user=0.01 sys=0.00, real=0.01 secs] 
31056.761: [GC (Allocation Failure) 
Desired survivor size 6815744 bytes, new threshold 15 (max 15)
[PSYoungGen: 254920K->6060K(255488K)] 378276K->129488K(1041920K), 0.0117769 secs] [Times: user=0.02 sys=0.00, real=0.01 secs] 
31075.575: [GC (Allocation Failure) 
Desired survivor size 6815744 bytes, new threshold 15 (max 15)
[PSYoungGen: 254892K->6125K(255488K)] 378320K->129680K(1041920K), 0.0123922 secs] [Times: user=0.02 sys=0.00, real=0.01 secs] 
31094.381: [GC (Allocation Failure) 
Desired survivor size 6815744 bytes, new threshold 15 (max 15)
[PSYoungGen: 254957K->6218K(255488K)] 378512K->129845K(1041920K), 0.0114863 secs] [Times: user=0.02 sys=0.00, real=0.01 secs] 
31113.297: [GC (Allocation Failure) 
Desired survivor size 6815744 bytes, new threshold 15 (max 15)
[PSYoungGen: 255050K->6092K(255488K)] 378677K->129892K(1041920K), 0.0627006 secs] [Times: user=0.02 sys=0.00, real=0.07 secs] 
31132.011: [GC (Allocation Failure) 
Desired survivor size 6815744 bytes, new threshold 15 (max 15)
[PSYoungGen: 254924K->6062K(255488K)] 378724K->129990K(1041920K), 0.0137564 secs] [Times: user=0.02 sys=0.00, real=0.02 secs] 
31151.001: [GC (Allocation Failure) 
Desired survivor size 6815744 bytes, new threshold 15 (max 15)
[PSYoungGen: 254894K->6059K(255488K)] 378822K->130066K(1041920K), 0.0176668 secs] [Times: user=0.02 sys=0.00, real=0.02 secs] 
31169.942: [GC (Allocation Failure) 
Desired survivor size 6815744 bytes, new threshold 15 (max 15)
[PSYoungGen: 254891K->6140K(255488K)] 378898K->130228K(1041920K), 0.0109778 secs] [Times: user=0.02 sys=0.00, real=0.01 secs] 
31188.820: [GC (Allocation Failure) 
Desired survivor size 6815744 bytes, new threshold 15 (max 15)
[PSYoungGen: 254972K->6060K(255488K)] 379060K->130227K(1041920K), 0.0117836 secs] [Times: user=0.02 sys=0.00, real=0.02 secs] 
31207.749: [GC (Allocation Failure) 
Desired survivor size 6815744 bytes, new threshold 15 (max 15)
[PSYoungGen: 254892K->6035K(255488K)] 379059K->130329K(1041920K), 0.0116792 secs] [Times: user=0.02 sys=0.00, real=0.01 secs] 
31226.576: [GC (Allocation Failure) 
Desired survivor size 6815744 bytes, new threshold 15 (max 15)
[PSYoungGen: 254867K->6229K(255488K)] 379161K->130607K(1041920K), 0.0129380 secs] [Times: user=0.03 sys=0.00, real=0.01 secs] 
31245.135: [GC (Allocation Failure) 
Desired survivor size 6815744 bytes, new threshold 15 (max 15)
[PSYoungGen: 255061K->6037K(255488K)] 379439K->130534K(1041920K), 0.0116089 secs] [Times: user=0.02 sys=0.00, real=0.01 secs] 
31264.000: [GC (Allocation Failure) 
Desired survivor size 6815744 bytes, new threshold 15 (max 15)
[PSYoungGen: 254869K->6172K(255488K)] 379366K->130741K(1041920K), 0.0117981 secs] [Times: user=0.02 sys=0.00, real=0.02 secs] 
31282.820: [GC (Allocation Failure) 
Desired survivor size 6815744 bytes, new threshold 15 (max 15)
[PSYoungGen: 255004K->6108K(255488K)] 379573K->130803K(1041920K), 0.0113285 secs] [Times: user=0.02 sys=0.00, real=0.01 secs] 
31301.699: [GC (Allocation Failure) 
Desired survivor size 6815744 bytes, new threshold 15 (max 15)
[PSYoungGen: 254940K->6100K(255488K)] 379635K->130914K(1041920K), 0.0109249 secs] [Times: user=0.02 sys=0.00, real=0.01 secs] 
31320.570: [GC (Allocation Failure) 
Desired survivor size 6815744 bytes, new threshold 15 (max 15)
[PSYoungGen: 254932K->5989K(255488K)] 379746K->130977K(1041920K), 0.0141228 secs] [Times: user=0.02 sys=0.00, real=0.02 secs] 
31339.455: [GC (Allocation Failure) 
Desired survivor size 6815744 bytes, new threshold 15 (max 15)
[PSYoungGen: 254821K->5829K(255488K)] 379809K->131038K(1041920K), 0.0109472 secs] [Times: user=0.02 sys=0.00, real=0.01 secs] 
31358.280: [GC (Allocation Failure) 
Desired survivor size 6815744 bytes, new threshold 15 (max 15)
[PSYoungGen: 254661K->5952K(255488K)] 379870K->131287K(1041920K), 0.0114328 secs] [Times: user=0.02 sys=0.00, real=0.01 secs] 
31377.072: [GC (Allocation Failure) 
Desired survivor size 6815744 bytes, new threshold 15 (max 15)
[PSYoungGen: 254784K->5833K(255488K)] 380119K->131352K(1041920K), 0.0119043 secs] [Times: user=0.02 sys=0.00, real=0.01 secs] 
31396.000: [GC (Allocation Failure) 
Desired survivor size 6815744 bytes, new threshold 15 (max 15)
[PSYoungGen: 254665K->5885K(255488K)] 380184K->131501K(1041920K), 0.0113802 secs] [Times: user=0.02 sys=0.00, real=0.02 secs] 
31414.872: [GC (Allocation Failure) 
Desired survivor size 6815744 bytes, new threshold 15 (max 15)
[PSYoungGen: 254717K->5834K(255488K)] 380333K->131593K(1041920K), 0.0116845 secs] [Times: user=0.02 sys=0.00, real=0.01 secs] 
31433.641: [GC (Allocation Failure) 
Desired survivor size 6815744 bytes, new threshold 15 (max 15)
[PSYoungGen: 254666K->5835K(255488K)] 380425K->131675K(1041920K), 0.0119253 secs] [Times: user=0.01 sys=0.00, real=0.01 secs] 
31452.628: [GC (Allocation Failure) 
Desired survivor size 6815744 bytes, new threshold 15 (max 15)
[PSYoungGen: 254667K->5769K(255488K)] 380507K->131729K(1041920K), 0.0112831 secs] [Times: user=0.02 sys=0.00, real=0.01 secs] 
31471.580: [GC (Allocation Failure) 
Desired survivor size 6815744 bytes, new threshold 15 (max 15)
[PSYoungGen: 254601K->5865K(255488K)] 380561K->131897K(1041920K), 0.0119267 secs] [Times: user=0.02 sys=0.00, real=0.01 secs] 
31490.442: [GC (Allocation Failure) 
Desired survivor size 6815744 bytes, new threshold 15 (max 15)
[PSYoungGen: 254697K->5864K(255488K)] 380729K->131992K(1041920K), 0.0123416 secs] [Times: user=0.03 sys=0.00, real=0.01 secs] 
31509.370: [GC (Allocation Failure) 
Desired survivor size 6815744 bytes, new threshold 15 (max 15)
[PSYoungGen: 254696K->5886K(255488K)] 380824K->132119K(1041920K), 0.0120328 secs] [Times: user=0.01 sys=0.00, real=0.01 secs] 
31528.131: [GC (Allocation Failure) 
Desired survivor size 6815744 bytes, new threshold 15 (max 15)
[PSYoungGen: 254718K->6036K(255488K)] 380951K->132424K(1041920K), 0.0119627 secs] [Times: user=0.02 sys=0.00, real=0.02 secs] 
31546.953: [GC (Allocation Failure) 
Desired survivor size 6815744 bytes, new threshold 15 (max 15)
[PSYoungGen: 254868K->5915K(255488K)] 381256K->132446K(1041920K), 0.0113496 secs] [Times: user=0.02 sys=0.00, real=0.01 secs] 
31565.753: [GC (Allocation Failure) 
Desired survivor size 6815744 bytes, new threshold 15 (max 15)
[PSYoungGen: 254747K->5903K(255488K)] 381278K->132553K(1041920K), 0.0109507 secs] [Times: user=0.02 sys=0.00, real=0.01 secs] 
31584.631: [GC (Allocation Failure) 
Desired survivor size 6815744 bytes, new threshold 15 (max 15)
[PSYoungGen: 254735K->5874K(255488K)] 381385K->132596K(1041920K), 0.0112151 secs] [Times: user=0.02 sys=0.00, real=0.01 secs] 
31603.578: [GC (Allocation Failure) 
Desired survivor size 6815744 bytes, new threshold 15 (max 15)
[PSYoungGen: 254706K->5871K(255488K)] 381428K->132690K(1041920K), 0.0111668 secs] [Times: user=0.02 sys=0.00, real=0.01 secs] 
31622.451: [GC (Allocation Failure) 
Desired survivor size 6815744 bytes, new threshold 15 (max 15)
[PSYoungGen: 254703K->5905K(255488K)] 381522K->132796K(1041920K), 0.0273622 secs] [Times: user=0.03 sys=0.00, real=0.03 secs] 
31641.326: [GC (Allocation Failure) 
Desired survivor size 6291456 bytes, new threshold 15 (max 15)
[PSYoungGen: 254737K->5846K(255488K)] 381628K->132958K(1041920K), 0.0125077 secs] [Times: user=0.02 sys=0.00, real=0.01 secs] 
31660.198: [GC (Allocation Failure) 
Desired survivor size 6291456 bytes, new threshold 15 (max 15)
[PSYoungGen: 254678K->5865K(256000K)] 381790K->133120K(1042432K), 0.0114595 secs] [Times: user=0.02 sys=0.00, real=0.01 secs] 
31679.075: [GC (Allocation Failure) 
Desired survivor size 6291456 bytes, new threshold 15 (max 15)
[PSYoungGen: 255721K->5733K(256000K)] 382976K->133114K(1042432K), 0.0116612 secs] [Times: user=0.02 sys=0.00, real=0.01 secs] 
31698.131: [GC (Allocation Failure) 
Desired survivor size 6291456 bytes, new threshold 15 (max 15)
[PSYoungGen: 255589K->5781K(256000K)] 382970K->133283K(1042432K), 0.0132280 secs] [Times: user=0.02 sys=0.00, real=0.01 secs] 
31717.135: [GC (Allocation Failure) 
Desired survivor size 6291456 bytes, new threshold 15 (max 15)
[PSYoungGen: 255637K->5830K(256000K)] 383139K->133446K(1042432K), 0.0131468 secs] [Times: user=0.02 sys=0.00, real=0.01 secs] 
31736.074: [GC (Allocation Failure) 
Desired survivor size 6291456 bytes, new threshold 15 (max 15)
[PSYoungGen: 255686K->5842K(256000K)] 383302K->133538K(1042432K), 0.0115119 secs] [Times: user=0.02 sys=0.00, real=0.01 secs] 
31755.124: [GC (Allocation Failure) 
Desired survivor size 6291456 bytes, new threshold 15 (max 15)
[PSYoungGen: 255698K->5876K(256000K)] 383394K->133693K(1042432K), 0.0109608 secs] [Times: user=0.02 sys=0.00, real=0.01 secs] 
31774.107: [GC (Allocation Failure) 
Desired survivor size 6291456 bytes, new threshold 15 (max 15)
[PSYoungGen: 255732K->5876K(256000K)] 383549K->133789K(1042432K), 0.0115580 secs] [Times: user=0.02 sys=0.00, real=0.01 secs] 
31792.955: [GC (Allocation Failure) 
Desired survivor size 6291456 bytes, new threshold 15 (max 15)
[PSYoungGen: 255732K->5836K(256000K)] 383645K->133893K(1042432K), 0.0110783 secs] [Times: user=0.02 sys=0.00, real=0.01 secs] 
31811.950: [GC (Allocation Failure) 
Desired survivor size 6291456 bytes, new threshold 15 (max 15)
[PSYoungGen: 255692K->5870K(256000K)] 383749K->134095K(1042432K), 0.0118491 secs] [Times: user=0.02 sys=0.00, real=0.01 secs] 
31830.821: [GC (Allocation Failure) 
Desired survivor size 6291456 bytes, new threshold 15 (max 15)
[PSYoungGen: 255726K->5952K(256000K)] 383951K->134261K(1042432K), 0.0135043 secs] [Times: user=0.02 sys=0.00, real=0.01 secs] 
31849.382: [GC (Allocation Failure) 
Desired survivor size 6291456 bytes, new threshold 15 (max 15)
[PSYoungGen: 255808K->5964K(256000K)] 384117K->134487K(1042432K), 0.0114811 secs] [Times: user=0.02 sys=0.00, real=0.01 secs] 
31868.384: [GC (Allocation Failure) 
Desired survivor size 6291456 bytes, new threshold 15 (max 15)
[PSYoungGen: 255820K->5833K(256000K)] 384343K->134478K(1042432K), 0.0131990 secs] [Times: user=0.02 sys=0.00, real=0.01 secs] 
31887.379: [GC (Allocation Failure) 
Desired survivor size 6291456 bytes, new threshold 15 (max 15)
[PSYoungGen: 255689K->5914K(256000K)] 384334K->134631K(1042432K), 0.0110630 secs] [Times: user=0.02 sys=0.00, real=0.01 secs] 
31906.254: [GC (Allocation Failure) 
Desired survivor size 6291456 bytes, new threshold 15 (max 15)
[PSYoungGen: 255770K->5856K(256000K)] 384487K->134685K(1042432K), 0.0131599 secs] [Times: user=0.02 sys=0.00, real=0.01 secs] 
31925.206: [GC (Allocation Failure) 
Desired survivor size 6291456 bytes, new threshold 15 (max 15)
[PSYoungGen: 255712K->5856K(256000K)] 384541K->134853K(1042432K), 0.0121031 secs] [Times: user=0.02 sys=0.00, real=0.01 secs] 
31944.067: [GC (Allocation Failure) 
Desired survivor size 6291456 bytes, new threshold 15 (max 15)
[PSYoungGen: 255712K->5936K(256000K)] 384709K->135108K(1042432K), 0.0113612 secs] [Times: user=0.02 sys=0.00, real=0.01 secs] 
31963.073: [GC (Allocation Failure) 
Desired survivor size 6291456 bytes, new threshold 15 (max 15)
[PSYoungGen: 255792K->5861K(256000K)] 384964K->135153K(1042432K), 0.0139562 secs] [Times: user=0.01 sys=0.00, real=0.01 secs] 
31981.952: [GC (Allocation Failure) 
Desired survivor size 6291456 bytes, new threshold 15 (max 15)
[PSYoungGen: 255717K->5959K(256000K)] 385009K->135323K(1042432K), 0.0182843 secs] [Times: user=0.02 sys=0.00, real=0.01 secs] 
32000.888: [GC (Allocation Failure) 
Desired survivor size 6291456 bytes, new threshold 15 (max 15)
[PSYoungGen: 255815K->5963K(256000K)] 385179K->135424K(1042432K), 0.0161666 secs] [Times: user=0.03 sys=0.00, real=0.02 secs] 
32019.755: [GC (Allocation Failure) 
Desired survivor size 6291456 bytes, new threshold 15 (max 15)
[PSYoungGen: 255819K->6044K(256000K)] 385280K->135585K(1042432K), 0.0122422 secs] [Times: user=0.02 sys=0.00, real=0.02 secs] 
32038.626: [GC (Allocation Failure) 
Desired survivor size 6815744 bytes, new threshold 15 (max 15)
[PSYoungGen: 255900K->6139K(254976K)] 385441K->135752K(1041408K), 0.0142315 secs] [Times: user=0.03 sys=0.00, real=0.02 secs] 
32057.579: [GC (Allocation Failure) 
Desired survivor size 6815744 bytes, new threshold 15 (max 15)
[PSYoungGen: 254971K->6140K(255488K)] 384584K->135832K(1041920K), 0.0114890 secs] [Times: user=0.02 sys=0.00, real=0.01 secs] 
32076.385: [GC (Allocation Failure) 
Desired survivor size 6815744 bytes, new threshold 15 (max 15)
[PSYoungGen: 254972K->6103K(255488K)] 384664K->135876K(1041920K), 0.0114415 secs] [Times: user=0.02 sys=0.00, real=0.02 secs] 
32095.131: [GC (Allocation Failure) 
Desired survivor size 6815744 bytes, new threshold 15 (max 15)
[PSYoungGen: 254935K->6184K(255488K)] 384708K->136075K(1041920K), 0.0114832 secs] [Times: user=0.02 sys=0.00, real=0.01 secs] 
32114.024: [GC (Allocation Failure) 
Desired survivor size 6815744 bytes, new threshold 15 (max 15)
[PSYoungGen: 255016K->6302K(255488K)] 384907K->136274K(1041920K), 0.0114943 secs] [Times: user=0.02 sys=0.00, real=0.01 secs] 
32132.845: [GC (Allocation Failure) 
Desired survivor size 6815744 bytes, new threshold 15 (max 15)
[PSYoungGen: 255134K->6265K(255488K)] 385106K->136403K(1041920K), 0.0371751 secs] [Times: user=0.03 sys=0.00, real=0.03 secs] 
32151.508: [GC (Allocation Failure) 
Desired survivor size 6815744 bytes, new threshold 15 (max 15)
[PSYoungGen: 255097K->6348K(255488K)] 385235K->136566K(1041920K), 0.0122419 secs] [Times: user=0.02 sys=0.01, real=0.01 secs] 
32170.446: [GC (Allocation Failure) 
Desired survivor size 6815744 bytes, new threshold 15 (max 15)
[PSYoungGen: 255180K->6364K(255488K)] 385398K->136654K(1041920K), 0.0116021 secs] [Times: user=0.02 sys=0.00, real=0.01 secs] 
32189.319: [GC (Allocation Failure) 
Desired survivor size 6815744 bytes, new threshold 15 (max 15)
[PSYoungGen: 255196K->6341K(255488K)] 385486K->136750K(1041920K), 0.0111331 secs] [Times: user=0.02 sys=0.00, real=0.01 secs] 
32208.200: [GC (Allocation Failure) 
Desired survivor size 6815744 bytes, new threshold 15 (max 15)
[PSYoungGen: 255173K->6269K(255488K)] 385582K->136805K(1041920K), 0.0111696 secs] [Times: user=0.02 sys=0.00, real=0.01 secs] 
32227.076: [GC (Allocation Failure) 
Desired survivor size 6815744 bytes, new threshold 15 (max 15)
[PSYoungGen: 255101K->6115K(255488K)] 385637K->136824K(1041920K), 0.0115451 secs] [Times: user=0.02 sys=0.00, real=0.01 secs] 
32246.006: [GC (Allocation Failure) 
Desired survivor size 6815744 bytes, new threshold 15 (max 15)
[PSYoungGen: 254945K->6058K(255488K)] 385654K->136886K(1041920K), 0.0114065 secs] [Times: user=0.02 sys=0.00, real=0.01 secs] 
32264.883: [GC (Allocation Failure) 
Desired survivor size 6815744 bytes, new threshold 15 (max 15)
[PSYoungGen: 254890K->6134K(255488K)] 385718K->137034K(1041920K), 0.0127270 secs] [Times: user=0.02 sys=0.00, real=0.02 secs] 
32283.699: [GC (Allocation Failure) 
Desired survivor size 6815744 bytes, new threshold 15 (max 15)
[PSYoungGen: 254966K->6197K(255488K)] 385866K->137224K(1041920K), 0.0185172 secs] [Times: user=0.02 sys=0.00, real=0.02 secs] 
32302.605: [GC (Allocation Failure) 
Desired survivor size 6815744 bytes, new threshold 15 (max 15)
[PSYoungGen: 255029K->6078K(255488K)] 386056K->137325K(1041920K), 0.0122675 secs] [Times: user=0.02 sys=0.00, real=0.01 secs] 
32321.576: [GC (Allocation Failure) 
Desired survivor size 6815744 bytes, new threshold 15 (max 15)
[PSYoungGen: 254910K->5970K(255488K)] 386157K->137391K(1041920K), 0.0123094 secs] [Times: user=0.02 sys=0.00, real=0.01 secs] 
32340.381: [GC (Allocation Failure) 
Desired survivor size 6815744 bytes, new threshold 15 (max 15)
[PSYoungGen: 254802K->6003K(255488K)] 386223K->137496K(1041920K), 0.0129978 secs] [Times: user=0.02 sys=0.00, real=0.01 secs] 
32359.201: [GC (Allocation Failure) 
Desired survivor size 6815744 bytes, new threshold 15 (max 15)
[PSYoungGen: 254835K->5958K(255488K)] 386328K->137625K(1041920K), 0.0118958 secs] [Times: user=0.02 sys=0.00, real=0.01 secs] 
32378.005: [GC (Allocation Failure) 
Desired survivor size 6815744 bytes, new threshold 15 (max 15)
[PSYoungGen: 254790K->6049K(255488K)] 386457K->137835K(1041920K), 0.0112298 secs] [Times: user=0.01 sys=0.01, real=0.01 secs] 
32396.820: [GC (Allocation Failure) 
Desired survivor size 6815744 bytes, new threshold 15 (max 15)
[PSYoungGen: 254881K->6133K(255488K)] 386667K->138038K(1041920K), 0.0120990 secs] [Times: user=0.02 sys=0.00, real=0.01 secs] 
32415.631: [GC (Allocation Failure) 
Desired survivor size 6815744 bytes, new threshold 15 (max 15)
[PSYoungGen: 254965K->6139K(255488K)] 386870K->138181K(1041920K), 0.0118745 secs] [Times: user=0.02 sys=0.00, real=0.01 secs] 
32434.329: [GC (Allocation Failure) 
Desired survivor size 6815744 bytes, new threshold 15 (max 15)
[PSYoungGen: 254971K->6048K(255488K)] 387013K->138322K(1041920K), 0.0155258 secs] [Times: user=0.02 sys=0.00, real=0.02 secs] 
32434.890: [GC (System.gc()) 
Desired survivor size 6815744 bytes, new threshold 15 (max 15)
[PSYoungGen: 18517K->5413K(255488K)] 150791K->137767K(1041920K), 0.0106725 secs] [Times: user=0.02 sys=0.00, real=0.01 secs] 
32434.901: [Full GC (System.gc()) [PSYoungGen: 5413K->0K(255488K)] [ParOldGen: 132354K->111264K(786432K)] 137767K->111264K(1041920K), [Metaspace: 91075K->91075K(1132544K)], 0.2769860 secs] [Times: user=0.42 sys=0.00, real=0.27 secs] 
32453.681: [GC (Allocation Failure) 
Desired survivor size 6815744 bytes, new threshold 15 (max 15)
[PSYoungGen: 248832K->4552K(255488K)] 360096K->115817K(1041920K), 0.0100299 secs] [Times: user=0.02 sys=0.00, real=0.01 secs] 
32472.618: [GC (Allocation Failure) 
Desired survivor size 7340032 bytes, new threshold 15 (max 15)
[PSYoungGen: 253384K->4648K(254464K)] 364649K->115913K(1040896K), 0.0116268 secs] [Times: user=0.02 sys=0.00, real=0.01 secs] 
32491.447: [GC (Allocation Failure) 
Desired survivor size 7340032 bytes, new threshold 15 (max 15)
[PSYoungGen: 252456K->4743K(254976K)] 363721K->116007K(1041408K), 0.0112548 secs] [Times: user=0.02 sys=0.00, real=0.01 secs] 
32510.081: [GC (Allocation Failure) 
Desired survivor size 7340032 bytes, new threshold 15 (max 15)
[PSYoungGen: 252551K->4879K(254976K)] 363815K->116143K(1041408K), 0.0118687 secs] [Times: user=0.02 sys=0.00, real=0.02 secs] 
32528.882: [GC (Allocation Failure) 
Desired survivor size 7340032 bytes, new threshold 15 (max 15)
[PSYoungGen: 252687K->4936K(254976K)] 363951K->116201K(1041408K), 0.0124961 secs] [Times: user=0.03 sys=0.00, real=0.02 secs] 
32547.695: [GC (Allocation Failure) 
Desired survivor size 7340032 bytes, new threshold 15 (max 15)
[PSYoungGen: 252744K->5078K(254976K)] 364009K->116343K(1041408K), 0.0112969 secs] [Times: user=0.02 sys=0.00, real=0.01 secs] 
32566.257: [GC (Allocation Failure) 
Desired survivor size 7340032 bytes, new threshold 15 (max 15)
[PSYoungGen: 252886K->5298K(254976K)] 364151K->116563K(1041408K), 0.0101970 secs] [Times: user=0.01 sys=0.00, real=0.01 secs] 
32585.077: [GC (Allocation Failure) 
Desired survivor size 6815744 bytes, new threshold 15 (max 15)
[PSYoungGen: 253106K->5392K(255488K)] 364371K->116656K(1041920K), 0.0112811 secs] [Times: user=0.01 sys=0.00, real=0.01 secs] 
32604.008: [GC (Allocation Failure) 
Desired survivor size 6815744 bytes, new threshold 15 (max 15)
[PSYoungGen: 253712K->5538K(254976K)] 364976K->116803K(1041408K), 0.0107924 secs] [Times: user=0.02 sys=0.00, real=0.01 secs] 
32622.947: [GC (Allocation Failure) 
Desired survivor size 6815744 bytes, new threshold 15 (max 15)
[PSYoungGen: 253858K->5571K(255488K)] 365123K->116836K(1041920K), 0.0103557 secs] [Times: user=0.02 sys=0.00, real=0.01 secs] 
32641.718: [GC (Allocation Failure) 
Desired survivor size 6815744 bytes, new threshold 15 (max 15)
[PSYoungGen: 254403K->5624K(255488K)] 365668K->116889K(1041920K), 0.0108083 secs] [Times: user=0.02 sys=0.00, real=0.01 secs] 
32660.657: [GC (Allocation Failure) 
Desired survivor size 6815744 bytes, new threshold 15 (max 15)
[PSYoungGen: 254456K->5802K(255488K)] 365721K->117066K(1041920K), 0.0247653 secs] [Times: user=0.03 sys=0.00, real=0.02 secs] 
32679.626: [GC (Allocation Failure) 
Desired survivor size 6815744 bytes, new threshold 15 (max 15)
[PSYoungGen: 254634K->5851K(255488K)] 365898K->117115K(1041920K), 0.0106087 secs] [Times: user=0.01 sys=0.00, real=0.02 secs] 
32698.444: [GC (Allocation Failure) 
Desired survivor size 6815744 bytes, new threshold 15 (max 15)
[PSYoungGen: 254683K->5899K(255488K)] 365947K->117164K(1041920K), 0.0115151 secs] [Times: user=0.02 sys=0.00, real=0.01 secs] 
32717.382: [GC (Allocation Failure) 
Desired survivor size 6815744 bytes, new threshold 15 (max 15)
[PSYoungGen: 254731K->5958K(255488K)] 365996K->117223K(1041920K), 0.0104713 secs] [Times: user=0.02 sys=0.00, real=0.01 secs] 
32736.075: [GC (Allocation Failure) 
Desired survivor size 6815744 bytes, new threshold 15 (max 15)
[PSYoungGen: 254790K->5641K(255488K)] 366055K->117418K(1041920K), 0.0163381 secs] [Times: user=0.02 sys=0.00, real=0.02 secs] 
32754.944: [GC (Allocation Failure) 
Desired survivor size 6815744 bytes, new threshold 15 (max 15)
[PSYoungGen: 254473K->5681K(255488K)] 366250K->117514K(1041920K), 0.0112809 secs] [Times: user=0.02 sys=0.00, real=0.01 secs] 
32773.874: [GC (Allocation Failure) 
Desired survivor size 6815744 bytes, new threshold 15 (max 15)
[PSYoungGen: 254513K->5699K(255488K)] 366346K->117604K(1041920K), 0.0113143 secs] [Times: user=0.02 sys=0.00, real=0.01 secs] 
32792.701: [GC (Allocation Failure) 
Desired survivor size 6815744 bytes, new threshold 15 (max 15)
[PSYoungGen: 254531K->5614K(255488K)] 366436K->117680K(1041920K), 0.1223847 secs] [Times: user=0.02 sys=0.00, real=0.12 secs] 
32811.325: [GC (Allocation Failure) 
Desired survivor size 6815744 bytes, new threshold 15 (max 15)
[PSYoungGen: 254446K->5688K(255488K)] 366512K->117849K(1041920K), 0.0105002 secs] [Times: user=0.02 sys=0.00, real=0.01 secs] 
32830.255: [GC (Allocation Failure) 
Desired survivor size 6815744 bytes, new threshold 15 (max 15)
[PSYoungGen: 254520K->5788K(255488K)] 366681K->118005K(1041920K), 0.0120231 secs] [Times: user=0.02 sys=0.00, real=0.01 secs] 
32849.076: [GC (Allocation Failure) 
Desired survivor size 6815744 bytes, new threshold 15 (max 15)
[PSYoungGen: 254620K->5642K(255488K)] 366837K->118055K(1041920K), 0.0097774 secs] [Times: user=0.01 sys=0.00, real=0.01 secs] 
32867.991: [GC (Allocation Failure) 
Desired survivor size 6815744 bytes, new threshold 15 (max 15)
[PSYoungGen: 254474K->5914K(255488K)] 366887K->118408K(1041920K), 0.0104225 secs] [Times: user=0.01 sys=0.00, real=0.01 secs] 
32886.945: [GC (Allocation Failure) 
Desired survivor size 6815744 bytes, new threshold 15 (max 15)
[PSYoungGen: 254746K->5755K(255488K)] 367240K->118346K(1041920K), 0.0108425 secs] [Times: user=0.02 sys=0.00, real=0.01 secs] 
32905.827: [GC (Allocation Failure) 
Desired survivor size 6815744 bytes, new threshold 15 (max 15)
[PSYoungGen: 254587K->5723K(255488K)] 367178K->118370K(1041920K), 0.0117931 secs] [Times: user=0.01 sys=0.00, real=0.01 secs] 
32924.752: [GC (Allocation Failure) 
Desired survivor size 6291456 bytes, new threshold 15 (max 15)
[PSYoungGen: 254555K->5755K(256000K)] 367202K->118521K(1042432K), 0.0112584 secs] [Times: user=0.02 sys=0.00, real=0.01 secs] 
32943.452: [GC (Allocation Failure) 
Desired survivor size 6815744 bytes, new threshold 15 (max 15)
[PSYoungGen: 255099K->5874K(255488K)] 367865K->118696K(1041920K), 0.0107228 secs] [Times: user=0.01 sys=0.00, real=0.01 secs] 
32962.444: [GC (Allocation Failure) 
Desired survivor size 6815744 bytes, new threshold 15 (max 15)
[PSYoungGen: 255218K->5909K(255488K)] 368040K->118787K(1041920K), 0.0127139 secs] [Times: user=0.02 sys=0.00, real=0.01 secs] 
32981.379: [GC (Allocation Failure) 
Desired survivor size 6815744 bytes, new threshold 15 (max 15)
[PSYoungGen: 254741K->5929K(255488K)] 367619K->118863K(1041920K), 0.0126467 secs] [Times: user=0.02 sys=0.00, real=0.01 secs] 
33000.078: [GC (Allocation Failure) 
Desired survivor size 6815744 bytes, new threshold 15 (max 15)
[PSYoungGen: 254761K->5913K(255488K)] 367695K->118911K(1041920K), 0.0126572 secs] [Times: user=0.02 sys=0.00, real=0.01 secs] 
33019.007: [GC (Allocation Failure) 
Desired survivor size 6815744 bytes, new threshold 15 (max 15)
[PSYoungGen: 254745K->6138K(255488K)] 367743K->119208K(1041920K), 0.0106353 secs] [Times: user=0.02 sys=0.00, real=0.01 secs] 
33037.423: [GC (Allocation Failure) 
Desired survivor size 6815744 bytes, new threshold 15 (max 15)
[PSYoungGen: 254970K->6149K(255488K)] 368040K->119338K(1041920K), 0.0119682 secs] [Times: user=0.02 sys=0.00, real=0.01 secs] 
33056.132: [GC (Allocation Failure) 
Desired survivor size 6815744 bytes, new threshold 15 (max 15)
[PSYoungGen: 254981K->6149K(255488K)] 368170K->119418K(1041920K), 0.0104517 secs] [Times: user=0.02 sys=0.00, real=0.01 secs] 
33075.024: [GC (Allocation Failure) 
Desired survivor size 6815744 bytes, new threshold 15 (max 15)
[PSYoungGen: 254981K->6284K(255488K)] 368250K->119625K(1041920K), 0.0117759 secs] [Times: user=0.01 sys=0.00, real=0.01 secs] 
33093.943: [GC (Allocation Failure) 
Desired survivor size 6815744 bytes, new threshold 15 (max 15)
[PSYoungGen: 255116K->6055K(255488K)] 368457K->119617K(1041920K), 0.0179907 secs] [Times: user=0.02 sys=0.00, real=0.02 secs] 
33112.698: [GC (Allocation Failure) 
Desired survivor size 6815744 bytes, new threshold 15 (max 15)
[PSYoungGen: 254887K->5983K(255488K)] 368449K->119671K(1041920K), 0.0103810 secs] [Times: user=0.02 sys=0.00, real=0.01 secs] 
33131.633: [GC (Allocation Failure) 
Desired survivor size 6815744 bytes, new threshold 15 (max 15)
[PSYoungGen: 254815K->5974K(255488K)] 368503K->119775K(1041920K), 0.0114131 secs] [Times: user=0.02 sys=0.00, real=0.01 secs] 
33150.575: [GC (Allocation Failure) 
Desired survivor size 6815744 bytes, new threshold 15 (max 15)
[PSYoungGen: 254806K->5919K(255488K)] 368607K->119793K(1041920K), 0.0142697 secs] [Times: user=0.02 sys=0.00, real=0.02 secs] 
33169.256: [GC (Allocation Failure) 
Desired survivor size 6815744 bytes, new threshold 15 (max 15)
[PSYoungGen: 254751K->6027K(255488K)] 368625K->119980K(1041920K), 0.0112868 secs] [Times: user=0.02 sys=0.00, real=0.01 secs] 
33188.196: [GC (Allocation Failure) 
Desired survivor size 6815744 bytes, new threshold 15 (max 15)
[PSYoungGen: 254859K->6108K(255488K)] 368812K->120133K(1041920K), 0.0114060 secs] [Times: user=0.02 sys=0.00, real=0.01 secs] 
33207.133: [GC (Allocation Failure) 
Desired survivor size 6815744 bytes, new threshold 15 (max 15)
[PSYoungGen: 254940K->6068K(255488K)] 368965K->120212K(1041920K), 0.0138892 secs] [Times: user=0.02 sys=0.00, real=0.01 secs] 
33226.047: [GC (Allocation Failure) 
Desired survivor size 6815744 bytes, new threshold 15 (max 15)
[PSYoungGen: 254900K->6192K(255488K)] 369044K->120455K(1041920K), 0.0110502 secs] [Times: user=0.02 sys=0.00, real=0.01 secs] 
33244.942: [GC (Allocation Failure) 
Desired survivor size 6815744 bytes, new threshold 15 (max 15)
[PSYoungGen: 255024K->6012K(255488K)] 369287K->120402K(1041920K), 0.0118509 secs] [Times: user=0.02 sys=0.00, real=0.02 secs] 
33263.758: [GC (Allocation Failure) 
Desired survivor size 6815744 bytes, new threshold 15 (max 15)
[PSYoungGen: 254844K->5967K(255488K)] 369234K->120437K(1041920K), 0.0130327 secs] [Times: user=0.02 sys=0.00, real=0.01 secs] 
33282.703: [GC (Allocation Failure) 
Desired survivor size 6815744 bytes, new threshold 15 (max 15)
[PSYoungGen: 254799K->5944K(255488K)] 369269K->120540K(1041920K), 0.0106866 secs] [Times: user=0.02 sys=0.00, real=0.01 secs] 
33301.456: [GC (Allocation Failure) 
Desired survivor size 6815744 bytes, new threshold 15 (max 15)
[PSYoungGen: 254776K->6029K(255488K)] 369372K->120705K(1041920K), 0.0121976 secs] [Times: user=0.02 sys=0.00, real=0.01 secs] 
33320.321: [GC (Allocation Failure) 
Desired survivor size 6815744 bytes, new threshold 15 (max 15)
[PSYoungGen: 254861K->6028K(255488K)] 369537K->121018K(1041920K), 0.0124470 secs] [Times: user=0.02 sys=0.00, real=0.01 secs] 
33339.132: [GC (Allocation Failure) 
Desired survivor size 6815744 bytes, new threshold 15 (max 15)
[PSYoungGen: 254860K->5851K(255488K)] 369850K->120984K(1041920K), 0.0120773 secs] [Times: user=0.02 sys=0.00, real=0.01 secs] 
33357.949: [GC (Allocation Failure) 
Desired survivor size 6815744 bytes, new threshold 15 (max 15)
[PSYoungGen: 254683K->5867K(255488K)] 369816K->121127K(1041920K), 0.0133378 secs] [Times: user=0.02 sys=0.00, real=0.02 secs] 
33376.877: [GC (Allocation Failure) 
Desired survivor size 6815744 bytes, new threshold 15 (max 15)
[PSYoungGen: 254699K->5866K(255488K)] 369959K->121240K(1041920K), 0.0136463 secs] [Times: user=0.03 sys=0.00, real=0.01 secs] 
33395.699: [GC (Allocation Failure) 
Desired survivor size 6815744 bytes, new threshold 15 (max 15)
[PSYoungGen: 254697K->5856K(255488K)] 370070K->121326K(1041920K), 0.0122262 secs] [Times: user=0.02 sys=0.00, real=0.01 secs] 
33414.383: [GC (Allocation Failure) 
Desired survivor size 6815744 bytes, new threshold 15 (max 15)
[PSYoungGen: 254688K->5847K(255488K)] 370158K->121444K(1041920K), 0.0110468 secs] [Times: user=0.02 sys=0.00, real=0.01 secs] 
33433.370: [GC (Allocation Failure) 
Desired survivor size 6815744 bytes, new threshold 15 (max 15)
[PSYoungGen: 254679K->5877K(255488K)] 370276K->121545K(1041920K), 0.0111904 secs] [Times: user=0.02 sys=0.00, real=0.01 secs] 
33452.172: [GC (Allocation Failure) 
Desired survivor size 6815744 bytes, new threshold 15 (max 15)
[PSYoungGen: 254709K->5920K(255488K)] 370377K->121810K(1041920K), 0.0500857 secs] [Times: user=0.03 sys=0.00, real=0.05 secs] 
33470.954: [GC (Allocation Failure) 
Desired survivor size 6815744 bytes, new threshold 15 (max 15)
[PSYoungGen: 254752K->5863K(255488K)] 370642K->121832K(1041920K), 0.0119823 secs] [Times: user=0.02 sys=0.00, real=0.01 secs] 
33489.882: [GC (Allocation Failure) 
Desired survivor size 6815744 bytes, new threshold 15 (max 15)
[PSYoungGen: 254695K->5992K(255488K)] 370664K->122033K(1041920K), 0.0128042 secs] [Times: user=0.02 sys=0.00, real=0.01 secs] 
33508.821: [GC (Allocation Failure) 
Desired survivor size 6815744 bytes, new threshold 15 (max 15)
[PSYoungGen: 254824K->5948K(255488K)] 370865K->122070K(1041920K), 0.0114536 secs] [Times: user=0.02 sys=0.00, real=0.02 secs] 
33527.506: [GC (Allocation Failure) 
Desired survivor size 6815744 bytes, new threshold 15 (max 15)
[PSYoungGen: 254780K->5896K(255488K)] 370902K->122136K(1041920K), 0.0115954 secs] [Times: user=0.02 sys=0.00, real=0.01 secs] 
33546.331: [GC (Allocation Failure) 
Desired survivor size 6815744 bytes, new threshold 15 (max 15)
[PSYoungGen: 254728K->6032K(255488K)] 370968K->122344K(1041920K), 0.0105400 secs] [Times: user=0.02 sys=0.00, real=0.01 secs] 
33565.195: [GC (Allocation Failure) 
Desired survivor size 6815744 bytes, new threshold 15 (max 15)
[PSYoungGen: 254864K->6071K(255488K)] 371176K->122463K(1041920K), 0.0110439 secs] [Times: user=0.01 sys=0.00, real=0.01 secs] 
33584.077: [GC (Allocation Failure) 
Desired survivor size 6815744 bytes, new threshold 15 (max 15)
[PSYoungGen: 254903K->6024K(255488K)] 371295K->122542K(1041920K), 0.0110081 secs] [Times: user=0.02 sys=0.00, real=0.01 secs] 
33602.946: [GC (Allocation Failure) 
Desired survivor size 6815744 bytes, new threshold 15 (max 15)
[PSYoungGen: 254856K->6088K(255488K)] 371374K->122686K(1041920K), 0.0199272 secs] [Times: user=0.01 sys=0.00, real=0.02 secs] 
33621.754: [GC (Allocation Failure) 
Desired survivor size 6815744 bytes, new threshold 15 (max 15)
[PSYoungGen: 254920K->6242K(255488K)] 371518K->122971K(1041920K), 0.0126694 secs] [Times: user=0.02 sys=0.00, real=0.01 secs] 
33640.384: [GC (Allocation Failure) 
Desired survivor size 6815744 bytes, new threshold 15 (max 15)
[PSYoungGen: 255074K->6109K(255488K)] 371803K->122957K(1041920K), 0.0117886 secs] [Times: user=0.02 sys=0.00, real=0.01 secs] 
33659.195: [GC (Allocation Failure) 
Desired survivor size 6815744 bytes, new threshold 15 (max 15)
[PSYoungGen: 254941K->6075K(255488K)] 371789K->122995K(1041920K), 0.0107960 secs] [Times: user=0.02 sys=0.00, real=0.02 secs] 
33678.116: [GC (Allocation Failure) 
Desired survivor size 6815744 bytes, new threshold 15 (max 15)
[PSYoungGen: 254907K->6321K(255488K)] 371827K->123321K(1041920K), 0.0115345 secs] [Times: user=0.02 sys=0.00, real=0.01 secs] 
33696.880: [GC (Allocation Failure) 
Desired survivor size 6815744 bytes, new threshold 15 (max 15)
[PSYoungGen: 255153K->6122K(255488K)] 372153K->123288K(1041920K), 0.0124466 secs] [Times: user=0.02 sys=0.00, real=0.02 secs] 
33715.625: [GC (Allocation Failure) 
Desired survivor size 6815744 bytes, new threshold 15 (max 15)
[PSYoungGen: 254954K->6177K(255488K)] 372120K->123423K(1041920K), 0.0111829 secs] [Times: user=0.02 sys=0.00, real=0.01 secs] 
33734.576: [GC (Allocation Failure) 
Desired survivor size 6815744 bytes, new threshold 15 (max 15)
[PSYoungGen: 255009K->6083K(255488K)] 372255K->123494K(1041920K), 0.0117888 secs] [Times: user=0.02 sys=0.00, real=0.02 secs] 
33753.484: [GC (Allocation Failure) 
Desired survivor size 6815744 bytes, new threshold 15 (max 15)
[PSYoungGen: 254915K->6062K(255488K)] 372326K->123592K(1041920K), 0.0138664 secs] [Times: user=0.02 sys=0.00, real=0.01 secs] 
33772.256: [GC (Allocation Failure) 
Desired survivor size 6815744 bytes, new threshold 15 (max 15)
[PSYoungGen: 254894K->5976K(255488K)] 372424K->123634K(1041920K), 0.0120737 secs] [Times: user=0.02 sys=0.00, real=0.01 secs] 
33791.202: [GC (Allocation Failure) 
Desired survivor size 6815744 bytes, new threshold 15 (max 15)
[PSYoungGen: 254808K->5996K(255488K)] 372466K->123725K(1041920K), 0.0120410 secs] [Times: user=0.02 sys=0.00, real=0.01 secs] 
33810.011: [GC (Allocation Failure) 
Desired survivor size 6815744 bytes, new threshold 15 (max 15)
[PSYoungGen: 254828K->5958K(255488K)] 372557K->123907K(1041920K), 0.0124530 secs] [Times: user=0.02 sys=0.00, real=0.01 secs] 
33828.881: [GC (Allocation Failure) 
Desired survivor size 6815744 bytes, new threshold 15 (max 15)
[PSYoungGen: 254790K->5960K(255488K)] 372739K->124036K(1041920K), 0.0129867 secs] [Times: user=0.02 sys=0.00, real=0.02 secs] 
33847.756: [GC (Allocation Failure) 
Desired survivor size 6815744 bytes, new threshold 15 (max 15)
[PSYoungGen: 254792K->5936K(255488K)] 372868K->124156K(1041920K), 0.0113126 secs] [Times: user=0.02 sys=0.00, real=0.01 secs] 
33866.695: [GC (Allocation Failure) 
Desired survivor size 6815744 bytes, new threshold 15 (max 15)
[PSYoungGen: 254768K->5902K(255488K)] 372988K->124240K(1041920K), 0.0105455 secs] [Times: user=0.01 sys=0.00, real=0.01 secs] 
33885.501: [GC (Allocation Failure) 
Desired survivor size 6815744 bytes, new threshold 15 (max 15)
[PSYoungGen: 254734K->5971K(255488K)] 373072K->124406K(1041920K), 0.0115547 secs] [Times: user=0.02 sys=0.00, real=0.01 secs] 
33904.327: [GC (Allocation Failure) 
Desired survivor size 6815744 bytes, new threshold 15 (max 15)
[PSYoungGen: 254803K->6008K(255488K)] 373238K->124524K(1041920K), 0.0109722 secs] [Times: user=0.02 sys=0.00, real=0.01 secs] 
33923.121: [GC (Allocation Failure) 
Desired survivor size 6815744 bytes, new threshold 15 (max 15)
[PSYoungGen: 254840K->6218K(255488K)] 373356K->124845K(1041920K), 0.0113620 secs] [Times: user=0.01 sys=0.00, real=0.01 secs] 
33942.004: [GC (Allocation Failure) 
Desired survivor size 6815744 bytes, new threshold 15 (max 15)
[PSYoungGen: 255050K->6091K(255488K)] 373677K->124845K(1041920K), 0.0110716 secs] [Times: user=0.02 sys=0.00, real=0.01 secs] 
33960.820: [GC (Allocation Failure) 
Desired survivor size 6815744 bytes, new threshold 15 (max 15)
[PSYoungGen: 254923K->5984K(255488K)] 373677K->124865K(1041920K), 0.0148831 secs] [Times: user=0.02 sys=0.00, real=0.02 secs] 
33979.632: [GC (Allocation Failure) 
Desired survivor size 6815744 bytes, new threshold 15 (max 15)
[PSYoungGen: 254816K->5856K(255488K)] 373697K->124913K(1041920K), 0.0110849 secs] [Times: user=0.02 sys=0.00, real=0.01 secs] 
33998.574: [GC (Allocation Failure) 
Desired survivor size 6815744 bytes, new threshold 15 (max 15)
[PSYoungGen: 254688K->5965K(255488K)] 373745K->125165K(1041920K), 0.0148221 secs] [Times: user=0.02 sys=0.00, real=0.02 secs] 
34017.382: [GC (Allocation Failure) 
Desired survivor size 6815744 bytes, new threshold 15 (max 15)
[PSYoungGen: 254797K->5963K(255488K)] 373997K->125243K(1041920K), 0.0108589 secs] [Times: user=0.02 sys=0.00, real=0.01 secs] 
34036.324: [GC (Allocation Failure) 
Desired survivor size 6815744 bytes, new threshold 15 (max 15)
[PSYoungGen: 254795K->5948K(255488K)] 374075K->125341K(1041920K), 0.0115181 secs] [Times: user=0.02 sys=0.00, real=0.01 secs] 
34055.204: [GC (Allocation Failure) 
Desired survivor size 6815744 bytes, new threshold 15 (max 15)
[PSYoungGen: 254780K->5915K(255488K)] 374173K->125422K(1041920K), 0.0110537 secs] [Times: user=0.02 sys=0.00, real=0.01 secs] 
34073.999: [GC (Allocation Failure) 
Desired survivor size 6815744 bytes, new threshold 15 (max 15)
[PSYoungGen: 254743K->5958K(255488K)] 374249K->125591K(1041920K), 0.0116405 secs] [Times: user=0.02 sys=0.00, real=0.01 secs] 
34092.944: [GC (Allocation Failure) 
Desired survivor size 6815744 bytes, new threshold 15 (max 15)
[PSYoungGen: 254790K->5807K(255488K)] 374423K->125655K(1041920K), 0.0134075 secs] [Times: user=0.03 sys=0.00, real=0.01 secs] 
34111.873: [GC (Allocation Failure) 
Desired survivor size 6815744 bytes, new threshold 15 (max 15)
[PSYoungGen: 254639K->5873K(255488K)] 374487K->125847K(1041920K), 0.0132724 secs] [Times: user=0.02 sys=0.00, real=0.02 secs] 
34130.641: [GC (Allocation Failure) 
Desired survivor size 6815744 bytes, new threshold 15 (max 15)
[PSYoungGen: 254705K->5839K(255488K)] 374679K->125927K(1041920K), 0.0291555 secs] [Times: user=0.05 sys=0.00, real=0.03 secs] 
34149.504: [GC (Allocation Failure) 
Desired survivor size 6815744 bytes, new threshold 15 (max 15)
[PSYoungGen: 254671K->5807K(255488K)] 374759K->126016K(1041920K), 0.0117449 secs] [Times: user=0.02 sys=0.00, real=0.01 secs] 
34168.386: [GC (Allocation Failure) 
Desired survivor size 6815744 bytes, new threshold 15 (max 15)
[PSYoungGen: 254639K->5821K(255488K)] 374848K->126149K(1041920K), 0.0120707 secs] [Times: user=0.02 sys=0.00, real=0.01 secs] 
34187.251: [GC (Allocation Failure) 
Desired survivor size 6815744 bytes, new threshold 15 (max 15)
[PSYoungGen: 254653K->5768K(255488K)] 374981K->126264K(1041920K), 0.0109514 secs] [Times: user=0.01 sys=0.00, real=0.01 secs] 
34206.200: [GC (Allocation Failure) 
Desired survivor size 6815744 bytes, new threshold 15 (max 15)
[PSYoungGen: 254600K->5782K(255488K)] 375096K->126399K(1041920K), 0.0109023 secs] [Times: user=0.02 sys=0.00, real=0.01 secs] 
34225.004: [GC (Allocation Failure) 
Desired survivor size 6815744 bytes, new threshold 15 (max 15)
[PSYoungGen: 254614K->5971K(255488K)] 375231K->126722K(1041920K), 0.0123364 secs] [Times: user=0.02 sys=0.00, real=0.01 secs] 
34243.815: [GC (Allocation Failure) 
Desired survivor size 6815744 bytes, new threshold 15 (max 15)
[PSYoungGen: 254803K->5921K(255488K)] 375554K->126785K(1041920K), 0.0110433 secs] [Times: user=0.02 sys=0.00, real=0.01 secs] 
34262.383: [GC (Allocation Failure) 
Desired survivor size 6291456 bytes, new threshold 15 (max 15)
[PSYoungGen: 254753K->5863K(255488K)] 375617K->126871K(1041920K), 0.0171076 secs] [Times: user=0.02 sys=0.00, real=0.02 secs] 
34281.262: [GC (Allocation Failure) 
Desired survivor size 6291456 bytes, new threshold 15 (max 15)
[PSYoungGen: 254695K->5850K(256000K)] 375703K->127011K(1042432K), 0.0142391 secs] [Times: user=0.02 sys=0.00, real=0.01 secs] 
34300.254: [GC (Allocation Failure) 
Desired survivor size 6291456 bytes, new threshold 15 (max 15)
[PSYoungGen: 255706K->5800K(256000K)] 376867K->127075K(1042432K), 0.0116006 secs] [Times: user=0.02 sys=0.00, real=0.01 secs] 
34319.202: [GC (Allocation Failure) 
Desired survivor size 6291456 bytes, new threshold 15 (max 15)
[PSYoungGen: 255656K->5702K(256000K)] 376931K->127106K(1042432K), 0.0127895 secs] [Times: user=0.03 sys=0.00, real=0.01 secs] 
34338.206: [GC (Allocation Failure) 
Desired survivor size 6291456 bytes, new threshold 15 (max 15)
[PSYoungGen: 255558K->5655K(256000K)] 376962K->127180K(1042432K), 0.0128759 secs] [Times: user=0.02 sys=0.00, real=0.01 secs] 
34357.074: [GC (Allocation Failure) 
Desired survivor size 6291456 bytes, new threshold 15 (max 15)
[PSYoungGen: 255511K->5754K(256000K)] 377036K->127447K(1042432K), 0.0119039 secs] [Times: user=0.02 sys=0.00, real=0.01 secs] 
34375.950: [GC (Allocation Failure) 
Desired survivor size 6291456 bytes, new threshold 15 (max 15)
[PSYoungGen: 255610K->5811K(256000K)] 377303K->127576K(1042432K), 0.0108515 secs] [Times: user=0.02 sys=0.00, real=0.01 secs] 
34395.007: [GC (Allocation Failure) 
Desired survivor size 6291456 bytes, new threshold 15 (max 15)
[PSYoungGen: 255667K->5781K(256000K)] 377432K->127667K(1042432K), 0.0108518 secs] [Times: user=0.02 sys=0.00, real=0.02 secs] 
34413.997: [GC (Allocation Failure) 
Desired survivor size 6291456 bytes, new threshold 15 (max 15)
[PSYoungGen: 255637K->5741K(256000K)] 377523K->127770K(1042432K), 0.0115362 secs] [Times: user=0.02 sys=0.00, real=0.01 secs] 
34432.876: [GC (Allocation Failure) 
Desired survivor size 6291456 bytes, new threshold 15 (max 15)
[PSYoungGen: 255597K->5758K(256000K)] 377626K->127883K(1042432K), 0.0123693 secs] [Times: user=0.02 sys=0.00, real=0.01 secs] 
34451.882: [GC (Allocation Failure) 
Desired survivor size 6291456 bytes, new threshold 15 (max 15)
[PSYoungGen: 255614K->5621K(256000K)] 377739K->127915K(1042432K), 0.0108805 secs] [Times: user=0.02 sys=0.00, real=0.01 secs] 
34470.877: [GC (Allocation Failure) 
Desired survivor size 6291456 bytes, new threshold 15 (max 15)
[PSYoungGen: 255477K->5756K(256000K)] 377771K->128122K(1042432K), 0.0134967 secs] [Times: user=0.03 sys=0.00, real=0.02 secs] 
34489.751: [GC (Allocation Failure) 
Desired survivor size 6291456 bytes, new threshold 15 (max 15)
[PSYoungGen: 255612K->5811K(256000K)] 377978K->128290K(1042432K), 0.0110970 secs] [Times: user=0.02 sys=0.00, real=0.02 secs] 
34508.645: [GC (Allocation Failure) 
Desired survivor size 6291456 bytes, new threshold 15 (max 15)
[PSYoungGen: 255667K->5835K(256000K)] 378146K->128443K(1042432K), 0.0110460 secs] [Times: user=0.02 sys=0.00, real=0.01 secs] 
34527.511: [GC (Allocation Failure) 
Desired survivor size 6291456 bytes, new threshold 15 (max 15)
[PSYoungGen: 255691K->5973K(256000K)] 378299K->128767K(1042432K), 0.0117938 secs] [Times: user=0.02 sys=0.00, real=0.01 secs] 
34546.381: [GC (Allocation Failure) 
Desired survivor size 6291456 bytes, new threshold 15 (max 15)
[PSYoungGen: 255829K->5883K(256000K)] 378623K->128830K(1042432K), 0.0119373 secs] [Times: user=0.02 sys=0.00, real=0.01 secs] 
34565.355: [GC (Allocation Failure) 
Desired survivor size 6291456 bytes, new threshold 15 (max 15)
[PSYoungGen: 255739K->5853K(256000K)] 378686K->128921K(1042432K), 0.0185927 secs] [Times: user=0.02 sys=0.00, real=0.02 secs] 
34584.288: [GC (Allocation Failure) 
Desired survivor size 6291456 bytes, new threshold 15 (max 15)
[PSYoungGen: 255709K->6027K(256000K)] 378777K->129167K(1042432K), 0.0124516 secs] [Times: user=0.02 sys=0.00, real=0.01 secs] 
34603.291: [GC (Allocation Failure) 
Desired survivor size 6815744 bytes, new threshold 15 (max 15)
[PSYoungGen: 255883K->6032K(256000K)] 379023K->129268K(1042432K), 0.0172696 secs] [Times: user=0.02 sys=0.00, real=0.01 secs] 
34622.205: [GC (Allocation Failure) 
Desired survivor size 6291456 bytes, new threshold 15 (max 15)
[PSYoungGen: 255888K->5841K(256000K)] 379124K->129157K(1042432K), 0.0117572 secs] [Times: user=0.02 sys=0.00, real=0.01 secs] 
34641.204: [GC (Allocation Failure) 
Desired survivor size 6291456 bytes, new threshold 15 (max 15)
[PSYoungGen: 255697K->5810K(256000K)] 379013K->129300K(1042432K), 0.0127303 secs] [Times: user=0.02 sys=0.00, real=0.02 secs] 
34660.254: [GC (Allocation Failure) 
Desired survivor size 6291456 bytes, new threshold 15 (max 15)
[PSYoungGen: 255666K->5737K(256000K)] 379156K->129395K(1042432K), 0.0116067 secs] [Times: user=0.01 sys=0.00, real=0.01 secs] 
34679.133: [GC (Allocation Failure) 
Desired survivor size 6291456 bytes, new threshold 15 (max 15)
[PSYoungGen: 255593K->5746K(256000K)] 379251K->129476K(1042432K), 0.0107610 secs] [Times: user=0.02 sys=0.00, real=0.01 secs] 
34698.197: [GC (Allocation Failure) 
Desired survivor size 6291456 bytes, new threshold 15 (max 15)
[PSYoungGen: 255602K->5798K(256000K)] 379332K->129648K(1042432K), 0.0118330 secs] [Times: user=0.02 sys=0.00, real=0.01 secs] 
34717.135: [GC (Allocation Failure) 
Desired survivor size 6291456 bytes, new threshold 15 (max 15)
[PSYoungGen: 255654K->5747K(256000K)] 379504K->129719K(1042432K), 0.0105625 secs] [Times: user=0.02 sys=0.00, real=0.01 secs] 
34736.075: [GC (Allocation Failure) 
Desired survivor size 6291456 bytes, new threshold 15 (max 15)
[PSYoungGen: 255603K->5794K(256000K)] 379575K->129838K(1042432K), 0.0112903 secs] [Times: user=0.02 sys=0.00, real=0.01 secs] 
34755.133: [GC (Allocation Failure) 
Desired survivor size 6291456 bytes, new threshold 15 (max 15)
[PSYoungGen: 255650K->5676K(256000K)] 379694K->129887K(1042432K), 0.0121807 secs] [Times: user=0.02 sys=0.00, real=0.01 secs] 
34774.077: [GC (Allocation Failure) 
Desired survivor size 6291456 bytes, new threshold 15 (max 15)
[PSYoungGen: 255532K->5661K(256000K)] 379743K->130016K(1042432K), 0.0124487 secs] [Times: user=0.02 sys=0.00, real=0.01 secs] 
34792.950: [GC (Allocation Failure) 
Desired survivor size 6291456 bytes, new threshold 15 (max 15)
[PSYoungGen: 255517K->5689K(256000K)] 379872K->130188K(1042432K), 0.0114150 secs] [Times: user=0.02 sys=0.00, real=0.01 secs] 
34812.007: [GC (Allocation Failure) 
Desired survivor size 6291456 bytes, new threshold 15 (max 15)
[PSYoungGen: 255545K->5615K(256000K)] 380044K->130281K(1042432K), 0.0125284 secs] [Times: user=0.02 sys=0.00, real=0.01 secs] 
34830.891: [GC (Allocation Failure) 
Desired survivor size 6291456 bytes, new threshold 15 (max 15)
[PSYoungGen: 255471K->5741K(256000K)] 380137K->130542K(1042432K), 0.0192632 secs] [Times: user=0.03 sys=0.00, real=0.02 secs] 
34849.705: [GC (Allocation Failure) 
Desired survivor size 6291456 bytes, new threshold 15 (max 15)
[PSYoungGen: 255597K->5738K(256000K)] 380398K->130661K(1042432K), 0.0107438 secs] [Times: user=0.01 sys=0.00, real=0.01 secs] 
34868.332: [GC (Allocation Failure) 
Desired survivor size 6291456 bytes, new threshold 15 (max 15)
[PSYoungGen: 255594K->5905K(256000K)] 380517K->130941K(1042432K), 0.0122412 secs] [Times: user=0.02 sys=0.00, real=0.01 secs] 
34887.252: [GC (Allocation Failure) 
Desired survivor size 6291456 bytes, new threshold 15 (max 15)
[PSYoungGen: 255761K->5915K(256000K)] 380797K->131077K(1042432K), 0.0112903 secs] [Times: user=0.02 sys=0.00, real=0.02 secs] 
34906.133: [GC (Allocation Failure) 
Desired survivor size 6291456 bytes, new threshold 15 (max 15)
[PSYoungGen: 255771K->5866K(256000K)] 380933K->131142K(1042432K), 0.0125861 secs] [Times: user=0.02 sys=0.00, real=0.01 secs] 
34925.126: [GC (Allocation Failure) 
Desired survivor size 6291456 bytes, new threshold 15 (max 15)
[PSYoungGen: 255722K->5906K(256000K)] 380998K->131278K(1042432K), 0.0108657 secs] [Times: user=0.02 sys=0.00, real=0.01 secs] 
34944.003: [GC (Allocation Failure) 
Desired survivor size 6291456 bytes, new threshold 15 (max 15)
[PSYoungGen: 255762K->5990K(256000K)] 381134K->131434K(1042432K), 0.0116062 secs] [Times: user=0.02 sys=0.00, real=0.01 secs] 
34962.875: [GC (Allocation Failure) 
Desired survivor size 6815744 bytes, new threshold 15 (max 15)
[PSYoungGen: 255846K->6083K(254976K)] 381290K->131646K(1041408K), 0.0108922 secs] [Times: user=0.02 sys=0.00, real=0.01 secs] 
34981.694: [GC (Allocation Failure) 
Desired survivor size 6815744 bytes, new threshold 15 (max 15)
[PSYoungGen: 254915K->6070K(255488K)] 380478K->131713K(1041920K), 0.0122213 secs] [Times: user=0.02 sys=0.00, real=0.02 secs] 
35000.677: [GC (Allocation Failure) 
Desired survivor size 6815744 bytes, new threshold 15 (max 15)
[PSYoungGen: 254902K->6037K(255488K)] 380545K->131760K(1041920K), 0.0240594 secs] [Times: user=0.04 sys=0.00, real=0.03 secs] 
35019.450: [GC (Allocation Failure) 
Desired survivor size 6815744 bytes, new threshold 15 (max 15)
[PSYoungGen: 254869K->6099K(255488K)] 380592K->131901K(1041920K), 0.0109996 secs] [Times: user=0.01 sys=0.00, real=0.01 secs] 
35038.322: [GC (Allocation Failure) 
Desired survivor size 6815744 bytes, new threshold 15 (max 15)
[PSYoungGen: 254931K->6097K(255488K)] 380733K->131972K(1041920K), 0.0116961 secs] [Times: user=0.02 sys=0.00, real=0.01 secs] 
35057.256: [GC (Allocation Failure) 
Desired survivor size 6815744 bytes, new threshold 15 (max 15)
[PSYoungGen: 254929K->6076K(255488K)] 380804K->132078K(1041920K), 0.0131541 secs] [Times: user=0.02 sys=0.01, real=0.02 secs] 
35076.199: [GC (Allocation Failure) 
Desired survivor size 6815744 bytes, new threshold 15 (max 15)
[PSYoungGen: 254908K->6082K(255488K)] 380910K->132164K(1041920K), 0.0132465 secs] [Times: user=0.02 sys=0.00, real=0.02 secs] 
35095.008: [GC (Allocation Failure) 
Desired survivor size 6815744 bytes, new threshold 15 (max 15)
[PSYoungGen: 254914K->6035K(255488K)] 380996K->132189K(1041920K), 0.0125831 secs] [Times: user=0.02 sys=0.00, real=0.01 secs] 
35113.996: [GC (Allocation Failure) 
Desired survivor size 6815744 bytes, new threshold 15 (max 15)
[PSYoungGen: 254867K->6023K(255488K)] 381021K->132248K(1041920K), 0.0117585 secs] [Times: user=0.02 sys=0.00, real=0.02 secs] 
35132.789: [GC (Allocation Failure) 
Desired survivor size 6815744 bytes, new threshold 15 (max 15)
[PSYoungGen: 254855K->6034K(255488K)] 381080K->132398K(1041920K), 0.1570518 secs] [Times: user=0.02 sys=0.00, real=0.16 secs] 
35151.501: [GC (Allocation Failure) 
Desired survivor size 6815744 bytes, new threshold 15 (max 15)
[PSYoungGen: 254866K->6047K(255488K)] 381230K->132617K(1041920K), 0.0112682 secs] [Times: user=0.02 sys=0.00, real=0.01 secs] 
35170.382: [GC (Allocation Failure) 
Desired survivor size 6815744 bytes, new threshold 15 (max 15)
[PSYoungGen: 254879K->5825K(255488K)] 381449K->132568K(1041920K), 0.0114096 secs] [Times: user=0.02 sys=0.00, real=0.01 secs] 
35189.193: [GC (Allocation Failure) 
Desired survivor size 6815744 bytes, new threshold 15 (max 15)
[PSYoungGen: 254657K->6032K(255488K)] 381400K->132855K(1041920K), 0.0109936 secs] [Times: user=0.02 sys=0.00, real=0.01 secs] 
35208.007: [GC (Allocation Failure) 
Desired survivor size 6815744 bytes, new threshold 15 (max 15)
[PSYoungGen: 254864K->5944K(255488K)] 381687K->132894K(1041920K), 0.0131641 secs] [Times: user=0.03 sys=0.00, real=0.01 secs] 
35226.945: [GC (Allocation Failure) 
Desired survivor size 6815744 bytes, new threshold 15 (max 15)
[PSYoungGen: 254776K->5872K(255488K)] 381726K->133023K(1041920K), 0.0108611 secs] [Times: user=0.02 sys=0.00, real=0.01 secs] 
35245.702: [GC (Allocation Failure) 
Desired survivor size 6815744 bytes, new threshold 15 (max 15)
[PSYoungGen: 254704K->5848K(255488K)] 381855K->133219K(1041920K), 0.0127724 secs] [Times: user=0.02 sys=0.00, real=0.01 secs] 
35264.693: [GC (Allocation Failure) 
Desired survivor size 6815744 bytes, new threshold 15 (max 15)
[PSYoungGen: 254680K->5832K(255488K)] 382051K->133292K(1041920K), 0.0116097 secs] [Times: user=0.02 sys=0.00, real=0.01 secs] 
35283.451: [GC (Allocation Failure) 
Desired survivor size 6815744 bytes, new threshold 15 (max 15)
[PSYoungGen: 254664K->5904K(255488K)] 382124K->133436K(1041920K), 0.0111830 secs] [Times: user=0.02 sys=0.00, real=0.01 secs] 
35302.325: [GC (Allocation Failure) 
Desired survivor size 6815744 bytes, new threshold 15 (max 15)
[PSYoungGen: 254736K->5867K(255488K)] 382268K->133572K(1041920K), 0.0117386 secs] [Times: user=0.02 sys=0.00, real=0.02 secs] 
35321.259: [GC (Allocation Failure) 
Desired survivor size 6815744 bytes, new threshold 15 (max 15)
[PSYoungGen: 254699K->5808K(255488K)] 382404K->133611K(1041920K), 0.0113184 secs] [Times: user=0.02 sys=0.00, real=0.01 secs] 
35340.069: [GC (Allocation Failure) 
Desired survivor size 6815744 bytes, new threshold 15 (max 15)
[PSYoungGen: 254640K->5856K(255488K)] 382443K->133730K(1041920K), 0.0116153 secs] [Times: user=0.02 sys=0.01, real=0.01 secs] 
35359.005: [GC (Allocation Failure) 
Desired survivor size 6815744 bytes, new threshold 15 (max 15)
[PSYoungGen: 254688K->5776K(255488K)] 382562K->133747K(1041920K), 0.0138346 secs] [Times: user=0.02 sys=0.00, real=0.01 secs] 
35377.762: [GC (Allocation Failure) 
Desired survivor size 6815744 bytes, new threshold 15 (max 15)
[PSYoungGen: 254608K->5848K(255488K)] 382579K->133899K(1041920K), 0.0105930 secs] [Times: user=0.02 sys=0.00, real=0.01 secs] 
35396.512: [GC (Allocation Failure) 
Desired survivor size 6291456 bytes, new threshold 15 (max 15)
[PSYoungGen: 254680K->5918K(255488K)] 382731K->134040K(1041920K), 0.0111544 secs] [Times: user=0.02 sys=0.00, real=0.01 secs] 
35415.457: [GC (Allocation Failure) 
Desired survivor size 6291456 bytes, new threshold 15 (max 15)
[PSYoungGen: 254750K->5901K(256000K)] 382872K->134096K(1042432K), 0.0115377 secs] [Times: user=0.02 sys=0.00, real=0.01 secs] 
35434.252: [GC (Allocation Failure) 
Desired survivor size 6815744 bytes, new threshold 15 (max 15)
[PSYoungGen: 255757K->6068K(256000K)] 383952K->134394K(1042432K), 0.0135201 secs] [Times: user=0.02 sys=0.00, real=0.01 secs] 
35453.125: [GC (Allocation Failure) 
Desired survivor size 6815744 bytes, new threshold 15 (max 15)
[PSYoungGen: 255924K->6053K(254976K)] 384250K->134450K(1041408K), 0.0118675 secs] [Times: user=0.02 sys=0.00, real=0.01 secs] 
35472.069: [GC (Allocation Failure) 
Desired survivor size 6815744 bytes, new threshold 15 (max 15)
[PSYoungGen: 254885K->5966K(255488K)] 383282K->134529K(1041920K), 0.0107254 secs] [Times: user=0.02 sys=0.00, real=0.01 secs] 
35490.698: [GC (Allocation Failure) 
Desired survivor size 6815744 bytes, new threshold 15 (max 15)
[PSYoungGen: 254798K->5998K(255488K)] 383361K->134633K(1041920K), 0.0183866 secs] [Times: user=0.03 sys=0.00, real=0.02 secs] 
35509.468: [GC (Allocation Failure) 
Desired survivor size 6815744 bytes, new threshold 15 (max 15)
[PSYoungGen: 254830K->6194K(255488K)] 383465K->134901K(1041920K), 0.0142014 secs] [Times: user=0.02 sys=0.00, real=0.01 secs] 
35528.326: [GC (Allocation Failure) 
Desired survivor size 6815744 bytes, new threshold 15 (max 15)
[PSYoungGen: 255026K->5948K(255488K)] 383733K->134829K(1041920K), 0.0112167 secs] [Times: user=0.02 sys=0.00, real=0.01 secs] 
35547.257: [GC (Allocation Failure) 
Desired survivor size 6815744 bytes, new threshold 15 (max 15)
[PSYoungGen: 254780K->5997K(255488K)] 383661K->134950K(1041920K), 0.0115472 secs] [Times: user=0.02 sys=0.00, real=0.01 secs] 
35566.074: [GC (Allocation Failure) 
Desired survivor size 6815744 bytes, new threshold 15 (max 15)
[PSYoungGen: 254829K->5916K(255488K)] 383782K->134987K(1041920K), 0.0123267 secs] [Times: user=0.02 sys=0.00, real=0.02 secs] 
35584.953: [GC (Allocation Failure) 
Desired survivor size 6815744 bytes, new threshold 15 (max 15)
[PSYoungGen: 254748K->5874K(255488K)] 383819K->135025K(1041920K), 0.0120805 secs] [Times: user=0.02 sys=0.00, real=0.01 secs] 
35603.724: [GC (Allocation Failure) 
Desired survivor size 6815744 bytes, new threshold 15 (max 15)
[PSYoungGen: 254706K->5952K(255488K)] 383857K->135222K(1041920K), 0.0116472 secs] [Times: user=0.02 sys=0.00, real=0.01 secs] 
35622.753: [GC (Allocation Failure) 
Desired survivor size 6815744 bytes, new threshold 15 (max 15)
[PSYoungGen: 254784K->6043K(255488K)] 384054K->135393K(1041920K), 0.0119141 secs] [Times: user=0.01 sys=0.00, real=0.02 secs] 
35641.576: [GC (Allocation Failure) 
Desired survivor size 6815744 bytes, new threshold 15 (max 15)
[PSYoungGen: 254875K->6014K(255488K)] 384225K->135436K(1041920K), 0.0115991 secs] [Times: user=0.02 sys=0.00, real=0.02 secs] 
35660.492: [GC (Allocation Failure) 
Desired survivor size 6815744 bytes, new threshold 15 (max 15)
[PSYoungGen: 254846K->6063K(255488K)] 384268K->135659K(1041920K), 0.0119335 secs] [Times: user=0.02 sys=0.00, real=0.01 secs] 
35679.442: [GC (Allocation Failure) 
Desired survivor size 6815744 bytes, new threshold 15 (max 15)
[PSYoungGen: 254895K->5833K(255488K)] 384491K->135580K(1041920K), 0.0132806 secs] [Times: user=0.02 sys=0.00, real=0.02 secs] 
35698.252: [GC (Allocation Failure) 
Desired survivor size 6815744 bytes, new threshold 15 (max 15)
[PSYoungGen: 254665K->5883K(255488K)] 384412K->135710K(1041920K), 0.0121702 secs] [Times: user=0.02 sys=0.00, real=0.01 secs] 
35717.127: [GC (Allocation Failure) 
Desired survivor size 6815744 bytes, new threshold 15 (max 15)
[PSYoungGen: 254715K->5778K(255488K)] 384542K->135796K(1041920K), 0.0122852 secs] [Times: user=0.02 sys=0.01, real=0.02 secs] 
35735.707: [GC (Allocation Failure) 
Desired survivor size 6815744 bytes, new threshold 15 (max 15)
[PSYoungGen: 254610K->6011K(255488K)] 384628K->136116K(1041920K), 0.0146570 secs] [Times: user=0.02 sys=0.00, real=0.01 secs] 
35754.577: [GC (Allocation Failure) 
Desired survivor size 6815744 bytes, new threshold 15 (max 15)
[PSYoungGen: 254843K->5939K(255488K)] 384948K->136172K(1041920K), 0.0114278 secs] [Times: user=0.02 sys=0.00, real=0.01 secs] 
35773.508: [GC (Allocation Failure) 
Desired survivor size 6815744 bytes, new threshold 15 (max 15)
[PSYoungGen: 254771K->5970K(255488K)] 385004K->136330K(1041920K), 0.0125938 secs] [Times: user=0.02 sys=0.00, real=0.01 secs] 
35792.450: [GC (Allocation Failure) 
Desired survivor size 6291456 bytes, new threshold 15 (max 15)
[PSYoungGen: 254802K->5884K(256000K)] 385162K->136372K(1042432K), 0.0141544 secs] [Times: user=0.03 sys=0.00, real=0.01 secs] 
35811.331: [GC (Allocation Failure) 
Desired survivor size 6291456 bytes, new threshold 15 (max 15)
[PSYoungGen: 255228K->5830K(255488K)] 385716K->136437K(1041920K), 0.0120740 secs] [Times: user=0.02 sys=0.00, real=0.02 secs] 
35830.261: [GC (Allocation Failure) 
Desired survivor size 6291456 bytes, new threshold 15 (max 15)
[PSYoungGen: 255174K->5833K(256000K)] 385781K->136552K(1042432K), 0.0142245 secs] [Times: user=0.02 sys=0.00, real=0.01 secs] 
35849.257: [GC (Allocation Failure) 
Desired survivor size 6291456 bytes, new threshold 15 (max 15)
[PSYoungGen: 255689K->5811K(256000K)] 386408K->136657K(1042432K), 0.0110408 secs] [Times: user=0.02 sys=0.00, real=0.01 secs] 
35868.132: [GC (Allocation Failure) 
Desired survivor size 6291456 bytes, new threshold 15 (max 15)
[PSYoungGen: 255667K->5840K(256000K)] 386513K->136783K(1042432K), 0.0107884 secs] [Times: user=0.02 sys=0.00, real=0.01 secs] 
35887.021: [GC (Allocation Failure) 
Desired survivor size 6291456 bytes, new threshold 15 (max 15)
[PSYoungGen: 255696K->5855K(256000K)] 386639K->136972K(1042432K), 0.0110908 secs] [Times: user=0.02 sys=0.00, real=0.01 secs] 
35905.951: [GC (Allocation Failure) 
Desired survivor size 6291456 bytes, new threshold 15 (max 15)
[PSYoungGen: 255711K->5823K(256000K)] 386828K->137019K(1042432K), 0.0108756 secs] [Times: user=0.02 sys=0.00, real=0.01 secs] 
35924.950: [GC (Allocation Failure) 
Desired survivor size 6291456 bytes, new threshold 15 (max 15)
[PSYoungGen: 255679K->5911K(256000K)] 386875K->137180K(1042432K), 0.0115712 secs] [Times: user=0.02 sys=0.00, real=0.02 secs] 
35943.828: [GC (Allocation Failure) 
Desired survivor size 6291456 bytes, new threshold 15 (max 15)
[PSYoungGen: 255767K->5864K(256000K)] 387036K->137204K(1042432K), 0.0136512 secs] [Times: user=0.03 sys=0.00, real=0.01 secs] 
35962.792: [GC (Allocation Failure) 
Desired survivor size 6291456 bytes, new threshold 15 (max 15)
[PSYoungGen: 255720K->5965K(256000K)] 387060K->137378K(1042432K), 0.0113103 secs] [Times: user=0.02 sys=0.00, real=0.01 secs] 
35981.818: [GC (Allocation Failure) 
Desired survivor size 6291456 bytes, new threshold 15 (max 15)
[PSYoungGen: 255821K->6036K(256000K)] 387234K->137528K(1042432K), 0.0114858 secs] [Times: user=0.02 sys=0.00, real=0.02 secs] 
36000.702: [GC (Allocation Failure) 
Desired survivor size 6291456 bytes, new threshold 15 (max 15)
[PSYoungGen: 255892K->5918K(256000K)] 387384K->137529K(1042432K), 0.0228164 secs] [Times: user=0.04 sys=0.01, real=0.02 secs] 
36019.626: [GC (Allocation Failure) 
Desired survivor size 6291456 bytes, new threshold 15 (max 15)
[PSYoungGen: 255774K->6081K(256000K)] 387385K->137866K(1042432K), 0.0126132 secs] [Times: user=0.02 sys=0.00, real=0.01 secs] 
36035.180: [GC (System.gc()) 
Desired survivor size 6291456 bytes, new threshold 15 (max 15)
[PSYoungGen: 213315K->5912K(256000K)] 345100K->137777K(1042432K), 0.0135694 secs] [Times: user=0.02 sys=0.00, real=0.01 secs] 
36035.194: [Full GC (System.gc()) [PSYoungGen: 5912K->0K(256000K)] [ParOldGen: 131865K->111879K(786432K)] 137777K->111879K(1042432K), [Metaspace: 91122K->91122K(1132544K)], 0.2864183 secs] [Times: user=0.43 sys=0.00, real=0.29 secs] 
36053.825: [GC (Allocation Failure) 
Desired survivor size 6815744 bytes, new threshold 15 (max 15)
[PSYoungGen: 249856K->4587K(254976K)] 361735K->116466K(1041408K), 0.0114357 secs] [Times: user=0.02 sys=0.00, real=0.01 secs] 
36072.755: [GC (Allocation Failure) 
Desired survivor size 6815744 bytes, new threshold 15 (max 15)
[PSYoungGen: 253419K->4746K(255488K)] 365298K->116625K(1041920K), 0.0103806 secs] [Times: user=0.01 sys=0.00, real=0.01 secs] 
36091.633: [GC (Allocation Failure) 
Desired survivor size 6815744 bytes, new threshold 15 (max 15)
[PSYoungGen: 253578K->4793K(255488K)] 365457K->116672K(1041920K), 0.0102744 secs] [Times: user=0.01 sys=0.00, real=0.01 secs] 
36110.255: [GC (Allocation Failure) 
Desired survivor size 6815744 bytes, new threshold 15 (max 15)
[PSYoungGen: 253625K->4894K(255488K)] 365504K->116773K(1041920K), 0.0103433 secs] [Times: user=0.01 sys=0.00, real=0.01 secs] 
36129.136: [GC (Allocation Failure) 
Desired survivor size 6815744 bytes, new threshold 15 (max 15)
[PSYoungGen: 253726K->4907K(255488K)] 365605K->116786K(1041920K), 0.0106346 secs] [Times: user=0.02 sys=0.00, real=0.01 secs] 
36148.007: [GC (Allocation Failure) 
Desired survivor size 6815744 bytes, new threshold 15 (max 15)
[PSYoungGen: 253739K->5123K(255488K)] 365618K->117002K(1041920K), 0.0106853 secs] [Times: user=0.01 sys=0.00, real=0.01 secs] 
36166.822: [GC (Allocation Failure) 
Desired survivor size 6815744 bytes, new threshold 15 (max 15)
[PSYoungGen: 253955K->5207K(255488K)] 365834K->117086K(1041920K), 0.0111945 secs] [Times: user=0.02 sys=0.00, real=0.01 secs] 
36185.631: [GC (Allocation Failure) 
Desired survivor size 6815744 bytes, new threshold 15 (max 15)
[PSYoungGen: 254039K->5383K(255488K)] 365918K->117271K(1041920K), 0.0107913 secs] [Times: user=0.01 sys=0.00, real=0.01 secs] 
36204.501: [GC (Allocation Failure) 
Desired survivor size 6815744 bytes, new threshold 15 (max 15)
[PSYoungGen: 254215K->5534K(255488K)] 366103K->117421K(1041920K), 0.0108275 secs] [Times: user=0.02 sys=0.00, real=0.01 secs] 
36223.449: [GC (Allocation Failure) 
Desired survivor size 6815744 bytes, new threshold 15 (max 15)
[PSYoungGen: 254366K->5533K(255488K)] 366253K->117420K(1041920K), 0.0107507 secs] [Times: user=0.02 sys=0.00, real=0.01 secs] 
36242.253: [GC (Allocation Failure) 
Desired survivor size 6815744 bytes, new threshold 15 (max 15)
[PSYoungGen: 254365K->5662K(255488K)] 366252K->117549K(1041920K), 0.0137615 secs] [Times: user=0.02 sys=0.00, real=0.01 secs] 
36261.130: [GC (Allocation Failure) 
Desired survivor size 6815744 bytes, new threshold 15 (max 15)
[PSYoungGen: 254494K->5795K(255488K)] 366381K->117682K(1041920K), 0.0105348 secs] [Times: user=0.02 sys=0.00, real=0.01 secs] 
36280.002: [GC (Allocation Failure) 
Desired survivor size 6815744 bytes, new threshold 15 (max 15)
[PSYoungGen: 254627K->5932K(255488K)] 366514K->117819K(1041920K), 0.0127949 secs] [Times: user=0.02 sys=0.00, real=0.02 secs] 
36298.826: [GC (Allocation Failure) 
Desired survivor size 6815744 bytes, new threshold 15 (max 15)
[PSYoungGen: 254764K->6029K(255488K)] 366651K->117916K(1041920K), 0.0127881 secs] [Times: user=0.02 sys=0.00, real=0.02 secs] 
36317.749: [GC (Allocation Failure) 
Desired survivor size 6815744 bytes, new threshold 15 (max 15)
[PSYoungGen: 254861K->6286K(255488K)] 366748K->118173K(1041920K), 0.0128173 secs] [Times: user=0.02 sys=0.00, real=0.02 secs] 
36336.503: [GC (Allocation Failure) 
Desired survivor size 6815744 bytes, new threshold 15 (max 15)
[PSYoungGen: 255118K->5719K(255488K)] 367005K->118127K(1041920K), 0.0121627 secs] [Times: user=0.02 sys=0.00, real=0.01 secs] 
36355.199: [GC (Allocation Failure) 
Desired survivor size 6815744 bytes, new threshold 15 (max 15)
[PSYoungGen: 254551K->5807K(255488K)] 366959K->118270K(1041920K), 0.0115630 secs] [Times: user=0.02 sys=0.00, real=0.01 secs] 
36374.070: [GC (Allocation Failure) 
Desired survivor size 6815744 bytes, new threshold 15 (max 15)
[PSYoungGen: 254639K->5811K(255488K)] 367102K->118330K(1041920K), 0.0107015 secs] [Times: user=0.01 sys=0.00, real=0.01 secs] 
36392.952: [GC (Allocation Failure) 
Desired survivor size 6815744 bytes, new threshold 15 (max 15)
[PSYoungGen: 254643K->5764K(255488K)] 367162K->118364K(1041920K), 0.0172907 secs] [Times: user=0.02 sys=0.00, real=0.01 secs] 
36411.757: [GC (Allocation Failure) 
Desired survivor size 6815744 bytes, new threshold 15 (max 15)
[PSYoungGen: 254596K->5780K(255488K)] 367196K->118436K(1041920K), 0.0108713 secs] [Times: user=0.02 sys=0.00, real=0.01 secs] 
36430.698: [GC (Allocation Failure) 
Desired survivor size 6815744 bytes, new threshold 15 (max 15)
[PSYoungGen: 254612K->5781K(255488K)] 367268K->118540K(1041920K), 0.0263549 secs] [Times: user=0.03 sys=0.00, real=0.02 secs] 
36449.567: [GC (Allocation Failure) 
Desired survivor size 6815744 bytes, new threshold 15 (max 15)
[PSYoungGen: 254613K->5876K(255488K)] 367372K->118737K(1041920K), 0.0112817 secs] [Times: user=0.02 sys=0.00, real=0.01 secs] 
36468.376: [GC (Allocation Failure) 
Desired survivor size 6815744 bytes, new threshold 15 (max 15)
[PSYoungGen: 254708K->5806K(255488K)] 367569K->118817K(1041920K), 0.0103926 secs] [Times: user=0.02 sys=0.00, real=0.01 secs] 
36487.205: [GC (Allocation Failure) 
Desired survivor size 6815744 bytes, new threshold 15 (max 15)
[PSYoungGen: 254638K->5806K(255488K)] 367649K->118919K(1041920K), 0.0111815 secs] [Times: user=0.02 sys=0.00, real=0.02 secs] 
36506.133: [GC (Allocation Failure) 
Desired survivor size 6815744 bytes, new threshold 15 (max 15)
[PSYoungGen: 254638K->5804K(255488K)] 367751K->118974K(1041920K), 0.0127513 secs] [Times: user=0.02 sys=0.00, real=0.01 secs] 
36525.125: [GC (Allocation Failure) 
Desired survivor size 6815744 bytes, new threshold 15 (max 15)
[PSYoungGen: 254636K->5885K(255488K)] 367806K->119103K(1041920K), 0.0118410 secs] [Times: user=0.02 sys=0.00, real=0.01 secs] 
36543.949: [GC (Allocation Failure) 
Desired survivor size 6815744 bytes, new threshold 15 (max 15)
[PSYoungGen: 254717K->5822K(255488K)] 367935K->119152K(1041920K), 0.0106263 secs] [Times: user=0.02 sys=0.00, real=0.01 secs] 
36562.758: [GC (Allocation Failure) 
Desired survivor size 6815744 bytes, new threshold 15 (max 15)
[PSYoungGen: 254654K->5805K(255488K)] 367984K->119286K(1041920K), 0.0129009 secs] [Times: user=0.03 sys=0.00, real=0.01 secs] 
36581.671: [GC (Allocation Failure) 
Desired survivor size 6815744 bytes, new threshold 15 (max 15)
[PSYoungGen: 254637K->5893K(255488K)] 368118K->119429K(1041920K), 0.0112550 secs] [Times: user=0.02 sys=0.00, real=0.01 secs] 
36600.384: [GC (Allocation Failure) 
Desired survivor size 6815744 bytes, new threshold 15 (max 15)
[PSYoungGen: 254725K->5910K(255488K)] 368261K->119502K(1041920K), 0.0103373 secs] [Times: user=0.02 sys=0.00, real=0.01 secs] 
36619.258: [GC (Allocation Failure) 
Desired survivor size 6815744 bytes, new threshold 15 (max 15)
[PSYoungGen: 254742K->6075K(255488K)] 368334K->119825K(1041920K), 0.0105657 secs] [Times: user=0.02 sys=0.00, real=0.01 secs] 
36638.012: [GC (Allocation Failure) 
Desired survivor size 6815744 bytes, new threshold 15 (max 15)
[PSYoungGen: 254907K->6046K(255488K)] 368657K->119915K(1041920K), 0.0131670 secs] [Times: user=0.02 sys=0.00, real=0.01 secs] 
36656.827: [GC (Allocation Failure) 
Desired survivor size 6815744 bytes, new threshold 15 (max 15)
[PSYoungGen: 254878K->5999K(255488K)] 368747K->119986K(1041920K), 0.0131419 secs] [Times: user=0.02 sys=0.00, real=0.01 secs] 
36675.702: [GC (Allocation Failure) 
Desired survivor size 6815744 bytes, new threshold 15 (max 15)
[PSYoungGen: 254831K->5988K(255488K)] 368818K->120056K(1041920K), 0.0103089 secs] [Times: user=0.02 sys=0.00, real=0.01 secs] 
36694.556: [GC (Allocation Failure) 
Desired survivor size 6815744 bytes, new threshold 15 (max 15)
[PSYoungGen: 254820K->6123K(255488K)] 368888K->120262K(1041920K), 0.0118107 secs] [Times: user=0.02 sys=0.00, real=0.02 secs] 
36713.074: [GC (Allocation Failure) 
Desired survivor size 6815744 bytes, new threshold 15 (max 15)
[PSYoungGen: 254955K->5996K(255488K)] 369094K->120263K(1041920K), 0.0104152 secs] [Times: user=0.02 sys=0.00, real=0.01 secs] 
36732.073: [GC (Allocation Failure) 
Desired survivor size 6815744 bytes, new threshold 15 (max 15)
[PSYoungGen: 254828K->5974K(255488K)] 369095K->120360K(1041920K), 0.0112934 secs] [Times: user=0.02 sys=0.00, real=0.01 secs] 
36751.011: [GC (Allocation Failure) 
Desired survivor size 6815744 bytes, new threshold 15 (max 15)
[PSYoungGen: 254806K->5970K(255488K)] 369192K->120435K(1041920K), 0.0121875 secs] [Times: user=0.02 sys=0.00, real=0.01 secs] 
36769.874: [GC (Allocation Failure) 
Desired survivor size 6815744 bytes, new threshold 15 (max 15)
[PSYoungGen: 254802K->5934K(255488K)] 369267K->120526K(1041920K), 0.0106107 secs] [Times: user=0.01 sys=0.00, real=0.01 secs] 
36788.702: [GC (Allocation Failure) 
Desired survivor size 6815744 bytes, new threshold 15 (max 15)
[PSYoungGen: 254766K->5912K(255488K)] 369358K->120576K(1041920K), 0.0111144 secs] [Times: user=0.02 sys=0.00, real=0.01 secs] 
36807.503: [GC (Allocation Failure) 
Desired survivor size 6815744 bytes, new threshold 15 (max 15)
[PSYoungGen: 254744K->6085K(255488K)] 369408K->120830K(1041920K), 0.0110424 secs] [Times: user=0.02 sys=0.00, real=0.01 secs] 
36826.323: [GC (Allocation Failure) 
Desired survivor size 6815744 bytes, new threshold 15 (max 15)
[PSYoungGen: 254917K->6088K(255488K)] 369662K->120913K(1041920K), 0.0135276 secs] [Times: user=0.02 sys=0.00, real=0.01 secs] 
36845.198: [GC (Allocation Failure) 
Desired survivor size 6815744 bytes, new threshold 15 (max 15)
[PSYoungGen: 254920K->6045K(255488K)] 369745K->121043K(1041920K), 0.0153990 secs] [Times: user=0.03 sys=0.00, real=0.02 secs] 
36864.102: [GC (Allocation Failure) 
Desired survivor size 6815744 bytes, new threshold 15 (max 15)
[PSYoungGen: 254877K->5957K(255488K)] 369875K->121120K(1041920K), 0.0107479 secs] [Times: user=0.02 sys=0.00, real=0.02 secs] 
36883.073: [GC (Allocation Failure) 
Desired survivor size 6815744 bytes, new threshold 15 (max 15)
[PSYoungGen: 254789K->5957K(255488K)] 369952K->121250K(1041920K), 0.0115176 secs] [Times: user=0.02 sys=0.00, real=0.01 secs] 
36901.827: [GC (Allocation Failure) 
Desired survivor size 6815744 bytes, new threshold 15 (max 15)
[PSYoungGen: 254789K->5925K(255488K)] 370082K->121289K(1041920K), 0.0124408 secs] [Times: user=0.01 sys=0.00, real=0.02 secs] 
36920.635: [GC (Allocation Failure) 
Desired survivor size 6815744 bytes, new threshold 15 (max 15)
[PSYoungGen: 254757K->6051K(255488K)] 370121K->121593K(1041920K), 0.0462579 secs] [Times: user=0.08 sys=0.01, real=0.04 secs] 
36939.445: [GC (Allocation Failure) 
Desired survivor size 6815744 bytes, new threshold 15 (max 15)
[PSYoungGen: 254883K->5993K(255488K)] 370425K->121654K(1041920K), 0.0108051 secs] [Times: user=0.02 sys=0.00, real=0.01 secs] 
36958.252: [GC (Allocation Failure) 
Desired survivor size 6815744 bytes, new threshold 15 (max 15)
[PSYoungGen: 254825K->5936K(255488K)] 370486K->121724K(1041920K), 0.0112187 secs] [Times: user=0.02 sys=0.00, real=0.01 secs] 
36977.192: [GC (Allocation Failure) 
Desired survivor size 6815744 bytes, new threshold 15 (max 15)
[PSYoungGen: 254768K->5898K(255488K)] 370556K->121829K(1041920K), 0.0106808 secs] [Times: user=0.02 sys=0.00, real=0.01 secs] 
36996.060: [GC (Allocation Failure) 
Desired survivor size 6815744 bytes, new threshold 15 (max 15)
[PSYoungGen: 254730K->5866K(255488K)] 370661K->121943K(1041920K), 0.0130619 secs] [Times: user=0.02 sys=0.00, real=0.02 secs] 
37014.830: [GC (Allocation Failure) 
Desired survivor size 6815744 bytes, new threshold 15 (max 15)
[PSYoungGen: 254698K->5851K(255488K)] 370775K->122000K(1041920K), 0.0107092 secs] [Times: user=0.02 sys=0.00, real=0.01 secs] 
37033.793: [GC (Allocation Failure) 
Desired survivor size 6815744 bytes, new threshold 15 (max 15)
[PSYoungGen: 254683K->5802K(255488K)] 370832K->122064K(1041920K), 0.0126838 secs] [Times: user=0.02 sys=0.00, real=0.01 secs] 
37052.639: [GC (Allocation Failure) 
Desired survivor size 6815744 bytes, new threshold 15 (max 15)
[PSYoungGen: 254630K->5786K(255488K)] 370892K->122144K(1041920K), 0.0224287 secs] [Times: user=0.02 sys=0.00, real=0.02 secs] 
37071.505: [GC (Allocation Failure) 
Desired survivor size 6815744 bytes, new threshold 15 (max 15)
[PSYoungGen: 254618K->5762K(255488K)] 370976K->122247K(1041920K), 0.0117081 secs] [Times: user=0.01 sys=0.00, real=0.01 secs] 
37090.455: [GC (Allocation Failure) 
Desired survivor size 6815744 bytes, new threshold 15 (max 15)
[PSYoungGen: 254594K->5687K(255488K)] 371079K->122387K(1041920K), 0.0123224 secs] [Times: user=0.02 sys=0.00, real=0.02 secs] 
37109.382: [GC (Allocation Failure) 
Desired survivor size 6815744 bytes, new threshold 15 (max 15)
[PSYoungGen: 254519K->5648K(255488K)] 371219K->122466K(1041920K), 0.0108824 secs] [Times: user=0.02 sys=0.00, real=0.01 secs] 
37128.128: [GC (Allocation Failure) 
Desired survivor size 6815744 bytes, new threshold 15 (max 15)
[PSYoungGen: 254480K->5694K(255488K)] 371298K->122634K(1041920K), 0.0133225 secs] [Times: user=0.02 sys=0.00, real=0.01 secs] 
37146.885: [GC (Allocation Failure) 
Desired survivor size 6815744 bytes, new threshold 15 (max 15)
[PSYoungGen: 254526K->5806K(255488K)] 371466K->122842K(1041920K), 0.0111430 secs] [Times: user=0.02 sys=0.00, real=0.02 secs] 
37165.700: [GC (Allocation Failure) 
Desired survivor size 6291456 bytes, new threshold 15 (max 15)
[PSYoungGen: 254638K->5859K(255488K)] 371674K->123014K(1041920K), 0.0137263 secs] [Times: user=0.02 sys=0.00, real=0.01 secs] 
37184.636: [GC (Allocation Failure) 
Desired survivor size 6291456 bytes, new threshold 15 (max 15)
[PSYoungGen: 254691K->5897K(256000K)] 371846K->123148K(1042432K), 0.0139482 secs] [Times: user=0.02 sys=0.00, real=0.01 secs] 
37203.473: [GC (Allocation Failure) 
Desired survivor size 6815744 bytes, new threshold 15 (max 15)
[PSYoungGen: 255753K->6033K(256000K)] 373004K->123403K(1042432K), 0.0105638 secs] [Times: user=0.02 sys=0.00, real=0.01 secs] 
37222.406: [GC (Allocation Failure) 
Desired survivor size 6815744 bytes, new threshold 15 (max 15)
[PSYoungGen: 255889K->6044K(254976K)] 373259K->123600K(1041408K), 0.0123056 secs] [Times: user=0.02 sys=0.00, real=0.02 secs] 
37241.298: [GC (Allocation Failure) 
Desired survivor size 6815744 bytes, new threshold 15 (max 15)
[PSYoungGen: 254876K->5986K(255488K)] 372432K->123638K(1041920K), 0.0116643 secs] [Times: user=0.02 sys=0.00, real=0.01 secs] 
37260.076: [GC (Allocation Failure) 
Desired survivor size 6815744 bytes, new threshold 15 (max 15)
[PSYoungGen: 254818K->5907K(255488K)] 372470K->123639K(1041920K), 0.0109206 secs] [Times: user=0.02 sys=0.00, real=0.01 secs] 
37279.047: [GC (Allocation Failure) 
Desired survivor size 6815744 bytes, new threshold 15 (max 15)
[PSYoungGen: 254739K->5874K(255488K)] 372471K->123703K(1041920K), 0.0130766 secs] [Times: user=0.01 sys=0.00, real=0.01 secs] 
37297.875: [GC (Allocation Failure) 
Desired survivor size 6815744 bytes, new threshold 15 (max 15)
[PSYoungGen: 254706K->5942K(255488K)] 372535K->123843K(1041920K), 0.0113431 secs] [Times: user=0.01 sys=0.00, real=0.01 secs] 
37316.444: [GC (Allocation Failure) 
Desired survivor size 6291456 bytes, new threshold 15 (max 15)
[PSYoungGen: 254774K->5945K(255488K)] 372675K->123918K(1041920K), 0.0104104 secs] [Times: user=0.02 sys=0.00, real=0.01 secs] 
37335.382: [GC (Allocation Failure) 
Desired survivor size 6291456 bytes, new threshold 15 (max 15)
[PSYoungGen: 254777K->5862K(256000K)] 372750K->123907K(1042432K), 0.0112923 secs] [Times: user=0.02 sys=0.00, real=0.01 secs] 
37354.323: [GC (Allocation Failure) 
Desired survivor size 6291456 bytes, new threshold 15 (max 15)
[PSYoungGen: 255718K->5964K(256000K)] 373763K->124081K(1042432K), 0.0117201 secs] [Times: user=0.01 sys=0.00, real=0.01 secs] 
37373.069: [GC (Allocation Failure) 
Desired survivor size 6815744 bytes, new threshold 14 (max 15)
[PSYoungGen: 255820K->6113K(254976K)] 373937K->124318K(1041408K), 0.0122329 secs] [Times: user=0.02 sys=0.00, real=0.02 secs] 
37391.827: [GC (Allocation Failure) 
Desired survivor size 6815744 bytes, new threshold 15 (max 15)
[PSYoungGen: 254945K->6000K(255488K)] 373150K->124490K(1041920K), 0.0122059 secs] [Times: user=0.02 sys=0.00, real=0.01 secs] 
37410.630: [GC (Allocation Failure) 
Desired survivor size 6815744 bytes, new threshold 15 (max 15)
[PSYoungGen: 254832K->6189K(255488K)] 373322K->124679K(1041920K), 0.0605165 secs] [Times: user=0.10 sys=0.00, real=0.06 secs] 
37429.458: [GC (Allocation Failure) 
Desired survivor size 6815744 bytes, new threshold 15 (max 15)
[PSYoungGen: 255021K->6086K(255488K)] 373511K->124749K(1041920K), 0.0127298 secs] [Times: user=0.02 sys=0.00, real=0.02 secs] 
37448.326: [GC (Allocation Failure) 
Desired survivor size 6815744 bytes, new threshold 15 (max 15)
[PSYoungGen: 254918K->6056K(255488K)] 373581K->124845K(1041920K), 0.0142048 secs] [Times: user=0.02 sys=0.00, real=0.01 secs] 
37467.202: [GC (Allocation Failure) 
Desired survivor size 6815744 bytes, new threshold 15 (max 15)
[PSYoungGen: 254888K->6143K(255488K)] 373677K->125013K(1041920K), 0.0134935 secs] [Times: user=0.02 sys=0.00, real=0.02 secs] 
37486.007: [GC (Allocation Failure) 
Desired survivor size 6815744 bytes, new threshold 15 (max 15)
[PSYoungGen: 254975K->6076K(255488K)] 373845K->125073K(1041920K), 0.0121914 secs] [Times: user=0.02 sys=0.00, real=0.02 secs] 
37504.883: [GC (Allocation Failure) 
Desired survivor size 6815744 bytes, new threshold 15 (max 15)
[PSYoungGen: 254908K->6072K(255488K)] 373905K->125195K(1041920K), 0.0166887 secs] [Times: user=0.02 sys=0.00, real=0.01 secs] 
37523.695: [GC (Allocation Failure) 
Desired survivor size 6815744 bytes, new threshold 15 (max 15)
[PSYoungGen: 254902K->6200K(255488K)] 374025K->125412K(1041920K), 0.0122091 secs] [Times: user=0.02 sys=0.00, real=0.01 secs] 
37542.523: [GC (Allocation Failure) 
Desired survivor size 6815744 bytes, new threshold 15 (max 15)
[PSYoungGen: 255032K->6293K(255488K)] 374244K->125577K(1041920K), 0.0121802 secs] [Times: user=0.02 sys=0.00, real=0.01 secs] 
37561.326: [GC (Allocation Failure) 
Desired survivor size 6815744 bytes, new threshold 15 (max 15)
[PSYoungGen: 255125K->6265K(255488K)] 374409K->125621K(1041920K), 0.0118297 secs] [Times: user=0.02 sys=0.00, real=0.01 secs] 
37580.124: [GC (Allocation Failure) 
Desired survivor size 6815744 bytes, new threshold 15 (max 15)
[PSYoungGen: 255097K->6235K(255488K)] 374453K->125709K(1041920K), 0.0107401 secs] [Times: user=0.01 sys=0.00, real=0.01 secs] 
37599.003: [GC (Allocation Failure) 
Desired survivor size 6815744 bytes, new threshold 15 (max 15)
[PSYoungGen: 255067K->6220K(255488K)] 374541K->125790K(1041920K), 0.0124899 secs] [Times: user=0.02 sys=0.00, real=0.02 secs] 
37617.697: [GC (Allocation Failure) 
Desired survivor size 6815744 bytes, new threshold 15 (max 15)
[PSYoungGen: 255052K->6288K(255488K)] 374622K->125938K(1041920K), 0.0112109 secs] [Times: user=0.02 sys=0.00, real=0.02 secs] 
37636.578: [GC (Allocation Failure) 
Desired survivor size 6815744 bytes, new threshold 15 (max 15)
[PSYoungGen: 255120K->6208K(255488K)] 374770K->125985K(1041920K), 0.0129372 secs] [Times: user=0.02 sys=0.00, real=0.02 secs] 
37655.455: [GC (Allocation Failure) 
Desired survivor size 6815744 bytes, new threshold 15 (max 15)
[PSYoungGen: 255040K->6178K(255488K)] 374817K->126183K(1041920K), 0.0105795 secs] [Times: user=0.02 sys=0.00, real=0.01 secs] 
37674.260: [GC (Allocation Failure) 
Desired survivor size 6815744 bytes, new threshold 15 (max 15)
[PSYoungGen: 255010K->5950K(255488K)] 375015K->126121K(1041920K), 0.0124194 secs] [Times: user=0.02 sys=0.00, real=0.01 secs] 
37693.187: [GC (Allocation Failure) 
Desired survivor size 6815744 bytes, new threshold 15 (max 15)
[PSYoungGen: 254782K->6049K(255488K)] 374953K->126347K(1041920K), 0.0114133 secs] [Times: user=0.02 sys=0.00, real=0.02 secs] 
37712.073: [GC (Allocation Failure) 
Desired survivor size 6815744 bytes, new threshold 15 (max 15)
[PSYoungGen: 254881K->6080K(255488K)] 375179K->126496K(1041920K), 0.0840345 secs] [Times: user=0.01 sys=0.00, real=0.08 secs] 
37730.793: [GC (Allocation Failure) 
Desired survivor size 6815744 bytes, new threshold 15 (max 15)
[PSYoungGen: 254912K->6049K(255488K)] 375328K->126592K(1041920K), 0.0165428 secs] [Times: user=0.02 sys=0.00, real=0.02 secs] 
37749.631: [GC (Allocation Failure) 
Desired survivor size 6815744 bytes, new threshold 15 (max 15)
[PSYoungGen: 254881K->5899K(255488K)] 375424K->126569K(1041920K), 0.0113940 secs] [Times: user=0.02 sys=0.00, real=0.01 secs] 
37768.510: [GC (Allocation Failure) 
Desired survivor size 6815744 bytes, new threshold 15 (max 15)
[PSYoungGen: 254731K->6016K(255488K)] 375401K->126767K(1041920K), 0.0104465 secs] [Times: user=0.02 sys=0.00, real=0.01 secs] 
37787.258: [GC (Allocation Failure) 
Desired survivor size 6815744 bytes, new threshold 15 (max 15)
[PSYoungGen: 254848K->6091K(255488K)] 375599K->126968K(1041920K), 0.0111016 secs] [Times: user=0.02 sys=0.00, real=0.01 secs] 
37806.127: [GC (Allocation Failure) 
Desired survivor size 6815744 bytes, new threshold 15 (max 15)
[PSYoungGen: 254923K->6180K(255488K)] 375800K->127137K(1041920K), 0.0175679 secs] [Times: user=0.02 sys=0.00, real=0.01 secs] 
37824.828: [GC (Allocation Failure) 
Desired survivor size 6815744 bytes, new threshold 15 (max 15)
[PSYoungGen: 255012K->6257K(255488K)] 375969K->127391K(1041920K), 0.0110142 secs] [Times: user=0.02 sys=0.00, real=0.02 secs] 
37843.635: [GC (Allocation Failure) 
Desired survivor size 6815744 bytes, new threshold 15 (max 15)
[PSYoungGen: 255089K->6195K(255488K)] 376223K->127410K(1041920K), 0.0134989 secs] [Times: user=0.02 sys=0.00, real=0.01 secs] 
37862.384: [GC (Allocation Failure) 
Desired survivor size 6815744 bytes, new threshold 15 (max 15)
[PSYoungGen: 255027K->6163K(255488K)] 376242K->127449K(1041920K), 0.0171102 secs] [Times: user=0.01 sys=0.00, real=0.02 secs] 
37881.237: [GC (Allocation Failure) 
Desired survivor size 6815744 bytes, new threshold 15 (max 15)
[PSYoungGen: 254995K->6199K(255488K)] 376281K->127566K(1041920K), 0.0112800 secs] [Times: user=0.02 sys=0.00, real=0.02 secs] 
37900.081: [GC (Allocation Failure) 
Desired survivor size 6815744 bytes, new threshold 15 (max 15)
[PSYoungGen: 255031K->6125K(255488K)] 376398K->127666K(1041920K), 0.0112999 secs] [Times: user=0.02 sys=0.00, real=0.01 secs] 
37918.890: [GC (Allocation Failure) 
Desired survivor size 6815744 bytes, new threshold 15 (max 15)
[PSYoungGen: 254957K->6043K(255488K)] 376498K->127656K(1041920K), 0.0136570 secs] [Times: user=0.02 sys=0.00, real=0.01 secs] 
37937.622: [GC (Allocation Failure) 
Desired survivor size 6815744 bytes, new threshold 15 (max 15)
[PSYoungGen: 254875K->6291K(255488K)] 376488K->127976K(1041920K), 0.0126708 secs] [Times: user=0.02 sys=0.00, real=0.01 secs] 
37956.452: [GC (Allocation Failure) 
Desired survivor size 6815744 bytes, new threshold 15 (max 15)
[PSYoungGen: 255123K->6252K(255488K)] 376808K->128016K(1041920K), 0.0108391 secs] [Times: user=0.01 sys=0.00, real=0.01 secs] 
37975.263: [GC (Allocation Failure) 
Desired survivor size 6815744 bytes, new threshold 15 (max 15)
[PSYoungGen: 255084K->6145K(255488K)] 376848K->128028K(1041920K), 0.0120101 secs] [Times: user=0.02 sys=0.00, real=0.01 secs] 
37994.196: [GC (Allocation Failure) 
Desired survivor size 6815744 bytes, new threshold 15 (max 15)
[PSYoungGen: 254977K->6181K(255488K)] 376860K->128191K(1041920K), 0.0113309 secs] [Times: user=0.02 sys=0.00, real=0.01 secs] 
38012.927: [GC (Allocation Failure) 
Desired survivor size 6815744 bytes, new threshold 15 (max 15)
[PSYoungGen: 255013K->6272K(255488K)] 377023K->128401K(1041920K), 0.1707346 secs] [Times: user=0.02 sys=0.00, real=0.17 secs] 
38031.793: [GC (Allocation Failure) 
Desired survivor size 6815744 bytes, new threshold 15 (max 15)
[PSYoungGen: 255104K->6268K(255488K)] 377233K->128476K(1041920K), 0.0127179 secs] [Times: user=0.02 sys=0.00, real=0.01 secs] 
38050.705: [GC (Allocation Failure) 
Desired survivor size 6815744 bytes, new threshold 15 (max 15)
[PSYoungGen: 255100K->6347K(255488K)] 377308K->128674K(1041920K), 0.0288491 secs] [Times: user=0.04 sys=0.00, real=0.03 secs] 
38069.570: [GC (Allocation Failure) 
Desired survivor size 6815744 bytes, new threshold 15 (max 15)
[PSYoungGen: 255179K->6186K(255488K)] 377506K->128687K(1041920K), 0.0124435 secs] [Times: user=0.02 sys=0.00, real=0.01 secs] 
38088.261: [GC (Allocation Failure) 
Desired survivor size 6815744 bytes, new threshold 15 (max 15)
[PSYoungGen: 255018K->6203K(255488K)] 377519K->128776K(1041920K), 0.0119056 secs] [Times: user=0.02 sys=0.00, real=0.01 secs] 
38107.131: [GC (Allocation Failure) 
Desired survivor size 6815744 bytes, new threshold 15 (max 15)
[PSYoungGen: 255035K->6164K(255488K)] 377608K->128864K(1041920K), 0.0106489 secs] [Times: user=0.01 sys=0.00, real=0.02 secs] 
38125.883: [GC (Allocation Failure) 
Desired survivor size 6815744 bytes, new threshold 15 (max 15)
[PSYoungGen: 254996K->6356K(255488K)] 377696K->129191K(1041920K), 0.0120641 secs] [Times: user=0.02 sys=0.00, real=0.02 secs] 
38144.713: [GC (Allocation Failure) 
Desired survivor size 6815744 bytes, new threshold 15 (max 15)
[PSYoungGen: 255188K->6433K(255488K)] 378023K->129442K(1041920K), 0.0123013 secs] [Times: user=0.02 sys=0.00, real=0.01 secs] 
38163.509: [GC (Allocation Failure) 
Desired survivor size 6815744 bytes, new threshold 15 (max 15)
[PSYoungGen: 255265K->6211K(255488K)] 378274K->129338K(1041920K), 0.0193558 secs] [Times: user=0.02 sys=0.01, real=0.02 secs] 
38182.331: [GC (Allocation Failure) 
Desired survivor size 6815744 bytes, new threshold 15 (max 15)
[PSYoungGen: 255043K->6228K(255488K)] 378170K->129482K(1041920K), 0.0110110 secs] [Times: user=0.02 sys=0.00, real=0.01 secs] 
38201.205: [GC (Allocation Failure) 
Desired survivor size 6815744 bytes, new threshold 15 (max 15)
[PSYoungGen: 255060K->6115K(255488K)] 378314K->129441K(1041920K), 0.0135531 secs] [Times: user=0.02 sys=0.00, real=0.02 secs] 
38219.947: [GC (Allocation Failure) 
Desired survivor size 6815744 bytes, new threshold 15 (max 15)
[PSYoungGen: 254947K->6131K(255488K)] 378273K->129561K(1041920K), 0.0112566 secs] [Times: user=0.02 sys=0.00, real=0.01 secs] 
38238.876: [GC (Allocation Failure) 
Desired survivor size 6815744 bytes, new threshold 15 (max 15)
[PSYoungGen: 254963K->6108K(255488K)] 378393K->129665K(1041920K), 0.0108615 secs] [Times: user=0.02 sys=0.00, real=0.01 secs] 
38257.730: [GC (Allocation Failure) 
Desired survivor size 6815744 bytes, new threshold 15 (max 15)
[PSYoungGen: 254940K->6290K(255488K)] 378497K->129927K(1041920K), 0.0118570 secs] [Times: user=0.02 sys=0.01, real=0.01 secs] 
38276.509: [GC (Allocation Failure) 
Desired survivor size 6815744 bytes, new threshold 15 (max 15)
[PSYoungGen: 255122K->6114K(255488K)] 378759K->129830K(1041920K), 0.0123019 secs] [Times: user=0.02 sys=0.00, real=0.01 secs] 
38295.450: [GC (Allocation Failure) 
Desired survivor size 6815744 bytes, new threshold 15 (max 15)
[PSYoungGen: 254946K->6006K(255488K)] 378662K->129896K(1041920K), 0.0134978 secs] [Times: user=0.02 sys=0.00, real=0.02 secs] 
38314.252: [GC (Allocation Failure) 
Desired survivor size 6815744 bytes, new threshold 15 (max 15)
[PSYoungGen: 254838K->6087K(255488K)] 378728K->130050K(1041920K), 0.0131271 secs] [Times: user=0.02 sys=0.00, real=0.02 secs] 
38333.012: [GC (Allocation Failure) 
Desired survivor size 6815744 bytes, new threshold 15 (max 15)
[PSYoungGen: 254919K->6071K(255488K)] 378882K->130106K(1041920K), 0.0119768 secs] [Times: user=0.02 sys=0.00, real=0.01 secs] 
38351.953: [GC (Allocation Failure) 
Desired survivor size 6815744 bytes, new threshold 15 (max 15)
[PSYoungGen: 254903K->6056K(255488K)] 378938K->130163K(1041920K), 0.0109146 secs] [Times: user=0.02 sys=0.00, real=0.01 secs] 
38370.881: [GC (Allocation Failure) 
Desired survivor size 6815744 bytes, new threshold 15 (max 15)
[PSYoungGen: 254888K->5964K(255488K)] 378995K->130291K(1041920K), 0.0145793 secs] [Times: user=0.02 sys=0.00, real=0.02 secs] 
38389.752: [GC (Allocation Failure) 
Desired survivor size 6815744 bytes, new threshold 15 (max 15)
[PSYoungGen: 254796K->6091K(255488K)] 379123K->130537K(1041920K), 0.0118561 secs] [Times: user=0.02 sys=0.00, real=0.01 secs] 
38408.635: [GC (Allocation Failure) 
Desired survivor size 6815744 bytes, new threshold 15 (max 15)
[PSYoungGen: 254923K->5861K(255488K)] 379369K->130433K(1041920K), 0.0110413 secs] [Times: user=0.02 sys=0.00, real=0.01 secs] 
38427.451: [GC (Allocation Failure) 
Desired survivor size 6815744 bytes, new threshold 15 (max 15)
[PSYoungGen: 254693K->6065K(255488K)] 379265K->130815K(1041920K), 0.0115939 secs] [Times: user=0.02 sys=0.00, real=0.01 secs] 
38446.134: [GC (Allocation Failure) 
Desired survivor size 6815744 bytes, new threshold 15 (max 15)
[PSYoungGen: 254897K->5918K(255488K)] 379647K->130787K(1041920K), 0.0112625 secs] [Times: user=0.01 sys=0.00, real=0.01 secs] 
38465.071: [GC (Allocation Failure) 
Desired survivor size 6815744 bytes, new threshold 15 (max 15)
[PSYoungGen: 254750K->5944K(255488K)] 379619K->130940K(1041920K), 0.0111886 secs] [Times: user=0.02 sys=0.00, real=0.01 secs] 
38483.883: [GC (Allocation Failure) 
Desired survivor size 6815744 bytes, new threshold 15 (max 15)
[PSYoungGen: 254776K->5871K(255488K)] 379772K->130994K(1041920K), 0.0112498 secs] [Times: user=0.02 sys=0.00, real=0.01 secs] 
38502.877: [GC (Allocation Failure) 
Desired survivor size 6815744 bytes, new threshold 15 (max 15)
[PSYoungGen: 254703K->5827K(255488K)] 379826K->131140K(1041920K), 0.0114104 secs] [Times: user=0.02 sys=0.00, real=0.01 secs] 
38521.575: [GC (Allocation Failure) 
Desired survivor size 6815744 bytes, new threshold 15 (max 15)
[PSYoungGen: 254659K->5894K(255488K)] 379972K->131279K(1041920K), 0.0123530 secs] [Times: user=0.02 sys=0.00, real=0.01 secs] 
38540.453: [GC (Allocation Failure) 
Desired survivor size 6815744 bytes, new threshold 15 (max 15)
[PSYoungGen: 254726K->5855K(255488K)] 380111K->131366K(1041920K), 0.0121084 secs] [Times: user=0.02 sys=0.00, real=0.01 secs] 
38559.071: [GC (Allocation Failure) 
Desired survivor size 6815744 bytes, new threshold 15 (max 15)
[PSYoungGen: 254687K->5907K(255488K)] 380198K->131499K(1041920K), 0.0107999 secs] [Times: user=0.02 sys=0.00, real=0.01 secs] 
38577.826: [GC (Allocation Failure) 
Desired survivor size 6815744 bytes, new threshold 15 (max 15)
[PSYoungGen: 254739K->5980K(255488K)] 380331K->131652K(1041920K), 0.0107319 secs] [Times: user=0.02 sys=0.00, real=0.01 secs] 
38596.782: [GC (Allocation Failure) 
Desired survivor size 6815744 bytes, new threshold 15 (max 15)
[PSYoungGen: 254812K->6030K(255488K)] 380484K->131868K(1041920K), 0.0128387 secs] [Times: user=0.02 sys=0.01, real=0.01 secs] 
38615.637: [GC (Allocation Failure) 
Desired survivor size 6815744 bytes, new threshold 15 (max 15)
[PSYoungGen: 254862K->5910K(255488K)] 380700K->131827K(1041920K), 0.0132557 secs] [Times: user=0.02 sys=0.00, real=0.02 secs] 
38634.445: [GC (Allocation Failure) 
Desired survivor size 6815744 bytes, new threshold 15 (max 15)
[PSYoungGen: 254742K->5965K(255488K)] 380659K->131954K(1041920K), 0.0118871 secs] [Times: user=0.02 sys=0.00, real=0.01 secs] 
38653.250: [GC (Allocation Failure) 
Desired survivor size 6815744 bytes, new threshold 15 (max 15)
[PSYoungGen: 254797K->5976K(255488K)] 380786K->132038K(1041920K), 0.0127631 secs] [Times: user=0.03 sys=0.00, real=0.01 secs] 
38672.202: [GC (Allocation Failure) 
Desired survivor size 6815744 bytes, new threshold 15 (max 15)
[PSYoungGen: 254808K->5976K(255488K)] 380870K->132118K(1041920K), 0.0138095 secs] [Times: user=0.02 sys=0.00, real=0.01 secs] 
38691.001: [GC (Allocation Failure) 
Desired survivor size 6815744 bytes, new threshold 15 (max 15)
[PSYoungGen: 254808K->6025K(255488K)] 380950K->132238K(1041920K), 0.0168208 secs] [Times: user=0.03 sys=0.00, real=0.01 secs] 
38709.878: [GC (Allocation Failure) 
Desired survivor size 6815744 bytes, new threshold 15 (max 15)
[PSYoungGen: 254857K->6056K(255488K)] 381070K->132397K(1041920K), 0.0109309 secs] [Times: user=0.02 sys=0.00, real=0.01 secs] 
38728.699: [GC (Allocation Failure) 
Desired survivor size 6815744 bytes, new threshold 15 (max 15)
[PSYoungGen: 254888K->6164K(255488K)] 381229K->132682K(1041920K), 0.0119584 secs] [Times: user=0.02 sys=0.00, real=0.01 secs] 
38747.499: [GC (Allocation Failure) 
Desired survivor size 6815744 bytes, new threshold 15 (max 15)
[PSYoungGen: 254996K->6092K(255488K)] 381514K->132682K(1041920K), 0.0111864 secs] [Times: user=0.02 sys=0.00, real=0.02 secs] 
38766.384: [GC (Allocation Failure) 
Desired survivor size 6815744 bytes, new threshold 15 (max 15)
[PSYoungGen: 254924K->6107K(255488K)] 381514K->132768K(1041920K), 0.0131792 secs] [Times: user=0.02 sys=0.00, real=0.01 secs] 
38785.205: [GC (Allocation Failure) 
Desired survivor size 6815744 bytes, new threshold 15 (max 15)
[PSYoungGen: 254939K->6099K(255488K)] 381600K->132833K(1041920K), 0.0110875 secs] [Times: user=0.02 sys=0.00, real=0.01 secs] 
38803.954: [GC (Allocation Failure) 
Desired survivor size 6815744 bytes, new threshold 15 (max 15)
[PSYoungGen: 254931K->6033K(255488K)] 381665K->132987K(1041920K), 0.0121495 secs] [Times: user=0.02 sys=0.00, real=0.01 secs] 
38822.755: [GC (Allocation Failure) 
Desired survivor size 6815744 bytes, new threshold 15 (max 15)
[PSYoungGen: 254865K->6112K(255488K)] 381819K->133138K(1041920K), 0.0188620 secs] [Times: user=0.02 sys=0.00, real=0.02 secs] 
38841.696: [GC (Allocation Failure) 
Desired survivor size 6815744 bytes, new threshold 15 (max 15)
[PSYoungGen: 254944K->6092K(255488K)] 381970K->133222K(1041920K), 0.0148076 secs] [Times: user=0.02 sys=0.00, real=0.01 secs] 
38860.570: [GC (Allocation Failure) 
Desired survivor size 6815744 bytes, new threshold 15 (max 15)
[PSYoungGen: 254924K->6107K(255488K)] 382054K->133364K(1041920K), 0.0109063 secs] [Times: user=0.01 sys=0.00, real=0.01 secs] 
38879.376: [GC (Allocation Failure) 
Desired survivor size 6815744 bytes, new threshold 15 (max 15)
[PSYoungGen: 254939K->6031K(255488K)] 382196K->133360K(1041920K), 0.0148854 secs] [Times: user=0.02 sys=0.00, real=0.02 secs] 
38898.319: [GC (Allocation Failure) 
Desired survivor size 6815744 bytes, new threshold 15 (max 15)
[PSYoungGen: 254863K->6055K(255488K)] 382192K->133464K(1041920K), 0.0112994 secs] [Times: user=0.02 sys=0.01, real=0.01 secs] 
38917.075: [GC (Allocation Failure) 
Desired survivor size 6815744 bytes, new threshold 15 (max 15)
[PSYoungGen: 254887K->6131K(255488K)] 382296K->133659K(1041920K), 0.0124580 secs] [Times: user=0.02 sys=0.00, real=0.01 secs] 
38935.834: [GC (Allocation Failure) 
Desired survivor size 6815744 bytes, new threshold 15 (max 15)
[PSYoungGen: 254963K->6180K(255488K)] 382491K->133835K(1041920K), 0.0121096 secs] [Times: user=0.02 sys=0.00, real=0.01 secs] 
38954.828: [GC (Allocation Failure) 
Desired survivor size 6815744 bytes, new threshold 15 (max 15)
[PSYoungGen: 255012K->6177K(255488K)] 382667K->133912K(1041920K), 0.0114514 secs] [Times: user=0.02 sys=0.00, real=0.01 secs] 
38973.701: [GC (Allocation Failure) 
Desired survivor size 6815744 bytes, new threshold 15 (max 15)
[PSYoungGen: 255009K->6131K(255488K)] 382744K->133993K(1041920K), 0.0124641 secs] [Times: user=0.02 sys=0.00, real=0.01 secs] 
38992.492: [GC (Allocation Failure) 
Desired survivor size 6815744 bytes, new threshold 15 (max 15)
[PSYoungGen: 254963K->6124K(255488K)] 382825K->134112K(1041920K), 0.0116652 secs] [Times: user=0.02 sys=0.00, real=0.01 secs] 
39011.390: [GC (Allocation Failure) 
Desired survivor size 6815744 bytes, new threshold 15 (max 15)
[PSYoungGen: 254956K->6052K(255488K)] 382944K->134168K(1041920K), 0.0115983 secs] [Times: user=0.02 sys=0.00, real=0.01 secs] 
39030.197: [GC (Allocation Failure) 
Desired survivor size 6815744 bytes, new threshold 15 (max 15)
[PSYoungGen: 254884K->6266K(255488K)] 383000K->134508K(1041920K), 0.0115337 secs] [Times: user=0.02 sys=0.00, real=0.01 secs] 
39048.887: [GC (Allocation Failure) 
Desired survivor size 6815744 bytes, new threshold 15 (max 15)
[PSYoungGen: 255098K->6160K(255488K)] 383340K->134481K(1041920K), 0.0118482 secs] [Times: user=0.02 sys=0.00, real=0.01 secs] 
39067.700: [GC (Allocation Failure) 
Desired survivor size 6815744 bytes, new threshold 15 (max 15)
[PSYoungGen: 254992K->6248K(255488K)] 383313K->134642K(1041920K), 0.0115260 secs] [Times: user=0.02 sys=0.00, real=0.01 secs] 
39086.451: [GC (Allocation Failure) 
Desired survivor size 6815744 bytes, new threshold 15 (max 15)
[PSYoungGen: 255080K->6146K(255488K)] 383474K->134760K(1041920K), 0.0122970 secs] [Times: user=0.02 sys=0.00, real=0.01 secs] 
39105.380: [GC (Allocation Failure) 
Desired survivor size 6815744 bytes, new threshold 15 (max 15)
[PSYoungGen: 254978K->6118K(255488K)] 383592K->134906K(1041920K), 0.0116269 secs] [Times: user=0.02 sys=0.00, real=0.01 secs] 
39124.201: [GC (Allocation Failure) 
Desired survivor size 6815744 bytes, new threshold 15 (max 15)
[PSYoungGen: 254950K->6069K(255488K)] 383738K->134937K(1041920K), 0.0112694 secs] [Times: user=0.02 sys=0.00, real=0.01 secs] 
39143.002: [GC (Allocation Failure) 
Desired survivor size 6815744 bytes, new threshold 15 (max 15)
[PSYoungGen: 254901K->6118K(255488K)] 383769K->135113K(1041920K), 0.0107240 secs] [Times: user=0.02 sys=0.00, real=0.01 secs] 
39161.760: [GC (Allocation Failure) 
Desired survivor size 6815744 bytes, new threshold 15 (max 15)
[PSYoungGen: 254950K->6136K(255488K)] 383945K->135202K(1041920K), 0.0125022 secs] [Times: user=0.01 sys=0.00, real=0.01 secs] 
39180.570: [GC (Allocation Failure) 
Desired survivor size 6815744 bytes, new threshold 15 (max 15)
[PSYoungGen: 254968K->6127K(255488K)] 384034K->135321K(1041920K), 0.0123914 secs] [Times: user=0.02 sys=0.00, real=0.01 secs] 
39199.453: [GC (Allocation Failure) 
Desired survivor size 6815744 bytes, new threshold 15 (max 15)
[PSYoungGen: 254959K->5950K(255488K)] 384153K->135364K(1041920K), 0.0121448 secs] [Times: user=0.02 sys=0.00, real=0.01 secs] 
39218.330: [GC (Allocation Failure) 
Desired survivor size 6815744 bytes, new threshold 15 (max 15)
[PSYoungGen: 254782K->5944K(255488K)] 384196K->135485K(1041920K), 0.0112920 secs] [Times: user=0.02 sys=0.00, real=0.02 secs] 
39237.010: [GC (Allocation Failure) 
Desired survivor size 6815744 bytes, new threshold 15 (max 15)
[PSYoungGen: 254776K->5970K(255488K)] 384317K->135590K(1041920K), 0.0113557 secs] [Times: user=0.02 sys=0.00, real=0.01 secs] 
39255.958: [GC (Allocation Failure) 
Desired survivor size 6815744 bytes, new threshold 15 (max 15)
[PSYoungGen: 254802K->6060K(255488K)] 384422K->135808K(1041920K), 0.0121656 secs] [Times: user=0.02 sys=0.00, real=0.01 secs] 
39274.825: [GC (Allocation Failure) 
Desired survivor size 6815744 bytes, new threshold 15 (max 15)
[PSYoungGen: 254892K->5995K(255488K)] 384640K->135823K(1041920K), 0.0174567 secs] [Times: user=0.02 sys=0.00, real=0.02 secs] 
39293.617: [GC (Allocation Failure) 
Desired survivor size 6815744 bytes, new threshold 15 (max 15)
[PSYoungGen: 254827K->6074K(255488K)] 384655K->135981K(1041920K), 0.0126197 secs] [Times: user=0.02 sys=0.00, real=0.01 secs] 
39312.625: [GC (Allocation Failure) 
Desired survivor size 6815744 bytes, new threshold 15 (max 15)
[PSYoungGen: 254906K->6003K(255488K)] 384813K->136045K(1041920K), 0.0112727 secs] [Times: user=0.02 sys=0.00, real=0.02 secs] 
39331.329: [GC (Allocation Failure) 
Desired survivor size 6815744 bytes, new threshold 15 (max 15)
[PSYoungGen: 254835K->6247K(255488K)] 384877K->136475K(1041920K), 0.0157428 secs] [Times: user=0.03 sys=0.00, real=0.01 secs] 
39350.003: [GC (Allocation Failure) 
Desired survivor size 6815744 bytes, new threshold 15 (max 15)
[PSYoungGen: 255079K->6120K(255488K)] 385307K->136521K(1041920K), 0.0109709 secs] [Times: user=0.02 sys=0.00, real=0.01 secs] 
39368.753: [GC (Allocation Failure) 
Desired survivor size 6815744 bytes, new threshold 15 (max 15)
[PSYoungGen: 254952K->6059K(255488K)] 385353K->136634K(1041920K), 0.0121677 secs] [Times: user=0.02 sys=0.00, real=0.02 secs] 
39387.579: [GC (Allocation Failure) 
Desired survivor size 6815744 bytes, new threshold 15 (max 15)
[PSYoungGen: 254891K->6107K(255488K)] 385466K->136762K(1041920K), 0.0117461 secs] [Times: user=0.02 sys=0.00, real=0.01 secs] 
39406.447: [GC (Allocation Failure) 
Desired survivor size 6815744 bytes, new threshold 15 (max 15)
[PSYoungGen: 254939K->6076K(255488K)] 385594K->136812K(1041920K), 0.0113524 secs] [Times: user=0.02 sys=0.00, real=0.01 secs] 
39425.326: [GC (Allocation Failure) 
Desired survivor size 6815744 bytes, new threshold 15 (max 15)
[PSYoungGen: 254908K->6020K(255488K)] 385644K->136882K(1041920K), 0.0134297 secs] [Times: user=0.01 sys=0.00, real=0.01 secs] 
39444.200: [GC (Allocation Failure) 
Desired survivor size 6815744 bytes, new threshold 15 (max 15)
[PSYoungGen: 254852K->6042K(255488K)] 385714K->137008K(1041920K), 0.0118800 secs] [Times: user=0.02 sys=0.00, real=0.01 secs] 
39463.097: [GC (Allocation Failure) 
Desired survivor size 6815744 bytes, new threshold 15 (max 15)
[PSYoungGen: 254874K->6058K(255488K)] 385840K->137104K(1041920K), 0.0122217 secs] [Times: user=0.02 sys=0.00, real=0.02 secs] 
39481.792: [GC (Allocation Failure) 
Desired survivor size 6815744 bytes, new threshold 15 (max 15)
[PSYoungGen: 254890K->6110K(255488K)] 385936K->137237K(1041920K), 0.0137274 secs] [Times: user=0.01 sys=0.00, real=0.01 secs] 
39500.755: [GC (Allocation Failure) 
Desired survivor size 6815744 bytes, new threshold 15 (max 15)
[PSYoungGen: 254942K->6103K(255488K)] 386069K->137309K(1041920K), 0.0145595 secs] [Times: user=0.03 sys=0.00, real=0.01 secs] 
39519.635: [GC (Allocation Failure) 
Desired survivor size 6815744 bytes, new threshold 15 (max 15)
[PSYoungGen: 254935K->6105K(255488K)] 386141K->137485K(1041920K), 0.0172048 secs] [Times: user=0.01 sys=0.00, real=0.02 secs] 
39538.377: [GC (Allocation Failure) 
Desired survivor size 6815744 bytes, new threshold 15 (max 15)
[PSYoungGen: 254937K->6081K(255488K)] 386317K->137533K(1041920K), 0.0116397 secs] [Times: user=0.02 sys=0.00, real=0.01 secs] 
39557.321: [GC (Allocation Failure) 
Desired survivor size 6815744 bytes, new threshold 15 (max 15)
[PSYoungGen: 254913K->6083K(255488K)] 386365K->137661K(1041920K), 0.0110668 secs] [Times: user=0.01 sys=0.00, real=0.01 secs] 
39576.098: [GC (Allocation Failure) 
Desired survivor size 6815744 bytes, new threshold 15 (max 15)
[PSYoungGen: 254915K->6167K(255488K)] 386493K->137826K(1041920K), 0.0119181 secs] [Times: user=0.02 sys=0.00, real=0.01 secs] 
39595.008: [GC (Allocation Failure) 
Desired survivor size 6815744 bytes, new threshold 15 (max 15)
[PSYoungGen: 254999K->6080K(255488K)] 386658K->137811K(1041920K), 0.0121479 secs] [Times: user=0.02 sys=0.00, real=0.01 secs] 
39613.952: [GC (Allocation Failure) 
Desired survivor size 6815744 bytes, new threshold 15 (max 15)
[PSYoungGen: 254912K->6019K(255488K)] 386643K->137923K(1041920K), 0.0133234 secs] [Times: user=0.02 sys=0.00, real=0.01 secs] 
39632.712: [GC (Allocation Failure) 
Desired survivor size 6815744 bytes, new threshold 15 (max 15)
[PSYoungGen: 254851K->5962K(255488K)] 386755K->138056K(1041920K), 0.0281674 secs] [Times: user=0.03 sys=0.00, real=0.03 secs] 
39635.482: [GC (System.gc()) 
Desired survivor size 6815744 bytes, new threshold 15 (max 15)
[PSYoungGen: 45551K->5243K(255488K)] 177645K->137567K(1041920K), 0.0106038 secs] [Times: user=0.02 sys=0.00, real=0.01 secs] 
39635.493: [Full GC (System.gc()) [PSYoungGen: 5243K->0K(255488K)] [ParOldGen: 132324K->111234K(786432K)] 137567K->111234K(1041920K), [Metaspace: 91159K->91159K(1132544K)], 0.2802539 secs] [Times: user=0.41 sys=0.00, real=0.28 secs] 
39654.133: [GC (Allocation Failure) 
Desired survivor size 6815744 bytes, new threshold 15 (max 15)
[PSYoungGen: 248832K->4660K(255488K)] 360066K->115894K(1041920K), 0.0112619 secs] [Times: user=0.02 sys=0.00, real=0.01 secs] 
39672.956: [GC (Allocation Failure) 
Desired survivor size 6815744 bytes, new threshold 15 (max 15)
[PSYoungGen: 253492K->4872K(255488K)] 364726K->116106K(1041920K), 0.0139095 secs] [Times: user=0.02 sys=0.00, real=0.02 secs] 
39691.844: [GC (Allocation Failure) 
Desired survivor size 7340032 bytes, new threshold 15 (max 15)
[PSYoungGen: 253704K->4903K(254464K)] 364938K->116137K(1040896K), 0.0316376 secs] [Times: user=0.02 sys=0.00, real=0.03 secs] 
39710.579: [GC (Allocation Failure) 
Desired survivor size 7340032 bytes, new threshold 15 (max 15)
[PSYoungGen: 252711K->5016K(254976K)] 363945K->116250K(1041408K), 0.0143447 secs] [Times: user=0.02 sys=0.00, real=0.01 secs] 
39729.446: [GC (Allocation Failure) 
Desired survivor size 7340032 bytes, new threshold 15 (max 15)
[PSYoungGen: 252824K->5080K(254976K)] 364058K->116314K(1041408K), 0.0101753 secs] [Times: user=0.02 sys=0.00, real=0.01 secs] 
39748.253: [GC (Allocation Failure) 
Desired survivor size 6815744 bytes, new threshold 15 (max 15)
[PSYoungGen: 252888K->5225K(254976K)] 364122K->116459K(1041408K), 0.0101580 secs] [Times: user=0.02 sys=0.00, real=0.01 secs] 
39767.066: [GC (Allocation Failure) 
Desired survivor size 6815744 bytes, new threshold 15 (max 15)
[PSYoungGen: 253033K->5257K(255488K)] 364267K->116491K(1041920K), 0.0101967 secs] [Times: user=0.02 sys=0.00, real=0.01 secs] 
39785.713: [GC (Allocation Failure) 
Desired survivor size 6815744 bytes, new threshold 15 (max 15)
[PSYoungGen: 254089K->5355K(255488K)] 365323K->116589K(1041920K), 0.0145592 secs] [Times: user=0.02 sys=0.00, real=0.02 secs] 
39804.580: [GC (Allocation Failure) 
Desired survivor size 6815744 bytes, new threshold 15 (max 15)
[PSYoungGen: 254187K->5402K(255488K)] 365421K->116636K(1041920K), 0.0105718 secs] [Times: user=0.02 sys=0.00, real=0.01 secs] 
39823.525: [GC (Allocation Failure) 
Desired survivor size 6815744 bytes, new threshold 15 (max 15)
[PSYoungGen: 254234K->5370K(255488K)] 365468K->116604K(1041920K), 0.0122070 secs] [Times: user=0.02 sys=0.00, real=0.01 secs] 
39842.348: [GC (Allocation Failure) 
Desired survivor size 6815744 bytes, new threshold 15 (max 15)
[PSYoungGen: 254202K->5633K(255488K)] 365436K->116867K(1041920K), 0.0108239 secs] [Times: user=0.02 sys=0.00, real=0.01 secs] 
39861.207: [GC (Allocation Failure) 
Desired survivor size 6815744 bytes, new threshold 15 (max 15)
[PSYoungGen: 254465K->5657K(255488K)] 365699K->116891K(1041920K), 0.0108123 secs] [Times: user=0.02 sys=0.00, real=0.01 secs] 
39880.127: [GC (Allocation Failure) 
Desired survivor size 6815744 bytes, new threshold 15 (max 15)
[PSYoungGen: 254489K->5854K(255488K)] 365723K->117088K(1041920K), 0.0101808 secs] [Times: user=0.01 sys=0.00, real=0.01 secs] 
39898.955: [GC (Allocation Failure) 
Desired survivor size 6815744 bytes, new threshold 15 (max 15)
[PSYoungGen: 254686K->5889K(255488K)] 365920K->117123K(1041920K), 0.0123247 secs] [Times: user=0.02 sys=0.00, real=0.01 secs] 
39917.830: [GC (Allocation Failure) 
Desired survivor size 6815744 bytes, new threshold 15 (max 15)
[PSYoungGen: 254717K->6052K(255488K)] 365951K->117286K(1041920K), 0.0110953 secs] [Times: user=0.02 sys=0.00, real=0.01 secs] 
39936.582: [GC (Allocation Failure) 
Desired survivor size 6815744 bytes, new threshold 15 (max 15)
[PSYoungGen: 254884K->5518K(255488K)] 366118K->117373K(1041920K), 0.0148404 secs] [Times: user=0.02 sys=0.00, real=0.01 secs] 
39955.262: [GC (Allocation Failure) 
Desired survivor size 6815744 bytes, new threshold 15 (max 15)
[PSYoungGen: 254350K->5520K(255488K)] 366205K->117572K(1041920K), 0.0113052 secs] [Times: user=0.02 sys=0.00, real=0.02 secs] 
39974.199: [GC (Allocation Failure) 
Desired survivor size 6815744 bytes, new threshold 15 (max 15)
[PSYoungGen: 254352K->5587K(255488K)] 366404K->117728K(1041920K), 0.0110449 secs] [Times: user=0.02 sys=0.00, real=0.01 secs] 
39993.039: [GC (Allocation Failure) 
Desired survivor size 6815744 bytes, new threshold 15 (max 15)
[PSYoungGen: 254419K->5644K(255488K)] 366560K->117858K(1041920K), 0.0185746 secs] [Times: user=0.02 sys=0.00, real=0.01 secs] 
40011.827: [GC (Allocation Failure) 
Desired survivor size 6815744 bytes, new threshold 15 (max 15)
[PSYoungGen: 254476K->5618K(255488K)] 366690K->117887K(1041920K), 0.0129539 secs] [Times: user=0.02 sys=0.00, real=0.01 secs] 
40030.706: [GC (Allocation Failure) 
Desired survivor size 6815744 bytes, new threshold 15 (max 15)
[PSYoungGen: 254450K->5749K(255488K)] 366719K->118074K(1041920K), 0.0207353 secs] [Times: user=0.03 sys=0.00, real=0.02 secs] 
40049.578: [GC (Allocation Failure) 
Desired survivor size 6291456 bytes, new threshold 15 (max 15)
[PSYoungGen: 254581K->5704K(255488K)] 366906K->118086K(1041920K), 0.0101043 secs] [Times: user=0.02 sys=0.00, real=0.01 secs] 
40068.447: [GC (Allocation Failure) 
Desired survivor size 6291456 bytes, new threshold 15 (max 15)
[PSYoungGen: 254536K->5775K(256000K)] 366918K->118236K(1042432K), 0.0103893 secs] [Times: user=0.02 sys=0.00, real=0.01 secs] 
40087.387: [GC (Allocation Failure) 
Desired survivor size 6291456 bytes, new threshold 15 (max 15)
[PSYoungGen: 255631K->5758K(256000K)] 368092K->118275K(1042432K), 0.0124429 secs] [Times: user=0.02 sys=0.00, real=0.01 secs] 
40106.333: [GC (Allocation Failure) 
Desired survivor size 6815744 bytes, new threshold 15 (max 15)
[PSYoungGen: 255614K->5924K(254976K)] 368131K->118498K(1041408K), 0.0114560 secs] [Times: user=0.02 sys=0.00, real=0.01 secs] 
40125.252: [GC (Allocation Failure) 
Desired survivor size 6815744 bytes, new threshold 15 (max 15)
[PSYoungGen: 254755K->5939K(255488K)] 367328K->118569K(1041920K), 0.0113819 secs] [Times: user=0.02 sys=0.00, real=0.01 secs] 
40144.079: [GC (Allocation Failure) 
Desired survivor size 6815744 bytes, new threshold 15 (max 15)
[PSYoungGen: 254771K->5851K(255488K)] 367401K->118584K(1041920K), 0.0110514 secs] [Times: user=0.01 sys=0.00, real=0.01 secs] 
40162.825: [GC (Allocation Failure) 
Desired survivor size 6815744 bytes, new threshold 15 (max 15)
[PSYoungGen: 254683K->5898K(255488K)] 367416K->118733K(1041920K), 0.0123603 secs] [Times: user=0.02 sys=0.00, real=0.01 secs] 
40181.759: [GC (Allocation Failure) 
Desired survivor size 6815744 bytes, new threshold 15 (max 15)
[PSYoungGen: 254730K->5915K(255488K)] 367565K->118815K(1041920K), 0.0108427 secs] [Times: user=0.02 sys=0.00, real=0.01 secs] 
40200.575: [GC (Allocation Failure) 
Desired survivor size 6815744 bytes, new threshold 15 (max 15)
[PSYoungGen: 254747K->6076K(255488K)] 367647K->119039K(1041920K), 0.0168573 secs] [Times: user=0.03 sys=0.00, real=0.02 secs] 
40219.377: [GC (Allocation Failure) 
Desired survivor size 6815744 bytes, new threshold 15 (max 15)
[PSYoungGen: 254908K->6216K(255488K)] 367871K->119298K(1041920K), 0.0109905 secs] [Times: user=0.02 sys=0.00, real=0.01 secs] 
40238.266: [GC (Allocation Failure) 
Desired survivor size 6815744 bytes, new threshold 15 (max 15)
[PSYoungGen: 255048K->6096K(255488K)] 368130K->119313K(1041920K), 0.0121275 secs] [Times: user=0.02 sys=0.00, real=0.01 secs] 
40257.081: [GC (Allocation Failure) 
Desired survivor size 6815744 bytes, new threshold 15 (max 15)
[PSYoungGen: 254928K->5960K(255488K)] 368145K->119304K(1041920K), 0.0111377 secs] [Times: user=0.01 sys=0.00, real=0.01 secs] 
40276.013: [GC (Allocation Failure) 
Desired survivor size 6815744 bytes, new threshold 15 (max 15)
[PSYoungGen: 254792K->5890K(255488K)] 368136K->119361K(1041920K), 0.0117232 secs] [Times: user=0.01 sys=0.00, real=0.01 secs] 
40294.869: [GC (Allocation Failure) 
Desired survivor size 6815744 bytes, new threshold 15 (max 15)
[PSYoungGen: 254722K->5937K(255488K)] 368193K->119551K(1041920K), 0.0108393 secs] [Times: user=0.02 sys=0.00, real=0.01 secs] 
40313.623: [GC (Allocation Failure) 
Desired survivor size 6815744 bytes, new threshold 15 (max 15)
[PSYoungGen: 254769K->5871K(255488K)] 368383K->119604K(1041920K), 0.0109088 secs] [Times: user=0.02 sys=0.00, real=0.01 secs] 
40332.577: [GC (Allocation Failure) 
Desired survivor size 6815744 bytes, new threshold 15 (max 15)
[PSYoungGen: 254703K->5905K(255488K)] 368436K->119734K(1041920K), 0.0161057 secs] [Times: user=0.02 sys=0.00, real=0.02 secs] 
40351.509: [GC (Allocation Failure) 
Desired survivor size 6815744 bytes, new threshold 15 (max 15)
[PSYoungGen: 254737K->5883K(255488K)] 368566K->119831K(1041920K), 0.0105684 secs] [Times: user=0.02 sys=0.00, real=0.01 secs] 
40370.264: [GC (Allocation Failure) 
Desired survivor size 6815744 bytes, new threshold 15 (max 15)
[PSYoungGen: 254715K->5889K(255488K)] 368663K->119917K(1041920K), 0.0135867 secs] [Times: user=0.02 sys=0.00, real=0.02 secs] 
40388.953: [GC (Allocation Failure) 
Desired survivor size 6815744 bytes, new threshold 15 (max 15)
[PSYoungGen: 254721K->5886K(255488K)] 368749K->120041K(1041920K), 0.0116041 secs] [Times: user=0.02 sys=0.00, real=0.01 secs] 
40407.878: [GC (Allocation Failure) 
Desired survivor size 6815744 bytes, new threshold 15 (max 15)
[PSYoungGen: 254718K->5964K(255488K)] 368873K->120246K(1041920K), 0.0128234 secs] [Times: user=0.01 sys=0.00, real=0.01 secs] 
40426.636: [GC (Allocation Failure) 
Desired survivor size 6815744 bytes, new threshold 15 (max 15)
[PSYoungGen: 254796K->5927K(255488K)] 369078K->120281K(1041920K), 0.0115524 secs] [Times: user=0.02 sys=0.00, real=0.01 secs] 
40445.452: [GC (Allocation Failure) 
Desired survivor size 6291456 bytes, new threshold 15 (max 15)
[PSYoungGen: 254759K->5889K(256000K)] 369113K->120463K(1042432K), 0.0107606 secs] [Times: user=0.02 sys=0.00, real=0.01 secs] 
40464.328: [GC (Allocation Failure) 
Desired survivor size 6815744 bytes, new threshold 15 (max 15)
[PSYoungGen: 255233K->5992K(255488K)] 369807K->120639K(1041920K), 0.0114179 secs] [Times: user=0.02 sys=0.00, real=0.01 secs] 
40483.258: [GC (Allocation Failure) 
Desired survivor size 6815744 bytes, new threshold 15 (max 15)
[PSYoungGen: 255336K->6013K(255488K)] 369983K->120788K(1041920K), 0.0111283 secs] [Times: user=0.02 sys=0.00, real=0.01 secs] 
40502.081: [GC (Allocation Failure) 
Desired survivor size 6815744 bytes, new threshold 15 (max 15)
[PSYoungGen: 254845K->5915K(255488K)] 369620K->120818K(1041920K), 0.0166631 secs] [Times: user=0.02 sys=0.00, real=0.02 secs] 
40520.885: [GC (Allocation Failure) 
Desired survivor size 6815744 bytes, new threshold 15 (max 15)
[PSYoungGen: 254747K->6158K(255488K)] 369650K->121140K(1041920K), 0.0144887 secs] [Times: user=0.02 sys=0.00, real=0.02 secs] 
40539.754: [GC (Allocation Failure) 
Desired survivor size 6815744 bytes, new threshold 15 (max 15)
[PSYoungGen: 254990K->6069K(255488K)] 369972K->121132K(1041920K), 0.0135778 secs] [Times: user=0.01 sys=0.00, real=0.01 secs] 
40558.570: [GC (Allocation Failure) 
Desired survivor size 6815744 bytes, new threshold 15 (max 15)
[PSYoungGen: 254901K->6053K(255488K)] 369964K->121195K(1041920K), 0.0112613 secs] [Times: user=0.02 sys=0.00, real=0.01 secs] 
40577.452: [GC (Allocation Failure) 
Desired survivor size 6815744 bytes, new threshold 15 (max 15)
[PSYoungGen: 254885K->5950K(255488K)] 370027K->121210K(1041920K), 0.0109966 secs] [Times: user=0.02 sys=0.00, real=0.01 secs] 
40596.383: [GC (Allocation Failure) 
Desired survivor size 6815744 bytes, new threshold 15 (max 15)
[PSYoungGen: 254782K->5959K(255488K)] 370042K->121338K(1041920K), 0.0108483 secs] [Times: user=0.02 sys=0.00, real=0.01 secs] 
40615.197: [GC (Allocation Failure) 
Desired survivor size 6815744 bytes, new threshold 15 (max 15)
[PSYoungGen: 254791K->5879K(255488K)] 370170K->121331K(1041920K), 0.0122076 secs] [Times: user=0.01 sys=0.00, real=0.01 secs] 
40634.139: [GC (Allocation Failure) 
Desired survivor size 6815744 bytes, new threshold 15 (max 15)
[PSYoungGen: 254711K->5864K(255488K)] 370163K->121388K(1041920K), 0.0163463 secs] [Times: user=0.02 sys=0.00, real=0.01 secs] 
40653.063: [GC (Allocation Failure) 
Desired survivor size 6815744 bytes, new threshold 15 (max 15)
[PSYoungGen: 254696K->5973K(255488K)] 370220K->121624K(1041920K), 0.0170137 secs] [Times: user=0.02 sys=0.00, real=0.02 secs] 
40671.705: [GC (Allocation Failure) 
Desired survivor size 6815744 bytes, new threshold 15 (max 15)
[PSYoungGen: 254805K->5918K(255488K)] 370456K->121719K(1041920K), 0.0109956 secs] [Times: user=0.01 sys=0.00, real=0.01 secs] 
40690.647: [GC (Allocation Failure) 
Desired survivor size 6291456 bytes, new threshold 15 (max 15)
[PSYoungGen: 254750K->5915K(255488K)] 370551K->121788K(1041920K), 0.0549364 secs] [Times: user=0.09 sys=0.01, real=0.05 secs] 
40709.509: [GC (Allocation Failure) 
Desired survivor size 6291456 bytes, new threshold 15 (max 15)
[PSYoungGen: 254747K->5807K(256000K)] 370620K->121854K(1042432K), 0.0109769 secs] [Times: user=0.02 sys=0.00, real=0.01 secs] 
40728.330: [GC (Allocation Failure) 
Desired survivor size 6291456 bytes, new threshold 15 (max 15)
[PSYoungGen: 255663K->5906K(256000K)] 371710K->122126K(1042432K), 0.0117210 secs] [Times: user=0.02 sys=0.00, real=0.02 secs] 
40747.189: [GC (Allocation Failure) 
Desired survivor size 6815744 bytes, new threshold 15 (max 15)
[PSYoungGen: 255762K->6097K(254976K)] 371982K->122444K(1041408K), 0.0148412 secs] [Times: user=0.02 sys=0.00, real=0.02 secs] 
40765.952: [GC (Allocation Failure) 
Desired survivor size 6815744 bytes, new threshold 15 (max 15)
[PSYoungGen: 254929K->5978K(255488K)] 371276K->122452K(1041920K), 0.0111712 secs] [Times: user=0.02 sys=0.00, real=0.01 secs] 
40784.760: [GC (Allocation Failure) 
Desired survivor size 6815744 bytes, new threshold 15 (max 15)
[PSYoungGen: 254810K->6023K(255488K)] 371284K->122624K(1041920K), 0.0121701 secs] [Times: user=0.02 sys=0.00, real=0.01 secs] 
40803.570: [GC (Allocation Failure) 
Desired survivor size 6815744 bytes, new threshold 15 (max 15)
[PSYoungGen: 254855K->5982K(255488K)] 371456K->122710K(1041920K), 0.0106643 secs] [Times: user=0.02 sys=0.00, real=0.01 secs] 
40822.323: [GC (Allocation Failure) 
Desired survivor size 6815744 bytes, new threshold 15 (max 15)
[PSYoungGen: 254814K->6249K(255488K)] 371542K->123061K(1041920K), 0.0111667 secs] [Times: user=0.02 sys=0.00, real=0.02 secs] 
40841.218: [GC (Allocation Failure) 
Desired survivor size 6815744 bytes, new threshold 15 (max 15)
[PSYoungGen: 255081K->6151K(255488K)] 371893K->123035K(1041920K), 0.0147187 secs] [Times: user=0.02 sys=0.00, real=0.01 secs] 
40860.077: [GC (Allocation Failure) 
Desired survivor size 6815744 bytes, new threshold 15 (max 15)
[PSYoungGen: 254983K->6119K(255488K)] 371867K->123083K(1041920K), 0.0117888 secs] [Times: user=0.02 sys=0.00, real=0.01 secs] 
40879.003: [GC (Allocation Failure) 
Desired survivor size 6815744 bytes, new threshold 15 (max 15)
[PSYoungGen: 254951K->6133K(255488K)] 371915K->123177K(1041920K), 0.0112771 secs] [Times: user=0.02 sys=0.00, real=0.02 secs] 
40897.817: [GC (Allocation Failure) 
Desired survivor size 6815744 bytes, new threshold 15 (max 15)
[PSYoungGen: 254965K->6195K(255488K)] 372009K->123311K(1041920K), 0.0193554 secs] [Times: user=0.02 sys=0.00, real=0.02 secs] 
40916.572: [GC (Allocation Failure) 
Desired survivor size 6815744 bytes, new threshold 15 (max 15)
[PSYoungGen: 255027K->6164K(255488K)] 372143K->123352K(1041920K), 0.0133945 secs] [Times: user=0.03 sys=0.00, real=0.01 secs] 
40935.451: [GC (Allocation Failure) 
Desired survivor size 6815744 bytes, new threshold 15 (max 15)
[PSYoungGen: 254996K->6116K(255488K)] 372184K->123422K(1041920K), 0.0114800 secs] [Times: user=0.02 sys=0.00, real=0.02 secs] 
40954.321: [GC (Allocation Failure) 
Desired survivor size 6815744 bytes, new threshold 15 (max 15)
[PSYoungGen: 254938K->6119K(255488K)] 372244K->123600K(1041920K), 0.0134406 secs] [Times: user=0.02 sys=0.00, real=0.01 secs] 
40973.121: [GC (Allocation Failure) 
Desired survivor size 6815744 bytes, new threshold 15 (max 15)
[PSYoungGen: 254951K->6103K(255488K)] 372432K->123663K(1041920K), 0.0111866 secs] [Times: user=0.02 sys=0.00, real=0.01 secs] 
40992.008: [GC (Allocation Failure) 
Desired survivor size 6815744 bytes, new threshold 15 (max 15)
[PSYoungGen: 254935K->6092K(255488K)] 372495K->123732K(1041920K), 0.0118935 secs] [Times: user=0.01 sys=0.00, real=0.01 secs] 
41010.675: [GC (Allocation Failure) 
Desired survivor size 6815744 bytes, new threshold 15 (max 15)
[PSYoungGen: 254924K->6087K(255488K)] 372564K->123854K(1041920K), 0.0205880 secs] [Times: user=0.03 sys=0.00, real=0.02 secs] 
41029.500: [GC (Allocation Failure) 
Desired survivor size 6815744 bytes, new threshold 15 (max 15)
[PSYoungGen: 254919K->6060K(255488K)] 372686K->124009K(1041920K), 0.0121561 secs] [Times: user=0.02 sys=0.00, real=0.01 secs] 
41048.452: [GC (Allocation Failure) 
Desired survivor size 6815744 bytes, new threshold 15 (max 15)
[PSYoungGen: 254892K->5982K(255488K)] 372841K->124104K(1041920K), 0.0110189 secs] [Times: user=0.02 sys=0.00, real=0.01 secs] 
41067.328: [GC (Allocation Failure) 
Desired survivor size 6815744 bytes, new threshold 15 (max 15)
[PSYoungGen: 254814K->5833K(255488K)] 372936K->124176K(1041920K), 0.0117759 secs] [Times: user=0.02 sys=0.00, real=0.01 secs] 
41086.243: [GC (Allocation Failure) 
Desired survivor size 6815744 bytes, new threshold 15 (max 15)
[PSYoungGen: 254665K->5896K(255488K)] 373008K->124335K(1041920K), 0.0142769 secs] [Times: user=0.02 sys=0.01, real=0.02 secs] 
41105.137: [GC (Allocation Failure) 
Desired survivor size 6815744 bytes, new threshold 15 (max 15)
[PSYoungGen: 254728K->5780K(255488K)] 373167K->124387K(1041920K), 0.0113846 secs] [Times: user=0.01 sys=0.00, real=0.02 secs] 
41123.956: [GC (Allocation Failure) 
Desired survivor size 6815744 bytes, new threshold 15 (max 15)
[PSYoungGen: 254612K->6029K(255488K)] 373219K->124717K(1041920K), 0.0118649 secs] [Times: user=0.02 sys=0.00, real=0.01 secs] 
41142.761: [GC (Allocation Failure) 
Desired survivor size 6815744 bytes, new threshold 15 (max 15)
[PSYoungGen: 254861K->5946K(255488K)] 373549K->124705K(1041920K), 0.0136570 secs] [Times: user=0.02 sys=0.00, real=0.02 secs] 
41161.509: [GC (Allocation Failure) 
Desired survivor size 6815744 bytes, new threshold 15 (max 15)
[PSYoungGen: 254778K->5950K(255488K)] 373537K->124789K(1041920K), 0.0111063 secs] [Times: user=0.02 sys=0.00, real=0.01 secs] 
41180.453: [GC (Allocation Failure) 
Desired survivor size 6815744 bytes, new threshold 15 (max 15)
[PSYoungGen: 254782K->5970K(255488K)] 373621K->124983K(1041920K), 0.0122559 secs] [Times: user=0.02 sys=0.01, real=0.01 secs] 
41199.380: [GC (Allocation Failure) 
Desired survivor size 6815744 bytes, new threshold 15 (max 15)
[PSYoungGen: 254802K->5883K(255488K)] 373815K->125039K(1041920K), 0.0111163 secs] [Times: user=0.02 sys=0.00, real=0.01 secs] 
41218.202: [GC (Allocation Failure) 
Desired survivor size 6815744 bytes, new threshold 15 (max 15)
[PSYoungGen: 254715K->5802K(255488K)] 373871K->125077K(1041920K), 0.0106408 secs] [Times: user=0.02 sys=0.00, real=0.01 secs] 
41237.076: [GC (Allocation Failure) 
Desired survivor size 6815744 bytes, new threshold 15 (max 15)
[PSYoungGen: 254634K->5871K(255488K)] 373909K->125290K(1041920K), 0.0106976 secs] [Times: user=0.02 sys=0.00, real=0.01 secs] 
41255.958: [GC (Allocation Failure) 
Desired survivor size 6815744 bytes, new threshold 15 (max 15)
[PSYoungGen: 254703K->5818K(255488K)] 374122K->125380K(1041920K), 0.0106749 secs] [Times: user=0.02 sys=0.00, real=0.01 secs] 
41274.759: [GC (Allocation Failure) 
Desired survivor size 6815744 bytes, new threshold 15 (max 15)
[PSYoungGen: 254650K->5830K(255488K)] 374212K->125510K(1041920K), 0.0107171 secs] [Times: user=0.02 sys=0.00, real=0.01 secs] 
41293.704: [GC (Allocation Failure) 
Desired survivor size 6815744 bytes, new threshold 15 (max 15)
[PSYoungGen: 254662K->5670K(255488K)] 374342K->125504K(1041920K), 0.0108689 secs] [Times: user=0.01 sys=0.00, real=0.01 secs] 
41312.676: [GC (Allocation Failure) 
Desired survivor size 6815744 bytes, new threshold 15 (max 15)
[PSYoungGen: 254502K->5734K(255488K)] 374336K->125664K(1041920K), 0.1265964 secs] [Times: user=0.02 sys=0.00, real=0.13 secs] 
41331.386: [GC (Allocation Failure) 
Desired survivor size 6815744 bytes, new threshold 15 (max 15)
[PSYoungGen: 254566K->5809K(255488K)] 374496K->125819K(1041920K), 0.0143261 secs] [Times: user=0.02 sys=0.00, real=0.01 secs] 
41350.321: [GC (Allocation Failure) 
Desired survivor size 6815744 bytes, new threshold 15 (max 15)
[PSYoungGen: 254641K->5874K(255488K)] 374651K->125980K(1041920K), 0.0183491 secs] [Times: user=0.02 sys=0.00, real=0.02 secs] 
41369.252: [GC (Allocation Failure) 
Desired survivor size 6291456 bytes, new threshold 15 (max 15)
[PSYoungGen: 254706K->5857K(255488K)] 374812K->126044K(1041920K), 0.0132856 secs] [Times: user=0.02 sys=0.00, real=0.01 secs] 
41388.126: [GC (Allocation Failure) 
Desired survivor size 6291456 bytes, new threshold 15 (max 15)
[PSYoungGen: 254689K->5855K(256000K)] 374876K->126139K(1042432K), 0.0113399 secs] [Times: user=0.02 sys=0.00, real=0.01 secs] 
41407.013: [GC (Allocation Failure) 
Desired survivor size 6291456 bytes, new threshold 15 (max 15)
[PSYoungGen: 255711K->5805K(256000K)] 375995K->126215K(1042432K), 0.0119820 secs] [Times: user=0.02 sys=0.00, real=0.02 secs] 
41425.884: [GC (Allocation Failure) 
Desired survivor size 6291456 bytes, new threshold 15 (max 15)
[PSYoungGen: 255661K->5957K(256000K)] 376071K->126553K(1042432K), 0.0113026 secs] [Times: user=0.02 sys=0.00, real=0.01 secs] 
41444.948: [GC (Allocation Failure) 
Desired survivor size 6291456 bytes, new threshold 15 (max 15)
[PSYoungGen: 255813K->5821K(256000K)] 376409K->126585K(1042432K), 0.0128664 secs] [Times: user=0.02 sys=0.00, real=0.02 secs] 
41463.726: [GC (Allocation Failure) 
Desired survivor size 6291456 bytes, new threshold 15 (max 15)
[PSYoungGen: 255677K->5741K(256000K)] 376441K->126601K(1042432K), 0.0109330 secs] [Times: user=0.02 sys=0.00, real=0.01 secs] 
41482.701: [GC (Allocation Failure) 
Desired survivor size 6291456 bytes, new threshold 15 (max 15)
[PSYoungGen: 255597K->5711K(256000K)] 376457K->126668K(1042432K), 0.0124433 secs] [Times: user=0.02 sys=0.00, real=0.01 secs] 
41501.634: [GC (Allocation Failure) 
Desired survivor size 6291456 bytes, new threshold 15 (max 15)
[PSYoungGen: 255567K->5758K(256000K)] 376524K->126875K(1042432K), 0.0124239 secs] [Times: user=0.02 sys=0.00, real=0.01 secs] 
41520.578: [GC (Allocation Failure) 
Desired survivor size 6291456 bytes, new threshold 15 (max 15)
[PSYoungGen: 255614K->5583K(256000K)] 376731K->126881K(1042432K), 0.0134920 secs] [Times: user=0.02 sys=0.00, real=0.02 secs] 
41539.578: [GC (Allocation Failure) 
Desired survivor size 6291456 bytes, new threshold 15 (max 15)
[PSYoungGen: 255439K->5634K(256000K)] 376737K->127046K(1042432K), 0.0111790 secs] [Times: user=0.02 sys=0.00, real=0.01 secs] 
41558.592: [GC (Allocation Failure) 
Desired survivor size 6291456 bytes, new threshold 15 (max 15)
[PSYoungGen: 255490K->5616K(256000K)] 376902K->127140K(1042432K), 0.0181572 secs] [Times: user=0.02 sys=0.00, real=0.02 secs] 
41577.502: [GC (Allocation Failure) 
Desired survivor size 6291456 bytes, new threshold 15 (max 15)
[PSYoungGen: 255472K->5679K(256000K)] 376996K->127276K(1042432K), 0.0111686 secs] [Times: user=0.02 sys=0.00, real=0.01 secs] 
41596.451: [GC (Allocation Failure) 
Desired survivor size 6291456 bytes, new threshold 15 (max 15)
[PSYoungGen: 255535K->5694K(256000K)] 377132K->127411K(1042432K), 0.0114748 secs] [Times: user=0.02 sys=0.00, real=0.02 secs] 
41615.340: [GC (Allocation Failure) 
Desired survivor size 6291456 bytes, new threshold 15 (max 15)
[PSYoungGen: 255550K->5601K(256000K)] 377267K->127533K(1042432K), 0.0121627 secs] [Times: user=0.02 sys=0.00, real=0.01 secs] 
41634.081: [GC (Allocation Failure) 
Desired survivor size 6291456 bytes, new threshold 15 (max 15)
[PSYoungGen: 255457K->5678K(256000K)] 377389K->127683K(1042432K), 0.0119500 secs] [Times: user=0.02 sys=0.00, real=0.01 secs] 
41653.040: [GC (Allocation Failure) 
Desired survivor size 6291456 bytes, new threshold 15 (max 15)
[PSYoungGen: 255534K->5608K(256000K)] 377539K->127733K(1042432K), 0.0110445 secs] [Times: user=0.02 sys=0.00, real=0.02 secs] 
41672.011: [GC (Allocation Failure) 
Desired survivor size 6291456 bytes, new threshold 15 (max 15)
[PSYoungGen: 255464K->5654K(256000K)] 377589K->127851K(1042432K), 0.0126333 secs] [Times: user=0.02 sys=0.00, real=0.02 secs] 
41690.898: [GC (Allocation Failure) 
Desired survivor size 6291456 bytes, new threshold 15 (max 15)
[PSYoungGen: 255510K->5680K(256000K)] 377707K->128045K(1042432K), 0.0132615 secs] [Times: user=0.02 sys=0.00, real=0.01 secs] 
41709.879: [GC (Allocation Failure) 
Desired survivor size 6291456 bytes, new threshold 15 (max 15)
[PSYoungGen: 255536K->5789K(256000K)] 377901K->128275K(1042432K), 0.0107484 secs] [Times: user=0.02 sys=0.00, real=0.02 secs] 
41728.759: [GC (Allocation Failure) 
Desired survivor size 6291456 bytes, new threshold 15 (max 15)
[PSYoungGen: 255645K->6000K(256000K)] 378131K->128566K(1042432K), 0.0126538 secs] [Times: user=0.02 sys=0.00, real=0.01 secs] 
41747.582: [GC (Allocation Failure) 
Desired survivor size 6291456 bytes, new threshold 15 (max 15)
[PSYoungGen: 255851K->5908K(256000K)] 378417K->128596K(1042432K), 0.0123244 secs] [Times: user=0.02 sys=0.00, real=0.01 secs] 
41766.511: [GC (Allocation Failure) 
Desired survivor size 6291456 bytes, new threshold 15 (max 15)
[PSYoungGen: 255764K->5827K(256000K)] 378452K->128635K(1042432K), 0.0115906 secs] [Times: user=0.01 sys=0.00, real=0.01 secs] 
41785.453: [GC (Allocation Failure) 
Desired survivor size 6291456 bytes, new threshold 15 (max 15)
[PSYoungGen: 255683K->5854K(256000K)] 378491K->128790K(1042432K), 0.0109717 secs] [Times: user=0.02 sys=0.00, real=0.01 secs] 
41804.390: [GC (Allocation Failure) 
Desired survivor size 6291456 bytes, new threshold 15 (max 15)
[PSYoungGen: 255710K->5890K(256000K)] 378646K->128946K(1042432K), 0.0122671 secs] [Times: user=0.02 sys=0.00, real=0.01 secs] 
41823.324: [GC (Allocation Failure) 
Desired survivor size 6291456 bytes, new threshold 15 (max 15)
[PSYoungGen: 255746K->5876K(256000K)] 378802K->129029K(1042432K), 0.0180968 secs] [Times: user=0.02 sys=0.00, real=0.02 secs] 
41842.261: [GC (Allocation Failure) 
Desired survivor size 6291456 bytes, new threshold 15 (max 15)
[PSYoungGen: 255732K->5964K(256000K)] 378885K->129197K(1042432K), 0.0138873 secs] [Times: user=0.03 sys=0.00, real=0.01 secs] 
41861.201: [GC (Allocation Failure) 
Desired survivor size 6815744 bytes, new threshold 15 (max 15)
[PSYoungGen: 255820K->6040K(256000K)] 379053K->129345K(1042432K), 0.0112554 secs] [Times: user=0.02 sys=0.00, real=0.01 secs] 
41880.078: [GC (Allocation Failure) 
Desired survivor size 6815744 bytes, new threshold 15 (max 15)
[PSYoungGen: 255896K->5983K(254976K)] 379201K->129461K(1041408K), 0.0112460 secs] [Times: user=0.02 sys=0.00, real=0.01 secs] 
41899.003: [GC (Allocation Failure) 
Desired survivor size 6815744 bytes, new threshold 15 (max 15)
[PSYoungGen: 254815K->6004K(255488K)] 378293K->129580K(1041920K), 0.0119047 secs] [Times: user=0.02 sys=0.00, real=0.01 secs] 
41917.884: [GC (Allocation Failure) 
Desired survivor size 6815744 bytes, new threshold 15 (max 15)
[PSYoungGen: 254836K->5923K(255488K)] 378412K->129627K(1041920K), 0.0117548 secs] [Times: user=0.02 sys=0.01, real=0.01 secs] 
41936.754: [GC (Allocation Failure) 
Desired survivor size 6815744 bytes, new threshold 15 (max 15)
[PSYoungGen: 254755K->5978K(255488K)] 378459K->129809K(1041920K), 0.0124062 secs] [Times: user=0.02 sys=0.00, real=0.01 secs] 
41955.581: [GC (Allocation Failure) 
Desired survivor size 6815744 bytes, new threshold 15 (max 15)
[PSYoungGen: 254810K->5938K(255488K)] 378641K->129865K(1041920K), 0.0124839 secs] [Times: user=0.02 sys=0.00, real=0.01 secs] 
41974.447: [GC (Allocation Failure) 
Desired survivor size 6815744 bytes, new threshold 15 (max 15)
[PSYoungGen: 254770K->5920K(255488K)] 378697K->129976K(1041920K), 0.0110969 secs] [Times: user=0.02 sys=0.00, real=0.01 secs] 
41993.320: [GC (Allocation Failure) 
Desired survivor size 6815744 bytes, new threshold 15 (max 15)
[PSYoungGen: 254752K->5916K(255488K)] 378808K->130163K(1041920K), 0.0114641 secs] [Times: user=0.02 sys=0.00, real=0.01 secs] 
42012.081: [GC (Allocation Failure) 
Desired survivor size 6815744 bytes, new threshold 15 (max 15)
[PSYoungGen: 254748K->5951K(255488K)] 378995K->130277K(1041920K), 0.0109363 secs] [Times: user=0.02 sys=0.00, real=0.01 secs] 
42030.836: [GC (Allocation Failure) 
Desired survivor size 6815744 bytes, new threshold 15 (max 15)
[PSYoungGen: 254783K->6108K(255488K)] 379109K->130570K(1041920K), 0.0218340 secs] [Times: user=0.03 sys=0.00, real=0.02 secs] 
42049.574: [GC (Allocation Failure) 
Desired survivor size 6815744 bytes, new threshold 15 (max 15)
[PSYoungGen: 254940K->6085K(255488K)] 379402K->130619K(1041920K), 0.0141625 secs] [Times: user=0.02 sys=0.00, real=0.01 secs] 
42068.398: [GC (Allocation Failure) 
Desired survivor size 6815744 bytes, new threshold 15 (max 15)
[PSYoungGen: 254917K->6233K(255488K)] 379451K->130838K(1041920K), 0.0112586 secs] [Times: user=0.02 sys=0.00, real=0.01 secs] 
42087.196: [GC (Allocation Failure) 
Desired survivor size 6815744 bytes, new threshold 15 (max 15)
[PSYoungGen: 255065K->6237K(255488K)] 379670K->130914K(1041920K), 0.0116269 secs] [Times: user=0.02 sys=0.00, real=0.02 secs] 
42105.952: [GC (Allocation Failure) 
Desired survivor size 6815744 bytes, new threshold 15 (max 15)
[PSYoungGen: 255069K->6264K(255488K)] 379746K->131014K(1041920K), 0.0151888 secs] [Times: user=0.02 sys=0.00, real=0.01 secs] 
42124.830: [GC (Allocation Failure) 
Desired survivor size 6815744 bytes, new threshold 15 (max 15)
[PSYoungGen: 255096K->6110K(255488K)] 379846K->130997K(1041920K), 0.0113157 secs] [Times: user=0.02 sys=0.00, real=0.01 secs] 
42143.702: [GC (Allocation Failure) 
Desired survivor size 6815744 bytes, new threshold 15 (max 15)
[PSYoungGen: 254942K->6070K(255488K)] 379829K->131130K(1041920K), 0.0115616 secs] [Times: user=0.01 sys=0.00, real=0.01 secs] 
42162.578: [GC (Allocation Failure) 
Desired survivor size 6815744 bytes, new threshold 15 (max 15)
[PSYoungGen: 254902K->6060K(255488K)] 379962K->131192K(1041920K), 0.0116227 secs] [Times: user=0.02 sys=0.00, real=0.02 secs] 
42181.390: [GC (Allocation Failure) 
Desired survivor size 6815744 bytes, new threshold 15 (max 15)
[PSYoungGen: 254892K->6107K(255488K)] 380024K->131366K(1041920K), 0.0112619 secs] [Times: user=0.02 sys=0.00, real=0.01 secs] 
42200.256: [GC (Allocation Failure) 
Desired survivor size 6815744 bytes, new threshold 15 (max 15)
[PSYoungGen: 254939K->6116K(255488K)] 380198K->131455K(1041920K), 0.0124154 secs] [Times: user=0.02 sys=0.00, real=0.01 secs] 
42219.105: [GC (Allocation Failure) 
Desired survivor size 6815744 bytes, new threshold 15 (max 15)
[PSYoungGen: 254948K->6184K(255488K)] 380287K->131595K(1041920K), 0.0132496 secs] [Times: user=0.02 sys=0.00, real=0.02 secs] 
42237.697: [GC (Allocation Failure) 
Desired survivor size 6815744 bytes, new threshold 15 (max 15)
[PSYoungGen: 255016K->6179K(255488K)] 380427K->131716K(1041920K), 0.0120147 secs] [Times: user=0.02 sys=0.00, real=0.01 secs] 
42256.579: [GC (Allocation Failure) 
Desired survivor size 6815744 bytes, new threshold 15 (max 15)
[PSYoungGen: 255011K->6216K(255488K)] 380548K->131833K(1041920K), 0.0119975 secs] [Times: user=0.02 sys=0.00, real=0.01 secs] 
42275.367: [GC (Allocation Failure) 
Desired survivor size 6815744 bytes, new threshold 15 (max 15)
[PSYoungGen: 255048K->6180K(255488K)] 380665K->131917K(1041920K), 0.0108821 secs] [Times: user=0.02 sys=0.00, real=0.01 secs] 
42294.203: [GC (Allocation Failure) 
Desired survivor size 6815744 bytes, new threshold 15 (max 15)
[PSYoungGen: 255012K->6091K(255488K)] 380749K->132001K(1041920K), 0.0138478 secs] [Times: user=0.02 sys=0.00, real=0.01 secs] 
42313.071: [GC (Allocation Failure) 
Desired survivor size 6815744 bytes, new threshold 15 (max 15)
[PSYoungGen: 254923K->6172K(255488K)] 380833K->132209K(1041920K), 0.0126096 secs] [Times: user=0.02 sys=0.00, real=0.02 secs] 
42331.832: [GC (Allocation Failure) 
Desired survivor size 6815744 bytes, new threshold 15 (max 15)
[PSYoungGen: 255004K->6304K(255488K)] 381041K->132468K(1041920K), 0.0138234 secs] [Times: user=0.02 sys=0.00, real=0.02 secs] 
42350.508: [GC (Allocation Failure) 
Desired survivor size 6815744 bytes, new threshold 15 (max 15)
[PSYoungGen: 255136K->6239K(255488K)] 381300K->132529K(1041920K), 0.0110494 secs] [Times: user=0.02 sys=0.00, real=0.01 secs] 
42369.438: [GC (Allocation Failure) 
Desired survivor size 6815744 bytes, new threshold 15 (max 15)
[PSYoungGen: 255071K->6136K(255488K)] 381361K->132592K(1041920K), 0.0124778 secs] [Times: user=0.02 sys=0.00, real=0.02 secs] 
42388.259: [GC (Allocation Failure) 
Desired survivor size 6815744 bytes, new threshold 15 (max 15)
[PSYoungGen: 254968K->5956K(255488K)] 381424K->132586K(1041920K), 0.0130011 secs] [Times: user=0.02 sys=0.00, real=0.01 secs] 
42407.077: [GC (Allocation Failure) 
Desired survivor size 6815744 bytes, new threshold 15 (max 15)
[PSYoungGen: 254788K->5979K(255488K)] 381418K->132680K(1041920K), 0.0110972 secs] [Times: user=0.02 sys=0.00, real=0.01 secs] 
42425.868: [GC (Allocation Failure) 
Desired survivor size 6815744 bytes, new threshold 15 (max 15)
[PSYoungGen: 254811K->6069K(255488K)] 381512K->132851K(1041920K), 0.0125490 secs] [Times: user=0.02 sys=0.00, real=0.02 secs] 
42444.578: [GC (Allocation Failure) 
Desired survivor size 6815744 bytes, new threshold 15 (max 15)
[PSYoungGen: 254901K->6244K(255488K)] 381683K->133097K(1041920K), 0.0112950 secs] [Times: user=0.02 sys=0.00, real=0.01 secs] 
42463.445: [GC (Allocation Failure) 
Desired survivor size 6815744 bytes, new threshold 15 (max 15)
[PSYoungGen: 255076K->6237K(255488K)] 381929K->133209K(1041920K), 0.0114198 secs] [Times: user=0.02 sys=0.00, real=0.01 secs] 
42482.203: [GC (Allocation Failure) 
Desired survivor size 6815744 bytes, new threshold 15 (max 15)
[PSYoungGen: 255069K->6313K(255488K)] 382041K->133413K(1041920K), 0.0208247 secs] [Times: user=0.02 sys=0.00, real=0.02 secs] 
42501.078: [GC (Allocation Failure) 
Desired survivor size 6815744 bytes, new threshold 15 (max 15)
[PSYoungGen: 255145K->6226K(255488K)] 382245K->133444K(1041920K), 0.0128369 secs] [Times: user=0.02 sys=0.00, real=0.02 secs] 
42519.950: [GC (Allocation Failure) 
Desired survivor size 6815744 bytes, new threshold 15 (max 15)
[PSYoungGen: 255058K->6171K(255488K)] 382276K->133493K(1041920K), 0.0119341 secs] [Times: user=0.02 sys=0.00, real=0.01 secs] 
42538.762: [GC (Allocation Failure) 
Desired survivor size 6815744 bytes, new threshold 15 (max 15)
[PSYoungGen: 255003K->6235K(255488K)] 382325K->133629K(1041920K), 0.0140162 secs] [Times: user=0.02 sys=0.00, real=0.02 secs] 
42557.698: [GC (Allocation Failure) 
Desired survivor size 6815744 bytes, new threshold 15 (max 15)
[PSYoungGen: 255067K->6236K(255488K)] 382461K->133804K(1041920K), 0.0114513 secs] [Times: user=0.02 sys=0.00, real=0.02 secs] 
42576.533: [GC (Allocation Failure) 
Desired survivor size 6815744 bytes, new threshold 15 (max 15)
[PSYoungGen: 255068K->6189K(255488K)] 382636K->133884K(1041920K), 0.0133776 secs] [Times: user=0.02 sys=0.00, real=0.01 secs] 
42595.385: [GC (Allocation Failure) 
Desired survivor size 6815744 bytes, new threshold 15 (max 15)
[PSYoungGen: 255021K->6153K(255488K)] 382716K->133975K(1041920K), 0.0113505 secs] [Times: user=0.02 sys=0.00, real=0.01 secs] 
42614.257: [GC (Allocation Failure) 
Desired survivor size 6815744 bytes, new threshold 15 (max 15)
[PSYoungGen: 254985K->6088K(255488K)] 382807K->134036K(1041920K), 0.0114700 secs] [Times: user=0.02 sys=0.00, real=0.02 secs] 
42633.071: [GC (Allocation Failure) 
Desired survivor size 6815744 bytes, new threshold 15 (max 15)
[PSYoungGen: 254920K->6218K(255488K)] 382868K->134297K(1041920K), 0.0175121 secs] [Times: user=0.01 sys=0.00, real=0.01 secs] 
42651.769: [GC (Allocation Failure) 
Desired survivor size 6815744 bytes, new threshold 15 (max 15)
[PSYoungGen: 255050K->6144K(255488K)] 383129K->134342K(1041920K), 0.0117124 secs] [Times: user=0.02 sys=0.00, real=0.01 secs] 
42670.719: [GC (Allocation Failure) 
Desired survivor size 6815744 bytes, new threshold 15 (max 15)
[PSYoungGen: 254976K->6077K(255488K)] 383174K->134355K(1041920K), 0.0273624 secs] [Times: user=0.02 sys=0.00, real=0.03 secs] 
42689.511: [GC (Allocation Failure) 
Desired survivor size 6815744 bytes, new threshold 15 (max 15)
[PSYoungGen: 254909K->6090K(255488K)] 383187K->134487K(1041920K), 0.0127519 secs] [Times: user=0.02 sys=0.00, real=0.01 secs] 
42708.451: [GC (Allocation Failure) 
Desired survivor size 6815744 bytes, new threshold 15 (max 15)
[PSYoungGen: 254922K->6031K(255488K)] 383319K->134610K(1041920K), 0.0114942 secs] [Times: user=0.02 sys=0.00, real=0.02 secs] 
42727.204: [GC (Allocation Failure) 
Desired survivor size 6815744 bytes, new threshold 15 (max 15)
[PSYoungGen: 254863K->5950K(255488K)] 383442K->134751K(1041920K), 0.0117556 secs] [Times: user=0.02 sys=0.00, real=0.02 secs] 
42746.013: [GC (Allocation Failure) 
Desired survivor size 6815744 bytes, new threshold 15 (max 15)
[PSYoungGen: 254782K->5974K(255488K)] 383583K->134894K(1041920K), 0.0116733 secs] [Times: user=0.02 sys=0.00, real=0.01 secs] 
42764.978: [GC (Allocation Failure) 
Desired survivor size 6815744 bytes, new threshold 15 (max 15)
[PSYoungGen: 254806K->5962K(255488K)] 383726K->135009K(1041920K), 0.0120904 secs] [Times: user=0.02 sys=0.00, real=0.02 secs] 
42783.757: [GC (Allocation Failure) 
Desired survivor size 6815744 bytes, new threshold 15 (max 15)
[PSYoungGen: 254794K->5887K(255488K)] 383841K->135077K(1041920K), 0.0109532 secs] [Times: user=0.02 sys=0.00, real=0.01 secs] 
42802.631: [GC (Allocation Failure) 
Desired survivor size 6815744 bytes, new threshold 15 (max 15)
[PSYoungGen: 254719K->5882K(255488K)] 383909K->135199K(1041920K), 0.0112278 secs] [Times: user=0.02 sys=0.00, real=0.01 secs] 
42821.629: [GC (Allocation Failure) 
Desired survivor size 6815744 bytes, new threshold 15 (max 15)
[PSYoungGen: 254714K->5883K(255488K)] 384031K->135321K(1041920K), 0.0121340 secs] [Times: user=0.02 sys=0.00, real=0.01 secs] 
42840.504: [GC (Allocation Failure) 
Desired survivor size 6815744 bytes, new threshold 15 (max 15)
[PSYoungGen: 254715K->5803K(255488K)] 384153K->135415K(1041920K), 0.0134299 secs] [Times: user=0.02 sys=0.00, real=0.01 secs] 
42859.204: [GC (Allocation Failure) 
Desired survivor size 6815744 bytes, new threshold 15 (max 15)
[PSYoungGen: 254635K->5728K(255488K)] 384247K->135453K(1041920K), 0.0109131 secs] [Times: user=0.02 sys=0.00, real=0.02 secs] 
42878.126: [GC (Allocation Failure) 
Desired survivor size 6815744 bytes, new threshold 15 (max 15)
[PSYoungGen: 254560K->5789K(255488K)] 384285K->135626K(1041920K), 0.0110690 secs] [Times: user=0.02 sys=0.00, real=0.01 secs] 
42896.952: [GC (Allocation Failure) 
Desired survivor size 6815744 bytes, new threshold 15 (max 15)
[PSYoungGen: 254621K->5799K(255488K)] 384458K->135755K(1041920K), 0.0107037 secs] [Times: user=0.01 sys=0.00, real=0.01 secs] 
42915.883: [GC (Allocation Failure) 
Desired survivor size 6815744 bytes, new threshold 15 (max 15)
[PSYoungGen: 254631K->5680K(255488K)] 384587K->135797K(1041920K), 0.0110781 secs] [Times: user=0.02 sys=0.00, real=0.01 secs] 
42934.603: [GC (Allocation Failure) 
Desired survivor size 6815744 bytes, new threshold 15 (max 15)
[PSYoungGen: 254512K->5854K(255488K)] 384629K->136104K(1041920K), 0.0248719 secs] [Times: user=0.03 sys=0.00, real=0.03 secs] 
42953.377: [GC (Allocation Failure) 
Desired survivor size 6815744 bytes, new threshold 15 (max 15)
[PSYoungGen: 254686K->5909K(255488K)] 384936K->136238K(1041920K), 0.0130398 secs] [Times: user=0.02 sys=0.00, real=0.02 secs] 
42972.260: [GC (Allocation Failure) 
Desired survivor size 6815744 bytes, new threshold 15 (max 15)
[PSYoungGen: 254741K->5846K(255488K)] 385070K->136297K(1041920K), 0.0117426 secs] [Times: user=0.02 sys=0.00, real=0.02 secs] 
42991.135: [GC (Allocation Failure) 
Desired survivor size 6815744 bytes, new threshold 15 (max 15)
[PSYoungGen: 254678K->5879K(255488K)] 385129K->136402K(1041920K), 0.0124920 secs] [Times: user=0.03 sys=0.01, real=0.01 secs] 
43010.009: [GC (Allocation Failure) 
Desired survivor size 6815744 bytes, new threshold 15 (max 15)
[PSYoungGen: 254711K->5712K(255488K)] 385234K->136504K(1041920K), 0.0112244 secs] [Times: user=0.02 sys=0.00, real=0.01 secs] 
43028.952: [GC (Allocation Failure) 
Desired survivor size 6815744 bytes, new threshold 15 (max 15)
[PSYoungGen: 254544K->5679K(255488K)] 385336K->136649K(1041920K), 0.0129248 secs] [Times: user=0.03 sys=0.00, real=0.01 secs] 
43047.830: [GC (Allocation Failure) 
Desired survivor size 6815744 bytes, new threshold 15 (max 15)
[PSYoungGen: 254511K->5611K(255488K)] 385481K->136708K(1041920K), 0.0122906 secs] [Times: user=0.02 sys=0.00, real=0.02 secs] 
43066.634: [GC (Allocation Failure) 
Desired survivor size 6815744 bytes, new threshold 15 (max 15)
[PSYoungGen: 254443K->5686K(255488K)] 385540K->136896K(1041920K), 0.0116476 secs] [Times: user=0.02 sys=0.00, real=0.01 secs] 
43085.553: [GC (Allocation Failure) 
Desired survivor size 6815744 bytes, new threshold 15 (max 15)
[PSYoungGen: 254518K->5848K(255488K)] 385728K->137179K(1041920K), 0.0125361 secs] [Times: user=0.02 sys=0.00, real=0.01 secs] 
43104.459: [GC (Allocation Failure) 
Desired survivor size 6815744 bytes, new threshold 15 (max 15)
[PSYoungGen: 254680K->5703K(255488K)] 386011K->137107K(1041920K), 0.0115601 secs] [Times: user=0.02 sys=0.00, real=0.01 secs] 
43123.378: [GC (Allocation Failure) 
Desired survivor size 6815744 bytes, new threshold 15 (max 15)
[PSYoungGen: 254535K->5742K(255488K)] 385939K->137258K(1041920K), 0.0110680 secs] [Times: user=0.02 sys=0.00, real=0.01 secs] 
43142.199: [GC (Allocation Failure) 
Desired survivor size 6291456 bytes, new threshold 15 (max 15)
[PSYoungGen: 254574K->5789K(255488K)] 386090K->137410K(1041920K), 0.0121966 secs] [Times: user=0.01 sys=0.00, real=0.01 secs] 
43161.073: [GC (Allocation Failure) 
Desired survivor size 6291456 bytes, new threshold 15 (max 15)
[PSYoungGen: 254621K->5790K(256000K)] 386242K->137531K(1042432K), 0.0130922 secs] [Times: user=0.02 sys=0.00, real=0.01 secs] 
43180.032: [GC (Allocation Failure) 
Desired survivor size 6291456 bytes, new threshold 15 (max 15)
[PSYoungGen: 255646K->5730K(256000K)] 387387K->137593K(1042432K), 0.0122184 secs] [Times: user=0.02 sys=0.00, real=0.02 secs] 
43198.952: [GC (Allocation Failure) 
Desired survivor size 6291456 bytes, new threshold 15 (max 15)
[PSYoungGen: 255586K->5730K(256000K)] 387449K->137665K(1042432K), 0.0115221 secs] [Times: user=0.01 sys=0.00, real=0.01 secs] 
43217.877: [GC (Allocation Failure) 
Desired survivor size 6291456 bytes, new threshold 15 (max 15)
[PSYoungGen: 255586K->5895K(256000K)] 387521K->138044K(1042432K), 0.0122032 secs] [Times: user=0.02 sys=0.00, real=0.02 secs] 
43235.775: [GC (System.gc()) 
Desired survivor size 6291456 bytes, new threshold 15 (max 15)
[PSYoungGen: 243238K->5658K(256000K)] 375387K->137975K(1042432K), 0.0129216 secs] [Times: user=0.02 sys=0.00, real=0.01 secs] 
43235.788: [Full GC (System.gc()) [PSYoungGen: 5658K->0K(256000K)] [ParOldGen: 132317K->111766K(786432K)] 137975K->111766K(1042432K), [Metaspace: 91160K->91160K(1132544K)], 0.3082423 secs] [Times: user=0.48 sys=0.00, real=0.31 secs] 
43254.502: [GC (Allocation Failure) 
Desired survivor size 6815744 bytes, new threshold 15 (max 15)
[PSYoungGen: 249856K->4683K(254976K)] 361622K->116449K(1041408K), 0.0101961 secs] [Times: user=0.02 sys=0.00, real=0.01 secs] 
43273.452: [GC (Allocation Failure) 
Desired survivor size 6815744 bytes, new threshold 15 (max 15)
[PSYoungGen: 254539K->4737K(255488K)] 366305K->116504K(1041920K), 0.0133998 secs] [Times: user=0.01 sys=0.00, real=0.01 secs] 
43292.331: [GC (Allocation Failure) 
Desired survivor size 6815744 bytes, new threshold 15 (max 15)
[PSYoungGen: 253569K->4802K(255488K)] 365336K->116569K(1041920K), 0.0911841 secs] [Times: user=0.02 sys=0.00, real=0.09 secs] 
43311.138: [GC (Allocation Failure) 
Desired survivor size 6815744 bytes, new threshold 15 (max 15)
[PSYoungGen: 253630K->4931K(255488K)] 365397K->116698K(1041920K), 0.0117831 secs] [Times: user=0.02 sys=0.00, real=0.01 secs] 
43330.129: [GC (Allocation Failure) 
Desired survivor size 6815744 bytes, new threshold 15 (max 15)
[PSYoungGen: 253763K->5009K(255488K)] 365530K->116776K(1041920K), 0.0099661 secs] [Times: user=0.02 sys=0.00, real=0.01 secs] 
43349.075: [GC (Allocation Failure) 
Desired survivor size 6815744 bytes, new threshold 15 (max 15)
[PSYoungGen: 253841K->5027K(255488K)] 365608K->116794K(1041920K), 0.0101440 secs] [Times: user=0.02 sys=0.00, real=0.01 secs] 
43367.827: [GC (Allocation Failure) 
Desired survivor size 6815744 bytes, new threshold 15 (max 15)
[PSYoungGen: 253859K->5233K(255488K)] 365626K->117000K(1041920K), 0.0098956 secs] [Times: user=0.02 sys=0.00, real=0.01 secs] 
43386.702: [GC (Allocation Failure) 
Desired survivor size 6815744 bytes, new threshold 15 (max 15)
[PSYoungGen: 254065K->5353K(255488K)] 365832K->117119K(1041920K), 0.0118723 secs] [Times: user=0.02 sys=0.00, real=0.01 secs] 
43405.629: [GC (Allocation Failure) 
Desired survivor size 6291456 bytes, new threshold 15 (max 15)
[PSYoungGen: 254185K->5448K(255488K)] 365951K->117215K(1041920K), 0.0113557 secs] [Times: user=0.02 sys=0.00, real=0.01 secs] 
43424.570: [GC (Allocation Failure) 
Desired survivor size 6291456 bytes, new threshold 15 (max 15)
[PSYoungGen: 254280K->5465K(256000K)] 366047K->117232K(1042432K), 0.0115073 secs] [Times: user=0.02 sys=0.00, real=0.02 secs] 
43443.435: [GC (Allocation Failure) 
Desired survivor size 6291456 bytes, new threshold 15 (max 15)
[PSYoungGen: 255321K->5575K(256000K)] 367088K->117342K(1042432K), 0.0135521 secs] [Times: user=0.01 sys=0.00, real=0.01 secs] 
43462.380: [GC (Allocation Failure) 
Desired survivor size 6291456 bytes, new threshold 15 (max 15)
[PSYoungGen: 255431K->5642K(256000K)] 367198K->117409K(1042432K), 0.0106560 secs] [Times: user=0.02 sys=0.00, real=0.01 secs] 
43481.133: [GC (Allocation Failure) 
Desired survivor size 6815744 bytes, new threshold 15 (max 15)
[PSYoungGen: 255498K->5785K(256000K)] 367265K->117551K(1042432K), 0.0103639 secs] [Times: user=0.01 sys=0.00, real=0.01 secs] 
43500.004: [GC (Allocation Failure) 
Desired survivor size 6815744 bytes, new threshold 15 (max 15)
[PSYoungGen: 255641K->5848K(254976K)] 367407K->117615K(1041408K), 0.0113984 secs] [Times: user=0.02 sys=0.00, real=0.01 secs] 
43518.828: [GC (Allocation Failure) 
Desired survivor size 6815744 bytes, new threshold 15 (max 15)
[PSYoungGen: 254680K->6114K(255488K)] 366447K->117881K(1041920K), 0.0111960 secs] [Times: user=0.02 sys=0.00, real=0.01 secs] 
43537.666: [GC (Allocation Failure) 
Desired survivor size 6815744 bytes, new threshold 15 (max 15)
[PSYoungGen: 254946K->5616K(255488K)] 366713K->118019K(1041920K), 0.0119503 secs] [Times: user=0.02 sys=0.01, real=0.02 secs] 
43556.455: [GC (Allocation Failure) 
Desired survivor size 6815744 bytes, new threshold 15 (max 15)
[PSYoungGen: 254448K->5465K(255488K)] 366851K->117971K(1041920K), 0.0101560 secs] [Times: user=0.02 sys=0.00, real=0.01 secs] 
43575.316: [GC (Allocation Failure) 
Desired survivor size 6815744 bytes, new threshold 15 (max 15)
[PSYoungGen: 254297K->5517K(255488K)] 366803K->118120K(1041920K), 0.0118887 secs] [Times: user=0.02 sys=0.00, real=0.01 secs] 
43594.128: [GC (Allocation Failure) 
Desired survivor size 6815744 bytes, new threshold 15 (max 15)
[PSYoungGen: 254349K->5587K(255488K)] 366952K->118287K(1041920K), 0.0117102 secs] [Times: user=0.02 sys=0.00, real=0.01 secs] 
43612.822: [GC (Allocation Failure) 
Desired survivor size 6815744 bytes, new threshold 15 (max 15)
[PSYoungGen: 254419K->5671K(255488K)] 367119K->118428K(1041920K), 0.0108253 secs] [Times: user=0.02 sys=0.00, real=0.01 secs] 
43631.759: [GC (Allocation Failure) 
Desired survivor size 6815744 bytes, new threshold 15 (max 15)
[PSYoungGen: 254503K->5767K(255488K)] 367260K->118580K(1041920K), 0.0109165 secs] [Times: user=0.01 sys=0.00, real=0.01 secs] 
43650.686: [GC (Allocation Failure) 
Desired survivor size 6815744 bytes, new threshold 15 (max 15)
[PSYoungGen: 254599K->5775K(255488K)] 367412K->118737K(1041920K), 0.0191138 secs] [Times: user=0.03 sys=0.00, real=0.02 secs] 
43669.459: [GC (Allocation Failure) 
Desired survivor size 6815744 bytes, new threshold 15 (max 15)
[PSYoungGen: 254607K->5729K(255488K)] 367569K->118793K(1041920K), 0.0103388 secs] [Times: user=0.02 sys=0.00, real=0.01 secs] 
43688.379: [GC (Allocation Failure) 
Desired survivor size 6815744 bytes, new threshold 15 (max 15)
[PSYoungGen: 254561K->5763K(255488K)] 367625K->118900K(1041920K), 0.0135127 secs] [Times: user=0.02 sys=0.00, real=0.02 secs] 
43707.258: [GC (Allocation Failure) 
Desired survivor size 6815744 bytes, new threshold 15 (max 15)
[PSYoungGen: 254595K->5777K(255488K)] 367732K->118970K(1041920K), 0.0108871 secs] [Times: user=0.02 sys=0.00, real=0.01 secs] 
43726.139: [GC (Allocation Failure) 
Desired survivor size 6815744 bytes, new threshold 15 (max 15)
[PSYoungGen: 254609K->5759K(255488K)] 367802K->119033K(1041920K), 0.0104154 secs] [Times: user=0.02 sys=0.00, real=0.01 secs] 
43745.071: [GC (Allocation Failure) 
Desired survivor size 6815744 bytes, new threshold 15 (max 15)
[PSYoungGen: 254591K->5840K(255488K)] 367865K->119195K(1041920K), 0.0120928 secs] [Times: user=0.02 sys=0.00, real=0.01 secs] 
43764.001: [GC (Allocation Failure) 
Desired survivor size 6815744 bytes, new threshold 15 (max 15)
[PSYoungGen: 254672K->5809K(255488K)] 368027K->119251K(1041920K), 0.0104615 secs] [Times: user=0.02 sys=0.00, real=0.02 secs] 
43782.952: [GC (Allocation Failure) 
Desired survivor size 6815744 bytes, new threshold 15 (max 15)
[PSYoungGen: 254641K->5777K(255488K)] 368083K->119299K(1041920K), 0.0103673 secs] [Times: user=0.02 sys=0.00, real=0.01 secs] 
43801.758: [GC (Allocation Failure) 
Desired survivor size 6815744 bytes, new threshold 15 (max 15)
[PSYoungGen: 254609K->5784K(255488K)] 368131K->119418K(1041920K), 0.0116907 secs] [Times: user=0.02 sys=0.00, real=0.01 secs] 
43820.665: [GC (Allocation Failure) 
Desired survivor size 6815744 bytes, new threshold 15 (max 15)
[PSYoungGen: 254616K->5906K(255488K)] 368250K->119651K(1041920K), 0.0248759 secs] [Times: user=0.03 sys=0.00, real=0.02 secs] 
43839.390: [GC (Allocation Failure) 
Desired survivor size 6815744 bytes, new threshold 15 (max 15)
[PSYoungGen: 254738K->5923K(255488K)] 368483K->119764K(1041920K), 0.0113303 secs] [Times: user=0.02 sys=0.00, real=0.01 secs] 
43858.197: [GC (Allocation Failure) 
Desired survivor size 6815744 bytes, new threshold 15 (max 15)
[PSYoungGen: 254755K->5900K(255488K)] 368596K->119868K(1041920K), 0.0108664 secs] [Times: user=0.02 sys=0.00, real=0.01 secs] 
43877.077: [GC (Allocation Failure) 
Desired survivor size 6815744 bytes, new threshold 15 (max 15)
[PSYoungGen: 254732K->5717K(255488K)] 368700K->119852K(1041920K), 0.0116966 secs] [Times: user=0.02 sys=0.00, real=0.01 secs] 
43895.885: [GC (Allocation Failure) 
Desired survivor size 6291456 bytes, new threshold 15 (max 15)
[PSYoungGen: 254549K->5711K(255488K)] 368684K->120108K(1041920K), 0.0110382 secs] [Times: user=0.02 sys=0.00, real=0.01 secs] 
43914.721: [GC (Allocation Failure) 
Desired survivor size 6291456 bytes, new threshold 15 (max 15)
[PSYoungGen: 254543K->5758K(256000K)] 368940K->120236K(1042432K), 0.0109043 secs] [Times: user=0.02 sys=0.00, real=0.01 secs] 
43933.725: [GC (Allocation Failure) 
Desired survivor size 6291456 bytes, new threshold 15 (max 15)
[PSYoungGen: 255614K->5783K(256000K)] 370092K->120428K(1042432K), 0.0108441 secs] [Times: user=0.02 sys=0.00, real=0.01 secs] 
43952.778: [GC (Allocation Failure) 
Desired survivor size 6291456 bytes, new threshold 15 (max 15)
[PSYoungGen: 255639K->5745K(256000K)] 370284K->120533K(1042432K), 0.1505373 secs] [Times: user=0.02 sys=0.00, real=0.15 secs] 
43971.582: [GC (Allocation Failure) 
Desired survivor size 6291456 bytes, new threshold 15 (max 15)
[PSYoungGen: 255601K->5740K(256000K)] 370389K->120625K(1042432K), 0.0128387 secs] [Times: user=0.02 sys=0.00, real=0.02 secs] 
43990.635: [GC (Allocation Failure) 
Desired survivor size 6291456 bytes, new threshold 15 (max 15)
[PSYoungGen: 255596K->5772K(256000K)] 370481K->120778K(1042432K), 0.0458065 secs] [Times: user=0.05 sys=0.01, real=0.05 secs] 
44009.634: [GC (Allocation Failure) 
Desired survivor size 6291456 bytes, new threshold 15 (max 15)
[PSYoungGen: 255628K->5709K(256000K)] 370634K->120787K(1042432K), 0.0123864 secs] [Times: user=0.02 sys=0.00, real=0.01 secs] 
44028.572: [GC (Allocation Failure) 
Desired survivor size 6291456 bytes, new threshold 15 (max 15)
[PSYoungGen: 255565K->5773K(256000K)] 370643K->120964K(1042432K), 0.0123636 secs] [Times: user=0.02 sys=0.00, real=0.01 secs] 
44047.510: [GC (Allocation Failure) 
Desired survivor size 6291456 bytes, new threshold 15 (max 15)
[PSYoungGen: 255629K->5692K(256000K)] 370820K->120997K(1042432K), 0.0108487 secs] [Times: user=0.01 sys=0.00, real=0.01 secs] 
44066.510: [GC (Allocation Failure) 
Desired survivor size 6291456 bytes, new threshold 15 (max 15)
[PSYoungGen: 255548K->5772K(256000K)] 370853K->121148K(1042432K), 0.0110415 secs] [Times: user=0.02 sys=0.00, real=0.01 secs] 
44085.207: [GC (Allocation Failure) 
Desired survivor size 6291456 bytes, new threshold 15 (max 15)
[PSYoungGen: 255628K->5729K(256000K)] 371004K->121219K(1042432K), 0.0111839 secs] [Times: user=0.02 sys=0.00, real=0.01 secs] 
44104.010: [GC (Allocation Failure) 
Desired survivor size 6291456 bytes, new threshold 15 (max 15)
[PSYoungGen: 255585K->5887K(256000K)] 371075K->121448K(1042432K), 0.0109102 secs] [Times: user=0.01 sys=0.00, real=0.01 secs] 
44122.762: [GC (Allocation Failure) 
Desired survivor size 6815744 bytes, new threshold 14 (max 15)
[PSYoungGen: 255743K->6114K(256000K)] 371304K->121893K(1042432K), 0.0111277 secs] [Times: user=0.02 sys=0.00, real=0.01 secs] 
44141.757: [GC (Allocation Failure) 
Desired survivor size 6815744 bytes, new threshold 13 (max 15)
[PSYoungGen: 255970K->6127K(254976K)] 371749K->122058K(1041408K), 0.0116702 secs] [Times: user=0.01 sys=0.00, real=0.01 secs] 
44160.508: [GC (Allocation Failure) 
Desired survivor size 6815744 bytes, new threshold 14 (max 15)
[PSYoungGen: 254959K->5767K(255488K)] 370890K->121977K(1041920K), 0.0109299 secs] [Times: user=0.02 sys=0.00, real=0.01 secs] 
44179.383: [GC (Allocation Failure) 
Desired survivor size 6815744 bytes, new threshold 15 (max 15)
[PSYoungGen: 254599K->5816K(255488K)] 370809K->122026K(1041920K), 0.0104769 secs] [Times: user=0.01 sys=0.01, real=0.01 secs] 
44198.254: [GC (Allocation Failure) 
Desired survivor size 6815744 bytes, new threshold 15 (max 15)
[PSYoungGen: 254648K->6053K(255488K)] 370858K->122263K(1041920K), 0.0133987 secs] [Times: user=0.02 sys=0.00, real=0.01 secs] 
44217.078: [GC (Allocation Failure) 
Desired survivor size 6815744 bytes, new threshold 15 (max 15)
[PSYoungGen: 254885K->5959K(255488K)] 371095K->122249K(1041920K), 0.0114033 secs] [Times: user=0.02 sys=0.00, real=0.01 secs] 
44236.009: [GC (Allocation Failure) 
Desired survivor size 6815744 bytes, new threshold 15 (max 15)
[PSYoungGen: 254791K->5958K(255488K)] 371081K->122328K(1041920K), 0.0132930 secs] [Times: user=0.02 sys=0.00, real=0.01 secs] 
44254.784: [GC (Allocation Failure) 
Desired survivor size 6815744 bytes, new threshold 15 (max 15)
[PSYoungGen: 254790K->5975K(255488K)] 371160K->122464K(1041920K), 0.0115544 secs] [Times: user=0.01 sys=0.00, real=0.01 secs] 
44273.575: [GC (Allocation Failure) 
Desired survivor size 6815744 bytes, new threshold 15 (max 15)
[PSYoungGen: 254806K->5999K(255488K)] 371295K->122560K(1041920K), 0.0105010 secs] [Times: user=0.02 sys=0.00, real=0.01 secs] 
44292.475: [GC (Allocation Failure) 
Desired survivor size 6815744 bytes, new threshold 15 (max 15)
[PSYoungGen: 254831K->6012K(255488K)] 371392K->122653K(1041920K), 0.0104974 secs] [Times: user=0.01 sys=0.00, real=0.01 secs] 
44311.330: [GC (Allocation Failure) 
Desired survivor size 6815744 bytes, new threshold 15 (max 15)
[PSYoungGen: 254844K->6004K(255488K)] 371485K->122717K(1041920K), 0.0148915 secs] [Times: user=0.02 sys=0.00, real=0.02 secs] 
44330.201: [GC (Allocation Failure) 
Desired survivor size 6815744 bytes, new threshold 15 (max 15)
[PSYoungGen: 254836K->6034K(255488K)] 371549K->122827K(1041920K), 0.0116437 secs] [Times: user=0.02 sys=0.00, real=0.01 secs] 
44349.105: [GC (Allocation Failure) 
Desired survivor size 6815744 bytes, new threshold 15 (max 15)
[PSYoungGen: 254866K->6218K(255488K)] 371659K->123090K(1041920K), 0.0115914 secs] [Times: user=0.02 sys=0.00, real=0.01 secs] 
44368.009: [GC (Allocation Failure) 
Desired survivor size 6815744 bytes, new threshold 15 (max 15)
[PSYoungGen: 255050K->5951K(255488K)] 371922K->122983K(1041920K), 0.0114425 secs] [Times: user=0.01 sys=0.00, real=0.01 secs] 
44386.761: [GC (Allocation Failure) 
Desired survivor size 6815744 bytes, new threshold 15 (max 15)
[PSYoungGen: 254783K->6015K(255488K)] 371815K->123173K(1041920K), 0.0121409 secs] [Times: user=0.02 sys=0.00, real=0.01 secs] 
44405.579: [GC (Allocation Failure) 
Desired survivor size 6815744 bytes, new threshold 15 (max 15)
[PSYoungGen: 254847K->5914K(255488K)] 372005K->123301K(1041920K), 0.0105256 secs] [Times: user=0.01 sys=0.00, real=0.02 secs] 
44434.723: [GC (Allocation Failure) 
Desired survivor size 6815744 bytes, new threshold 15 (max 15)
[PSYoungGen: 254746K->6317K(255488K)] 372133K->123831K(1041920K), 0.0113310 secs] [Times: user=0.02 sys=0.00, real=0.02 secs] 
44470.010: [GC (Allocation Failure) 
Desired survivor size 6815744 bytes, new threshold 15 (max 15)
[PSYoungGen: 255149K->6296K(255488K)] 372663K->123936K(1041920K), 0.0118938 secs] [Times: user=0.01 sys=0.00, real=0.01 secs] 
44505.380: [GC (Allocation Failure) 
Desired survivor size 6815744 bytes, new threshold 15 (max 15)
[PSYoungGen: 255128K->6245K(255488K)] 372768K->123966K(1041920K), 0.0109814 secs] [Times: user=0.02 sys=0.00, real=0.01 secs] 
44540.509: [GC (Allocation Failure) 
Desired survivor size 6815744 bytes, new threshold 15 (max 15)
[PSYoungGen: 255077K->6331K(255488K)] 372798K->124131K(1041920K), 0.0102421 secs] [Times: user=0.02 sys=0.00, real=0.01 secs] 
44575.633: [GC (Allocation Failure) 
Desired survivor size 6815744 bytes, new threshold 15 (max 15)
[PSYoungGen: 255163K->6458K(255488K)] 372963K->124330K(1041920K), 0.0120102 secs] [Times: user=0.02 sys=0.00, real=0.01 secs] 
44611.135: [GC (Allocation Failure) 
Desired survivor size 7340032 bytes, new threshold 15 (max 15)
[PSYoungGen: 255290K->6414K(254464K)] 373162K->124358K(1040896K), 0.0133826 secs] [Times: user=0.02 sys=0.00, real=0.01 secs] 
44646.148: [GC (Allocation Failure) 
Desired survivor size 7340032 bytes, new threshold 15 (max 15)
[PSYoungGen: 254222K->6426K(254976K)] 372166K->124489K(1041408K), 0.0108950 secs] [Times: user=0.02 sys=0.00, real=0.01 secs] 
44681.379: [GC (Allocation Failure) 
Desired survivor size 7340032 bytes, new threshold 15 (max 15)
[PSYoungGen: 254234K->6281K(254976K)] 372297K->124471K(1041408K), 0.0152281 secs] [Times: user=0.02 sys=0.00, real=0.02 secs] 
44716.136: [GC (Allocation Failure) 
Desired survivor size 7340032 bytes, new threshold 15 (max 15)
[PSYoungGen: 254089K->6250K(254976K)] 372279K->124569K(1041408K), 0.0133249 secs] [Times: user=0.02 sys=0.00, real=0.02 secs] 
44750.883: [GC (Allocation Failure) 
Desired survivor size 7340032 bytes, new threshold 15 (max 15)
[PSYoungGen: 254058K->6320K(254976K)] 372377K->124758K(1041408K), 0.0111374 secs] [Times: user=0.02 sys=0.00, real=0.01 secs] 
44786.009: [GC (Allocation Failure) 
Desired survivor size 7340032 bytes, new threshold 15 (max 15)
[PSYoungGen: 254128K->6266K(254976K)] 372566K->124775K(1041408K), 0.0105730 secs] [Times: user=0.02 sys=0.00, real=0.01 secs] 
44821.250: [GC (Allocation Failure) 
Desired survivor size 6815744 bytes, new threshold 15 (max 15)
[PSYoungGen: 254074K->6275K(255488K)] 372583K->124903K(1041920K), 0.0132398 secs] [Times: user=0.02 sys=0.01, real=0.02 secs] 
44854.976: [GC (Allocation Failure) 
Desired survivor size 7340032 bytes, new threshold 14 (max 15)
[PSYoungGen: 254595K->6651K(254976K)] 373223K->125769K(1041408K), 0.0128746 secs] [Times: user=0.02 sys=0.00, real=0.02 secs] 
44890.129: [GC (Allocation Failure) 
Desired survivor size 7340032 bytes, new threshold 15 (max 15)
[PSYoungGen: 254971K->6996K(254976K)] 374089K->126344K(1041408K), 0.0133520 secs] [Times: user=0.02 sys=0.00, real=0.01 secs] 
44925.266: [GC (Allocation Failure) 
Desired survivor size 7864320 bytes, new threshold 14 (max 15)
[PSYoungGen: 254804K->7139K(254976K)] 374152K->126495K(1041408K), 0.0140118 secs] [Times: user=0.02 sys=0.00, real=0.02 secs] 
44960.383: [GC (Allocation Failure) 
Desired survivor size 7864320 bytes, new threshold 15 (max 15)
[PSYoungGen: 254947K->7157K(253952K)] 374303K->126705K(1040384K), 0.0116162 secs] [Times: user=0.02 sys=0.00, real=0.02 secs] 
44995.287: [GC (Allocation Failure) 
Desired survivor size 8388608 bytes, new threshold 15 (max 15)
[PSYoungGen: 253941K->7349K(254464K)] 373489K->126897K(1040896K), 0.0147471 secs] [Times: user=0.02 sys=0.00, real=0.02 secs] 
45030.282: [GC (Allocation Failure) 
Desired survivor size 8388608 bytes, new threshold 15 (max 15)
[PSYoungGen: 254133K->7529K(253440K)] 373681K->127181K(1039872K), 0.0122146 secs] [Times: user=0.02 sys=0.00, real=0.01 secs] 
45065.134: [GC (Allocation Failure) 
Desired survivor size 8388608 bytes, new threshold 15 (max 15)
[PSYoungGen: 253289K->7201K(253952K)] 372941K->127004K(1040384K), 0.0168583 secs] [Times: user=0.02 sys=0.00, real=0.02 secs] 
45100.130: [GC (Allocation Failure) 
Desired survivor size 8388608 bytes, new threshold 15 (max 15)
[PSYoungGen: 252961K->7179K(253952K)] 372764K->127132K(1040384K), 0.0129667 secs] [Times: user=0.02 sys=0.00, real=0.01 secs] 
45134.881: [GC (Allocation Failure) 
Desired survivor size 8388608 bytes, new threshold 15 (max 15)
[PSYoungGen: 252939K->7234K(253952K)] 372892K->127291K(1040384K), 0.0132890 secs] [Times: user=0.03 sys=0.00, real=0.01 secs] 
45169.634: [GC (Allocation Failure) 
Desired survivor size 8388608 bytes, new threshold 15 (max 15)
[PSYoungGen: 252994K->7098K(253952K)] 373051K->127306K(1040384K), 0.0124251 secs] [Times: user=0.02 sys=0.00, real=0.02 secs] 
45204.629: [GC (Allocation Failure) 
Desired survivor size 8388608 bytes, new threshold 15 (max 15)
[PSYoungGen: 252858K->7139K(253952K)] 373066K->127498K(1040384K), 0.0116129 secs] [Times: user=0.02 sys=0.00, real=0.01 secs] 
45239.509: [GC (Allocation Failure) 
Desired survivor size 8388608 bytes, new threshold 15 (max 15)
[PSYoungGen: 252899K->7084K(253952K)] 373258K->127571K(1040384K), 0.0121829 secs] [Times: user=0.02 sys=0.00, real=0.01 secs] 
45274.505: [GC (Allocation Failure) 
Desired survivor size 8388608 bytes, new threshold 15 (max 15)
[PSYoungGen: 252844K->6939K(253952K)] 373331K->127623K(1040384K), 0.0157466 secs] [Times: user=0.02 sys=0.00, real=0.01 secs] 
45309.380: [GC (Allocation Failure) 
Desired survivor size 8388608 bytes, new threshold 15 (max 15)
[PSYoungGen: 252699K->7030K(253952K)] 373383K->127819K(1040384K), 0.0112716 secs] [Times: user=0.02 sys=0.00, real=0.01 secs] 
45343.619: [GC (Allocation Failure) 
Desired survivor size 8388608 bytes, new threshold 15 (max 15)
[PSYoungGen: 252790K->7202K(253952K)] 373579K->128087K(1040384K), 0.0201171 secs] [Times: user=0.02 sys=0.00, real=0.02 secs] 
45378.257: [GC (Allocation Failure) 
Desired survivor size 8388608 bytes, new threshold 15 (max 15)
[PSYoungGen: 252962K->6510K(253952K)] 373847K->128138K(1040384K), 0.0140938 secs] [Times: user=0.02 sys=0.00, real=0.02 secs] 
45413.002: [GC (Allocation Failure) 
Desired survivor size 8388608 bytes, new threshold 15 (max 15)
[PSYoungGen: 252270K->6502K(253952K)] 373898K->128314K(1040384K), 0.0110270 secs] [Times: user=0.02 sys=0.00, real=0.02 secs] 
45448.012: [GC (Allocation Failure) 
Desired survivor size 8388608 bytes, new threshold 15 (max 15)
[PSYoungGen: 252262K->6383K(253952K)] 374074K->128345K(1040384K), 0.0107672 secs] [Times: user=0.02 sys=0.00, real=0.01 secs] 
45482.882: [GC (Allocation Failure) 
Desired survivor size 8388608 bytes, new threshold 15 (max 15)
[PSYoungGen: 252143K->6430K(253952K)] 374105K->128497K(1040384K), 0.0184528 secs] [Times: user=0.02 sys=0.00, real=0.02 secs] 
45518.002: [GC (Allocation Failure) 
Desired survivor size 8388608 bytes, new threshold 15 (max 15)
[PSYoungGen: 252182K->6463K(253952K)] 374248K->128625K(1040384K), 0.0116076 secs] [Times: user=0.02 sys=0.00, real=0.01 secs] 
45552.877: [GC (Allocation Failure) 
Desired survivor size 8388608 bytes, new threshold 15 (max 15)
[PSYoungGen: 252223K->6398K(253952K)] 374385K->128697K(1040384K), 0.0117440 secs] [Times: user=0.02 sys=0.00, real=0.01 secs] 
45587.816: [GC (Allocation Failure) 
Desired survivor size 7864320 bytes, new threshold 15 (max 15)
[PSYoungGen: 252158K->6462K(254464K)] 374457K->128857K(1040896K), 0.0112398 secs] [Times: user=0.02 sys=0.00, real=0.01 secs] 
45622.634: [GC (Allocation Failure) 
Desired survivor size 7864320 bytes, new threshold 15 (max 15)
[PSYoungGen: 252734K->6582K(253952K)] 375129K->129139K(1040384K), 0.0109504 secs] [Times: user=0.02 sys=0.00, real=0.02 secs] 
45657.508: [GC (Allocation Failure) 
Desired survivor size 7864320 bytes, new threshold 15 (max 15)
[PSYoungGen: 252854K->6554K(254464K)] 375411K->129318K(1040896K), 0.0120864 secs] [Times: user=0.02 sys=0.00, real=0.02 secs] 
45692.752: [GC (Allocation Failure) 
Desired survivor size 7864320 bytes, new threshold 15 (max 15)
[PSYoungGen: 253338K->6529K(254464K)] 376102K->129390K(1040896K), 0.0132998 secs] [Times: user=0.03 sys=0.00, real=0.02 secs] 
45727.755: [GC (Allocation Failure) 
Desired survivor size 7864320 bytes, new threshold 15 (max 15)
[PSYoungGen: 253313K->6566K(254464K)] 376174K->129523K(1040896K), 0.0115487 secs] [Times: user=0.02 sys=0.00, real=0.01 secs] 
45762.878: [GC (Allocation Failure) 
Desired survivor size 7864320 bytes, new threshold 15 (max 15)
[PSYoungGen: 253350K->6566K(254464K)] 376307K->129627K(1040896K), 0.0124870 secs] [Times: user=0.03 sys=0.00, real=0.01 secs] 
45797.886: [GC (Allocation Failure) 
Desired survivor size 7864320 bytes, new threshold 15 (max 15)
[PSYoungGen: 253350K->6492K(254464K)] 376411K->129703K(1040896K), 0.0111569 secs] [Times: user=0.02 sys=0.00, real=0.01 secs] 
45832.760: [GC (Allocation Failure) 
Desired survivor size 7864320 bytes, new threshold 15 (max 15)
[PSYoungGen: 253276K->6528K(254464K)] 376487K->129844K(1040896K), 0.0113019 secs] [Times: user=0.02 sys=0.00, real=0.01 secs] 
45867.857: [GC (Allocation Failure) 
Desired survivor size 7864320 bytes, new threshold 15 (max 15)
[PSYoungGen: 253312K->6688K(254464K)] 376628K->130178K(1040896K), 0.0108227 secs] [Times: user=0.02 sys=0.00, real=0.01 secs] 
45902.861: [GC (Allocation Failure) 
Desired survivor size 7340032 bytes, new threshold 15 (max 15)
[PSYoungGen: 253472K->6554K(254464K)] 376962K->130242K(1040896K), 0.0133484 secs] [Times: user=0.03 sys=0.00, real=0.01 secs] 
45937.260: [GC (Allocation Failure) 
Desired survivor size 7340032 bytes, new threshold 15 (max 15)
[PSYoungGen: 253338K->6505K(254976K)] 377026K->130297K(1041408K), 0.0109999 secs] [Times: user=0.02 sys=0.00, real=0.01 secs] 
45972.388: [GC (Allocation Failure) 
Desired survivor size 7340032 bytes, new threshold 15 (max 15)
[PSYoungGen: 254313K->6510K(254976K)] 378105K->130406K(1041408K), 0.0114241 secs] [Times: user=0.02 sys=0.00, real=0.01 secs] 
46007.634: [GC (Allocation Failure) 
Desired survivor size 7340032 bytes, new threshold 15 (max 15)
[PSYoungGen: 254318K->6512K(254976K)] 378214K->130512K(1041408K), 0.0118841 secs] [Times: user=0.03 sys=0.00, real=0.01 secs] 
46042.839: [GC (Allocation Failure) 
Desired survivor size 7340032 bytes, new threshold 15 (max 15)
[PSYoungGen: 254320K->6582K(254976K)] 378320K->130678K(1041408K), 0.0137921 secs] [Times: user=0.02 sys=0.00, real=0.01 secs] 
46076.887: [GC (Allocation Failure) 
Desired survivor size 7340032 bytes, new threshold 15 (max 15)
[PSYoungGen: 254390K->6794K(254976K)] 378486K->130994K(1041408K), 0.0112528 secs] [Times: user=0.01 sys=0.00, real=0.01 secs] 
46112.254: [GC (Allocation Failure) 
Desired survivor size 7340032 bytes, new threshold 15 (max 15)
[PSYoungGen: 254602K->6908K(254976K)] 378802K->131212K(1041408K), 0.0153273 secs] [Times: user=0.02 sys=0.00, real=0.02 secs] 
46147.505: [GC (Allocation Failure) 
Desired survivor size 7340032 bytes, new threshold 15 (max 15)
[PSYoungGen: 254716K->6821K(254976K)] 379020K->131276K(1041408K), 0.0119604 secs] [Times: user=0.02 sys=0.00, real=0.01 secs] 
46396.134: [GC (Allocation Failure) 
Desired survivor size 7340032 bytes, new threshold 15 (max 15)
[PSYoungGen: 254629K->6641K(254976K)] 379084K->131450K(1041408K), 0.0103551 secs] [Times: user=0.02 sys=0.00, real=0.01 secs] 
46751.584: [GC (Allocation Failure) 
Desired survivor size 7340032 bytes, new threshold 15 (max 15)
[PSYoungGen: 254449K->6495K(254976K)] 379258K->131408K(1041408K), 0.0104767 secs] [Times: user=0.02 sys=0.00, real=0.01 secs] 
46836.097: [GC (System.gc()) 
Desired survivor size 7340032 bytes, new threshold 15 (max 15)
[PSYoungGen: 68018K->6527K(254976K)] 192931K->131535K(1041408K), 0.0092411 secs] [Times: user=0.01 sys=0.00, real=0.01 secs] 
46836.106: [Full GC (System.gc()) [PSYoungGen: 6527K->0K(254976K)] [ParOldGen: 125008K->108577K(786432K)] 131535K->108577K(1041408K), [Metaspace: 91231K->91231K(1132544K)], 0.3856799 secs] [Times: user=0.61 sys=0.00, real=0.39 secs] 
47188.130: [GC (Allocation Failure) 
Desired survivor size 8388608 bytes, new threshold 15 (max 15)
[PSYoungGen: 247808K->1753K(252928K)] 356385K->110330K(1039360K), 0.0067302 secs] [Times: user=0.01 sys=0.00, real=0.01 secs] 
47542.181: [GC (Allocation Failure) 
Desired survivor size 8912896 bytes, new threshold 15 (max 15)
[PSYoungGen: 247513K->2783K(248832K)] 356090K->111361K(1035264K), 0.0079248 secs] [Times: user=0.02 sys=0.00, real=0.01 secs] 
47893.783: [GC (Allocation Failure) 
Desired survivor size 8912896 bytes, new threshold 15 (max 15)
[PSYoungGen: 248543K->3263K(253440K)] 357121K->111841K(1039872K), 0.0073977 secs] [Times: user=0.01 sys=0.00, real=0.01 secs] 
48249.134: [GC (Allocation Failure) 
Desired survivor size 8912896 bytes, new threshold 15 (max 15)
[PSYoungGen: 247999K->3857K(253440K)] 356577K->112434K(1039872K), 0.0089910 secs] [Times: user=0.02 sys=0.00, real=0.00 secs] 
48593.635: [GC (Allocation Failure) 
Desired survivor size 8912896 bytes, new threshold 15 (max 15)
[PSYoungGen: 248593K->4542K(253440K)] 357170K->113119K(1039872K), 0.0154758 secs] [Times: user=0.01 sys=0.00, real=0.02 secs] 
48944.895: [GC (Allocation Failure) 
Desired survivor size 8388608 bytes, new threshold 15 (max 15)
[PSYoungGen: 249278K->5293K(253440K)] 357855K->113871K(1039872K), 0.0100739 secs] [Times: user=0.02 sys=0.00, real=0.01 secs] 
49292.456: [GC (Allocation Failure) 
Desired survivor size 8388608 bytes, new threshold 15 (max 15)
[PSYoungGen: 250029K->5792K(253952K)] 358607K->114378K(1040384K), 0.0120271 secs] [Times: user=0.02 sys=0.00, real=0.01 secs] 
49643.792: [GC (Allocation Failure) 
Desired survivor size 8388608 bytes, new threshold 15 (max 15)
[PSYoungGen: 251552K->6368K(253952K)] 360138K->114954K(1040384K), 0.0107553 secs] [Times: user=0.02 sys=0.00, real=0.01 secs] 
49999.847: [GC (Allocation Failure) 
Desired survivor size 8912896 bytes, new threshold 15 (max 15)
[PSYoungGen: 252128K->6943K(252928K)] 360714K->115529K(1039360K), 0.0113557 secs] [Times: user=0.02 sys=0.00, real=0.01 secs] 
50348.997: [GC (Allocation Failure) 
Desired survivor size 9437184 bytes, new threshold 15 (max 15)
[PSYoungGen: 251679K->7519K(252416K)] 360265K->116105K(1038848K), 0.0121723 secs] [Times: user=0.03 sys=0.00, real=0.01 secs] 
50436.493: [GC (System.gc()) 
Desired survivor size 9437184 bytes, new threshold 15 (max 15)
[PSYoungGen: 70492K->7696K(252928K)] 179077K->116289K(1039360K), 0.0138289 secs] [Times: user=0.03 sys=0.00, real=0.02 secs] 
50436.506: [Full GC (System.gc()) [PSYoungGen: 7696K->0K(252928K)] [ParOldGen: 108593K->107923K(786432K)] 116289K->107923K(1039360K), [Metaspace: 91254K->91162K(1132544K)], 0.4233225 secs] [Times: user=0.67 sys=0.01, real=0.42 secs] 
50789.135: [GC (Allocation Failure) 
Desired survivor size 9961472 bytes, new threshold 15 (max 15)
[PSYoungGen: 243712K->1625K(245760K)] 351635K->109549K(1032192K), 0.0062516 secs] [Times: user=0.01 sys=0.00, real=0.01 secs] 
51151.066: [GC (Allocation Failure) 
Desired survivor size 9961472 bytes, new threshold 15 (max 15)
[PSYoungGen: 245337K->2672K(252416K)] 353261K->110596K(1038848K), 0.0078852 secs] [Times: user=0.01 sys=0.00, real=0.00 secs] 
51505.775: [GC (Allocation Failure) 
Desired survivor size 9961472 bytes, new threshold 15 (max 15)
[PSYoungGen: 245360K->3280K(252416K)] 353284K->111204K(1038848K), 0.0073964 secs] [Times: user=0.01 sys=0.00, real=0.01 secs] 
51863.757: [GC (Allocation Failure) 
Desired survivor size 9961472 bytes, new threshold 15 (max 15)
[PSYoungGen: 245968K->3872K(252416K)] 353892K->111796K(1038848K), 0.0083498 secs] [Times: user=0.02 sys=0.00, real=0.01 secs] 
52213.268: [GC (Allocation Failure) 
Desired survivor size 9437184 bytes, new threshold 15 (max 15)
[PSYoungGen: 246560K->4556K(252416K)] 354484K->112480K(1038848K), 0.0084587 secs] [Times: user=0.02 sys=0.00, real=0.01 secs] 
52565.229: [GC (Allocation Failure) 
Desired survivor size 8912896 bytes, new threshold 15 (max 15)
[PSYoungGen: 247244K->5255K(253440K)] 355168K->113179K(1039872K), 0.0110379 secs] [Times: user=0.02 sys=0.00, real=0.02 secs] 
52926.635: [GC (Allocation Failure) 
Desired survivor size 8912896 bytes, new threshold 15 (max 15)
[PSYoungGen: 249479K->5840K(252928K)] 357403K->113764K(1039360K), 0.0106467 secs] [Times: user=0.02 sys=0.00, real=0.01 secs] 
53282.041: [GC (Allocation Failure) 
Desired survivor size 9437184 bytes, new threshold 15 (max 15)
[PSYoungGen: 250064K->6432K(252416K)] 357988K->114356K(1038848K), 0.0116247 secs] [Times: user=0.02 sys=0.00, real=0.01 secs] 
53642.108: [GC (Allocation Failure) 
Desired survivor size 9437184 bytes, new threshold 15 (max 15)
[PSYoungGen: 250144K->7219K(252928K)] 358068K->115143K(1039360K), 0.0122256 secs] [Times: user=0.02 sys=0.00, real=0.01 secs] 
53996.214: [GC (Allocation Failure) 
Desired survivor size 9961472 bytes, new threshold 15 (max 15)
[PSYoungGen: 250931K->7860K(251904K)] 358855K->115784K(1038336K), 0.0129650 secs] [Times: user=0.02 sys=0.00, real=0.02 secs] 
54036.931: [GC (System.gc()) 
Desired survivor size 10485760 bytes, new threshold 15 (max 15)
[PSYoungGen: 36393K->7729K(250880K)] 144316K->115661K(1037312K), 0.0110140 secs] [Times: user=0.02 sys=0.00, real=0.01 secs] 
54036.942: [Full GC (System.gc()) [PSYoungGen: 7729K->0K(250880K)] [ParOldGen: 107931K->107931K(786432K)] 115661K->107931K(1037312K), [Metaspace: 91192K->91192K(1132544K)], 0.3180177 secs] [Times: user=0.49 sys=0.00, real=0.32 secs] 
54391.274: [GC (Allocation Failure) 
Desired survivor size 11010048 bytes, new threshold 15 (max 15)
[PSYoungGen: 242688K->1658K(250880K)] 350619K->109590K(1037312K), 0.0067424 secs] [Times: user=0.01 sys=0.00, real=0.01 secs] 
54749.320: [GC (Allocation Failure) 
Desired survivor size 11010048 bytes, new threshold 15 (max 15)
[PSYoungGen: 242298K->2655K(251392K)] 350230K->110587K(1037824K), 0.0067888 secs] [Times: user=0.01 sys=0.00, real=0.01 secs] 
55099.562: [GC (Allocation Failure) 
Desired survivor size 10485760 bytes, new threshold 15 (max 15)
[PSYoungGen: 243295K->3248K(251904K)] 351227K->111180K(1038336K), 0.0077557 secs] [Times: user=0.01 sys=0.00, real=0.01 secs] 
55458.512: [GC (Allocation Failure) 
Desired survivor size 10485760 bytes, new threshold 15 (max 15)
[PSYoungGen: 244400K->3904K(251392K)] 352332K->111836K(1037824K), 0.0077184 secs] [Times: user=0.01 sys=0.00, real=0.00 secs] 
55808.803: [GC (Allocation Failure) 
Desired survivor size 9961472 bytes, new threshold 15 (max 15)
[PSYoungGen: 245056K->4551K(252416K)] 352988K->112491K(1038848K), 0.0092220 secs] [Times: user=0.02 sys=0.00, real=0.01 secs] 
56160.663: [GC (Allocation Failure) 
Desired survivor size 9437184 bytes, new threshold 15 (max 15)
[PSYoungGen: 246727K->5298K(251904K)] 354667K->113238K(1038336K), 0.0167465 secs] [Times: user=0.03 sys=0.00, real=0.02 secs] 
56519.705: [GC (Allocation Failure) 
Desired survivor size 9437184 bytes, new threshold 15 (max 15)
[PSYoungGen: 247474K->5920K(252928K)] 355414K->113860K(1039360K), 0.0107752 secs] [Times: user=0.02 sys=0.00, real=0.01 secs] 
56875.808: [GC (Allocation Failure) 
Desired survivor size 9437184 bytes, new threshold 15 (max 15)
[PSYoungGen: 249632K->6367K(252928K)] 357572K->114307K(1039360K), 0.0123277 secs] [Times: user=0.02 sys=0.00, real=0.01 secs] 
57235.971: [GC (Allocation Failure) 
Desired survivor size 9961472 bytes, new threshold 15 (max 15)
[PSYoungGen: 250079K->6978K(251904K)] 358019K->114918K(1038336K), 0.0117838 secs] [Times: user=0.02 sys=0.00, real=0.01 secs] 
57590.882: [GC (Allocation Failure) 
Desired survivor size 10485760 bytes, new threshold 15 (max 15)
[PSYoungGen: 249666K->7634K(250368K)] 357606K->115574K(1036800K), 0.0191566 secs] [Times: user=0.03 sys=0.00, real=0.02 secs] 
57637.260: [GC (System.gc()) 
Desired survivor size 11010048 bytes, new threshold 15 (max 15)
[PSYoungGen: 42931K->7647K(250880K)] 150871K->115587K(1037312K), 0.0114612 secs] [Times: user=0.02 sys=0.00, real=0.02 secs] 
57637.272: [Full GC (System.gc()) [PSYoungGen: 7647K->0K(250880K)] [ParOldGen: 107939K->107896K(786432K)] 115587K->107896K(1037312K), [Metaspace: 91203K->91203K(1132544K)], 0.2698079 secs] [Times: user=0.39 sys=0.01, real=0.27 secs] 
57987.803: [GC (Allocation Failure) 
Desired survivor size 11010048 bytes, new threshold 15 (max 15)
[PSYoungGen: 240640K->1625K(251392K)] 348536K->109521K(1037824K), 0.0060138 secs] [Times: user=0.01 sys=0.00, real=0.01 secs] 
58345.284: [GC (Allocation Failure) 
Desired survivor size 11010048 bytes, new threshold 15 (max 15)
[PSYoungGen: 242265K->2608K(251392K)] 350161K->110504K(1037824K), 0.0074428 secs] [Times: user=0.01 sys=0.00, real=0.01 secs] 
58699.217: [GC (Allocation Failure) 
Desired survivor size 10485760 bytes, new threshold 15 (max 15)
[PSYoungGen: 243248K->3215K(251392K)] 351144K->111111K(1037824K), 0.0074849 secs] [Times: user=0.01 sys=0.00, real=0.01 secs] 
59058.196: [GC (Allocation Failure) 
Desired survivor size 10485760 bytes, new threshold 15 (max 15)
[PSYoungGen: 243855K->3839K(251904K)] 351751K->111736K(1038336K), 0.0082076 secs] [Times: user=0.01 sys=0.00, real=0.01 secs] 
59407.451: [GC (Allocation Failure) 
Desired survivor size 9961472 bytes, new threshold 15 (max 15)
[PSYoungGen: 245503K->4566K(251904K)] 353400K->112462K(1038336K), 0.0102552 secs] [Times: user=0.02 sys=0.00, real=0.01 secs] 
59763.835: [GC (Allocation Failure) 
Desired survivor size 9437184 bytes, new threshold 15 (max 15)
[PSYoungGen: 246230K->5255K(252928K)] 354126K->113151K(1039360K), 0.0125150 secs] [Times: user=0.03 sys=0.00, real=0.01 secs] 
60117.978: [GC (Allocation Failure) 
Desired survivor size 9437184 bytes, new threshold 15 (max 15)
[PSYoungGen: 248455K->5824K(252416K)] 356351K->113721K(1038848K), 0.0110703 secs] [Times: user=0.02 sys=0.00, real=0.01 secs] 
60474.062: [GC (Allocation Failure) 
Desired survivor size 9437184 bytes, new threshold 15 (max 15)
[PSYoungGen: 249024K->6384K(252928K)] 356921K->114280K(1039360K), 0.0120131 secs] [Times: user=0.02 sys=0.00, real=0.01 secs] 
60836.155: [GC (Allocation Failure) 
Desired survivor size 9961472 bytes, new threshold 15 (max 15)
[PSYoungGen: 250096K->6978K(250880K)] 357992K->114874K(1037312K), 0.0154955 secs] [Times: user=0.03 sys=0.00, real=0.02 secs] 
61193.618: [GC (Allocation Failure) 
Desired survivor size 10485760 bytes, new threshold 15 (max 15)
[PSYoungGen: 250690K->7584K(251392K)] 358586K->115481K(1037824K), 0.0129772 secs] [Times: user=0.02 sys=0.00, real=0.02 secs] 
61237.542: [GC (System.gc()) 
Desired survivor size 11010048 bytes, new threshold 15 (max 15)
[PSYoungGen: 39850K->7615K(249344K)] 147747K->115512K(1035776K), 0.0114004 secs] [Times: user=0.02 sys=0.00, real=0.01 secs] 
61237.554: [Full GC (System.gc()) [PSYoungGen: 7615K->0K(249344K)] [ParOldGen: 107896K->107815K(786432K)] 115512K->107815K(1035776K), [Metaspace: 91207K->91207K(1132544K)], 0.2650946 secs] [Times: user=0.39 sys=0.00, real=0.27 secs] 
61587.803: [GC (Allocation Failure) 
Desired survivor size 11010048 bytes, new threshold 15 (max 15)
[PSYoungGen: 241664K->1641K(251392K)] 349479K->109457K(1037824K), 0.0062968 secs] [Times: user=0.01 sys=0.00, real=0.00 secs] 
61943.674: [GC (Allocation Failure) 
Desired survivor size 11010048 bytes, new threshold 15 (max 15)
[PSYoungGen: 242281K->2880K(251392K)] 350097K->110696K(1037824K), 0.0066626 secs] [Times: user=0.01 sys=0.00, real=0.01 secs] 
62297.864: [GC (Allocation Failure) 
Desired survivor size 10485760 bytes, new threshold 15 (max 15)
[PSYoungGen: 243520K->3377K(251904K)] 351336K->111192K(1038336K), 0.0084729 secs] [Times: user=0.01 sys=0.00, real=0.01 secs] 
62655.965: [GC (Allocation Failure) 
Desired survivor size 10485760 bytes, new threshold 15 (max 15)
[PSYoungGen: 244529K->4163K(251392K)] 352344K->111978K(1037824K), 0.0087824 secs] [Times: user=0.01 sys=0.00, real=0.01 secs] 
63004.051: [GC (Allocation Failure) 
Desired survivor size 9961472 bytes, new threshold 15 (max 15)
[PSYoungGen: 245315K->4839K(252416K)] 353130K->112655K(1038848K), 0.0087738 secs] [Times: user=0.02 sys=0.00, real=0.01 secs] 
63362.451: [GC (Allocation Failure) 
Desired survivor size 9437184 bytes, new threshold 15 (max 15)
[PSYoungGen: 247015K->5466K(251904K)] 354831K->113281K(1038336K), 0.0111031 secs] [Times: user=0.02 sys=0.00, real=0.01 secs] 
63718.135: [GC (Allocation Failure) 
Desired survivor size 9437184 bytes, new threshold 15 (max 15)
[PSYoungGen: 247642K->6020K(252928K)] 355457K->113835K(1039360K), 0.0103762 secs] [Times: user=0.02 sys=0.00, real=0.01 secs] 
64072.899: [GC (Allocation Failure) 
Desired survivor size 9961472 bytes, new threshold 15 (max 15)
[PSYoungGen: 249732K->6578K(250368K)] 357547K->114393K(1036800K), 0.0107225 secs] [Times: user=0.02 sys=0.00, real=0.01 secs] 
64434.712: [GC (Allocation Failure) 
Desired survivor size 9961472 bytes, new threshold 15 (max 15)
[PSYoungGen: 250290K->7154K(252416K)] 358105K->114969K(1038848K), 0.0118834 secs] [Times: user=0.02 sys=0.00, real=0.02 secs] 
64793.362: [GC (Allocation Failure) 
Desired survivor size 10485760 bytes, new threshold 15 (max 15)
[PSYoungGen: 249842K->7906K(250880K)] 357657K->115721K(1037312K), 0.0134168 secs] [Times: user=0.02 sys=0.00, real=0.01 secs] 
64837.820: [GC (System.gc()) 
Desired survivor size 11010048 bytes, new threshold 15 (max 15)
[PSYoungGen: 38553K->7776K(250880K)] 146369K->115592K(1037312K), 0.0127692 secs] [Times: user=0.02 sys=0.00, real=0.01 secs] 
64837.833: [Full GC (System.gc()) [PSYoungGen: 7776K->0K(250880K)] [ParOldGen: 107815K->107886K(786432K)] 115592K->107886K(1037312K), [Metaspace: 91227K->91227K(1132544K)], 0.2797503 secs] [Times: user=0.41 sys=0.00, real=0.28 secs] 
65189.792: [GC (Allocation Failure) 
Desired survivor size 11010048 bytes, new threshold 15 (max 15)
[PSYoungGen: 240640K->1625K(251392K)] 348526K->109511K(1037824K), 0.0069161 secs] [Times: user=0.01 sys=0.00, real=0.01 secs] 
65545.854: [GC (Allocation Failure) 
Desired survivor size 11010048 bytes, new threshold 15 (max 15)
[PSYoungGen: 242265K->2754K(251392K)] 350151K->110640K(1037824K), 0.0072926 secs] [Times: user=0.01 sys=0.00, real=0.00 secs] 
65896.910: [GC (Allocation Failure) 
Desired survivor size 11010048 bytes, new threshold 15 (max 15)
[PSYoungGen: 243394K->3460K(251392K)] 351280K->111346K(1037824K), 0.0078274 secs] [Times: user=0.02 sys=0.00, real=0.01 secs] 
66247.647: [GC (Allocation Failure) 
Desired survivor size 10485760 bytes, new threshold 15 (max 15)
[PSYoungGen: 244100K->4131K(251904K)] 351986K->112017K(1038336K), 0.0078740 secs] [Times: user=0.01 sys=0.00, real=0.01 secs] 
66596.857: [GC (Allocation Failure) 
Desired survivor size 9961472 bytes, new threshold 15 (max 15)
[PSYoungGen: 245283K->4671K(251392K)] 353169K->112557K(1037824K), 0.0084203 secs] [Times: user=0.02 sys=0.00, real=0.01 secs] 
66953.878: [GC (Allocation Failure) 
Desired survivor size 9961472 bytes, new threshold 15 (max 15)
[PSYoungGen: 245823K->5504K(252416K)] 353709K->113390K(1038848K), 0.0091297 secs] [Times: user=0.01 sys=0.00, real=0.01 secs] 
67309.214: [GC (Allocation Failure) 
Desired survivor size 9437184 bytes, new threshold 15 (max 15)
[PSYoungGen: 248192K->5906K(252416K)] 356078K->113793K(1038848K), 0.0120411 secs] [Times: user=0.02 sys=0.00, real=0.01 secs] 
67664.297: [GC (Allocation Failure) 
Desired survivor size 9961472 bytes, new threshold 15 (max 15)
[PSYoungGen: 248594K->6450K(251904K)] 356481K->114337K(1038336K), 0.0109948 secs] [Times: user=0.02 sys=0.00, real=0.01 secs] 
68022.708: [GC (Allocation Failure) 
Desired survivor size 9961472 bytes, new threshold 15 (max 15)
[PSYoungGen: 249138K->7043K(252416K)] 357025K->114929K(1038848K), 0.0120539 secs] [Times: user=0.02 sys=0.00, real=0.02 secs] 
68375.095: [GC (Allocation Failure) 
Desired survivor size 10485760 bytes, new threshold 15 (max 15)
[PSYoungGen: 249731K->7826K(251392K)] 357617K->115713K(1037824K), 0.0134496 secs] [Times: user=0.03 sys=0.00, real=0.01 secs] 
68438.113: [GC (System.gc()) 
Desired survivor size 11010048 bytes, new threshold 15 (max 15)
[PSYoungGen: 53106K->7746K(249856K)] 160992K->115632K(1036288K), 0.0133303 secs] [Times: user=0.02 sys=0.00, real=0.01 secs] 
68438.127: [Full GC (System.gc()) [PSYoungGen: 7746K->0K(249856K)] [ParOldGen: 107886K->107871K(786432K)] 115632K->107871K(1036288K), [Metaspace: 91230K->91230K(1132544K)], 0.2629142 secs] [Times: user=0.38 sys=0.00, real=0.26 secs] 
68789.195: [GC (Allocation Failure) 
Desired survivor size 11010048 bytes, new threshold 15 (max 15)
[PSYoungGen: 241664K->1690K(251392K)] 349535K->109561K(1037824K), 0.0064767 secs] [Times: user=0.01 sys=0.00, real=0.01 secs] 
69147.007: [GC (Allocation Failure) 
Desired survivor size 11010048 bytes, new threshold 15 (max 15)
[PSYoungGen: 242330K->2786K(251392K)] 350201K->110657K(1037824K), 0.0065704 secs] [Times: user=0.02 sys=0.00, real=0.01 secs] 
69497.781: [GC (Allocation Failure) 
Desired survivor size 11010048 bytes, new threshold 15 (max 15)
[PSYoungGen: 243426K->3459K(251392K)] 351297K->111330K(1037824K), 0.0075306 secs] [Times: user=0.01 sys=0.00, real=0.01 secs] 
69851.753: [GC (Allocation Failure) 
Desired survivor size 10485760 bytes, new threshold 15 (max 15)
[PSYoungGen: 244099K->4131K(251392K)] 351970K->112002K(1037824K), 0.0089717 secs] [Times: user=0.01 sys=0.00, real=0.01 secs] 
70201.571: [GC (Allocation Failure) 
Desired survivor size 9961472 bytes, new threshold 15 (max 15)
[PSYoungGen: 244771K->4776K(252416K)] 352642K->112647K(1038848K), 0.0084484 secs] [Times: user=0.01 sys=0.00, real=0.00 secs] 
70557.674: [GC (Allocation Failure) 
Desired survivor size 9437184 bytes, new threshold 15 (max 15)
[PSYoungGen: 246952K->5466K(251904K)] 354823K->113337K(1038336K), 0.0095037 secs] [Times: user=0.02 sys=0.00, real=0.01 secs] 
70911.687: [GC (Allocation Failure) 
Desired survivor size 9437184 bytes, new threshold 15 (max 15)
[PSYoungGen: 247642K->6036K(252928K)] 355513K->113907K(1039360K), 0.0104660 secs] [Times: user=0.02 sys=0.00, real=0.01 secs] 
71266.673: [GC (Allocation Failure) 
Desired survivor size 9961472 bytes, new threshold 15 (max 15)
[PSYoungGen: 249748K->6822K(250880K)] 357619K->114693K(1037312K), 0.0113497 secs] [Times: user=0.02 sys=0.00, real=0.01 secs] 
71620.725: [GC (Allocation Failure) 
Desired survivor size 10485760 bytes, new threshold 15 (max 15)
[PSYoungGen: 250534K->7478K(251392K)] 358405K->115350K(1037824K), 0.0165437 secs] [Times: user=0.03 sys=0.00, real=0.02 secs] 
71970.784: [GC (Allocation Failure) 
Desired survivor size 11010048 bytes, new threshold 15 (max 15)
[PSYoungGen: 249142K->8168K(249856K)] 357014K->116039K(1036288K), 0.0148818 secs] [Times: user=0.03 sys=0.00, real=0.01 secs] 
72038.390: [GC (System.gc()) 
Desired survivor size 11534336 bytes, new threshold 15 (max 15)
[PSYoungGen: 55955K->7988K(250368K)] 163827K->115859K(1036800K), 0.0112930 secs] [Times: user=0.02 sys=0.00, real=0.01 secs] 
72038.402: [Full GC (System.gc()) [PSYoungGen: 7988K->0K(250368K)] [ParOldGen: 107871K->108103K(786432K)] 115859K->108103K(1036800K), [Metaspace: 91232K->91232K(1132544K)], 0.2521129 secs] [Times: user=0.37 sys=0.00, real=0.25 secs] 
72390.240: [GC (Allocation Failure) 
Desired survivor size 11534336 bytes, new threshold 15 (max 15)
[PSYoungGen: 239616K->1692K(250880K)] 347719K->109796K(1037312K), 0.0061832 secs] [Times: user=0.01 sys=0.00, real=0.01 secs] 
72741.698: [GC (Allocation Failure) 
Desired survivor size 11534336 bytes, new threshold 15 (max 15)
[PSYoungGen: 241308K->2754K(250880K)] 349412K->110858K(1037312K), 0.0067764 secs] [Times: user=0.01 sys=0.00, real=0.00 secs] 
73092.135: [GC (Allocation Failure) 
Desired survivor size 11010048 bytes, new threshold 15 (max 15)
[PSYoungGen: 242370K->3313K(250880K)] 350474K->111417K(1037312K), 0.0081925 secs] [Times: user=0.01 sys=0.00, real=0.01 secs] 
73448.142: [GC (Allocation Failure) 
Desired survivor size 11010048 bytes, new threshold 15 (max 15)
[PSYoungGen: 242929K->3985K(251392K)] 351033K->112089K(1037824K), 0.0080598 secs] [Times: user=0.01 sys=0.00, real=0.01 secs] 
73793.388: [GC (Allocation Failure) 
Desired survivor size 10485760 bytes, new threshold 15 (max 15)
[PSYoungGen: 244625K->4574K(251392K)] 352729K->112678K(1037824K), 0.0088567 secs] [Times: user=0.01 sys=0.00, real=0.01 secs] 
74150.245: [GC (Allocation Failure) 
Desired survivor size 9961472 bytes, new threshold 15 (max 15)
[PSYoungGen: 245214K->5401K(252416K)] 353318K->113505K(1038848K), 0.0098278 secs] [Times: user=0.02 sys=0.00, real=0.01 secs] 
74506.296: [GC (Allocation Failure) 
Desired survivor size 9961472 bytes, new threshold 15 (max 15)
[PSYoungGen: 247577K->5842K(251904K)] 355681K->113954K(1038336K), 0.0107848 secs] [Times: user=0.01 sys=0.00, real=0.01 secs] 
74860.636: [GC (Allocation Failure) 
Desired survivor size 9961472 bytes, new threshold 15 (max 15)
[PSYoungGen: 248018K->6385K(252416K)] 356130K->114505K(1038848K), 0.0249605 secs] [Times: user=0.05 sys=0.00, real=0.03 secs] 
75221.405: [GC (Allocation Failure) 
Desired survivor size 9961472 bytes, new threshold 15 (max 15)
[PSYoungGen: 249073K->7040K(252416K)] 357193K->115168K(1038848K), 0.0139949 secs] [Times: user=0.03 sys=0.00, real=0.01 secs] 
75572.792: [GC (Allocation Failure) 
Desired survivor size 10485760 bytes, new threshold 15 (max 15)
[PSYoungGen: 249728K->7602K(251392K)] 357856K->115738K(1037824K), 0.0180058 secs] [Times: user=0.03 sys=0.00, real=0.02 secs] 
75638.654: [GC (System.gc()) 
Desired survivor size 11010048 bytes, new threshold 15 (max 15)
[PSYoungGen: 55485K->7664K(249344K)] 163621K->115800K(1035776K), 0.0115368 secs] [Times: user=0.02 sys=0.00, real=0.01 secs] 
75638.666: [Full GC (System.gc()) [PSYoungGen: 7664K->0K(249344K)] [ParOldGen: 108135K->107973K(786432K)] 115800K->107973K(1035776K), [Metaspace: 91259K->91259K(1132544K)], 0.2666372 secs] [Times: user=0.40 sys=0.00, real=0.27 secs] 
75995.748: [GC (Allocation Failure) 
Desired survivor size 11010048 bytes, new threshold 15 (max 15)
[PSYoungGen: 241664K->1705K(251392K)] 349637K->109679K(1037824K), 0.0065718 secs] [Times: user=0.01 sys=0.00, real=0.01 secs] 
76346.734: [GC (Allocation Failure) 
Desired survivor size 11010048 bytes, new threshold 15 (max 15)
[PSYoungGen: 242345K->2607K(251392K)] 350319K->110581K(1037824K), 0.0082075 secs] [Times: user=0.01 sys=0.00, real=0.01 secs] 
76698.513: [GC (Allocation Failure) 
Desired survivor size 11010048 bytes, new threshold 15 (max 15)
[PSYoungGen: 243247K->3231K(251392K)] 351221K->111205K(1037824K), 0.0087660 secs] [Times: user=0.02 sys=0.00, real=0.01 secs] 
77053.976: [GC (Allocation Failure) 
Desired survivor size 10485760 bytes, new threshold 15 (max 15)
[PSYoungGen: 243871K->3904K(251392K)] 351845K->111878K(1037824K), 0.0100194 secs] [Times: user=0.02 sys=0.00, real=0.01 secs] 
77407.096: [GC (Allocation Failure) 
Desired survivor size 9961472 bytes, new threshold 15 (max 15)
[PSYoungGen: 244544K->4528K(252416K)] 352518K->112502K(1038848K), 0.0087969 secs] [Times: user=0.01 sys=0.00, real=0.00 secs] 
77762.173: [GC (Allocation Failure) 
Desired survivor size 9961472 bytes, new threshold 15 (max 15)
[PSYoungGen: 246704K->5382K(251904K)] 354678K->113364K(1038336K), 0.0113862 secs] [Times: user=0.02 sys=0.00, real=0.01 secs] 
78116.287: [GC (Allocation Failure) 
Desired survivor size 9961472 bytes, new threshold 15 (max 15)
[PSYoungGen: 247558K->5888K(252416K)] 355540K->113870K(1038848K), 0.0109635 secs] [Times: user=0.02 sys=0.00, real=0.01 secs] 
